Archive member included because of file (symbol)

A:\eclipse\mhvlib\Release\libmhvlib.a(MHV_Timer16.o)
                              ./PWM-LED.o (MHV_Timer16::setTop(unsigned int))
A:\eclipse\mhvlib\Release\libmhvlib.a(MHV_Timer8.o)
                              ./PWM-LED.o (MHV_Timer8::MHV_Timer8(mhv_timer_type, unsigned char volatile*, unsigned char volatile*, unsigned char volatile*, unsigned char volatile*, unsigned char volatile*, unsigned char volatile*))
c:/winavr-20100110/bin/../lib/gcc/avr/4.3.3/avr51\libgcc.a(_udivmodsi4.o)
                              A:\eclipse\mhvlib\Release\libmhvlib.a(MHV_Timer8.o) (__udivmodsi4)
c:/winavr-20100110/bin/../lib/gcc/avr/4.3.3/avr51\libgcc.a(_exit.o)
                              c:/winavr-20100110/bin/../lib/gcc/avr/4.3.3/../../../../avr/lib/avr51/crtm1280.o (exit)
c:/winavr-20100110/bin/../lib/gcc/avr/4.3.3/avr51\libgcc.a(_clear_bss.o)
                              ./PWM-LED.o (__do_clear_bss)
c:/winavr-20100110/bin/../lib/gcc/avr/4.3.3/avr51\libgcc.a(_ctors.o)
                              ./PWM-LED.o (__do_global_ctors)
c:/winavr-20100110/bin/../lib/gcc/avr/4.3.3/avr51\libgcc.a(_tablejump.o)
                              c:/winavr-20100110/bin/../lib/gcc/avr/4.3.3/avr51\libgcc.a(_ctors.o) (__tablejump__)

Memory Configuration

Name             Origin             Length             Attributes
text             0x00000000         0x00020000         xr
data             0x00800060         0x0000ffa0         rw !x
eeprom           0x00810000         0x00010000         rw !x
fuse             0x00820000         0x00000400         rw !x
lock             0x00830000         0x00000400         rw !x
signature        0x00840000         0x00000400         rw !x
*default*        0x00000000         0xffffffff

Linker script and memory map

Address of section .data set to 0x800200
LOAD c:/winavr-20100110/bin/../lib/gcc/avr/4.3.3/../../../../avr/lib/avr51/crtm1280.o
LOAD ./PWM-LED.o
LOAD A:\eclipse\mhvlib\Release\libmhvlib.a
LOAD c:/winavr-20100110/bin/../lib/gcc/avr/4.3.3/avr51\libgcc.a
LOAD c:/winavr-20100110/bin/../lib/gcc/avr/4.3.3/../../../../avr/lib/avr51\libm.a
LOAD c:/winavr-20100110/bin/../lib/gcc/avr/4.3.3/avr51\libgcc.a
LOAD c:/winavr-20100110/bin/../lib/gcc/avr/4.3.3/../../../../avr/lib/avr51\libc.a
LOAD c:/winavr-20100110/bin/../lib/gcc/avr/4.3.3/avr51\libgcc.a

.hash
 *(.hash)

.dynsym
 *(.dynsym)

.dynstr
 *(.dynstr)

.gnu.version
 *(.gnu.version)

.gnu.version_d
 *(.gnu.version_d)

.gnu.version_r
 *(.gnu.version_r)

.rel.init
 *(.rel.init)

.rela.init
 *(.rela.init)

.rel.text
 *(.rel.text)
 *(.rel.text.*)
 *(.rel.gnu.linkonce.t*)

.rela.text
 *(.rela.text)
 *(.rela.text.*)
 *(.rela.gnu.linkonce.t*)

.rel.fini
 *(.rel.fini)

.rela.fini
 *(.rela.fini)

.rel.rodata
 *(.rel.rodata)
 *(.rel.rodata.*)
 *(.rel.gnu.linkonce.r*)

.rela.rodata
 *(.rela.rodata)
 *(.rela.rodata.*)
 *(.rela.gnu.linkonce.r*)

.rel.data
 *(.rel.data)
 *(.rel.data.*)
 *(.rel.gnu.linkonce.d*)

.rela.data
 *(.rela.data)
 *(.rela.data.*)
 *(.rela.gnu.linkonce.d*)

.rel.ctors
 *(.rel.ctors)

.rela.ctors
 *(.rela.ctors)

.rel.dtors
 *(.rel.dtors)

.rela.dtors
 *(.rela.dtors)

.rel.got
 *(.rel.got)

.rela.got
 *(.rela.got)

.rel.bss
 *(.rel.bss)

.rela.bss
 *(.rela.bss)

.rel.plt
 *(.rel.plt)

.rela.plt
 *(.rela.plt)

.text           0x00000000     0x10e6
 *(.vectors)
 .vectors       0x00000000       0xe4 c:/winavr-20100110/bin/../lib/gcc/avr/4.3.3/../../../../avr/lib/avr51/crtm1280.o
                0x00000000                __vectors
                0x00000000                __vector_default
 *(.vectors)
 *(.progmem.gcc*)
 *(.progmem*)
                0x000000e4                . = ALIGN (0x2)
                0x000000e4                __trampolines_start = .
 *(.trampolines)
 .trampolines   0x000000e4        0x0 linker stubs
 *(.trampolines*)
                0x000000e4                __trampolines_end = .
 *(.jumptables)
 *(.jumptables*)
 *(.lowtext)
 *(.lowtext*)
                0x000000e4                __ctors_start = .
 *(.ctors)
 .ctors         0x000000e4        0x2 ./PWM-LED.o
                0x000000e6                __ctors_end = .
                0x000000e6                __dtors_start = .
 *(.dtors)
                0x000000e6                __dtors_end = .
 SORT(*)(.ctors)
 SORT(*)(.dtors)
 *(.init0)
 .init0         0x000000e6        0x0 c:/winavr-20100110/bin/../lib/gcc/avr/4.3.3/../../../../avr/lib/avr51/crtm1280.o
                0x000000e6                __init
 *(.init0)
 *(.init1)
 *(.init1)
 *(.init2)
 .init2         0x000000e6        0xc c:/winavr-20100110/bin/../lib/gcc/avr/4.3.3/../../../../avr/lib/avr51/crtm1280.o
 *(.init2)
 *(.init3)
 *(.init3)
 *(.init4)
 .init4         0x000000f2       0x1a c:/winavr-20100110/bin/../lib/gcc/avr/4.3.3/../../../../avr/lib/avr51/crtm1280.o
                0x000000f2                __do_copy_data
 .init4         0x0000010c       0x10 c:/winavr-20100110/bin/../lib/gcc/avr/4.3.3/avr51\libgcc.a(_clear_bss.o)
                0x0000010c                __do_clear_bss
 *(.init4)
 *(.init5)
 *(.init5)
 *(.init6)
 .init6         0x0000011c       0x16 c:/winavr-20100110/bin/../lib/gcc/avr/4.3.3/avr51\libgcc.a(_ctors.o)
                0x0000011c                __do_global_ctors
 *(.init6)
 *(.init7)
 *(.init7)
 *(.init8)
 *(.init8)
 *(.init9)
 .init9         0x00000132        0x8 c:/winavr-20100110/bin/../lib/gcc/avr/4.3.3/../../../../avr/lib/avr51/crtm1280.o
 *(.init9)
 *(.text)
 .text          0x0000013a        0x4 c:/winavr-20100110/bin/../lib/gcc/avr/4.3.3/../../../../avr/lib/avr51/crtm1280.o
                0x0000013a                __vector_38
                0x0000013a                __vector_22
                0x0000013a                __vector_28
                0x0000013a                __vector_1
                0x0000013a                __vector_32
                0x0000013a                __vector_34
                0x0000013a                __vector_24
                0x0000013a                __vector_12
                0x0000013a                __vector_55
                0x0000013a                __vector_46
                0x0000013a                __bad_interrupt
                0x0000013a                __vector_6
                0x0000013a                __vector_31
                0x0000013a                __vector_35
                0x0000013a                __vector_39
                0x0000013a                __vector_3
                0x0000013a                __vector_23
                0x0000013a                __vector_30
                0x0000013a                __vector_45
                0x0000013a                __vector_25
                0x0000013a                __vector_11
                0x0000013a                __vector_54
                0x0000013a                __vector_17
                0x0000013a                __vector_19
                0x0000013a                __vector_56
                0x0000013a                __vector_7
                0x0000013a                __vector_49
                0x0000013a                __vector_41
                0x0000013a                __vector_43
                0x0000013a                __vector_27
                0x0000013a                __vector_5
                0x0000013a                __vector_33
                0x0000013a                __vector_47
                0x0000013a                __vector_52
                0x0000013a                __vector_37
                0x0000013a                __vector_4
                0x0000013a                __vector_44
                0x0000013a                __vector_51
                0x0000013a                __vector_9
                0x0000013a                __vector_2
                0x0000013a                __vector_21
                0x0000013a                __vector_15
                0x0000013a                __vector_36
                0x0000013a                __vector_29
                0x0000013a                __vector_40
                0x0000013a                __vector_8
                0x0000013a                __vector_26
                0x0000013a                __vector_48
                0x0000013a                __vector_14
                0x0000013a                __vector_53
                0x0000013a                __vector_10
                0x0000013a                __vector_50
                0x0000013a                __vector_16
                0x0000013a                __vector_18
                0x0000013a                __vector_20
                0x0000013a                __vector_42
 .text          0x0000013e      0x1bc ./PWM-LED.o
                0x000002a6                __vector_13
                0x0000013e                __cxa_pure_virtual
                0x00000256                animationTrigger(void*)
                0x000001d6                main
 .text          0x000002fa        0x0 A:\eclipse\mhvlib\Release\libmhvlib.a(MHV_Timer16.o)
 .text          0x000002fa        0x0 A:\eclipse\mhvlib\Release\libmhvlib.a(MHV_Timer8.o)
 .text          0x000002fa        0x0 c:/winavr-20100110/bin/../lib/gcc/avr/4.3.3/avr51\libgcc.a(_udivmodsi4.o)
 .text          0x000002fa        0x0 c:/winavr-20100110/bin/../lib/gcc/avr/4.3.3/avr51\libgcc.a(_exit.o)
 .text          0x000002fa        0x0 c:/winavr-20100110/bin/../lib/gcc/avr/4.3.3/avr51\libgcc.a(_clear_bss.o)
 .text          0x000002fa        0x0 c:/winavr-20100110/bin/../lib/gcc/avr/4.3.3/avr51\libgcc.a(_ctors.o)
 .text          0x000002fa        0x0 c:/winavr-20100110/bin/../lib/gcc/avr/4.3.3/avr51\libgcc.a(_tablejump.o)
                0x000002fa                . = ALIGN (0x2)
 *(.text.*)
 .text._ZN11MHV_Timer167currentEv
                0x000002fa       0x16 A:\eclipse\mhvlib\Release\libmhvlib.a(MHV_Timer16.o)
                0x000002fa                MHV_Timer16::current()
 .text._ZN11MHV_Timer1617setGenerationModeEv
                0x00000310       0x96 A:\eclipse\mhvlib\Release\libmhvlib.a(MHV_Timer16.o)
                0x00000310                MHV_Timer16::setGenerationMode()
 .text._ZN11MHV_Timer166getTopEv
                0x000003a6       0x2c A:\eclipse\mhvlib\Release\libmhvlib.a(MHV_Timer16.o)
                0x000003a6                MHV_Timer16::getTop()
 .text._ZN11MHV_Timer166setTopEj
                0x000003d2       0x34 A:\eclipse\mhvlib\Release\libmhvlib.a(MHV_Timer16.o)
                0x000003d2                MHV_Timer16::setTop(unsigned int)
 .text._ZN11MHV_Timer169setOutputEhj
                0x00000406       0x30 A:\eclipse\mhvlib\Release\libmhvlib.a(MHV_Timer16.o)
                0x00000406                MHV_Timer16::setOutput(unsigned char, unsigned int)
 .text._ZN11MHV_Timer1610setOutput1Ej
                0x00000436       0x14 A:\eclipse\mhvlib\Release\libmhvlib.a(MHV_Timer16.o)
                0x00000436                MHV_Timer16::setOutput1(unsigned int)
 .text._ZN11MHV_Timer1610setOutput2Ej
                0x0000044a       0x14 A:\eclipse\mhvlib\Release\libmhvlib.a(MHV_Timer16.o)
                0x0000044a                MHV_Timer16::setOutput2(unsigned int)
 .text._ZN11MHV_Timer1610setOutput3Ej
                0x0000045e       0x14 A:\eclipse\mhvlib\Release\libmhvlib.a(MHV_Timer16.o)
                0x0000045e                MHV_Timer16::setOutput3(unsigned int)
 .text._ZN11MHV_Timer169getOutputEh
                0x00000472       0x3a A:\eclipse\mhvlib\Release\libmhvlib.a(MHV_Timer16.o)
                0x00000472                MHV_Timer16::getOutput(unsigned char)
 .text._ZN11MHV_Timer1610getOutput1Ev
                0x000004ac       0x16 A:\eclipse\mhvlib\Release\libmhvlib.a(MHV_Timer16.o)
                0x000004ac                MHV_Timer16::getOutput1()
 .text._ZN11MHV_Timer1610getOutput2Ev
                0x000004c2       0x16 A:\eclipse\mhvlib\Release\libmhvlib.a(MHV_Timer16.o)
                0x000004c2                MHV_Timer16::getOutput2()
 .text._ZN11MHV_Timer1610getOutput3Ev
                0x000004d8       0x16 A:\eclipse\mhvlib\Release\libmhvlib.a(MHV_Timer16.o)
                0x000004d8                MHV_Timer16::getOutput3()
 .text._ZN11MHV_Timer1613connectOutputEh22mhv_timer_connect_type
                0x000004ee       0x4a A:\eclipse\mhvlib\Release\libmhvlib.a(MHV_Timer16.o)
                0x000004ee                MHV_Timer16::connectOutput(unsigned char, mhv_timer_connect_type)
 .text._ZN11MHV_Timer1614connectOutput1E22mhv_timer_connect_type
                0x00000538       0x1a A:\eclipse\mhvlib\Release\libmhvlib.a(MHV_Timer16.o)
                0x00000538                MHV_Timer16::connectOutput1(mhv_timer_connect_type)
 .text._ZN11MHV_Timer1614connectOutput2E22mhv_timer_connect_type
                0x00000552       0x16 A:\eclipse\mhvlib\Release\libmhvlib.a(MHV_Timer16.o)
                0x00000552                MHV_Timer16::connectOutput2(mhv_timer_connect_type)
 .text._ZN11MHV_Timer1614connectOutput3E22mhv_timer_connect_type
                0x00000568       0x16 A:\eclipse\mhvlib\Release\libmhvlib.a(MHV_Timer16.o)
                0x00000568                MHV_Timer16::connectOutput3(mhv_timer_connect_type)
 .text._ZN11MHV_Timer1611setTriggersEPFvPvES0_S2_S0_S2_S0_
                0x0000057e       0x34 A:\eclipse\mhvlib\Release\libmhvlib.a(MHV_Timer16.o)
                0x0000057e                MHV_Timer16::setTriggers(void (*)(void*), void*, void (*)(void*), void*, void (*)(void*), void*)
 .text._ZN11MHV_Timer168trigger3Ev
                0x000005b2       0x1a A:\eclipse\mhvlib\Release\libmhvlib.a(MHV_Timer16.o)
                0x000005b2                MHV_Timer16::trigger3()
 .text._ZN11MHV_Timer1610setPeriodsE19mhv_timer_prescalerjjj
                0x000005cc       0x6e A:\eclipse\mhvlib\Release\libmhvlib.a(MHV_Timer16.o)
                0x000005cc                MHV_Timer16::setPeriods(mhv_timer_prescaler, unsigned int, unsigned int, unsigned int)
 .text._ZN11MHV_Timer1610setPeriodsEmmm
                0x0000063a      0x140 A:\eclipse\mhvlib\Release\libmhvlib.a(MHV_Timer16.o)
                0x0000063a                MHV_Timer16::setPeriods(unsigned long, unsigned long, unsigned long)
 .text._ZN11MHV_Timer166enableEv
                0x0000077a       0x88 A:\eclipse\mhvlib\Release\libmhvlib.a(MHV_Timer16.o)
                0x0000077a                MHV_Timer16::enable()
 .text._ZN11MHV_Timer167disableEv
                0x00000802       0x46 A:\eclipse\mhvlib\Release\libmhvlib.a(MHV_Timer16.o)
                0x00000802                MHV_Timer16::disable()
 .text._ZN11MHV_Timer16C1EPVhS1_S1_PVjS3_S3_S3_S1_S3_
                0x00000848       0x9a A:\eclipse\mhvlib\Release\libmhvlib.a(MHV_Timer16.o)
                0x00000848                MHV_Timer16::MHV_Timer16(unsigned char volatile*, unsigned char volatile*, unsigned char volatile*, unsigned int volatile*, unsigned int volatile*, unsigned int volatile*, unsigned int volatile*, unsigned char volatile*, unsigned int volatile*)
 .text._ZN11MHV_Timer16C2EPVhS1_S1_PVjS3_S3_S3_S1_S3_
                0x000008e2       0x9a A:\eclipse\mhvlib\Release\libmhvlib.a(MHV_Timer16.o)
                0x000008e2                MHV_Timer16::MHV_Timer16(unsigned char volatile*, unsigned char volatile*, unsigned char volatile*, unsigned int volatile*, unsigned int volatile*, unsigned int volatile*, unsigned int volatile*, unsigned char volatile*, unsigned int volatile*)
 .text._ZN10MHV_Timer8C2E14mhv_timer_typePVhS2_S2_S2_S2_S2_
                0x0000097c       0x48 A:\eclipse\mhvlib\Release\libmhvlib.a(MHV_Timer8.o)
                0x0000097c                MHV_Timer8::MHV_Timer8(mhv_timer_type, unsigned char volatile*, unsigned char volatile*, unsigned char volatile*, unsigned char volatile*, unsigned char volatile*, unsigned char volatile*)
 .text._ZN10MHV_Timer8C1E14mhv_timer_typePVhS2_S2_S2_S2_S2_
                0x000009c4       0x48 A:\eclipse\mhvlib\Release\libmhvlib.a(MHV_Timer8.o)
                0x000009c4                MHV_Timer8::MHV_Timer8(mhv_timer_type, unsigned char volatile*, unsigned char volatile*, unsigned char volatile*, unsigned char volatile*, unsigned char volatile*, unsigned char volatile*)
 .text._ZN10MHV_Timer8C2Ev
                0x00000a0c        0x2 A:\eclipse\mhvlib\Release\libmhvlib.a(MHV_Timer8.o)
                0x00000a0c                MHV_Timer8::MHV_Timer8()
 .text._ZN10MHV_Timer8C1Ev
                0x00000a0e        0x2 A:\eclipse\mhvlib\Release\libmhvlib.a(MHV_Timer8.o)
                0x00000a0e                MHV_Timer8::MHV_Timer8()
 .text._ZN10MHV_Timer87currentEv
                0x00000a10       0x12 A:\eclipse\mhvlib\Release\libmhvlib.a(MHV_Timer8.o)
                0x00000a10                MHV_Timer8::current()
 .text._ZN10MHV_Timer818calculatePrescalerEmP19mhv_timer_prescalerPj
                0x00000a22      0x1ce A:\eclipse\mhvlib\Release\libmhvlib.a(MHV_Timer8.o)
                0x00000a22                MHV_Timer8::calculatePrescaler(unsigned long, mhv_timer_prescaler*, unsigned int*)
 .text._ZN10MHV_Timer812calculateTopEPmj
                0x00000bf0       0x32 A:\eclipse\mhvlib\Release\libmhvlib.a(MHV_Timer8.o)
                0x00000bf0                MHV_Timer8::calculateTop(unsigned long*, unsigned int)
 .text._ZN10MHV_Timer810setPeriodsEmm
                0x00000c22       0xea A:\eclipse\mhvlib\Release\libmhvlib.a(MHV_Timer8.o)
                0x00000c22                MHV_Timer8::setPeriods(unsigned long, unsigned long)
 .text._ZN10MHV_Timer813_setPrescalerE19mhv_timer_prescaler
                0x00000d0c       0x14 A:\eclipse\mhvlib\Release\libmhvlib.a(MHV_Timer8.o)
                0x00000d0c                MHV_Timer8::_setPrescaler(mhv_timer_prescaler)
 .text._ZN10MHV_Timer812getPrescalerEv
                0x00000d20       0x10 A:\eclipse\mhvlib\Release\libmhvlib.a(MHV_Timer8.o)
                0x00000d20                MHV_Timer8::getPrescaler()
 .text._ZN10MHV_Timer822getPrescalerMultiplierEv
                0x00000d30       0x96 A:\eclipse\mhvlib\Release\libmhvlib.a(MHV_Timer8.o)
                0x00000d30                MHV_Timer8::getPrescalerMultiplier()
 .text._ZN10MHV_Timer812setPrescalerE19mhv_timer_prescaler
                0x00000dc6        0x6 A:\eclipse\mhvlib\Release\libmhvlib.a(MHV_Timer8.o)
                0x00000dc6                MHV_Timer8::setPrescaler(mhv_timer_prescaler)
 .text._ZN10MHV_Timer817setGenerationModeEv
                0x00000dcc       0x8c A:\eclipse\mhvlib\Release\libmhvlib.a(MHV_Timer8.o)
                0x00000dcc                MHV_Timer8::setGenerationMode()
 .text._ZN10MHV_Timer810setPeriodsE19mhv_timer_prescalerhh
                0x00000e58       0x3e A:\eclipse\mhvlib\Release\libmhvlib.a(MHV_Timer8.o)
                0x00000e58                MHV_Timer8::setPeriods(mhv_timer_prescaler, unsigned char, unsigned char)
 .text._ZN10MHV_Timer86getTopEv
                0x00000e96       0x26 A:\eclipse\mhvlib\Release\libmhvlib.a(MHV_Timer8.o)
                0x00000e96                MHV_Timer8::getTop()
 .text._ZN10MHV_Timer86setTopEh
                0x00000ebc       0x16 A:\eclipse\mhvlib\Release\libmhvlib.a(MHV_Timer8.o)
                0x00000ebc                MHV_Timer8::setTop(unsigned char)
 .text._ZN10MHV_Timer89setOutputEhh
                0x00000ed2       0x20 A:\eclipse\mhvlib\Release\libmhvlib.a(MHV_Timer8.o)
                0x00000ed2                MHV_Timer8::setOutput(unsigned char, unsigned char)
 .text._ZN10MHV_Timer810setOutput1Eh
                0x00000ef2        0xe A:\eclipse\mhvlib\Release\libmhvlib.a(MHV_Timer8.o)
                0x00000ef2                MHV_Timer8::setOutput1(unsigned char)
 .text._ZN10MHV_Timer810setOutput2Eh
                0x00000f00        0xe A:\eclipse\mhvlib\Release\libmhvlib.a(MHV_Timer8.o)
                0x00000f00                MHV_Timer8::setOutput2(unsigned char)
 .text._ZN10MHV_Timer89getOutputEh
                0x00000f0e       0x22 A:\eclipse\mhvlib\Release\libmhvlib.a(MHV_Timer8.o)
                0x00000f0e                MHV_Timer8::getOutput(unsigned char)
 .text._ZN10MHV_Timer810getOutput1Ev
                0x00000f30        0xe A:\eclipse\mhvlib\Release\libmhvlib.a(MHV_Timer8.o)
                0x00000f30                MHV_Timer8::getOutput1()
 .text._ZN10MHV_Timer810getOutput2Ev
                0x00000f3e        0xe A:\eclipse\mhvlib\Release\libmhvlib.a(MHV_Timer8.o)
                0x00000f3e                MHV_Timer8::getOutput2()
 .text._ZN10MHV_Timer814connectOutput1E22mhv_timer_connect_type
                0x00000f4c       0x1a A:\eclipse\mhvlib\Release\libmhvlib.a(MHV_Timer8.o)
                0x00000f4c                MHV_Timer8::connectOutput1(mhv_timer_connect_type)
 .text._ZN10MHV_Timer814connectOutput2E22mhv_timer_connect_type
                0x00000f66       0x16 A:\eclipse\mhvlib\Release\libmhvlib.a(MHV_Timer8.o)
                0x00000f66                MHV_Timer8::connectOutput2(mhv_timer_connect_type)
 .text._ZN10MHV_Timer86enableEv
                0x00000f7c       0x66 A:\eclipse\mhvlib\Release\libmhvlib.a(MHV_Timer8.o)
                0x00000f7c                MHV_Timer8::enable()
 .text._ZN10MHV_Timer87disableEv
                0x00000fe2       0x3e A:\eclipse\mhvlib\Release\libmhvlib.a(MHV_Timer8.o)
                0x00000fe2                MHV_Timer8::disable()
 .text._ZN10MHV_Timer87enabledEv
                0x00001020       0x14 A:\eclipse\mhvlib\Release\libmhvlib.a(MHV_Timer8.o)
                0x00001020                MHV_Timer8::enabled()
 .text._ZN10MHV_Timer88trigger1Ev
                0x00001034       0x22 A:\eclipse\mhvlib\Release\libmhvlib.a(MHV_Timer8.o)
                0x00001034                MHV_Timer8::trigger1()
 .text._ZN10MHV_Timer88trigger2Ev
                0x00001056       0x1a A:\eclipse\mhvlib\Release\libmhvlib.a(MHV_Timer8.o)
                0x00001056                MHV_Timer8::trigger2()
 .text._ZN10MHV_Timer811setTriggersEPFvPvES0_S2_S0_
                0x00001070       0x1c A:\eclipse\mhvlib\Release\libmhvlib.a(MHV_Timer8.o)
                0x00001070                MHV_Timer8::setTriggers(void (*)(void*), void*, void (*)(void*), void*)
 .text._ZN10MHV_Timer87setModeE14mhv_timer_mode
                0x0000108c        0x6 A:\eclipse\mhvlib\Release\libmhvlib.a(MHV_Timer8.o)
                0x0000108c                MHV_Timer8::setMode(mhv_timer_mode)
 .text.libgcc   0x00001092       0x44 c:/winavr-20100110/bin/../lib/gcc/avr/4.3.3/avr51\libgcc.a(_udivmodsi4.o)
                0x00001092                __udivmodsi4
 .text.libgcc   0x000010d6        0x0 c:/winavr-20100110/bin/../lib/gcc/avr/4.3.3/avr51\libgcc.a(_exit.o)
 .text.libgcc   0x000010d6        0x0 c:/winavr-20100110/bin/../lib/gcc/avr/4.3.3/avr51\libgcc.a(_clear_bss.o)
 .text.libgcc   0x000010d6        0x0 c:/winavr-20100110/bin/../lib/gcc/avr/4.3.3/avr51\libgcc.a(_ctors.o)
 .text.libgcc   0x000010d6        0xc c:/winavr-20100110/bin/../lib/gcc/avr/4.3.3/avr51\libgcc.a(_tablejump.o)
                0x000010da                __tablejump__
                0x000010d6                __tablejump2__
                0x000010e2                . = ALIGN (0x2)
 *(.fini9)
 .fini9         0x000010e2        0x0 c:/winavr-20100110/bin/../lib/gcc/avr/4.3.3/avr51\libgcc.a(_exit.o)
                0x000010e2                exit
                0x000010e2                _exit
 *(.fini9)
 *(.fini8)
 *(.fini8)
 *(.fini7)
 *(.fini7)
 *(.fini6)
 *(.fini6)
 *(.fini5)
 *(.fini5)
 *(.fini4)
 *(.fini4)
 *(.fini3)
 *(.fini3)
 *(.fini2)
 *(.fini2)
 *(.fini1)
 *(.fini1)
 *(.fini0)
 .fini0         0x000010e2        0x4 c:/winavr-20100110/bin/../lib/gcc/avr/4.3.3/avr51\libgcc.a(_exit.o)
 *(.fini0)
                0x000010e6                _etext = .

.data           0x00800200        0x2 load address 0x000010e6
                0x00800200                PROVIDE (__data_start, .)
 *(.data)
 .data          0x00800200        0x0 c:/winavr-20100110/bin/../lib/gcc/avr/4.3.3/../../../../avr/lib/avr51/crtm1280.o
 .data          0x00800200        0x1 ./PWM-LED.o
 .data          0x00800201        0x0 A:\eclipse\mhvlib\Release\libmhvlib.a(MHV_Timer16.o)
 .data          0x00800201        0x0 A:\eclipse\mhvlib\Release\libmhvlib.a(MHV_Timer8.o)
 .data          0x00800201        0x0 c:/winavr-20100110/bin/../lib/gcc/avr/4.3.3/avr51\libgcc.a(_udivmodsi4.o)
 .data          0x00800201        0x0 c:/winavr-20100110/bin/../lib/gcc/avr/4.3.3/avr51\libgcc.a(_exit.o)
 .data          0x00800201        0x0 c:/winavr-20100110/bin/../lib/gcc/avr/4.3.3/avr51\libgcc.a(_clear_bss.o)
 .data          0x00800201        0x0 c:/winavr-20100110/bin/../lib/gcc/avr/4.3.3/avr51\libgcc.a(_ctors.o)
 .data          0x00800201        0x0 c:/winavr-20100110/bin/../lib/gcc/avr/4.3.3/avr51\libgcc.a(_tablejump.o)
 *(.data*)
 *(.rodata)
 *(.rodata*)
 *(.gnu.linkonce.d*)
                0x00800202                . = ALIGN (0x2)
 *fill*         0x00800201        0x1 00
                0x00800202                _edata = .
                0x00800202                PROVIDE (__data_end, .)

.bss            0x00800202       0x43
                0x00800202                PROVIDE (__bss_start, .)
 *(.bss)
 .bss           0x00800202        0x0 c:/winavr-20100110/bin/../lib/gcc/avr/4.3.3/../../../../avr/lib/avr51/crtm1280.o
 .bss           0x00800202       0x43 ./PWM-LED.o
                0x0080021b                pwmTimer
                0x00800202                animationTimer
 .bss           0x00800245        0x0 A:\eclipse\mhvlib\Release\libmhvlib.a(MHV_Timer16.o)
 .bss           0x00800245        0x0 A:\eclipse\mhvlib\Release\libmhvlib.a(MHV_Timer8.o)
 .bss           0x00800245        0x0 c:/winavr-20100110/bin/../lib/gcc/avr/4.3.3/avr51\libgcc.a(_udivmodsi4.o)
 .bss           0x00800245        0x0 c:/winavr-20100110/bin/../lib/gcc/avr/4.3.3/avr51\libgcc.a(_exit.o)
 .bss           0x00800245        0x0 c:/winavr-20100110/bin/../lib/gcc/avr/4.3.3/avr51\libgcc.a(_clear_bss.o)
 .bss           0x00800245        0x0 c:/winavr-20100110/bin/../lib/gcc/avr/4.3.3/avr51\libgcc.a(_ctors.o)
 .bss           0x00800245        0x0 c:/winavr-20100110/bin/../lib/gcc/avr/4.3.3/avr51\libgcc.a(_tablejump.o)
 *(.bss*)
 *(COMMON)
                0x00800245                PROVIDE (__bss_end, .)
                0x000010e6                __data_load_start = LOADADDR (.data)
                0x000010e8                __data_load_end = (__data_load_start + SIZEOF (.data))

.noinit         0x00800245        0x0
                0x00800245                PROVIDE (__noinit_start, .)
 *(.noinit*)
                0x00800245                PROVIDE (__noinit_end, .)
                0x00800245                _end = .
                0x00800245                PROVIDE (__heap_start, .)

.eeprom         0x00810000        0x0
 *(.eeprom*)
                0x00810000                __eeprom_end = .

.fuse
 *(.fuse)
 *(.lfuse)
 *(.hfuse)
 *(.efuse)

.lock
 *(.lock*)

.signature
 *(.signature*)

.stab
 *(.stab)

.stabstr
 *(.stabstr)

.stab.excl
 *(.stab.excl)

.stab.exclstr
 *(.stab.exclstr)

.stab.index
 *(.stab.index)

.stab.indexstr
 *(.stab.indexstr)

.comment
 *(.comment)

.debug
 *(.debug)

.line
 *(.line)

.debug_srcinfo
 *(.debug_srcinfo)

.debug_sfnames
 *(.debug_sfnames)

.debug_aranges
 *(.debug_aranges)

.debug_pubnames
 *(.debug_pubnames)

.debug_info
 *(.debug_info)
 *(.gnu.linkonce.wi.*)

.debug_abbrev
 *(.debug_abbrev)

.debug_line
 *(.debug_line)

.debug_frame
 *(.debug_frame)

.debug_str
 *(.debug_str)

.debug_loc
 *(.debug_loc)

.debug_macinfo
 *(.debug_macinfo)
OUTPUT(mhvlib-tutorial-PWM-LED.elf elf32-avr)
LOAD linker stubs

Cross Reference Table

Symbol                                            File
MHV_Timer16::MHV_Timer16(unsigned char volatile*, unsigned char volatile*, unsigned char volatile*, unsigned int volatile*, unsigned int volatile*, unsigned int volatile*, unsigned int volatile*, unsigned char volatile*, unsigned int volatile*) A:\eclipse\mhvlib\Release\libmhvlib.a(MHV_Timer16.o)
MHV_Timer16::MHV_Timer16(unsigned char volatile*, unsigned char volatile*, unsigned char volatile*, unsigned int volatile*, unsigned int volatile*, unsigned int volatile*, unsigned int volatile*, unsigned char volatile*, unsigned int volatile*) A:\eclipse\mhvlib\Release\libmhvlib.a(MHV_Timer16.o)
                                                  ./PWM-LED.o
MHV_Timer16::connectOutput(unsigned char, mhv_timer_connect_type) A:\eclipse\mhvlib\Release\libmhvlib.a(MHV_Timer16.o)
MHV_Timer16::connectOutput1(mhv_timer_connect_type) A:\eclipse\mhvlib\Release\libmhvlib.a(MHV_Timer16.o)
MHV_Timer16::connectOutput2(mhv_timer_connect_type) A:\eclipse\mhvlib\Release\libmhvlib.a(MHV_Timer16.o)
                                                  ./PWM-LED.o
MHV_Timer16::connectOutput3(mhv_timer_connect_type) A:\eclipse\mhvlib\Release\libmhvlib.a(MHV_Timer16.o)
MHV_Timer16::current()                            A:\eclipse\mhvlib\Release\libmhvlib.a(MHV_Timer16.o)
MHV_Timer16::disable()                            A:\eclipse\mhvlib\Release\libmhvlib.a(MHV_Timer16.o)
MHV_Timer16::enable()                             A:\eclipse\mhvlib\Release\libmhvlib.a(MHV_Timer16.o)
                                                  ./PWM-LED.o
MHV_Timer16::getOutput(unsigned char)             A:\eclipse\mhvlib\Release\libmhvlib.a(MHV_Timer16.o)
MHV_Timer16::getOutput1()                         A:\eclipse\mhvlib\Release\libmhvlib.a(MHV_Timer16.o)
MHV_Timer16::getOutput2()                         A:\eclipse\mhvlib\Release\libmhvlib.a(MHV_Timer16.o)
                                                  ./PWM-LED.o
MHV_Timer16::getOutput3()                         A:\eclipse\mhvlib\Release\libmhvlib.a(MHV_Timer16.o)
MHV_Timer16::getTop()                             A:\eclipse\mhvlib\Release\libmhvlib.a(MHV_Timer16.o)
MHV_Timer16::setGenerationMode()                  A:\eclipse\mhvlib\Release\libmhvlib.a(MHV_Timer16.o)
MHV_Timer16::setOutput(unsigned char, unsigned int) A:\eclipse\mhvlib\Release\libmhvlib.a(MHV_Timer16.o)
MHV_Timer16::setOutput1(unsigned int)             A:\eclipse\mhvlib\Release\libmhvlib.a(MHV_Timer16.o)
MHV_Timer16::setOutput2(unsigned int)             A:\eclipse\mhvlib\Release\libmhvlib.a(MHV_Timer16.o)
                                                  ./PWM-LED.o
MHV_Timer16::setOutput3(unsigned int)             A:\eclipse\mhvlib\Release\libmhvlib.a(MHV_Timer16.o)
MHV_Timer16::setPeriods(mhv_timer_prescaler, unsigned int, unsigned int, unsigned int) A:\eclipse\mhvlib\Release\libmhvlib.a(MHV_Timer16.o)
MHV_Timer16::setPeriods(unsigned long, unsigned long, unsigned long) A:\eclipse\mhvlib\Release\libmhvlib.a(MHV_Timer16.o)
MHV_Timer16::setTop(unsigned int)                 A:\eclipse\mhvlib\Release\libmhvlib.a(MHV_Timer16.o)
                                                  ./PWM-LED.o
MHV_Timer16::setTriggers(void (*)(void*), void*, void (*)(void*), void*, void (*)(void*), void*) A:\eclipse\mhvlib\Release\libmhvlib.a(MHV_Timer16.o)
MHV_Timer16::trigger3()                           A:\eclipse\mhvlib\Release\libmhvlib.a(MHV_Timer16.o)
MHV_Timer8::MHV_Timer8()                          A:\eclipse\mhvlib\Release\libmhvlib.a(MHV_Timer8.o)
                                                  A:\eclipse\mhvlib\Release\libmhvlib.a(MHV_Timer16.o)
MHV_Timer8::MHV_Timer8()                          A:\eclipse\mhvlib\Release\libmhvlib.a(MHV_Timer8.o)
MHV_Timer8::MHV_Timer8(mhv_timer_type, unsigned char volatile*, unsigned char volatile*, unsigned char volatile*, unsigned char volatile*, unsigned char volatile*, unsigned char volatile*) A:\eclipse\mhvlib\Release\libmhvlib.a(MHV_Timer8.o)
                                                  ./PWM-LED.o
MHV_Timer8::MHV_Timer8(mhv_timer_type, unsigned char volatile*, unsigned char volatile*, unsigned char volatile*, unsigned char volatile*, unsigned char volatile*, unsigned char volatile*) A:\eclipse\mhvlib\Release\libmhvlib.a(MHV_Timer8.o)
MHV_Timer8::_setPrescaler(mhv_timer_prescaler)    A:\eclipse\mhvlib\Release\libmhvlib.a(MHV_Timer8.o)
                                                  A:\eclipse\mhvlib\Release\libmhvlib.a(MHV_Timer16.o)
MHV_Timer8::calculatePrescaler(unsigned long, mhv_timer_prescaler*, unsigned int*) A:\eclipse\mhvlib\Release\libmhvlib.a(MHV_Timer8.o)
                                                  A:\eclipse\mhvlib\Release\libmhvlib.a(MHV_Timer16.o)
MHV_Timer8::calculateTop(unsigned long*, unsigned int) A:\eclipse\mhvlib\Release\libmhvlib.a(MHV_Timer8.o)
                                                  A:\eclipse\mhvlib\Release\libmhvlib.a(MHV_Timer16.o)
MHV_Timer8::connectOutput1(mhv_timer_connect_type) A:\eclipse\mhvlib\Release\libmhvlib.a(MHV_Timer8.o)
MHV_Timer8::connectOutput2(mhv_timer_connect_type) A:\eclipse\mhvlib\Release\libmhvlib.a(MHV_Timer8.o)
MHV_Timer8::current()                             A:\eclipse\mhvlib\Release\libmhvlib.a(MHV_Timer8.o)
MHV_Timer8::disable()                             A:\eclipse\mhvlib\Release\libmhvlib.a(MHV_Timer8.o)
MHV_Timer8::enable()                              A:\eclipse\mhvlib\Release\libmhvlib.a(MHV_Timer8.o)
                                                  ./PWM-LED.o
MHV_Timer8::enabled()                             A:\eclipse\mhvlib\Release\libmhvlib.a(MHV_Timer8.o)
MHV_Timer8::getOutput(unsigned char)              A:\eclipse\mhvlib\Release\libmhvlib.a(MHV_Timer8.o)
MHV_Timer8::getOutput1()                          A:\eclipse\mhvlib\Release\libmhvlib.a(MHV_Timer8.o)
MHV_Timer8::getOutput2()                          A:\eclipse\mhvlib\Release\libmhvlib.a(MHV_Timer8.o)
MHV_Timer8::getPrescaler()                        A:\eclipse\mhvlib\Release\libmhvlib.a(MHV_Timer8.o)
MHV_Timer8::getPrescalerMultiplier()              A:\eclipse\mhvlib\Release\libmhvlib.a(MHV_Timer8.o)
MHV_Timer8::getTop()                              A:\eclipse\mhvlib\Release\libmhvlib.a(MHV_Timer8.o)
MHV_Timer8::setGenerationMode()                   A:\eclipse\mhvlib\Release\libmhvlib.a(MHV_Timer8.o)
MHV_Timer8::setMode(mhv_timer_mode)               A:\eclipse\mhvlib\Release\libmhvlib.a(MHV_Timer8.o)
                                                  ./PWM-LED.o
MHV_Timer8::setOutput(unsigned char, unsigned char) A:\eclipse\mhvlib\Release\libmhvlib.a(MHV_Timer8.o)
MHV_Timer8::setOutput1(unsigned char)             A:\eclipse\mhvlib\Release\libmhvlib.a(MHV_Timer8.o)
MHV_Timer8::setOutput2(unsigned char)             A:\eclipse\mhvlib\Release\libmhvlib.a(MHV_Timer8.o)
MHV_Timer8::setPeriods(mhv_timer_prescaler, unsigned char, unsigned char) A:\eclipse\mhvlib\Release\libmhvlib.a(MHV_Timer8.o)
MHV_Timer8::setPeriods(unsigned long, unsigned long) A:\eclipse\mhvlib\Release\libmhvlib.a(MHV_Timer8.o)
                                                  ./PWM-LED.o
MHV_Timer8::setPrescaler(mhv_timer_prescaler)     A:\eclipse\mhvlib\Release\libmhvlib.a(MHV_Timer8.o)
                                                  ./PWM-LED.o
MHV_Timer8::setTop(unsigned char)                 A:\eclipse\mhvlib\Release\libmhvlib.a(MHV_Timer8.o)
MHV_Timer8::setTriggers(void (*)(void*), void*, void (*)(void*), void*) A:\eclipse\mhvlib\Release\libmhvlib.a(MHV_Timer8.o)
                                                  ./PWM-LED.o
MHV_Timer8::trigger1()                            A:\eclipse\mhvlib\Release\libmhvlib.a(MHV_Timer8.o)
                                                  ./PWM-LED.o
MHV_Timer8::trigger2()                            A:\eclipse\mhvlib\Release\libmhvlib.a(MHV_Timer8.o)
__bad_interrupt                                   c:/winavr-20100110/bin/../lib/gcc/avr/4.3.3/../../../../avr/lib/avr51/crtm1280.o
__bss_end                                         c:/winavr-20100110/bin/../lib/gcc/avr/4.3.3/avr51\libgcc.a(_clear_bss.o)
__bss_start                                       c:/winavr-20100110/bin/../lib/gcc/avr/4.3.3/avr51\libgcc.a(_clear_bss.o)
__ctors_end                                       c:/winavr-20100110/bin/../lib/gcc/avr/4.3.3/avr51\libgcc.a(_ctors.o)
__ctors_start                                     c:/winavr-20100110/bin/../lib/gcc/avr/4.3.3/avr51\libgcc.a(_ctors.o)
__cxa_pure_virtual                                ./PWM-LED.o
__data_end                                        c:/winavr-20100110/bin/../lib/gcc/avr/4.3.3/../../../../avr/lib/avr51/crtm1280.o
__data_load_start                                 c:/winavr-20100110/bin/../lib/gcc/avr/4.3.3/../../../../avr/lib/avr51/crtm1280.o
__data_start                                      c:/winavr-20100110/bin/../lib/gcc/avr/4.3.3/../../../../avr/lib/avr51/crtm1280.o
__do_clear_bss                                    c:/winavr-20100110/bin/../lib/gcc/avr/4.3.3/avr51\libgcc.a(_clear_bss.o)
                                                  ./PWM-LED.o
__do_copy_data                                    c:/winavr-20100110/bin/../lib/gcc/avr/4.3.3/../../../../avr/lib/avr51/crtm1280.o
                                                  ./PWM-LED.o
__do_global_ctors                                 c:/winavr-20100110/bin/../lib/gcc/avr/4.3.3/avr51\libgcc.a(_ctors.o)
                                                  ./PWM-LED.o
__heap_end                                        c:/winavr-20100110/bin/../lib/gcc/avr/4.3.3/../../../../avr/lib/avr51/crtm1280.o
__init                                            c:/winavr-20100110/bin/../lib/gcc/avr/4.3.3/../../../../avr/lib/avr51/crtm1280.o
__stack                                           c:/winavr-20100110/bin/../lib/gcc/avr/4.3.3/../../../../avr/lib/avr51/crtm1280.o
__tablejump2__                                    c:/winavr-20100110/bin/../lib/gcc/avr/4.3.3/avr51\libgcc.a(_tablejump.o)
__tablejump__                                     c:/winavr-20100110/bin/../lib/gcc/avr/4.3.3/avr51\libgcc.a(_tablejump.o)
                                                  c:/winavr-20100110/bin/../lib/gcc/avr/4.3.3/avr51\libgcc.a(_ctors.o)
__udivmodsi4                                      c:/winavr-20100110/bin/../lib/gcc/avr/4.3.3/avr51\libgcc.a(_udivmodsi4.o)
                                                  A:\eclipse\mhvlib\Release\libmhvlib.a(MHV_Timer8.o)
__vector_1                                        c:/winavr-20100110/bin/../lib/gcc/avr/4.3.3/../../../../avr/lib/avr51/crtm1280.o
__vector_10                                       c:/winavr-20100110/bin/../lib/gcc/avr/4.3.3/../../../../avr/lib/avr51/crtm1280.o
__vector_11                                       c:/winavr-20100110/bin/../lib/gcc/avr/4.3.3/../../../../avr/lib/avr51/crtm1280.o
__vector_12                                       c:/winavr-20100110/bin/../lib/gcc/avr/4.3.3/../../../../avr/lib/avr51/crtm1280.o
__vector_13                                       ./PWM-LED.o
                                                  c:/winavr-20100110/bin/../lib/gcc/avr/4.3.3/../../../../avr/lib/avr51/crtm1280.o
__vector_14                                       c:/winavr-20100110/bin/../lib/gcc/avr/4.3.3/../../../../avr/lib/avr51/crtm1280.o
__vector_15                                       c:/winavr-20100110/bin/../lib/gcc/avr/4.3.3/../../../../avr/lib/avr51/crtm1280.o
__vector_16                                       c:/winavr-20100110/bin/../lib/gcc/avr/4.3.3/../../../../avr/lib/avr51/crtm1280.o
__vector_17                                       c:/winavr-20100110/bin/../lib/gcc/avr/4.3.3/../../../../avr/lib/avr51/crtm1280.o
__vector_18                                       c:/winavr-20100110/bin/../lib/gcc/avr/4.3.3/../../../../avr/lib/avr51/crtm1280.o
__vector_19                                       c:/winavr-20100110/bin/../lib/gcc/avr/4.3.3/../../../../avr/lib/avr51/crtm1280.o
__vector_2                                        c:/winavr-20100110/bin/../lib/gcc/avr/4.3.3/../../../../avr/lib/avr51/crtm1280.o
__vector_20                                       c:/winavr-20100110/bin/../lib/gcc/avr/4.3.3/../../../../avr/lib/avr51/crtm1280.o
__vector_21                                       c:/winavr-20100110/bin/../lib/gcc/avr/4.3.3/../../../../avr/lib/avr51/crtm1280.o
__vector_22                                       c:/winavr-20100110/bin/../lib/gcc/avr/4.3.3/../../../../avr/lib/avr51/crtm1280.o
__vector_23                                       c:/winavr-20100110/bin/../lib/gcc/avr/4.3.3/../../../../avr/lib/avr51/crtm1280.o
__vector_24                                       c:/winavr-20100110/bin/../lib/gcc/avr/4.3.3/../../../../avr/lib/avr51/crtm1280.o
__vector_25                                       c:/winavr-20100110/bin/../lib/gcc/avr/4.3.3/../../../../avr/lib/avr51/crtm1280.o
__vector_26                                       c:/winavr-20100110/bin/../lib/gcc/avr/4.3.3/../../../../avr/lib/avr51/crtm1280.o
__vector_27                                       c:/winavr-20100110/bin/../lib/gcc/avr/4.3.3/../../../../avr/lib/avr51/crtm1280.o
__vector_28                                       c:/winavr-20100110/bin/../lib/gcc/avr/4.3.3/../../../../avr/lib/avr51/crtm1280.o
__vector_29                                       c:/winavr-20100110/bin/../lib/gcc/avr/4.3.3/../../../../avr/lib/avr51/crtm1280.o
__vector_3                                        c:/winavr-20100110/bin/../lib/gcc/avr/4.3.3/../../../../avr/lib/avr51/crtm1280.o
__vector_30                                       c:/winavr-20100110/bin/../lib/gcc/avr/4.3.3/../../../../avr/lib/avr51/crtm1280.o
__vector_31                                       c:/winavr-20100110/bin/../lib/gcc/avr/4.3.3/../../../../avr/lib/avr51/crtm1280.o
__vector_32                                       c:/winavr-20100110/bin/../lib/gcc/avr/4.3.3/../../../../avr/lib/avr51/crtm1280.o
__vector_33                                       c:/winavr-20100110/bin/../lib/gcc/avr/4.3.3/../../../../avr/lib/avr51/crtm1280.o
__vector_34                                       c:/winavr-20100110/bin/../lib/gcc/avr/4.3.3/../../../../avr/lib/avr51/crtm1280.o
__vector_35                                       c:/winavr-20100110/bin/../lib/gcc/avr/4.3.3/../../../../avr/lib/avr51/crtm1280.o
__vector_36                                       c:/winavr-20100110/bin/../lib/gcc/avr/4.3.3/../../../../avr/lib/avr51/crtm1280.o
__vector_37                                       c:/winavr-20100110/bin/../lib/gcc/avr/4.3.3/../../../../avr/lib/avr51/crtm1280.o
__vector_38                                       c:/winavr-20100110/bin/../lib/gcc/avr/4.3.3/../../../../avr/lib/avr51/crtm1280.o
__vector_39                                       c:/winavr-20100110/bin/../lib/gcc/avr/4.3.3/../../../../avr/lib/avr51/crtm1280.o
__vector_4                                        c:/winavr-20100110/bin/../lib/gcc/avr/4.3.3/../../../../avr/lib/avr51/crtm1280.o
__vector_40                                       c:/winavr-20100110/bin/../lib/gcc/avr/4.3.3/../../../../avr/lib/avr51/crtm1280.o
__vector_41                                       c:/winavr-20100110/bin/../lib/gcc/avr/4.3.3/../../../../avr/lib/avr51/crtm1280.o
__vector_42                                       c:/winavr-20100110/bin/../lib/gcc/avr/4.3.3/../../../../avr/lib/avr51/crtm1280.o
__vector_43                                       c:/winavr-20100110/bin/../lib/gcc/avr/4.3.3/../../../../avr/lib/avr51/crtm1280.o
__vector_44                                       c:/winavr-20100110/bin/../lib/gcc/avr/4.3.3/../../../../avr/lib/avr51/crtm1280.o
__vector_45                                       c:/winavr-20100110/bin/../lib/gcc/avr/4.3.3/../../../../avr/lib/avr51/crtm1280.o
__vector_46                                       c:/winavr-20100110/bin/../lib/gcc/avr/4.3.3/../../../../avr/lib/avr51/crtm1280.o
__vector_47                                       c:/winavr-20100110/bin/../lib/gcc/avr/4.3.3/../../../../avr/lib/avr51/crtm1280.o
__vector_48                                       c:/winavr-20100110/bin/../lib/gcc/avr/4.3.3/../../../../avr/lib/avr51/crtm1280.o
__vector_49                                       c:/winavr-20100110/bin/../lib/gcc/avr/4.3.3/../../../../avr/lib/avr51/crtm1280.o
__vector_5                                        c:/winavr-20100110/bin/../lib/gcc/avr/4.3.3/../../../../avr/lib/avr51/crtm1280.o
__vector_50                                       c:/winavr-20100110/bin/../lib/gcc/avr/4.3.3/../../../../avr/lib/avr51/crtm1280.o
__vector_51                                       c:/winavr-20100110/bin/../lib/gcc/avr/4.3.3/../../../../avr/lib/avr51/crtm1280.o
__vector_52                                       c:/winavr-20100110/bin/../lib/gcc/avr/4.3.3/../../../../avr/lib/avr51/crtm1280.o
__vector_53                                       c:/winavr-20100110/bin/../lib/gcc/avr/4.3.3/../../../../avr/lib/avr51/crtm1280.o
__vector_54                                       c:/winavr-20100110/bin/../lib/gcc/avr/4.3.3/../../../../avr/lib/avr51/crtm1280.o
__vector_55                                       c:/winavr-20100110/bin/../lib/gcc/avr/4.3.3/../../../../avr/lib/avr51/crtm1280.o
__vector_56                                       c:/winavr-20100110/bin/../lib/gcc/avr/4.3.3/../../../../avr/lib/avr51/crtm1280.o
__vector_6                                        c:/winavr-20100110/bin/../lib/gcc/avr/4.3.3/../../../../avr/lib/avr51/crtm1280.o
__vector_7                                        c:/winavr-20100110/bin/../lib/gcc/avr/4.3.3/../../../../avr/lib/avr51/crtm1280.o
__vector_8                                        c:/winavr-20100110/bin/../lib/gcc/avr/4.3.3/../../../../avr/lib/avr51/crtm1280.o
__vector_9                                        c:/winavr-20100110/bin/../lib/gcc/avr/4.3.3/../../../../avr/lib/avr51/crtm1280.o
__vector_default                                  c:/winavr-20100110/bin/../lib/gcc/avr/4.3.3/../../../../avr/lib/avr51/crtm1280.o
__vectors                                         c:/winavr-20100110/bin/../lib/gcc/avr/4.3.3/../../../../avr/lib/avr51/crtm1280.o
_exit                                             c:/winavr-20100110/bin/../lib/gcc/avr/4.3.3/avr51\libgcc.a(_exit.o)
animationTimer                                    ./PWM-LED.o
animationTrigger(void*)                           ./PWM-LED.o
exit                                              c:/winavr-20100110/bin/../lib/gcc/avr/4.3.3/avr51\libgcc.a(_exit.o)
                                                  c:/winavr-20100110/bin/../lib/gcc/avr/4.3.3/../../../../avr/lib/avr51/crtm1280.o
main                                              ./PWM-LED.o
                                                  c:/winavr-20100110/bin/../lib/gcc/avr/4.3.3/../../../../avr/lib/avr51/crtm1280.o
pwmTimer                                          ./PWM-LED.o
