Archive member included because of file (symbol)

A:\eclipse\mhvlib\Release\libmhvlib.a(MHV_HardwareSerial.o)
                              ./SerialBusy.o (MHV_HardwareSerial::MHV_HardwareSerial(MHV_RingBuffer*, MHV_RingBuffer*, unsigned int volatile*, unsigned char volatile*, unsigned char volatile*, unsigned char volatile*, unsigned char, unsigned char, unsigned char, unsigned char, unsigned char, unsigned char, unsigned long))
A:\eclipse\mhvlib\Release\libmhvlib.a(MHV_RingBuffer.o)
                              ./SerialBusy.o (MHV_RingBuffer::MHV_RingBuffer(char*, unsigned char))
c:/winavr-20100110/bin/../lib/gcc/avr/4.3.3/avr51\libgcc.a(_mulsi3.o)
                              A:\eclipse\mhvlib\Release\libmhvlib.a(MHV_HardwareSerial.o) (__mulsi3)
c:/winavr-20100110/bin/../lib/gcc/avr/4.3.3/avr51\libgcc.a(_udivmodsi4.o)
                              A:\eclipse\mhvlib\Release\libmhvlib.a(MHV_HardwareSerial.o) (__udivmodsi4)
c:/winavr-20100110/bin/../lib/gcc/avr/4.3.3/avr51\libgcc.a(_exit.o)
                              c:/winavr-20100110/bin/../lib/gcc/avr/4.3.3/../../../../avr/lib/avr51/crtm1280.o (exit)
c:/winavr-20100110/bin/../lib/gcc/avr/4.3.3/avr51\libgcc.a(_clear_bss.o)
                              ./SerialBusy.o (__do_clear_bss)
c:/winavr-20100110/bin/../lib/gcc/avr/4.3.3/avr51\libgcc.a(_ctors.o)
                              ./SerialBusy.o (__do_global_ctors)
c:/winavr-20100110/bin/../lib/gcc/avr/4.3.3/avr51\libgcc.a(_tablejump.o)
                              c:/winavr-20100110/bin/../lib/gcc/avr/4.3.3/avr51\libgcc.a(_ctors.o) (__tablejump__)
c:/winavr-20100110/bin/../lib/gcc/avr/4.3.3/../../../../avr/lib/avr51\libc.a(snprintf.o)
                              ./SerialBusy.o (snprintf)
c:/winavr-20100110/bin/../lib/gcc/avr/4.3.3/../../../../avr/lib/avr51\libc.a(vfprintf_std.o)
                              c:/winavr-20100110/bin/../lib/gcc/avr/4.3.3/../../../../avr/lib/avr51\libc.a(snprintf.o) (vfprintf)
c:/winavr-20100110/bin/../lib/gcc/avr/4.3.3/../../../../avr/lib/avr51\libc.a(strnlen_P.o)
                              c:/winavr-20100110/bin/../lib/gcc/avr/4.3.3/../../../../avr/lib/avr51\libc.a(vfprintf_std.o) (strnlen_P)
c:/winavr-20100110/bin/../lib/gcc/avr/4.3.3/../../../../avr/lib/avr51\libc.a(strnlen.o)
                              c:/winavr-20100110/bin/../lib/gcc/avr/4.3.3/../../../../avr/lib/avr51\libc.a(vfprintf_std.o) (strnlen)
c:/winavr-20100110/bin/../lib/gcc/avr/4.3.3/../../../../avr/lib/avr51\libc.a(fputc.o)
                              c:/winavr-20100110/bin/../lib/gcc/avr/4.3.3/../../../../avr/lib/avr51\libc.a(vfprintf_std.o) (fputc)
c:/winavr-20100110/bin/../lib/gcc/avr/4.3.3/../../../../avr/lib/avr51\libc.a(ultoa_invert.o)
                              c:/winavr-20100110/bin/../lib/gcc/avr/4.3.3/../../../../avr/lib/avr51\libc.a(vfprintf_std.o) (__ultoa_invert)

Memory Configuration

Name             Origin             Length             Attributes
text             0x00000000         0x00020000         xr
data             0x00800060         0x0000ffa0         rw !x
eeprom           0x00810000         0x00010000         rw !x
fuse             0x00820000         0x00000400         rw !x
lock             0x00830000         0x00000400         rw !x
signature        0x00840000         0x00000400         rw !x
*default*        0x00000000         0xffffffff

Linker script and memory map

Address of section .data set to 0x800200
LOAD c:/winavr-20100110/bin/../lib/gcc/avr/4.3.3/../../../../avr/lib/avr51/crtm1280.o
LOAD ./SerialBusy.o
LOAD A:\eclipse\mhvlib\Release\libmhvlib.a
LOAD c:/winavr-20100110/bin/../lib/gcc/avr/4.3.3/avr51\libgcc.a
LOAD c:/winavr-20100110/bin/../lib/gcc/avr/4.3.3/../../../../avr/lib/avr51\libm.a
LOAD c:/winavr-20100110/bin/../lib/gcc/avr/4.3.3/avr51\libgcc.a
LOAD c:/winavr-20100110/bin/../lib/gcc/avr/4.3.3/../../../../avr/lib/avr51\libc.a
LOAD c:/winavr-20100110/bin/../lib/gcc/avr/4.3.3/avr51\libgcc.a

.hash
 *(.hash)

.dynsym
 *(.dynsym)

.dynstr
 *(.dynstr)

.gnu.version
 *(.gnu.version)

.gnu.version_d
 *(.gnu.version_d)

.gnu.version_r
 *(.gnu.version_r)

.rel.init
 *(.rel.init)

.rela.init
 *(.rela.init)

.rel.text
 *(.rel.text)
 *(.rel.text.*)
 *(.rel.gnu.linkonce.t*)

.rela.text
 *(.rela.text)
 *(.rela.text.*)
 *(.rela.gnu.linkonce.t*)

.rel.fini
 *(.rel.fini)

.rela.fini
 *(.rela.fini)

.rel.rodata
 *(.rel.rodata)
 *(.rel.rodata.*)
 *(.rel.gnu.linkonce.r*)

.rela.rodata
 *(.rela.rodata)
 *(.rela.rodata.*)
 *(.rela.gnu.linkonce.r*)

.rel.data
 *(.rel.data)
 *(.rel.data.*)
 *(.rel.gnu.linkonce.d*)

.rela.data
 *(.rela.data)
 *(.rela.data.*)
 *(.rela.gnu.linkonce.d*)

.rel.ctors
 *(.rel.ctors)

.rela.ctors
 *(.rela.ctors)

.rel.dtors
 *(.rel.dtors)

.rela.dtors
 *(.rela.dtors)

.rel.got
 *(.rel.got)

.rela.got
 *(.rela.got)

.rel.bss
 *(.rel.bss)

.rela.bss
 *(.rela.bss)

.rel.plt
 *(.rel.plt)

.rela.plt
 *(.rela.plt)

.text           0x00000000     0x17be
 *(.vectors)
 .vectors       0x00000000       0xe4 c:/winavr-20100110/bin/../lib/gcc/avr/4.3.3/../../../../avr/lib/avr51/crtm1280.o
                0x00000000                __vectors
                0x00000000                __vector_default
 *(.vectors)
 *(.progmem.gcc*)
 *(.progmem*)
 .progmem.data  0x000000e4       0x68 ./SerialBusy.o
                0x0000014c                . = ALIGN (0x2)
                0x0000014c                __trampolines_start = .
 *(.trampolines)
 .trampolines   0x0000014c        0x0 linker stubs
 *(.trampolines*)
                0x0000014c                __trampolines_end = .
 *(.jumptables)
 *(.jumptables*)
 *(.lowtext)
 *(.lowtext*)
                0x0000014c                __ctors_start = .
 *(.ctors)
 .ctors         0x0000014c        0x2 ./SerialBusy.o
                0x0000014e                __ctors_end = .
                0x0000014e                __dtors_start = .
 *(.dtors)
                0x0000014e                __dtors_end = .
 SORT(*)(.ctors)
 SORT(*)(.dtors)
 *(.init0)
 .init0         0x0000014e        0x0 c:/winavr-20100110/bin/../lib/gcc/avr/4.3.3/../../../../avr/lib/avr51/crtm1280.o
                0x0000014e                __init
 *(.init0)
 *(.init1)
 *(.init1)
 *(.init2)
 .init2         0x0000014e        0xc c:/winavr-20100110/bin/../lib/gcc/avr/4.3.3/../../../../avr/lib/avr51/crtm1280.o
 *(.init2)
 *(.init3)
 *(.init3)
 *(.init4)
 .init4         0x0000015a       0x1a c:/winavr-20100110/bin/../lib/gcc/avr/4.3.3/../../../../avr/lib/avr51/crtm1280.o
                0x0000015a                __do_copy_data
 .init4         0x00000174       0x10 c:/winavr-20100110/bin/../lib/gcc/avr/4.3.3/avr51\libgcc.a(_clear_bss.o)
                0x00000174                __do_clear_bss
 *(.init4)
 *(.init5)
 *(.init5)
 *(.init6)
 .init6         0x00000184       0x16 c:/winavr-20100110/bin/../lib/gcc/avr/4.3.3/avr51\libgcc.a(_ctors.o)
                0x00000184                __do_global_ctors
 *(.init6)
 *(.init7)
 *(.init7)
 *(.init8)
 *(.init8)
 *(.init9)
 .init9         0x0000019a        0x8 c:/winavr-20100110/bin/../lib/gcc/avr/4.3.3/../../../../avr/lib/avr51/crtm1280.o
 *(.init9)
 *(.text)
 .text          0x000001a2        0x4 c:/winavr-20100110/bin/../lib/gcc/avr/4.3.3/../../../../avr/lib/avr51/crtm1280.o
                0x000001a2                __vector_38
                0x000001a2                __vector_22
                0x000001a2                __vector_28
                0x000001a2                __vector_1
                0x000001a2                __vector_32
                0x000001a2                __vector_34
                0x000001a2                __vector_24
                0x000001a2                __vector_12
                0x000001a2                __vector_55
                0x000001a2                __vector_46
                0x000001a2                __bad_interrupt
                0x000001a2                __vector_6
                0x000001a2                __vector_31
                0x000001a2                __vector_35
                0x000001a2                __vector_39
                0x000001a2                __vector_3
                0x000001a2                __vector_23
                0x000001a2                __vector_30
                0x000001a2                __vector_45
                0x000001a2                __vector_11
                0x000001a2                __vector_54
                0x000001a2                __vector_13
                0x000001a2                __vector_17
                0x000001a2                __vector_19
                0x000001a2                __vector_56
                0x000001a2                __vector_7
                0x000001a2                __vector_49
                0x000001a2                __vector_41
                0x000001a2                __vector_43
                0x000001a2                __vector_5
                0x000001a2                __vector_33
                0x000001a2                __vector_47
                0x000001a2                __vector_52
                0x000001a2                __vector_37
                0x000001a2                __vector_4
                0x000001a2                __vector_44
                0x000001a2                __vector_51
                0x000001a2                __vector_9
                0x000001a2                __vector_2
                0x000001a2                __vector_21
                0x000001a2                __vector_15
                0x000001a2                __vector_36
                0x000001a2                __vector_29
                0x000001a2                __vector_40
                0x000001a2                __vector_8
                0x000001a2                __vector_26
                0x000001a2                __vector_48
                0x000001a2                __vector_14
                0x000001a2                __vector_53
                0x000001a2                __vector_10
                0x000001a2                __vector_50
                0x000001a2                __vector_16
                0x000001a2                __vector_18
                0x000001a2                __vector_20
                0x000001a2                __vector_42
 .text          0x000001a6      0x2ca ./SerialBusy.o
                0x0000041c                __vector_25
                0x000001a6                __cxa_pure_virtual
                0x000003c8                __vector_27
                0x00000252                main
 .text          0x00000470        0x0 A:\eclipse\mhvlib\Release\libmhvlib.a(MHV_HardwareSerial.o)
 .text          0x00000470        0x0 A:\eclipse\mhvlib\Release\libmhvlib.a(MHV_RingBuffer.o)
 .text          0x00000470        0x0 c:/winavr-20100110/bin/../lib/gcc/avr/4.3.3/avr51\libgcc.a(_mulsi3.o)
 .text          0x00000470        0x0 c:/winavr-20100110/bin/../lib/gcc/avr/4.3.3/avr51\libgcc.a(_udivmodsi4.o)
 .text          0x00000470        0x0 c:/winavr-20100110/bin/../lib/gcc/avr/4.3.3/avr51\libgcc.a(_exit.o)
 .text          0x00000470        0x0 c:/winavr-20100110/bin/../lib/gcc/avr/4.3.3/avr51\libgcc.a(_clear_bss.o)
 .text          0x00000470        0x0 c:/winavr-20100110/bin/../lib/gcc/avr/4.3.3/avr51\libgcc.a(_ctors.o)
 .text          0x00000470        0x0 c:/winavr-20100110/bin/../lib/gcc/avr/4.3.3/avr51\libgcc.a(_tablejump.o)
 .text          0x00000470        0x0 c:/winavr-20100110/bin/../lib/gcc/avr/4.3.3/../../../../avr/lib/avr51\libc.a(snprintf.o)
 .text          0x00000470        0x0 c:/winavr-20100110/bin/../lib/gcc/avr/4.3.3/../../../../avr/lib/avr51\libc.a(vfprintf_std.o)
 .text          0x00000470        0x0 c:/winavr-20100110/bin/../lib/gcc/avr/4.3.3/../../../../avr/lib/avr51\libc.a(strnlen_P.o)
 .text          0x00000470        0x0 c:/winavr-20100110/bin/../lib/gcc/avr/4.3.3/../../../../avr/lib/avr51\libc.a(strnlen.o)
 .text          0x00000470        0x0 c:/winavr-20100110/bin/../lib/gcc/avr/4.3.3/../../../../avr/lib/avr51\libc.a(fputc.o)
 .text          0x00000470        0x0 c:/winavr-20100110/bin/../lib/gcc/avr/4.3.3/../../../../avr/lib/avr51\libc.a(ultoa_invert.o)
                0x00000470                . = ALIGN (0x2)
 *(.text.*)
 .text._ZN18MHV_HardwareSerial8setSpeedEm
                0x00000470      0x1e2 A:\eclipse\mhvlib\Release\libmhvlib.a(MHV_HardwareSerial.o)
                0x00000470                MHV_HardwareSerial::setSpeed(unsigned long)
 .text._ZN18MHV_HardwareSerialC1EP14MHV_RingBufferS1_PVjPVhS5_S5_hhhhhhm
                0x00000652       0x70 A:\eclipse\mhvlib\Release\libmhvlib.a(MHV_HardwareSerial.o)
                0x00000652                MHV_HardwareSerial::MHV_HardwareSerial(MHV_RingBuffer*, MHV_RingBuffer*, unsigned int volatile*, unsigned char volatile*, unsigned char volatile*, unsigned char volatile*, unsigned char, unsigned char, unsigned char, unsigned char, unsigned char, unsigned char, unsigned long)
 .text._ZN18MHV_HardwareSerialC2EP14MHV_RingBufferS1_PVjPVhS5_S5_hhhhhhm
                0x000006c2       0x70 A:\eclipse\mhvlib\Release\libmhvlib.a(MHV_HardwareSerial.o)
                0x000006c2                MHV_HardwareSerial::MHV_HardwareSerial(MHV_RingBuffer*, MHV_RingBuffer*, unsigned int volatile*, unsigned char volatile*, unsigned char volatile*, unsigned char volatile*, unsigned char, unsigned char, unsigned char, unsigned char, unsigned char, unsigned char, unsigned long)
 .text._ZN18MHV_HardwareSerial3endEv
                0x00000732       0x50 A:\eclipse\mhvlib\Release\libmhvlib.a(MHV_HardwareSerial.o)
                0x00000732                MHV_HardwareSerial::end()
 .text._ZN18MHV_HardwareSerial4echoEb
                0x00000782        0x6 A:\eclipse\mhvlib\Release\libmhvlib.a(MHV_HardwareSerial.o)
                0x00000782                MHV_HardwareSerial::echo(bool)
 .text._ZN18MHV_HardwareSerial11canSendBusyEv
                0x00000788       0x3a A:\eclipse\mhvlib\Release\libmhvlib.a(MHV_HardwareSerial.o)
                0x00000788                MHV_HardwareSerial::canSendBusy()
 .text._ZN18MHV_HardwareSerial9busyWriteEc
                0x000007c2       0x82 A:\eclipse\mhvlib\Release\libmhvlib.a(MHV_HardwareSerial.o)
                0x000007c2                MHV_HardwareSerial::busyWrite(char)
 .text._ZN18MHV_HardwareSerial11busyWrite_PEPKc
                0x00000844       0xa0 A:\eclipse\mhvlib\Release\libmhvlib.a(MHV_HardwareSerial.o)
                0x00000844                MHV_HardwareSerial::busyWrite_P(char const*)
 .text._ZN18MHV_HardwareSerial9busyWriteEPKc
                0x000008e4       0x9a A:\eclipse\mhvlib\Release\libmhvlib.a(MHV_HardwareSerial.o)
                0x000008e4                MHV_HardwareSerial::busyWrite(char const*)
 .text._ZN18MHV_HardwareSerial11busyWrite_PEPKcj
                0x0000097e       0x9c A:\eclipse\mhvlib\Release\libmhvlib.a(MHV_HardwareSerial.o)
                0x0000097e                MHV_HardwareSerial::busyWrite_P(char const*, unsigned int)
 .text._ZN18MHV_HardwareSerial9busyWriteEPKcj
                0x00000a1a       0x9a A:\eclipse\mhvlib\Release\libmhvlib.a(MHV_HardwareSerial.o)
                0x00000a1a                MHV_HardwareSerial::busyWrite(char const*, unsigned int)
 .text._ZN18MHV_HardwareSerial4busyEv
                0x00000ab4       0x22 A:\eclipse\mhvlib\Release\libmhvlib.a(MHV_HardwareSerial.o)
                0x00000ab4                MHV_HardwareSerial::busy()
 .text._ZN18MHV_HardwareSerial7canSendEv
                0x00000ad6       0x12 A:\eclipse\mhvlib\Release\libmhvlib.a(MHV_HardwareSerial.o)
                0x00000ad6                MHV_HardwareSerial::canSend()
 .text._ZN18MHV_HardwareSerial9availableEv
                0x00000ae8        0xc A:\eclipse\mhvlib\Release\libmhvlib.a(MHV_HardwareSerial.o)
                0x00000ae8                MHV_HardwareSerial::available()
 .text._ZN18MHV_HardwareSerial5flushEv
                0x00000af4        0xc A:\eclipse\mhvlib\Release\libmhvlib.a(MHV_HardwareSerial.o)
                0x00000af4                MHV_HardwareSerial::flush()
 .text._ZN18MHV_HardwareSerial4readEv
                0x00000b00        0xc A:\eclipse\mhvlib\Release\libmhvlib.a(MHV_HardwareSerial.o)
                0x00000b00                MHV_HardwareSerial::read()
 .text._ZN18MHV_HardwareSerial13asyncReadLineEPch
                0x00000b0c       0xb6 A:\eclipse\mhvlib\Release\libmhvlib.a(MHV_HardwareSerial.o)
                0x00000b0c                MHV_HardwareSerial::asyncReadLine(char*, unsigned char)
 .text._ZN18MHV_HardwareSerial12busyReadLineEPch
                0x00000bc2       0x2c A:\eclipse\mhvlib\Release\libmhvlib.a(MHV_HardwareSerial.o)
                0x00000bc2                MHV_HardwareSerial::busyReadLine(char*, unsigned char)
 .text._ZN18MHV_HardwareSerial6txDoneEv
                0x00000bee       0x50 A:\eclipse\mhvlib\Release\libmhvlib.a(MHV_HardwareSerial.o)
                0x00000bee                MHV_HardwareSerial::txDone()
 .text._ZN18MHV_HardwareSerial2txEv
                0x00000c3e       0x6e A:\eclipse\mhvlib\Release\libmhvlib.a(MHV_HardwareSerial.o)
                0x00000c3e                MHV_HardwareSerial::tx()
 .text._ZN18MHV_HardwareSerial10asyncStartEv
                0x00000cac       0x68 A:\eclipse\mhvlib\Release\libmhvlib.a(MHV_HardwareSerial.o)
                0x00000cac                MHV_HardwareSerial::asyncStart()
 .text._ZN18MHV_HardwareSerial10asyncWriteEPKcj
                0x00000d14       0x78 A:\eclipse\mhvlib\Release\libmhvlib.a(MHV_HardwareSerial.o)
                0x00000d14                MHV_HardwareSerial::asyncWrite(char const*, unsigned int)
 .text._ZN18MHV_HardwareSerial12asyncWrite_PEPKcj
                0x00000d8c       0x7a A:\eclipse\mhvlib\Release\libmhvlib.a(MHV_HardwareSerial.o)
                0x00000d8c                MHV_HardwareSerial::asyncWrite_P(char const*, unsigned int)
 .text._ZN18MHV_HardwareSerial10asyncWriteEPKc
                0x00000e06       0x70 A:\eclipse\mhvlib\Release\libmhvlib.a(MHV_HardwareSerial.o)
                0x00000e06                MHV_HardwareSerial::asyncWrite(char const*)
 .text._ZN18MHV_HardwareSerial12asyncWrite_PEPKc
                0x00000e76       0x70 A:\eclipse\mhvlib\Release\libmhvlib.a(MHV_HardwareSerial.o)
                0x00000e76                MHV_HardwareSerial::asyncWrite_P(char const*)
 .text._ZN18MHV_HardwareSerial2rxEv
                0x00000ee6       0x44 A:\eclipse\mhvlib\Release\libmhvlib.a(MHV_HardwareSerial.o)
                0x00000ee6                MHV_HardwareSerial::rx()
 .text._ZN14MHV_RingBufferC2EPch
                0x00000f2a        0xe A:\eclipse\mhvlib\Release\libmhvlib.a(MHV_RingBuffer.o)
                0x00000f2a                MHV_RingBuffer::MHV_RingBuffer(char*, unsigned char)
 .text._ZN14MHV_RingBufferC1EPch
                0x00000f38        0xe A:\eclipse\mhvlib\Release\libmhvlib.a(MHV_RingBuffer.o)
                0x00000f38                MHV_RingBuffer::MHV_RingBuffer(char*, unsigned char)
 .text._ZN14MHV_RingBuffer6appendEc
                0x00000f46       0x3a A:\eclipse\mhvlib\Release\libmhvlib.a(MHV_RingBuffer.o)
                0x00000f46                MHV_RingBuffer::append(char)
 .text._ZN14MHV_RingBuffer7consumeEv
                0x00000f80       0x3e A:\eclipse\mhvlib\Release\libmhvlib.a(MHV_RingBuffer.o)
                0x00000f80                MHV_RingBuffer::consume()
 .text._ZN14MHV_RingBuffer7consumeEPvh
                0x00000fbe       0x6c A:\eclipse\mhvlib\Release\libmhvlib.a(MHV_RingBuffer.o)
                0x00000fbe                MHV_RingBuffer::consume(void*, unsigned char)
 .text._ZN14MHV_RingBuffer5flushEv
                0x0000102a        0x8 A:\eclipse\mhvlib\Release\libmhvlib.a(MHV_RingBuffer.o)
                0x0000102a                MHV_RingBuffer::flush()
 .text._ZN14MHV_RingBuffer4sizeEv
                0x00001032        0x6 A:\eclipse\mhvlib\Release\libmhvlib.a(MHV_RingBuffer.o)
                0x00001032                MHV_RingBuffer::size()
 .text._ZN14MHV_RingBuffer6lengthEv
                0x00001038       0x2a A:\eclipse\mhvlib\Release\libmhvlib.a(MHV_RingBuffer.o)
                0x00001038                MHV_RingBuffer::length()
 .text._ZN14MHV_RingBuffer4fullEv
                0x00001062       0x3e A:\eclipse\mhvlib\Release\libmhvlib.a(MHV_RingBuffer.o)
                0x00001062                MHV_RingBuffer::full()
 .text._ZN14MHV_RingBuffer4fullEh
                0x000010a0       0x42 A:\eclipse\mhvlib\Release\libmhvlib.a(MHV_RingBuffer.o)
                0x000010a0                MHV_RingBuffer::full(unsigned char)
 .text._ZN14MHV_RingBuffer6appendEPKvh
                0x000010e2       0x50 A:\eclipse\mhvlib\Release\libmhvlib.a(MHV_RingBuffer.o)
                0x000010e2                MHV_RingBuffer::append(void const*, unsigned char)
 .text._ZN14MHV_RingBuffer8peekHeadEv
                0x00001132       0x32 A:\eclipse\mhvlib\Release\libmhvlib.a(MHV_RingBuffer.o)
                0x00001132                MHV_RingBuffer::peekHead()
 .text.libgcc   0x00001164       0x3e c:/winavr-20100110/bin/../lib/gcc/avr/4.3.3/avr51\libgcc.a(_mulsi3.o)
                0x00001164                __mulsi3
 .text.libgcc   0x000011a2       0x44 c:/winavr-20100110/bin/../lib/gcc/avr/4.3.3/avr51\libgcc.a(_udivmodsi4.o)
                0x000011a2                __udivmodsi4
 .text.libgcc   0x000011e6        0x0 c:/winavr-20100110/bin/../lib/gcc/avr/4.3.3/avr51\libgcc.a(_exit.o)
 .text.libgcc   0x000011e6        0x0 c:/winavr-20100110/bin/../lib/gcc/avr/4.3.3/avr51\libgcc.a(_clear_bss.o)
 .text.libgcc   0x000011e6        0x0 c:/winavr-20100110/bin/../lib/gcc/avr/4.3.3/avr51\libgcc.a(_ctors.o)
 .text.libgcc   0x000011e6        0xc c:/winavr-20100110/bin/../lib/gcc/avr/4.3.3/avr51\libgcc.a(_tablejump.o)
                0x000011ea                __tablejump__
                0x000011e6                __tablejump2__
 .text.avr-libc
                0x000011f2       0x7c c:/winavr-20100110/bin/../lib/gcc/avr/4.3.3/../../../../avr/lib/avr51\libc.a(snprintf.o)
                0x000011f2                snprintf
 .text.avr-libc
                0x0000126e      0x40c c:/winavr-20100110/bin/../lib/gcc/avr/4.3.3/../../../../avr/lib/avr51\libc.a(vfprintf_std.o)
                0x0000126e                vfprintf
 .text.avr-libc
                0x0000167a       0x16 c:/winavr-20100110/bin/../lib/gcc/avr/4.3.3/../../../../avr/lib/avr51\libc.a(strnlen_P.o)
                0x0000167a                strnlen_P
 .text.avr-libc
                0x00001690       0x16 c:/winavr-20100110/bin/../lib/gcc/avr/4.3.3/../../../../avr/lib/avr51\libc.a(strnlen.o)
                0x00001690                strnlen
 .text.avr-libc
                0x000016a6       0x58 c:/winavr-20100110/bin/../lib/gcc/avr/4.3.3/../../../../avr/lib/avr51\libc.a(fputc.o)
                0x000016a6                fputc
 .text.avr-libc
                0x000016fe       0xbc c:/winavr-20100110/bin/../lib/gcc/avr/4.3.3/../../../../avr/lib/avr51\libc.a(ultoa_invert.o)
                0x000016fe                __ultoa_invert
                0x000017ba                . = ALIGN (0x2)
 *(.fini9)
 .fini9         0x000017ba        0x0 c:/winavr-20100110/bin/../lib/gcc/avr/4.3.3/avr51\libgcc.a(_exit.o)
                0x000017ba                exit
                0x000017ba                _exit
 *(.fini9)
 *(.fini8)
 *(.fini8)
 *(.fini7)
 *(.fini7)
 *(.fini6)
 *(.fini6)
 *(.fini5)
 *(.fini5)
 *(.fini4)
 *(.fini4)
 *(.fini3)
 *(.fini3)
 *(.fini2)
 *(.fini2)
 *(.fini1)
 *(.fini1)
 *(.fini0)
 .fini0         0x000017ba        0x4 c:/winavr-20100110/bin/../lib/gcc/avr/4.3.3/avr51\libgcc.a(_exit.o)
 *(.fini0)
                0x000017be                _etext = .

.data           0x00800200      0x11c load address 0x000017be
                0x00800200                PROVIDE (__data_start, .)
 *(.data)
 .data          0x00800200        0x0 c:/winavr-20100110/bin/../lib/gcc/avr/4.3.3/../../../../avr/lib/avr51/crtm1280.o
 .data          0x00800200      0x11b ./SerialBusy.o
 .data          0x0080031b        0x0 A:\eclipse\mhvlib\Release\libmhvlib.a(MHV_HardwareSerial.o)
 .data          0x0080031b        0x0 A:\eclipse\mhvlib\Release\libmhvlib.a(MHV_RingBuffer.o)
 .data          0x0080031b        0x0 c:/winavr-20100110/bin/../lib/gcc/avr/4.3.3/avr51\libgcc.a(_mulsi3.o)
 .data          0x0080031b        0x0 c:/winavr-20100110/bin/../lib/gcc/avr/4.3.3/avr51\libgcc.a(_udivmodsi4.o)
 .data          0x0080031b        0x0 c:/winavr-20100110/bin/../lib/gcc/avr/4.3.3/avr51\libgcc.a(_exit.o)
 .data          0x0080031b        0x0 c:/winavr-20100110/bin/../lib/gcc/avr/4.3.3/avr51\libgcc.a(_clear_bss.o)
 .data          0x0080031b        0x0 c:/winavr-20100110/bin/../lib/gcc/avr/4.3.3/avr51\libgcc.a(_ctors.o)
 .data          0x0080031b        0x0 c:/winavr-20100110/bin/../lib/gcc/avr/4.3.3/avr51\libgcc.a(_tablejump.o)
 .data          0x0080031b        0x0 c:/winavr-20100110/bin/../lib/gcc/avr/4.3.3/../../../../avr/lib/avr51\libc.a(snprintf.o)
 .data          0x0080031b        0x0 c:/winavr-20100110/bin/../lib/gcc/avr/4.3.3/../../../../avr/lib/avr51\libc.a(vfprintf_std.o)
 .data          0x0080031b        0x0 c:/winavr-20100110/bin/../lib/gcc/avr/4.3.3/../../../../avr/lib/avr51\libc.a(strnlen_P.o)
 .data          0x0080031b        0x0 c:/winavr-20100110/bin/../lib/gcc/avr/4.3.3/../../../../avr/lib/avr51\libc.a(strnlen.o)
 .data          0x0080031b        0x0 c:/winavr-20100110/bin/../lib/gcc/avr/4.3.3/../../../../avr/lib/avr51\libc.a(fputc.o)
 .data          0x0080031b        0x0 c:/winavr-20100110/bin/../lib/gcc/avr/4.3.3/../../../../avr/lib/avr51\libc.a(ultoa_invert.o)
 *(.data*)
 *(.rodata)
 *(.rodata*)
 *(.gnu.linkonce.d*)
                0x0080031c                . = ALIGN (0x2)
 *fill*         0x0080031b        0x1 00
                0x0080031c                _edata = .
                0x0080031c                PROVIDE (__data_end, .)

.bss            0x0080031c       0x71
                0x0080031c                PROVIDE (__bss_start, .)
 *(.bss)
 .bss           0x0080031c        0x0 c:/winavr-20100110/bin/../lib/gcc/avr/4.3.3/../../../../avr/lib/avr51/crtm1280.o
 .bss           0x0080031c       0x71 ./SerialBusy.o
                0x0080031c                rxBuf
                0x00800372                serial
                0x0080036d                rxBuffer
 .bss           0x0080038d        0x0 A:\eclipse\mhvlib\Release\libmhvlib.a(MHV_HardwareSerial.o)
 .bss           0x0080038d        0x0 A:\eclipse\mhvlib\Release\libmhvlib.a(MHV_RingBuffer.o)
 .bss           0x0080038d        0x0 c:/winavr-20100110/bin/../lib/gcc/avr/4.3.3/avr51\libgcc.a(_mulsi3.o)
 .bss           0x0080038d        0x0 c:/winavr-20100110/bin/../lib/gcc/avr/4.3.3/avr51\libgcc.a(_udivmodsi4.o)
 .bss           0x0080038d        0x0 c:/winavr-20100110/bin/../lib/gcc/avr/4.3.3/avr51\libgcc.a(_exit.o)
 .bss           0x0080038d        0x0 c:/winavr-20100110/bin/../lib/gcc/avr/4.3.3/avr51\libgcc.a(_clear_bss.o)
 .bss           0x0080038d        0x0 c:/winavr-20100110/bin/../lib/gcc/avr/4.3.3/avr51\libgcc.a(_ctors.o)
 .bss           0x0080038d        0x0 c:/winavr-20100110/bin/../lib/gcc/avr/4.3.3/avr51\libgcc.a(_tablejump.o)
 .bss           0x0080038d        0x0 c:/winavr-20100110/bin/../lib/gcc/avr/4.3.3/../../../../avr/lib/avr51\libc.a(snprintf.o)
 .bss           0x0080038d        0x0 c:/winavr-20100110/bin/../lib/gcc/avr/4.3.3/../../../../avr/lib/avr51\libc.a(vfprintf_std.o)
 .bss           0x0080038d        0x0 c:/winavr-20100110/bin/../lib/gcc/avr/4.3.3/../../../../avr/lib/avr51\libc.a(strnlen_P.o)
 .bss           0x0080038d        0x0 c:/winavr-20100110/bin/../lib/gcc/avr/4.3.3/../../../../avr/lib/avr51\libc.a(strnlen.o)
 .bss           0x0080038d        0x0 c:/winavr-20100110/bin/../lib/gcc/avr/4.3.3/../../../../avr/lib/avr51\libc.a(fputc.o)
 .bss           0x0080038d        0x0 c:/winavr-20100110/bin/../lib/gcc/avr/4.3.3/../../../../avr/lib/avr51\libc.a(ultoa_invert.o)
 *(.bss*)
 *(COMMON)
                0x0080038d                PROVIDE (__bss_end, .)
                0x000017be                __data_load_start = LOADADDR (.data)
                0x000018da                __data_load_end = (__data_load_start + SIZEOF (.data))

.noinit         0x0080038d        0x0
                0x0080038d                PROVIDE (__noinit_start, .)
 *(.noinit*)
                0x0080038d                PROVIDE (__noinit_end, .)
                0x0080038d                _end = .
                0x0080038d                PROVIDE (__heap_start, .)

.eeprom         0x00810000        0x0
 *(.eeprom*)
                0x00810000                __eeprom_end = .

.fuse
 *(.fuse)
 *(.lfuse)
 *(.hfuse)
 *(.efuse)

.lock
 *(.lock*)

.signature
 *(.signature*)

.stab
 *(.stab)

.stabstr
 *(.stabstr)

.stab.excl
 *(.stab.excl)

.stab.exclstr
 *(.stab.exclstr)

.stab.index
 *(.stab.index)

.stab.indexstr
 *(.stab.indexstr)

.comment
 *(.comment)

.debug
 *(.debug)

.line
 *(.line)

.debug_srcinfo
 *(.debug_srcinfo)

.debug_sfnames
 *(.debug_sfnames)

.debug_aranges
 *(.debug_aranges)

.debug_pubnames
 *(.debug_pubnames)

.debug_info
 *(.debug_info)
 *(.gnu.linkonce.wi.*)

.debug_abbrev
 *(.debug_abbrev)

.debug_line
 *(.debug_line)

.debug_frame
 *(.debug_frame)

.debug_str
 *(.debug_str)

.debug_loc
 *(.debug_loc)

.debug_macinfo
 *(.debug_macinfo)
OUTPUT(mhvlib-tutorial-Serial-Busy.elf elf32-avr)
LOAD linker stubs

Cross Reference Table

Symbol                                            File
MHV_HardwareSerial::MHV_HardwareSerial(MHV_RingBuffer*, MHV_RingBuffer*, unsigned int volatile*, unsigned char volatile*, unsigned char volatile*, unsigned char volatile*, unsigned char, unsigned char, unsigned char, unsigned char, unsigned char, unsigned char, unsigned long) A:\eclipse\mhvlib\Release\libmhvlib.a(MHV_HardwareSerial.o)
MHV_HardwareSerial::MHV_HardwareSerial(MHV_RingBuffer*, MHV_RingBuffer*, unsigned int volatile*, unsigned char volatile*, unsigned char volatile*, unsigned char volatile*, unsigned char, unsigned char, unsigned char, unsigned char, unsigned char, unsigned char, unsigned long) A:\eclipse\mhvlib\Release\libmhvlib.a(MHV_HardwareSerial.o)
                                                  ./SerialBusy.o
MHV_HardwareSerial::asyncReadLine(char*, unsigned char) A:\eclipse\mhvlib\Release\libmhvlib.a(MHV_HardwareSerial.o)
MHV_HardwareSerial::asyncStart()                  A:\eclipse\mhvlib\Release\libmhvlib.a(MHV_HardwareSerial.o)
MHV_HardwareSerial::asyncWrite(char const*)       A:\eclipse\mhvlib\Release\libmhvlib.a(MHV_HardwareSerial.o)
MHV_HardwareSerial::asyncWrite(char const*, unsigned int) A:\eclipse\mhvlib\Release\libmhvlib.a(MHV_HardwareSerial.o)
MHV_HardwareSerial::asyncWrite_P(char const*)     A:\eclipse\mhvlib\Release\libmhvlib.a(MHV_HardwareSerial.o)
MHV_HardwareSerial::asyncWrite_P(char const*, unsigned int) A:\eclipse\mhvlib\Release\libmhvlib.a(MHV_HardwareSerial.o)
MHV_HardwareSerial::available()                   A:\eclipse\mhvlib\Release\libmhvlib.a(MHV_HardwareSerial.o)
MHV_HardwareSerial::busy()                        A:\eclipse\mhvlib\Release\libmhvlib.a(MHV_HardwareSerial.o)
MHV_HardwareSerial::busyReadLine(char*, unsigned char) A:\eclipse\mhvlib\Release\libmhvlib.a(MHV_HardwareSerial.o)
                                                  ./SerialBusy.o
MHV_HardwareSerial::busyWrite(char const*)        A:\eclipse\mhvlib\Release\libmhvlib.a(MHV_HardwareSerial.o)
                                                  ./SerialBusy.o
MHV_HardwareSerial::busyWrite(char const*, unsigned int) A:\eclipse\mhvlib\Release\libmhvlib.a(MHV_HardwareSerial.o)
MHV_HardwareSerial::busyWrite(char)               A:\eclipse\mhvlib\Release\libmhvlib.a(MHV_HardwareSerial.o)
                                                  ./SerialBusy.o
MHV_HardwareSerial::busyWrite_P(char const*)      A:\eclipse\mhvlib\Release\libmhvlib.a(MHV_HardwareSerial.o)
                                                  ./SerialBusy.o
MHV_HardwareSerial::busyWrite_P(char const*, unsigned int) A:\eclipse\mhvlib\Release\libmhvlib.a(MHV_HardwareSerial.o)
                                                  ./SerialBusy.o
MHV_HardwareSerial::canSend()                     A:\eclipse\mhvlib\Release\libmhvlib.a(MHV_HardwareSerial.o)
MHV_HardwareSerial::canSendBusy()                 A:\eclipse\mhvlib\Release\libmhvlib.a(MHV_HardwareSerial.o)
MHV_HardwareSerial::echo(bool)                    A:\eclipse\mhvlib\Release\libmhvlib.a(MHV_HardwareSerial.o)
                                                  ./SerialBusy.o
MHV_HardwareSerial::end()                         A:\eclipse\mhvlib\Release\libmhvlib.a(MHV_HardwareSerial.o)
MHV_HardwareSerial::flush()                       A:\eclipse\mhvlib\Release\libmhvlib.a(MHV_HardwareSerial.o)
                                                  ./SerialBusy.o
MHV_HardwareSerial::read()                        A:\eclipse\mhvlib\Release\libmhvlib.a(MHV_HardwareSerial.o)
                                                  ./SerialBusy.o
MHV_HardwareSerial::rx()                          A:\eclipse\mhvlib\Release\libmhvlib.a(MHV_HardwareSerial.o)
                                                  ./SerialBusy.o
MHV_HardwareSerial::setSpeed(unsigned long)       A:\eclipse\mhvlib\Release\libmhvlib.a(MHV_HardwareSerial.o)
MHV_HardwareSerial::tx()                          A:\eclipse\mhvlib\Release\libmhvlib.a(MHV_HardwareSerial.o)
                                                  ./SerialBusy.o
MHV_HardwareSerial::txDone()                      A:\eclipse\mhvlib\Release\libmhvlib.a(MHV_HardwareSerial.o)
MHV_RingBuffer::MHV_RingBuffer(char*, unsigned char) A:\eclipse\mhvlib\Release\libmhvlib.a(MHV_RingBuffer.o)
                                                  ./SerialBusy.o
MHV_RingBuffer::MHV_RingBuffer(char*, unsigned char) A:\eclipse\mhvlib\Release\libmhvlib.a(MHV_RingBuffer.o)
MHV_RingBuffer::append(char)                      A:\eclipse\mhvlib\Release\libmhvlib.a(MHV_RingBuffer.o)
                                                  A:\eclipse\mhvlib\Release\libmhvlib.a(MHV_HardwareSerial.o)
MHV_RingBuffer::append(void const*, unsigned char) A:\eclipse\mhvlib\Release\libmhvlib.a(MHV_RingBuffer.o)
                                                  A:\eclipse\mhvlib\Release\libmhvlib.a(MHV_HardwareSerial.o)
MHV_RingBuffer::consume()                         A:\eclipse\mhvlib\Release\libmhvlib.a(MHV_RingBuffer.o)
                                                  A:\eclipse\mhvlib\Release\libmhvlib.a(MHV_HardwareSerial.o)
MHV_RingBuffer::consume(void*, unsigned char)     A:\eclipse\mhvlib\Release\libmhvlib.a(MHV_RingBuffer.o)
                                                  A:\eclipse\mhvlib\Release\libmhvlib.a(MHV_HardwareSerial.o)
MHV_RingBuffer::flush()                           A:\eclipse\mhvlib\Release\libmhvlib.a(MHV_RingBuffer.o)
                                                  A:\eclipse\mhvlib\Release\libmhvlib.a(MHV_HardwareSerial.o)
MHV_RingBuffer::full()                            A:\eclipse\mhvlib\Release\libmhvlib.a(MHV_RingBuffer.o)
                                                  A:\eclipse\mhvlib\Release\libmhvlib.a(MHV_HardwareSerial.o)
MHV_RingBuffer::full(unsigned char)               A:\eclipse\mhvlib\Release\libmhvlib.a(MHV_RingBuffer.o)
                                                  A:\eclipse\mhvlib\Release\libmhvlib.a(MHV_HardwareSerial.o)
MHV_RingBuffer::length()                          A:\eclipse\mhvlib\Release\libmhvlib.a(MHV_RingBuffer.o)
                                                  A:\eclipse\mhvlib\Release\libmhvlib.a(MHV_HardwareSerial.o)
MHV_RingBuffer::peekHead()                        A:\eclipse\mhvlib\Release\libmhvlib.a(MHV_RingBuffer.o)
                                                  A:\eclipse\mhvlib\Release\libmhvlib.a(MHV_HardwareSerial.o)
MHV_RingBuffer::size()                            A:\eclipse\mhvlib\Release\libmhvlib.a(MHV_RingBuffer.o)
__bad_interrupt                                   c:/winavr-20100110/bin/../lib/gcc/avr/4.3.3/../../../../avr/lib/avr51/crtm1280.o
__bss_end                                         c:/winavr-20100110/bin/../lib/gcc/avr/4.3.3/avr51\libgcc.a(_clear_bss.o)
__bss_start                                       c:/winavr-20100110/bin/../lib/gcc/avr/4.3.3/avr51\libgcc.a(_clear_bss.o)
__ctors_end                                       c:/winavr-20100110/bin/../lib/gcc/avr/4.3.3/avr51\libgcc.a(_ctors.o)
__ctors_start                                     c:/winavr-20100110/bin/../lib/gcc/avr/4.3.3/avr51\libgcc.a(_ctors.o)
__cxa_pure_virtual                                ./SerialBusy.o
__data_end                                        c:/winavr-20100110/bin/../lib/gcc/avr/4.3.3/../../../../avr/lib/avr51/crtm1280.o
__data_load_start                                 c:/winavr-20100110/bin/../lib/gcc/avr/4.3.3/../../../../avr/lib/avr51/crtm1280.o
__data_start                                      c:/winavr-20100110/bin/../lib/gcc/avr/4.3.3/../../../../avr/lib/avr51/crtm1280.o
__do_clear_bss                                    c:/winavr-20100110/bin/../lib/gcc/avr/4.3.3/avr51\libgcc.a(_clear_bss.o)
                                                  ./SerialBusy.o
__do_copy_data                                    c:/winavr-20100110/bin/../lib/gcc/avr/4.3.3/../../../../avr/lib/avr51/crtm1280.o
                                                  ./SerialBusy.o
__do_global_ctors                                 c:/winavr-20100110/bin/../lib/gcc/avr/4.3.3/avr51\libgcc.a(_ctors.o)
                                                  ./SerialBusy.o
__heap_end                                        c:/winavr-20100110/bin/../lib/gcc/avr/4.3.3/../../../../avr/lib/avr51/crtm1280.o
__init                                            c:/winavr-20100110/bin/../lib/gcc/avr/4.3.3/../../../../avr/lib/avr51/crtm1280.o
__mulsi3                                          c:/winavr-20100110/bin/../lib/gcc/avr/4.3.3/avr51\libgcc.a(_mulsi3.o)
                                                  A:\eclipse\mhvlib\Release\libmhvlib.a(MHV_HardwareSerial.o)
__stack                                           c:/winavr-20100110/bin/../lib/gcc/avr/4.3.3/../../../../avr/lib/avr51/crtm1280.o
__tablejump2__                                    c:/winavr-20100110/bin/../lib/gcc/avr/4.3.3/avr51\libgcc.a(_tablejump.o)
__tablejump__                                     c:/winavr-20100110/bin/../lib/gcc/avr/4.3.3/avr51\libgcc.a(_tablejump.o)
                                                  c:/winavr-20100110/bin/../lib/gcc/avr/4.3.3/avr51\libgcc.a(_ctors.o)
__udivmodsi4                                      c:/winavr-20100110/bin/../lib/gcc/avr/4.3.3/avr51\libgcc.a(_udivmodsi4.o)
                                                  A:\eclipse\mhvlib\Release\libmhvlib.a(MHV_HardwareSerial.o)
__ultoa_invert                                    c:/winavr-20100110/bin/../lib/gcc/avr/4.3.3/../../../../avr/lib/avr51\libc.a(ultoa_invert.o)
                                                  c:/winavr-20100110/bin/../lib/gcc/avr/4.3.3/../../../../avr/lib/avr51\libc.a(vfprintf_std.o)
__vector_1                                        c:/winavr-20100110/bin/../lib/gcc/avr/4.3.3/../../../../avr/lib/avr51/crtm1280.o
__vector_10                                       c:/winavr-20100110/bin/../lib/gcc/avr/4.3.3/../../../../avr/lib/avr51/crtm1280.o
__vector_11                                       c:/winavr-20100110/bin/../lib/gcc/avr/4.3.3/../../../../avr/lib/avr51/crtm1280.o
__vector_12                                       c:/winavr-20100110/bin/../lib/gcc/avr/4.3.3/../../../../avr/lib/avr51/crtm1280.o
__vector_13                                       c:/winavr-20100110/bin/../lib/gcc/avr/4.3.3/../../../../avr/lib/avr51/crtm1280.o
__vector_14                                       c:/winavr-20100110/bin/../lib/gcc/avr/4.3.3/../../../../avr/lib/avr51/crtm1280.o
__vector_15                                       c:/winavr-20100110/bin/../lib/gcc/avr/4.3.3/../../../../avr/lib/avr51/crtm1280.o
__vector_16                                       c:/winavr-20100110/bin/../lib/gcc/avr/4.3.3/../../../../avr/lib/avr51/crtm1280.o
__vector_17                                       c:/winavr-20100110/bin/../lib/gcc/avr/4.3.3/../../../../avr/lib/avr51/crtm1280.o
__vector_18                                       c:/winavr-20100110/bin/../lib/gcc/avr/4.3.3/../../../../avr/lib/avr51/crtm1280.o
__vector_19                                       c:/winavr-20100110/bin/../lib/gcc/avr/4.3.3/../../../../avr/lib/avr51/crtm1280.o
__vector_2                                        c:/winavr-20100110/bin/../lib/gcc/avr/4.3.3/../../../../avr/lib/avr51/crtm1280.o
__vector_20                                       c:/winavr-20100110/bin/../lib/gcc/avr/4.3.3/../../../../avr/lib/avr51/crtm1280.o
__vector_21                                       c:/winavr-20100110/bin/../lib/gcc/avr/4.3.3/../../../../avr/lib/avr51/crtm1280.o
__vector_22                                       c:/winavr-20100110/bin/../lib/gcc/avr/4.3.3/../../../../avr/lib/avr51/crtm1280.o
__vector_23                                       c:/winavr-20100110/bin/../lib/gcc/avr/4.3.3/../../../../avr/lib/avr51/crtm1280.o
__vector_24                                       c:/winavr-20100110/bin/../lib/gcc/avr/4.3.3/../../../../avr/lib/avr51/crtm1280.o
__vector_25                                       ./SerialBusy.o
                                                  c:/winavr-20100110/bin/../lib/gcc/avr/4.3.3/../../../../avr/lib/avr51/crtm1280.o
__vector_26                                       c:/winavr-20100110/bin/../lib/gcc/avr/4.3.3/../../../../avr/lib/avr51/crtm1280.o
__vector_27                                       ./SerialBusy.o
                                                  c:/winavr-20100110/bin/../lib/gcc/avr/4.3.3/../../../../avr/lib/avr51/crtm1280.o
__vector_28                                       c:/winavr-20100110/bin/../lib/gcc/avr/4.3.3/../../../../avr/lib/avr51/crtm1280.o
__vector_29                                       c:/winavr-20100110/bin/../lib/gcc/avr/4.3.3/../../../../avr/lib/avr51/crtm1280.o
__vector_3                                        c:/winavr-20100110/bin/../lib/gcc/avr/4.3.3/../../../../avr/lib/avr51/crtm1280.o
__vector_30                                       c:/winavr-20100110/bin/../lib/gcc/avr/4.3.3/../../../../avr/lib/avr51/crtm1280.o
__vector_31                                       c:/winavr-20100110/bin/../lib/gcc/avr/4.3.3/../../../../avr/lib/avr51/crtm1280.o
__vector_32                                       c:/winavr-20100110/bin/../lib/gcc/avr/4.3.3/../../../../avr/lib/avr51/crtm1280.o
__vector_33                                       c:/winavr-20100110/bin/../lib/gcc/avr/4.3.3/../../../../avr/lib/avr51/crtm1280.o
__vector_34                                       c:/winavr-20100110/bin/../lib/gcc/avr/4.3.3/../../../../avr/lib/avr51/crtm1280.o
__vector_35                                       c:/winavr-20100110/bin/../lib/gcc/avr/4.3.3/../../../../avr/lib/avr51/crtm1280.o
__vector_36                                       c:/winavr-20100110/bin/../lib/gcc/avr/4.3.3/../../../../avr/lib/avr51/crtm1280.o
__vector_37                                       c:/winavr-20100110/bin/../lib/gcc/avr/4.3.3/../../../../avr/lib/avr51/crtm1280.o
__vector_38                                       c:/winavr-20100110/bin/../lib/gcc/avr/4.3.3/../../../../avr/lib/avr51/crtm1280.o
__vector_39                                       c:/winavr-20100110/bin/../lib/gcc/avr/4.3.3/../../../../avr/lib/avr51/crtm1280.o
__vector_4                                        c:/winavr-20100110/bin/../lib/gcc/avr/4.3.3/../../../../avr/lib/avr51/crtm1280.o
__vector_40                                       c:/winavr-20100110/bin/../lib/gcc/avr/4.3.3/../../../../avr/lib/avr51/crtm1280.o
__vector_41                                       c:/winavr-20100110/bin/../lib/gcc/avr/4.3.3/../../../../avr/lib/avr51/crtm1280.o
__vector_42                                       c:/winavr-20100110/bin/../lib/gcc/avr/4.3.3/../../../../avr/lib/avr51/crtm1280.o
__vector_43                                       c:/winavr-20100110/bin/../lib/gcc/avr/4.3.3/../../../../avr/lib/avr51/crtm1280.o
__vector_44                                       c:/winavr-20100110/bin/../lib/gcc/avr/4.3.3/../../../../avr/lib/avr51/crtm1280.o
__vector_45                                       c:/winavr-20100110/bin/../lib/gcc/avr/4.3.3/../../../../avr/lib/avr51/crtm1280.o
__vector_46                                       c:/winavr-20100110/bin/../lib/gcc/avr/4.3.3/../../../../avr/lib/avr51/crtm1280.o
__vector_47                                       c:/winavr-20100110/bin/../lib/gcc/avr/4.3.3/../../../../avr/lib/avr51/crtm1280.o
__vector_48                                       c:/winavr-20100110/bin/../lib/gcc/avr/4.3.3/../../../../avr/lib/avr51/crtm1280.o
__vector_49                                       c:/winavr-20100110/bin/../lib/gcc/avr/4.3.3/../../../../avr/lib/avr51/crtm1280.o
__vector_5                                        c:/winavr-20100110/bin/../lib/gcc/avr/4.3.3/../../../../avr/lib/avr51/crtm1280.o
__vector_50                                       c:/winavr-20100110/bin/../lib/gcc/avr/4.3.3/../../../../avr/lib/avr51/crtm1280.o
__vector_51                                       c:/winavr-20100110/bin/../lib/gcc/avr/4.3.3/../../../../avr/lib/avr51/crtm1280.o
__vector_52                                       c:/winavr-20100110/bin/../lib/gcc/avr/4.3.3/../../../../avr/lib/avr51/crtm1280.o
__vector_53                                       c:/winavr-20100110/bin/../lib/gcc/avr/4.3.3/../../../../avr/lib/avr51/crtm1280.o
__vector_54                                       c:/winavr-20100110/bin/../lib/gcc/avr/4.3.3/../../../../avr/lib/avr51/crtm1280.o
__vector_55                                       c:/winavr-20100110/bin/../lib/gcc/avr/4.3.3/../../../../avr/lib/avr51/crtm1280.o
__vector_56                                       c:/winavr-20100110/bin/../lib/gcc/avr/4.3.3/../../../../avr/lib/avr51/crtm1280.o
__vector_6                                        c:/winavr-20100110/bin/../lib/gcc/avr/4.3.3/../../../../avr/lib/avr51/crtm1280.o
__vector_7                                        c:/winavr-20100110/bin/../lib/gcc/avr/4.3.3/../../../../avr/lib/avr51/crtm1280.o
__vector_8                                        c:/winavr-20100110/bin/../lib/gcc/avr/4.3.3/../../../../avr/lib/avr51/crtm1280.o
__vector_9                                        c:/winavr-20100110/bin/../lib/gcc/avr/4.3.3/../../../../avr/lib/avr51/crtm1280.o
__vector_default                                  c:/winavr-20100110/bin/../lib/gcc/avr/4.3.3/../../../../avr/lib/avr51/crtm1280.o
__vectors                                         c:/winavr-20100110/bin/../lib/gcc/avr/4.3.3/../../../../avr/lib/avr51/crtm1280.o
_exit                                             c:/winavr-20100110/bin/../lib/gcc/avr/4.3.3/avr51\libgcc.a(_exit.o)
exit                                              c:/winavr-20100110/bin/../lib/gcc/avr/4.3.3/avr51\libgcc.a(_exit.o)
                                                  c:/winavr-20100110/bin/../lib/gcc/avr/4.3.3/../../../../avr/lib/avr51/crtm1280.o
fputc                                             c:/winavr-20100110/bin/../lib/gcc/avr/4.3.3/../../../../avr/lib/avr51\libc.a(fputc.o)
                                                  c:/winavr-20100110/bin/../lib/gcc/avr/4.3.3/../../../../avr/lib/avr51\libc.a(vfprintf_std.o)
main                                              ./SerialBusy.o
                                                  c:/winavr-20100110/bin/../lib/gcc/avr/4.3.3/../../../../avr/lib/avr51/crtm1280.o
rxBuf                                             ./SerialBusy.o
rxBuffer                                          ./SerialBusy.o
serial                                            ./SerialBusy.o
snprintf                                          c:/winavr-20100110/bin/../lib/gcc/avr/4.3.3/../../../../avr/lib/avr51\libc.a(snprintf.o)
                                                  ./SerialBusy.o
strnlen                                           c:/winavr-20100110/bin/../lib/gcc/avr/4.3.3/../../../../avr/lib/avr51\libc.a(strnlen.o)
                                                  c:/winavr-20100110/bin/../lib/gcc/avr/4.3.3/../../../../avr/lib/avr51\libc.a(vfprintf_std.o)
strnlen_P                                         c:/winavr-20100110/bin/../lib/gcc/avr/4.3.3/../../../../avr/lib/avr51\libc.a(strnlen_P.o)
                                                  c:/winavr-20100110/bin/../lib/gcc/avr/4.3.3/../../../../avr/lib/avr51\libc.a(vfprintf_std.o)
vfprintf                                          c:/winavr-20100110/bin/../lib/gcc/avr/4.3.3/../../../../avr/lib/avr51\libc.a(vfprintf_std.o)
                                                  c:/winavr-20100110/bin/../lib/gcc/avr/4.3.3/../../../../avr/lib/avr51\libc.a(snprintf.o)
