Archive member included because of file (symbol)

A:\eclipse\mhvlib\Release\libmhvlib.a(MHV_HardwareSerial.o)
                              ./SerialBusy.o (MHV_HardwareSerial::rx())
A:\eclipse\mhvlib\Release\libmhvlib.a(MHV_RingBuffer.o)
                              ./SerialBusy.o (MHV_RingBuffer::MHV_RingBuffer(char*, unsigned char))
c:/mhvwinavr/bin/../lib/gcc/avr/4.5.1/avr51\libgcc.a(_mulsi3.o)
                              A:\eclipse\mhvlib\Release\libmhvlib.a(MHV_HardwareSerial.o) (__mulsi3)
c:/mhvwinavr/bin/../lib/gcc/avr/4.5.1/avr51\libgcc.a(_udivmodsi4.o)
                              A:\eclipse\mhvlib\Release\libmhvlib.a(MHV_HardwareSerial.o) (__udivmodsi4)
c:/mhvwinavr/bin/../lib/gcc/avr/4.5.1/avr51\libgcc.a(_exit.o)
                              c:/mhvwinavr/bin/../lib/gcc/avr/4.5.1/../../../../avr/lib/avr51/crtm1280.o (exit)
c:/mhvwinavr/bin/../lib/gcc/avr/4.5.1/avr51\libgcc.a(_copy_data.o)
                              ./SerialBusy.o (__do_copy_data)
c:/mhvwinavr/bin/../lib/gcc/avr/4.5.1/avr51\libgcc.a(_clear_bss.o)
                              ./SerialBusy.o (__do_clear_bss)
c:/mhvwinavr/bin/../lib/gcc/avr/4.5.1/avr51\libgcc.a(_ctors.o)
                              ./SerialBusy.o (__do_global_ctors)
c:/mhvwinavr/bin/../lib/gcc/avr/4.5.1/avr51\libgcc.a(_tablejump_elpm.o)
                              c:/mhvwinavr/bin/../lib/gcc/avr/4.5.1/avr51\libgcc.a(_ctors.o) (__tablejump_elpm__)
c:/mhvwinavr/bin/../lib/gcc/avr/4.5.1/../../../../avr/lib/avr51\libc.a(snprintf.o)
                              ./SerialBusy.o (snprintf)
c:/mhvwinavr/bin/../lib/gcc/avr/4.5.1/../../../../avr/lib/avr51\libc.a(vfprintf_std.o)
                              c:/mhvwinavr/bin/../lib/gcc/avr/4.5.1/../../../../avr/lib/avr51\libc.a(snprintf.o) (vfprintf)
c:/mhvwinavr/bin/../lib/gcc/avr/4.5.1/../../../../avr/lib/avr51\libc.a(strnlen_P.o)
                              c:/mhvwinavr/bin/../lib/gcc/avr/4.5.1/../../../../avr/lib/avr51\libc.a(vfprintf_std.o) (strnlen_P)
c:/mhvwinavr/bin/../lib/gcc/avr/4.5.1/../../../../avr/lib/avr51\libc.a(strnlen.o)
                              c:/mhvwinavr/bin/../lib/gcc/avr/4.5.1/../../../../avr/lib/avr51\libc.a(vfprintf_std.o) (strnlen)
c:/mhvwinavr/bin/../lib/gcc/avr/4.5.1/../../../../avr/lib/avr51\libc.a(fputc.o)
                              c:/mhvwinavr/bin/../lib/gcc/avr/4.5.1/../../../../avr/lib/avr51\libc.a(vfprintf_std.o) (fputc)
c:/mhvwinavr/bin/../lib/gcc/avr/4.5.1/../../../../avr/lib/avr51\libc.a(ultoa_invert.o)
                              c:/mhvwinavr/bin/../lib/gcc/avr/4.5.1/../../../../avr/lib/avr51\libc.a(vfprintf_std.o) (__ultoa_invert)

Memory Configuration

Name             Origin             Length             Attributes
text             0x00000000         0x00020000         xr
data             0x00800100         0x0000ff00         rw !x
eeprom           0x00810000         0x00010000         rw !x
*default*        0x00000000         0xffffffff

Linker script and memory map

Address of section .data set to 0x800200
LOAD c:/mhvwinavr/bin/../lib/gcc/avr/4.5.1/../../../../avr/lib/avr51/crtm1280.o
LOAD ./SerialBusy.o
LOAD A:\eclipse\mhvlib\Release\libmhvlib.a
LOAD c:/mhvwinavr/bin/../lib/gcc/avr/4.5.1/avr51\libgcc.a
LOAD c:/mhvwinavr/bin/../lib/gcc/avr/4.5.1/../../../../avr/lib/avr51\libm.a
LOAD c:/mhvwinavr/bin/../lib/gcc/avr/4.5.1/avr51\libgcc.a
LOAD c:/mhvwinavr/bin/../lib/gcc/avr/4.5.1/../../../../avr/lib/avr51\libc.a
LOAD c:/mhvwinavr/bin/../lib/gcc/avr/4.5.1/avr51\libgcc.a

.hash
 *(.hash)

.dynsym
 *(.dynsym)

.dynstr
 *(.dynstr)

.gnu.version
 *(.gnu.version)

.gnu.version_d
 *(.gnu.version_d)

.gnu.version_r
 *(.gnu.version_r)

.rel.init
 *(.rel.init)

.rela.init
 *(.rela.init)

.rel.text
 *(.rel.text)
 *(.rel.text.*)
 *(.rel.gnu.linkonce.t*)

.rela.text
 *(.rela.text)
 *(.rela.text.*)
 *(.rela.gnu.linkonce.t*)

.rel.fini
 *(.rel.fini)

.rela.fini
 *(.rela.fini)

.rel.rodata
 *(.rel.rodata)
 *(.rel.rodata.*)
 *(.rel.gnu.linkonce.r*)

.rela.rodata
 *(.rela.rodata)
 *(.rela.rodata.*)
 *(.rela.gnu.linkonce.r*)

.rel.data
 *(.rel.data)
 *(.rel.data.*)
 *(.rel.gnu.linkonce.d*)

.rela.data
 *(.rela.data)
 *(.rela.data.*)
 *(.rela.gnu.linkonce.d*)

.rel.ctors
 *(.rel.ctors)

.rela.ctors
 *(.rela.ctors)

.rel.dtors
 *(.rel.dtors)

.rela.dtors
 *(.rela.dtors)

.rel.got
 *(.rel.got)

.rela.got
 *(.rela.got)

.rel.bss
 *(.rel.bss)

.rela.bss
 *(.rela.bss)

.rel.plt
 *(.rel.plt)

.rela.plt
 *(.rela.plt)

.text           0x00000000     0x16f0
 *(.vectors)
 .vectors       0x00000000       0xe4 c:/mhvwinavr/bin/../lib/gcc/avr/4.5.1/../../../../avr/lib/avr51/crtm1280.o
                0x00000000                __vector_default
                0x00000000                __vectors
 *(.vectors)
 *(.progmem.gcc*)
 *(.progmem*)
 .progmem.data  0x000000e4       0x68 ./SerialBusy.o
                0x0000014c                . = ALIGN (0x2)
                0x0000014c                __trampolines_start = .
 *(.trampolines)
 .trampolines   0x0000014c        0x0 linker stubs
 *(.trampolines*)
                0x0000014c                __trampolines_end = .
 *(.jumptables)
 *(.jumptables*)
 *(.lowtext)
 *(.lowtext*)
                0x0000014c                __ctors_start = .
 *(.ctors)
 .ctors         0x0000014c        0x2 ./SerialBusy.o
                0x0000014e                __ctors_end = .
                0x0000014e                __dtors_start = .
 *(.dtors)
                0x0000014e                __dtors_end = .
 SORT(*)(.ctors)
 SORT(*)(.dtors)
 *(.init0)
 .init0         0x0000014e        0x0 c:/mhvwinavr/bin/../lib/gcc/avr/4.5.1/../../../../avr/lib/avr51/crtm1280.o
                0x0000014e                __init
 *(.init0)
 *(.init1)
 *(.init1)
 *(.init2)
 .init2         0x0000014e        0xc c:/mhvwinavr/bin/../lib/gcc/avr/4.5.1/../../../../avr/lib/avr51/crtm1280.o
 *(.init2)
 *(.init3)
 *(.init3)
 *(.init4)
 .init4         0x0000015a       0x1a c:/mhvwinavr/bin/../lib/gcc/avr/4.5.1/avr51\libgcc.a(_copy_data.o)
                0x0000015a                __do_copy_data
 .init4         0x00000174       0x10 c:/mhvwinavr/bin/../lib/gcc/avr/4.5.1/avr51\libgcc.a(_clear_bss.o)
                0x00000174                __do_clear_bss
 *(.init4)
 *(.init5)
 *(.init5)
 *(.init6)
 .init6         0x00000184       0x24 c:/mhvwinavr/bin/../lib/gcc/avr/4.5.1/avr51\libgcc.a(_ctors.o)
                0x00000184                __do_global_ctors
 *(.init6)
 *(.init7)
 *(.init7)
 *(.init8)
 *(.init8)
 *(.init9)
 .init9         0x000001a8        0x8 c:/mhvwinavr/bin/../lib/gcc/avr/4.5.1/../../../../avr/lib/avr51/crtm1280.o
 *(.init9)
 *(.text)
 .text          0x000001b0        0x4 c:/mhvwinavr/bin/../lib/gcc/avr/4.5.1/../../../../avr/lib/avr51/crtm1280.o
                0x000001b0                __vector_38
                0x000001b0                __vector_22
                0x000001b0                __vector_28
                0x000001b0                __vector_1
                0x000001b0                __vector_32
                0x000001b0                __vector_34
                0x000001b0                __vector_24
                0x000001b0                __vector_12
                0x000001b0                __vector_55
                0x000001b0                __vector_46
                0x000001b0                __bad_interrupt
                0x000001b0                __vector_6
                0x000001b0                __vector_31
                0x000001b0                __vector_35
                0x000001b0                __vector_39
                0x000001b0                __vector_3
                0x000001b0                __vector_23
                0x000001b0                __vector_30
                0x000001b0                __vector_45
                0x000001b0                __vector_11
                0x000001b0                __vector_54
                0x000001b0                __vector_13
                0x000001b0                __vector_17
                0x000001b0                __vector_19
                0x000001b0                __vector_56
                0x000001b0                __vector_7
                0x000001b0                __vector_49
                0x000001b0                __vector_41
                0x000001b0                __vector_43
                0x000001b0                __vector_5
                0x000001b0                __vector_33
                0x000001b0                __vector_47
                0x000001b0                __vector_52
                0x000001b0                __vector_37
                0x000001b0                __vector_4
                0x000001b0                __vector_44
                0x000001b0                __vector_51
                0x000001b0                __vector_9
                0x000001b0                __vector_2
                0x000001b0                __vector_21
                0x000001b0                __vector_15
                0x000001b0                __vector_36
                0x000001b0                __vector_29
                0x000001b0                __vector_40
                0x000001b0                __vector_8
                0x000001b0                __vector_26
                0x000001b0                __vector_48
                0x000001b0                __vector_14
                0x000001b0                __vector_53
                0x000001b0                __vector_10
                0x000001b0                __vector_50
                0x000001b0                __vector_16
                0x000001b0                __vector_18
                0x000001b0                __vector_20
                0x000001b0                __vector_42
 .text          0x000001b4      0x2c8 ./SerialBusy.o
                0x000001b4                __cxa_pure_virtual
                0x000001b8                __vector_25
                0x0000020c                __vector_27
                0x00000260                main
 .text          0x0000047c        0x0 A:\eclipse\mhvlib\Release\libmhvlib.a(MHV_HardwareSerial.o)
 .text          0x0000047c        0x0 A:\eclipse\mhvlib\Release\libmhvlib.a(MHV_RingBuffer.o)
 .text          0x0000047c        0x0 c:/mhvwinavr/bin/../lib/gcc/avr/4.5.1/avr51\libgcc.a(_mulsi3.o)
 .text          0x0000047c        0x0 c:/mhvwinavr/bin/../lib/gcc/avr/4.5.1/avr51\libgcc.a(_udivmodsi4.o)
 .text          0x0000047c        0x0 c:/mhvwinavr/bin/../lib/gcc/avr/4.5.1/avr51\libgcc.a(_exit.o)
 .text          0x0000047c        0x0 c:/mhvwinavr/bin/../lib/gcc/avr/4.5.1/avr51\libgcc.a(_copy_data.o)
 .text          0x0000047c        0x0 c:/mhvwinavr/bin/../lib/gcc/avr/4.5.1/avr51\libgcc.a(_clear_bss.o)
 .text          0x0000047c        0x0 c:/mhvwinavr/bin/../lib/gcc/avr/4.5.1/avr51\libgcc.a(_ctors.o)
 .text          0x0000047c        0x0 c:/mhvwinavr/bin/../lib/gcc/avr/4.5.1/avr51\libgcc.a(_tablejump_elpm.o)
 .text          0x0000047c        0x0 c:/mhvwinavr/bin/../lib/gcc/avr/4.5.1/../../../../avr/lib/avr51\libc.a(snprintf.o)
 .text          0x0000047c        0x0 c:/mhvwinavr/bin/../lib/gcc/avr/4.5.1/../../../../avr/lib/avr51\libc.a(vfprintf_std.o)
 .text          0x0000047c        0x0 c:/mhvwinavr/bin/../lib/gcc/avr/4.5.1/../../../../avr/lib/avr51\libc.a(strnlen_P.o)
 .text          0x0000047c        0x0 c:/mhvwinavr/bin/../lib/gcc/avr/4.5.1/../../../../avr/lib/avr51\libc.a(strnlen.o)
 .text          0x0000047c        0x0 c:/mhvwinavr/bin/../lib/gcc/avr/4.5.1/../../../../avr/lib/avr51\libc.a(fputc.o)
 .text          0x0000047c        0x0 c:/mhvwinavr/bin/../lib/gcc/avr/4.5.1/../../../../avr/lib/avr51\libc.a(ultoa_invert.o)
                0x0000047c                . = ALIGN (0x2)
 *(.text.*)
 .text._ZN18MHV_HardwareSerial2rxEv
                0x0000047c       0x44 A:\eclipse\mhvlib\Release\libmhvlib.a(MHV_HardwareSerial.o)
                0x0000047c                MHV_HardwareSerial::rx()
 .text._ZN18MHV_HardwareSerial2txEv
                0x000004c0       0x6e A:\eclipse\mhvlib\Release\libmhvlib.a(MHV_HardwareSerial.o)
                0x000004c0                MHV_HardwareSerial::tx()
 .text._ZN18MHV_HardwareSerial6txDoneEv
                0x0000052e       0x50 A:\eclipse\mhvlib\Release\libmhvlib.a(MHV_HardwareSerial.o)
                0x0000052e                MHV_HardwareSerial::txDone()
 .text._ZN18MHV_HardwareSerial10asyncStartEv
                0x0000057e       0x68 A:\eclipse\mhvlib\Release\libmhvlib.a(MHV_HardwareSerial.o)
                0x0000057e                MHV_HardwareSerial::asyncStart()
 .text._ZN18MHV_HardwareSerial8setSpeedEm
                0x000005e6      0x1c0 A:\eclipse\mhvlib\Release\libmhvlib.a(MHV_HardwareSerial.o)
                0x000005e6                MHV_HardwareSerial::setSpeed(unsigned long)
 .text._ZN18MHV_HardwareSerialC2EP14MHV_RingBufferPVjPVhS5_S5_hhhhhhm
                0x000007a6       0x6a A:\eclipse\mhvlib\Release\libmhvlib.a(MHV_HardwareSerial.o)
                0x000007a6                MHV_HardwareSerial::MHV_HardwareSerial(MHV_RingBuffer*, unsigned int volatile*, unsigned char volatile*, unsigned char volatile*, unsigned char volatile*, unsigned char, unsigned char, unsigned char, unsigned char, unsigned char, unsigned char, unsigned long)
                0x000007a6                MHV_HardwareSerial::MHV_HardwareSerial(MHV_RingBuffer*, unsigned int volatile*, unsigned char volatile*, unsigned char volatile*, unsigned char volatile*, unsigned char, unsigned char, unsigned char, unsigned char, unsigned char, unsigned char, unsigned long)
 .text._ZN18MHV_HardwareSerialC2EP14MHV_RingBufferS1_PVjPVhS5_S5_hhhhhhm
                0x00000810       0x70 A:\eclipse\mhvlib\Release\libmhvlib.a(MHV_HardwareSerial.o)
                0x00000810                MHV_HardwareSerial::MHV_HardwareSerial(MHV_RingBuffer*, MHV_RingBuffer*, unsigned int volatile*, unsigned char volatile*, unsigned char volatile*, unsigned char volatile*, unsigned char, unsigned char, unsigned char, unsigned char, unsigned char, unsigned char, unsigned long)
                0x00000810                MHV_HardwareSerial::MHV_HardwareSerial(MHV_RingBuffer*, MHV_RingBuffer*, unsigned int volatile*, unsigned char volatile*, unsigned char volatile*, unsigned char volatile*, unsigned char, unsigned char, unsigned char, unsigned char, unsigned char, unsigned char, unsigned long)
 .text._ZN18MHV_HardwareSerial13asyncReadLineEPch
                0x00000880       0xc0 A:\eclipse\mhvlib\Release\libmhvlib.a(MHV_HardwareSerial.o)
                0x00000880                MHV_HardwareSerial::asyncReadLine(char*, unsigned char)
 .text._ZN18MHV_HardwareSerial12busyReadLineEPch
                0x00000940       0x32 A:\eclipse\mhvlib\Release\libmhvlib.a(MHV_HardwareSerial.o)
                0x00000940                MHV_HardwareSerial::busyReadLine(char*, unsigned char)
 .text._ZN18MHV_HardwareSerial4readEv
                0x00000972        0xc A:\eclipse\mhvlib\Release\libmhvlib.a(MHV_HardwareSerial.o)
                0x00000972                MHV_HardwareSerial::read()
 .text._ZN18MHV_HardwareSerial5flushEv
                0x0000097e        0xc A:\eclipse\mhvlib\Release\libmhvlib.a(MHV_HardwareSerial.o)
                0x0000097e                MHV_HardwareSerial::flush()
 .text._ZN18MHV_HardwareSerial3endEv
                0x0000098a       0x50 A:\eclipse\mhvlib\Release\libmhvlib.a(MHV_HardwareSerial.o)
                0x0000098a                MHV_HardwareSerial::end()
 .text._ZN18MHV_HardwareSerial4echoEb
                0x000009da        0x6 A:\eclipse\mhvlib\Release\libmhvlib.a(MHV_HardwareSerial.o)
                0x000009da                MHV_HardwareSerial::echo(bool)
 .text._ZN18MHV_HardwareSerial7canSendEv
                0x000009e0       0x12 A:\eclipse\mhvlib\Release\libmhvlib.a(MHV_HardwareSerial.o)
                0x000009e0                MHV_HardwareSerial::canSend()
 .text._ZN18MHV_HardwareSerial11canSendBusyEv
                0x000009f2       0x2c A:\eclipse\mhvlib\Release\libmhvlib.a(MHV_HardwareSerial.o)
                0x000009f2                MHV_HardwareSerial::canSendBusy()
 .text._ZN18MHV_HardwareSerial9busyWriteEc
                0x00000a1e       0x7e A:\eclipse\mhvlib\Release\libmhvlib.a(MHV_HardwareSerial.o)
                0x00000a1e                MHV_HardwareSerial::busyWrite(char)
 .text._ZN18MHV_HardwareSerial11busyWrite_PEPKc
                0x00000a9c       0x72 A:\eclipse\mhvlib\Release\libmhvlib.a(MHV_HardwareSerial.o)
                0x00000a9c                MHV_HardwareSerial::busyWrite_P(char const*)
 .text._ZN18MHV_HardwareSerial9busyWriteEPKc
                0x00000b0e       0x9a A:\eclipse\mhvlib\Release\libmhvlib.a(MHV_HardwareSerial.o)
                0x00000b0e                MHV_HardwareSerial::busyWrite(char const*)
 .text._ZN18MHV_HardwareSerial11busyWrite_PEPKcj
                0x00000ba8       0x6c A:\eclipse\mhvlib\Release\libmhvlib.a(MHV_HardwareSerial.o)
                0x00000ba8                MHV_HardwareSerial::busyWrite_P(char const*, unsigned int)
 .text._ZN18MHV_HardwareSerial9busyWriteEPKcj
                0x00000c14       0x90 A:\eclipse\mhvlib\Release\libmhvlib.a(MHV_HardwareSerial.o)
                0x00000c14                MHV_HardwareSerial::busyWrite(char const*, unsigned int)
 .text._ZN18MHV_HardwareSerial4busyEv
                0x00000ca4       0x1e A:\eclipse\mhvlib\Release\libmhvlib.a(MHV_HardwareSerial.o)
                0x00000ca4                MHV_HardwareSerial::busy()
 .text._ZN18MHV_HardwareSerial9availableEv
                0x00000cc2        0xc A:\eclipse\mhvlib\Release\libmhvlib.a(MHV_HardwareSerial.o)
                0x00000cc2                MHV_HardwareSerial::available()
 .text._ZN18MHV_HardwareSerial12asyncWrite_PEPKc
                0x00000cce       0x70 A:\eclipse\mhvlib\Release\libmhvlib.a(MHV_HardwareSerial.o)
                0x00000cce                MHV_HardwareSerial::asyncWrite_P(char const*)
 .text._ZN18MHV_HardwareSerial10asyncWriteEPKc
                0x00000d3e       0x70 A:\eclipse\mhvlib\Release\libmhvlib.a(MHV_HardwareSerial.o)
                0x00000d3e                MHV_HardwareSerial::asyncWrite(char const*)
 .text._ZN18MHV_HardwareSerial12asyncWrite_PEPKcj
                0x00000dae       0x7a A:\eclipse\mhvlib\Release\libmhvlib.a(MHV_HardwareSerial.o)
                0x00000dae                MHV_HardwareSerial::asyncWrite_P(char const*, unsigned int)
 .text._ZN18MHV_HardwareSerial10asyncWriteEPKcj
                0x00000e28       0x78 A:\eclipse\mhvlib\Release\libmhvlib.a(MHV_HardwareSerial.o)
                0x00000e28                MHV_HardwareSerial::asyncWrite(char const*, unsigned int)
 .text._ZN14MHV_RingBufferC2EPch
                0x00000ea0        0xe A:\eclipse\mhvlib\Release\libmhvlib.a(MHV_RingBuffer.o)
                0x00000ea0                MHV_RingBuffer::MHV_RingBuffer(char*, unsigned char)
                0x00000ea0                MHV_RingBuffer::MHV_RingBuffer(char*, unsigned char)
 .text._ZN14MHV_RingBuffer6appendEc
                0x00000eae       0x2a A:\eclipse\mhvlib\Release\libmhvlib.a(MHV_RingBuffer.o)
                0x00000eae                MHV_RingBuffer::append(char)
 .text._ZN14MHV_RingBuffer7consumeEv
                0x00000ed8       0x2c A:\eclipse\mhvlib\Release\libmhvlib.a(MHV_RingBuffer.o)
                0x00000ed8                MHV_RingBuffer::consume()
 .text._ZN14MHV_RingBuffer5flushEv
                0x00000f04        0x8 A:\eclipse\mhvlib\Release\libmhvlib.a(MHV_RingBuffer.o)
                0x00000f04                MHV_RingBuffer::flush()
 .text._ZN14MHV_RingBuffer4sizeEv
                0x00000f0c        0x6 A:\eclipse\mhvlib\Release\libmhvlib.a(MHV_RingBuffer.o)
                0x00000f0c                MHV_RingBuffer::size()
 .text._ZN14MHV_RingBuffer6lengthEv
                0x00000f12       0x26 A:\eclipse\mhvlib\Release\libmhvlib.a(MHV_RingBuffer.o)
                0x00000f12                MHV_RingBuffer::length()
 .text._ZN14MHV_RingBuffer7consumeEPvh
                0x00000f38       0x5c A:\eclipse\mhvlib\Release\libmhvlib.a(MHV_RingBuffer.o)
                0x00000f38                MHV_RingBuffer::consume(void*, unsigned char)
 .text._ZN14MHV_RingBuffer4fullEv
                0x00000f94       0x26 A:\eclipse\mhvlib\Release\libmhvlib.a(MHV_RingBuffer.o)
                0x00000f94                MHV_RingBuffer::full()
 .text._ZN14MHV_RingBuffer4fullEh
                0x00000fba       0x40 A:\eclipse\mhvlib\Release\libmhvlib.a(MHV_RingBuffer.o)
                0x00000fba                MHV_RingBuffer::full(unsigned char)
 .text._ZN14MHV_RingBuffer6appendEPKvh
                0x00000ffa       0x5e A:\eclipse\mhvlib\Release\libmhvlib.a(MHV_RingBuffer.o)
                0x00000ffa                MHV_RingBuffer::append(void const*, unsigned char)
 .text._ZN14MHV_RingBuffer8peekHeadEv
                0x00001058       0x2e A:\eclipse\mhvlib\Release\libmhvlib.a(MHV_RingBuffer.o)
                0x00001058                MHV_RingBuffer::peekHead()
 .text.libgcc   0x00001086       0x3e c:/mhvwinavr/bin/../lib/gcc/avr/4.5.1/avr51\libgcc.a(_mulsi3.o)
                0x00001086                __mulsi3
 .text.libgcc   0x000010c4       0x44 c:/mhvwinavr/bin/../lib/gcc/avr/4.5.1/avr51\libgcc.a(_udivmodsi4.o)
                0x000010c4                __udivmodsi4
 .text.libgcc   0x00001108        0x0 c:/mhvwinavr/bin/../lib/gcc/avr/4.5.1/avr51\libgcc.a(_exit.o)
 .text.libgcc   0x00001108        0x0 c:/mhvwinavr/bin/../lib/gcc/avr/4.5.1/avr51\libgcc.a(_copy_data.o)
 .text.libgcc   0x00001108        0x0 c:/mhvwinavr/bin/../lib/gcc/avr/4.5.1/avr51\libgcc.a(_clear_bss.o)
 .text.libgcc   0x00001108        0x0 c:/mhvwinavr/bin/../lib/gcc/avr/4.5.1/avr51\libgcc.a(_ctors.o)
 .text.libgcc   0x00001108        0x8 c:/mhvwinavr/bin/../lib/gcc/avr/4.5.1/avr51\libgcc.a(_tablejump_elpm.o)
                0x00001108                __tablejump_elpm__
 .text.avr-libc
                0x00001110       0x7c c:/mhvwinavr/bin/../lib/gcc/avr/4.5.1/../../../../avr/lib/avr51\libc.a(snprintf.o)
                0x00001110                snprintf
 .text.avr-libc
                0x0000118c      0x420 c:/mhvwinavr/bin/../lib/gcc/avr/4.5.1/../../../../avr/lib/avr51\libc.a(vfprintf_std.o)
                0x0000118c                vfprintf
 .text.avr-libc
                0x000015ac       0x16 c:/mhvwinavr/bin/../lib/gcc/avr/4.5.1/../../../../avr/lib/avr51\libc.a(strnlen_P.o)
                0x000015ac                strnlen_P
 .text.avr-libc
                0x000015c2       0x16 c:/mhvwinavr/bin/../lib/gcc/avr/4.5.1/../../../../avr/lib/avr51\libc.a(strnlen.o)
                0x000015c2                strnlen
 .text.avr-libc
                0x000015d8       0x58 c:/mhvwinavr/bin/../lib/gcc/avr/4.5.1/../../../../avr/lib/avr51\libc.a(fputc.o)
                0x000015d8                fputc
 .text.avr-libc
                0x00001630       0xbc c:/mhvwinavr/bin/../lib/gcc/avr/4.5.1/../../../../avr/lib/avr51\libc.a(ultoa_invert.o)
                0x00001630                __ultoa_invert
                0x000016ec                . = ALIGN (0x2)
 *(.fini9)
 .fini9         0x000016ec        0x0 c:/mhvwinavr/bin/../lib/gcc/avr/4.5.1/avr51\libgcc.a(_exit.o)
                0x000016ec                _exit
                0x000016ec                exit
 *(.fini9)
 *(.fini8)
 *(.fini8)
 *(.fini7)
 *(.fini7)
 *(.fini6)
 *(.fini6)
 *(.fini5)
 *(.fini5)
 *(.fini4)
 *(.fini4)
 *(.fini3)
 *(.fini3)
 *(.fini2)
 *(.fini2)
 *(.fini1)
 *(.fini1)
 *(.fini0)
 .fini0         0x000016ec        0x4 c:/mhvwinavr/bin/../lib/gcc/avr/4.5.1/avr51\libgcc.a(_exit.o)
 *(.fini0)
                0x000016f0                _etext = .

.data           0x00800200      0x11c load address 0x000016f0
                0x00800200                PROVIDE (__data_start, .)
 *(.data)
 .data          0x00800200        0x0 c:/mhvwinavr/bin/../lib/gcc/avr/4.5.1/../../../../avr/lib/avr51/crtm1280.o
 .data          0x00800200      0x11b ./SerialBusy.o
 .data          0x0080031b        0x0 A:\eclipse\mhvlib\Release\libmhvlib.a(MHV_HardwareSerial.o)
 .data          0x0080031b        0x0 A:\eclipse\mhvlib\Release\libmhvlib.a(MHV_RingBuffer.o)
 .data          0x0080031b        0x0 c:/mhvwinavr/bin/../lib/gcc/avr/4.5.1/avr51\libgcc.a(_mulsi3.o)
 .data          0x0080031b        0x0 c:/mhvwinavr/bin/../lib/gcc/avr/4.5.1/avr51\libgcc.a(_udivmodsi4.o)
 .data          0x0080031b        0x0 c:/mhvwinavr/bin/../lib/gcc/avr/4.5.1/avr51\libgcc.a(_exit.o)
 .data          0x0080031b        0x0 c:/mhvwinavr/bin/../lib/gcc/avr/4.5.1/avr51\libgcc.a(_copy_data.o)
 .data          0x0080031b        0x0 c:/mhvwinavr/bin/../lib/gcc/avr/4.5.1/avr51\libgcc.a(_clear_bss.o)
 .data          0x0080031b        0x0 c:/mhvwinavr/bin/../lib/gcc/avr/4.5.1/avr51\libgcc.a(_ctors.o)
 .data          0x0080031b        0x0 c:/mhvwinavr/bin/../lib/gcc/avr/4.5.1/avr51\libgcc.a(_tablejump_elpm.o)
 .data          0x0080031b        0x0 c:/mhvwinavr/bin/../lib/gcc/avr/4.5.1/../../../../avr/lib/avr51\libc.a(snprintf.o)
 .data          0x0080031b        0x0 c:/mhvwinavr/bin/../lib/gcc/avr/4.5.1/../../../../avr/lib/avr51\libc.a(vfprintf_std.o)
 .data          0x0080031b        0x0 c:/mhvwinavr/bin/../lib/gcc/avr/4.5.1/../../../../avr/lib/avr51\libc.a(strnlen_P.o)
 .data          0x0080031b        0x0 c:/mhvwinavr/bin/../lib/gcc/avr/4.5.1/../../../../avr/lib/avr51\libc.a(strnlen.o)
 .data          0x0080031b        0x0 c:/mhvwinavr/bin/../lib/gcc/avr/4.5.1/../../../../avr/lib/avr51\libc.a(fputc.o)
 .data          0x0080031b        0x0 c:/mhvwinavr/bin/../lib/gcc/avr/4.5.1/../../../../avr/lib/avr51\libc.a(ultoa_invert.o)
 *(.data*)
 *(.rodata)
 *(.rodata*)
 *(.gnu.linkonce.d*)
                0x0080031c                . = ALIGN (0x2)
 *fill*         0x0080031b        0x1 00
                0x0080031c                _edata = .
                0x0080031c                PROVIDE (__data_end, .)

.bss            0x0080031c       0x71
                0x0080031c                PROVIDE (__bss_start, .)
 *(.bss)
 .bss           0x0080031c        0x0 c:/mhvwinavr/bin/../lib/gcc/avr/4.5.1/../../../../avr/lib/avr51/crtm1280.o
 .bss           0x0080031c       0x71 ./SerialBusy.o
                0x0080031c                rxBuf
                0x0080036d                rxBuffer
                0x00800372                serial
 .bss           0x0080038d        0x0 A:\eclipse\mhvlib\Release\libmhvlib.a(MHV_HardwareSerial.o)
 .bss           0x0080038d        0x0 A:\eclipse\mhvlib\Release\libmhvlib.a(MHV_RingBuffer.o)
 .bss           0x0080038d        0x0 c:/mhvwinavr/bin/../lib/gcc/avr/4.5.1/avr51\libgcc.a(_mulsi3.o)
 .bss           0x0080038d        0x0 c:/mhvwinavr/bin/../lib/gcc/avr/4.5.1/avr51\libgcc.a(_udivmodsi4.o)
 .bss           0x0080038d        0x0 c:/mhvwinavr/bin/../lib/gcc/avr/4.5.1/avr51\libgcc.a(_exit.o)
 .bss           0x0080038d        0x0 c:/mhvwinavr/bin/../lib/gcc/avr/4.5.1/avr51\libgcc.a(_copy_data.o)
 .bss           0x0080038d        0x0 c:/mhvwinavr/bin/../lib/gcc/avr/4.5.1/avr51\libgcc.a(_clear_bss.o)
 .bss           0x0080038d        0x0 c:/mhvwinavr/bin/../lib/gcc/avr/4.5.1/avr51\libgcc.a(_ctors.o)
 .bss           0x0080038d        0x0 c:/mhvwinavr/bin/../lib/gcc/avr/4.5.1/avr51\libgcc.a(_tablejump_elpm.o)
 .bss           0x0080038d        0x0 c:/mhvwinavr/bin/../lib/gcc/avr/4.5.1/../../../../avr/lib/avr51\libc.a(snprintf.o)
 .bss           0x0080038d        0x0 c:/mhvwinavr/bin/../lib/gcc/avr/4.5.1/../../../../avr/lib/avr51\libc.a(vfprintf_std.o)
 .bss           0x0080038d        0x0 c:/mhvwinavr/bin/../lib/gcc/avr/4.5.1/../../../../avr/lib/avr51\libc.a(strnlen_P.o)
 .bss           0x0080038d        0x0 c:/mhvwinavr/bin/../lib/gcc/avr/4.5.1/../../../../avr/lib/avr51\libc.a(strnlen.o)
 .bss           0x0080038d        0x0 c:/mhvwinavr/bin/../lib/gcc/avr/4.5.1/../../../../avr/lib/avr51\libc.a(fputc.o)
 .bss           0x0080038d        0x0 c:/mhvwinavr/bin/../lib/gcc/avr/4.5.1/../../../../avr/lib/avr51\libc.a(ultoa_invert.o)
 *(.bss*)
 *(COMMON)
                0x0080038d                PROVIDE (__bss_end, .)
                0x000016f0                __data_load_start = LOADADDR (.data)
                0x0000180c                __data_load_end = (__data_load_start + SIZEOF (.data))

.noinit         0x0080038d        0x0
                0x0080038d                PROVIDE (__noinit_start, .)
 *(.noinit*)
                0x0080038d                PROVIDE (__noinit_end, .)
                0x0080038d                _end = .
                0x0080038d                PROVIDE (__heap_start, .)

.eeprom         0x00810000        0x0
 *(.eeprom*)
                0x00810000                __eeprom_end = .

.stab           0x00000000      0xc84
 *(.stab)
 .stab          0x00000000      0x6cc c:/mhvwinavr/bin/../lib/gcc/avr/4.5.1/../../../../avr/lib/avr51/crtm1280.o
 .stab          0x000006cc       0x9c c:/mhvwinavr/bin/../lib/gcc/avr/4.5.1/../../../../avr/lib/avr51\libc.a(strnlen_P.o)
                                 0xa8 (size before relaxing)
 .stab          0x00000768       0x9c c:/mhvwinavr/bin/../lib/gcc/avr/4.5.1/../../../../avr/lib/avr51\libc.a(strnlen.o)
                                 0xa8 (size before relaxing)
 .stab          0x00000804      0x480 c:/mhvwinavr/bin/../lib/gcc/avr/4.5.1/../../../../avr/lib/avr51\libc.a(ultoa_invert.o)
                                0x48c (size before relaxing)

.stabstr        0x00000000      0x15d
 *(.stabstr)
 .stabstr       0x00000000      0x15d c:/mhvwinavr/bin/../lib/gcc/avr/4.5.1/../../../../avr/lib/avr51/crtm1280.o

.stab.excl
 *(.stab.excl)

.stab.exclstr
 *(.stab.exclstr)

.stab.index
 *(.stab.index)

.stab.indexstr
 *(.stab.indexstr)

.comment
 *(.comment)

.debug
 *(.debug)

.line
 *(.line)

.debug_srcinfo
 *(.debug_srcinfo)

.debug_sfnames
 *(.debug_sfnames)

.debug_aranges  0x00000000       0x60
 *(.debug_aranges)
 .debug_aranges
                0x00000000       0x20 c:/mhvwinavr/bin/../lib/gcc/avr/4.5.1/../../../../avr/lib/avr51\libc.a(snprintf.o)
 .debug_aranges
                0x00000020       0x20 c:/mhvwinavr/bin/../lib/gcc/avr/4.5.1/../../../../avr/lib/avr51\libc.a(vfprintf_std.o)
 .debug_aranges
                0x00000040       0x20 c:/mhvwinavr/bin/../lib/gcc/avr/4.5.1/../../../../avr/lib/avr51\libc.a(fputc.o)

.debug_pubnames
                0x00000000       0x5a
 *(.debug_pubnames)
 .debug_pubnames
                0x00000000       0x1f c:/mhvwinavr/bin/../lib/gcc/avr/4.5.1/../../../../avr/lib/avr51\libc.a(snprintf.o)
 .debug_pubnames
                0x0000001f       0x1f c:/mhvwinavr/bin/../lib/gcc/avr/4.5.1/../../../../avr/lib/avr51\libc.a(vfprintf_std.o)
 .debug_pubnames
                0x0000003e       0x1c c:/mhvwinavr/bin/../lib/gcc/avr/4.5.1/../../../../avr/lib/avr51\libc.a(fputc.o)

.debug_info     0x00000000      0x692
 *(.debug_info)
 .debug_info    0x00000000      0x1d3 c:/mhvwinavr/bin/../lib/gcc/avr/4.5.1/../../../../avr/lib/avr51\libc.a(snprintf.o)
 .debug_info    0x000001d3      0x354 c:/mhvwinavr/bin/../lib/gcc/avr/4.5.1/../../../../avr/lib/avr51\libc.a(vfprintf_std.o)
 .debug_info    0x00000527      0x16b c:/mhvwinavr/bin/../lib/gcc/avr/4.5.1/../../../../avr/lib/avr51\libc.a(fputc.o)
 *(.gnu.linkonce.wi.*)

.debug_abbrev   0x00000000      0x34a
 *(.debug_abbrev)
 .debug_abbrev  0x00000000      0x10e c:/mhvwinavr/bin/../lib/gcc/avr/4.5.1/../../../../avr/lib/avr51\libc.a(snprintf.o)
 .debug_abbrev  0x0000010e      0x161 c:/mhvwinavr/bin/../lib/gcc/avr/4.5.1/../../../../avr/lib/avr51\libc.a(vfprintf_std.o)
 .debug_abbrev  0x0000026f       0xdb c:/mhvwinavr/bin/../lib/gcc/avr/4.5.1/../../../../avr/lib/avr51\libc.a(fputc.o)

.debug_line     0x00000000      0x7c1
 *(.debug_line)
 .debug_line    0x00000000      0x133 c:/mhvwinavr/bin/../lib/gcc/avr/4.5.1/../../../../avr/lib/avr51\libc.a(snprintf.o)
 .debug_line    0x00000133      0x5ac c:/mhvwinavr/bin/../lib/gcc/avr/4.5.1/../../../../avr/lib/avr51\libc.a(vfprintf_std.o)
 .debug_line    0x000006df       0xe2 c:/mhvwinavr/bin/../lib/gcc/avr/4.5.1/../../../../avr/lib/avr51\libc.a(fputc.o)

.debug_frame    0x00000000       0x60
 *(.debug_frame)
 .debug_frame   0x00000000       0x20 c:/mhvwinavr/bin/../lib/gcc/avr/4.5.1/../../../../avr/lib/avr51\libc.a(snprintf.o)
 .debug_frame   0x00000020       0x20 c:/mhvwinavr/bin/../lib/gcc/avr/4.5.1/../../../../avr/lib/avr51\libc.a(vfprintf_std.o)
 .debug_frame   0x00000040       0x20 c:/mhvwinavr/bin/../lib/gcc/avr/4.5.1/../../../../avr/lib/avr51\libc.a(fputc.o)

.debug_str      0x00000000      0x181
 *(.debug_str)
 .debug_str     0x00000000       0xea c:/mhvwinavr/bin/../lib/gcc/avr/4.5.1/../../../../avr/lib/avr51\libc.a(snprintf.o)
                                0x12b (size before relaxing)
 .debug_str     0x000000ea       0x75 c:/mhvwinavr/bin/../lib/gcc/avr/4.5.1/../../../../avr/lib/avr51\libc.a(vfprintf_std.o)
                                0x178 (size before relaxing)
 .debug_str     0x0000015f       0x22 c:/mhvwinavr/bin/../lib/gcc/avr/4.5.1/../../../../avr/lib/avr51\libc.a(fputc.o)
                                 0xfc (size before relaxing)

.debug_loc      0x00000000      0x743
 *(.debug_loc)
 .debug_loc     0x00000000       0x42 c:/mhvwinavr/bin/../lib/gcc/avr/4.5.1/../../../../avr/lib/avr51\libc.a(snprintf.o)
 .debug_loc     0x00000042      0x6b1 c:/mhvwinavr/bin/../lib/gcc/avr/4.5.1/../../../../avr/lib/avr51\libc.a(vfprintf_std.o)
 .debug_loc     0x000006f3       0x50 c:/mhvwinavr/bin/../lib/gcc/avr/4.5.1/../../../../avr/lib/avr51\libc.a(fputc.o)

.debug_macinfo
 *(.debug_macinfo)
OUTPUT(mhvlib-tutorial-Serial-Busy.elf elf32-avr)
LOAD linker stubs

.debug_pubtypes
                0x00000000       0xcf
 .debug_pubtypes
                0x00000000       0x53 c:/mhvwinavr/bin/../lib/gcc/avr/4.5.1/../../../../avr/lib/avr51\libc.a(snprintf.o)
 .debug_pubtypes
                0x00000053       0x53 c:/mhvwinavr/bin/../lib/gcc/avr/4.5.1/../../../../avr/lib/avr51\libc.a(vfprintf_std.o)
 .debug_pubtypes
                0x000000a6       0x29 c:/mhvwinavr/bin/../lib/gcc/avr/4.5.1/../../../../avr/lib/avr51\libc.a(fputc.o)

.debug_ranges   0x00000000       0x48
 .debug_ranges  0x00000000       0x10 c:/mhvwinavr/bin/../lib/gcc/avr/4.5.1/../../../../avr/lib/avr51\libc.a(snprintf.o)
 .debug_ranges  0x00000010       0x28 c:/mhvwinavr/bin/../lib/gcc/avr/4.5.1/../../../../avr/lib/avr51\libc.a(vfprintf_std.o)
 .debug_ranges  0x00000038       0x10 c:/mhvwinavr/bin/../lib/gcc/avr/4.5.1/../../../../avr/lib/avr51\libc.a(fputc.o)

Cross Reference Table

Symbol                                            File
MHV_HardwareSerial::MHV_HardwareSerial(MHV_RingBuffer*, MHV_RingBuffer*, unsigned int volatile*, unsigned char volatile*, unsigned char volatile*, unsigned char volatile*, unsigned char, unsigned char, unsigned char, unsigned char, unsigned char, unsigned char, unsigned long) A:\eclipse\mhvlib\Release\libmhvlib.a(MHV_HardwareSerial.o)
MHV_HardwareSerial::MHV_HardwareSerial(MHV_RingBuffer*, MHV_RingBuffer*, unsigned int volatile*, unsigned char volatile*, unsigned char volatile*, unsigned char volatile*, unsigned char, unsigned char, unsigned char, unsigned char, unsigned char, unsigned char, unsigned long) A:\eclipse\mhvlib\Release\libmhvlib.a(MHV_HardwareSerial.o)
MHV_HardwareSerial::MHV_HardwareSerial(MHV_RingBuffer*, unsigned int volatile*, unsigned char volatile*, unsigned char volatile*, unsigned char volatile*, unsigned char, unsigned char, unsigned char, unsigned char, unsigned char, unsigned char, unsigned long) A:\eclipse\mhvlib\Release\libmhvlib.a(MHV_HardwareSerial.o)
MHV_HardwareSerial::MHV_HardwareSerial(MHV_RingBuffer*, unsigned int volatile*, unsigned char volatile*, unsigned char volatile*, unsigned char volatile*, unsigned char, unsigned char, unsigned char, unsigned char, unsigned char, unsigned char, unsigned long) A:\eclipse\mhvlib\Release\libmhvlib.a(MHV_HardwareSerial.o)
                                                  ./SerialBusy.o
MHV_HardwareSerial::asyncReadLine(char*, unsigned char) A:\eclipse\mhvlib\Release\libmhvlib.a(MHV_HardwareSerial.o)
MHV_HardwareSerial::asyncStart()                  A:\eclipse\mhvlib\Release\libmhvlib.a(MHV_HardwareSerial.o)
MHV_HardwareSerial::asyncWrite(char const*)       A:\eclipse\mhvlib\Release\libmhvlib.a(MHV_HardwareSerial.o)
MHV_HardwareSerial::asyncWrite(char const*, unsigned int) A:\eclipse\mhvlib\Release\libmhvlib.a(MHV_HardwareSerial.o)
MHV_HardwareSerial::asyncWrite_P(char const*)     A:\eclipse\mhvlib\Release\libmhvlib.a(MHV_HardwareSerial.o)
MHV_HardwareSerial::asyncWrite_P(char const*, unsigned int) A:\eclipse\mhvlib\Release\libmhvlib.a(MHV_HardwareSerial.o)
MHV_HardwareSerial::available()                   A:\eclipse\mhvlib\Release\libmhvlib.a(MHV_HardwareSerial.o)
MHV_HardwareSerial::busy()                        A:\eclipse\mhvlib\Release\libmhvlib.a(MHV_HardwareSerial.o)
MHV_HardwareSerial::busyReadLine(char*, unsigned char) A:\eclipse\mhvlib\Release\libmhvlib.a(MHV_HardwareSerial.o)
                                                  ./SerialBusy.o
MHV_HardwareSerial::busyWrite(char const*)        A:\eclipse\mhvlib\Release\libmhvlib.a(MHV_HardwareSerial.o)
                                                  ./SerialBusy.o
MHV_HardwareSerial::busyWrite(char const*, unsigned int) A:\eclipse\mhvlib\Release\libmhvlib.a(MHV_HardwareSerial.o)
MHV_HardwareSerial::busyWrite(char)               A:\eclipse\mhvlib\Release\libmhvlib.a(MHV_HardwareSerial.o)
                                                  ./SerialBusy.o
MHV_HardwareSerial::busyWrite_P(char const*)      A:\eclipse\mhvlib\Release\libmhvlib.a(MHV_HardwareSerial.o)
                                                  ./SerialBusy.o
MHV_HardwareSerial::busyWrite_P(char const*, unsigned int) A:\eclipse\mhvlib\Release\libmhvlib.a(MHV_HardwareSerial.o)
                                                  ./SerialBusy.o
MHV_HardwareSerial::canSend()                     A:\eclipse\mhvlib\Release\libmhvlib.a(MHV_HardwareSerial.o)
MHV_HardwareSerial::canSendBusy()                 A:\eclipse\mhvlib\Release\libmhvlib.a(MHV_HardwareSerial.o)
MHV_HardwareSerial::echo(bool)                    A:\eclipse\mhvlib\Release\libmhvlib.a(MHV_HardwareSerial.o)
                                                  ./SerialBusy.o
MHV_HardwareSerial::end()                         A:\eclipse\mhvlib\Release\libmhvlib.a(MHV_HardwareSerial.o)
MHV_HardwareSerial::flush()                       A:\eclipse\mhvlib\Release\libmhvlib.a(MHV_HardwareSerial.o)
                                                  ./SerialBusy.o
MHV_HardwareSerial::read()                        A:\eclipse\mhvlib\Release\libmhvlib.a(MHV_HardwareSerial.o)
                                                  ./SerialBusy.o
MHV_HardwareSerial::rx()                          A:\eclipse\mhvlib\Release\libmhvlib.a(MHV_HardwareSerial.o)
                                                  ./SerialBusy.o
MHV_HardwareSerial::setSpeed(unsigned long)       A:\eclipse\mhvlib\Release\libmhvlib.a(MHV_HardwareSerial.o)
MHV_HardwareSerial::tx()                          A:\eclipse\mhvlib\Release\libmhvlib.a(MHV_HardwareSerial.o)
                                                  ./SerialBusy.o
MHV_HardwareSerial::txDone()                      A:\eclipse\mhvlib\Release\libmhvlib.a(MHV_HardwareSerial.o)
MHV_RingBuffer::MHV_RingBuffer(char*, unsigned char) A:\eclipse\mhvlib\Release\libmhvlib.a(MHV_RingBuffer.o)
                                                  ./SerialBusy.o
MHV_RingBuffer::MHV_RingBuffer(char*, unsigned char) A:\eclipse\mhvlib\Release\libmhvlib.a(MHV_RingBuffer.o)
MHV_RingBuffer::append(char)                      A:\eclipse\mhvlib\Release\libmhvlib.a(MHV_RingBuffer.o)
                                                  A:\eclipse\mhvlib\Release\libmhvlib.a(MHV_HardwareSerial.o)
MHV_RingBuffer::append(void const*, unsigned char) A:\eclipse\mhvlib\Release\libmhvlib.a(MHV_RingBuffer.o)
                                                  A:\eclipse\mhvlib\Release\libmhvlib.a(MHV_HardwareSerial.o)
MHV_RingBuffer::consume()                         A:\eclipse\mhvlib\Release\libmhvlib.a(MHV_RingBuffer.o)
                                                  A:\eclipse\mhvlib\Release\libmhvlib.a(MHV_HardwareSerial.o)
MHV_RingBuffer::consume(void*, unsigned char)     A:\eclipse\mhvlib\Release\libmhvlib.a(MHV_RingBuffer.o)
                                                  A:\eclipse\mhvlib\Release\libmhvlib.a(MHV_HardwareSerial.o)
MHV_RingBuffer::flush()                           A:\eclipse\mhvlib\Release\libmhvlib.a(MHV_RingBuffer.o)
                                                  A:\eclipse\mhvlib\Release\libmhvlib.a(MHV_HardwareSerial.o)
MHV_RingBuffer::full()                            A:\eclipse\mhvlib\Release\libmhvlib.a(MHV_RingBuffer.o)
                                                  A:\eclipse\mhvlib\Release\libmhvlib.a(MHV_HardwareSerial.o)
MHV_RingBuffer::full(unsigned char)               A:\eclipse\mhvlib\Release\libmhvlib.a(MHV_RingBuffer.o)
                                                  A:\eclipse\mhvlib\Release\libmhvlib.a(MHV_HardwareSerial.o)
MHV_RingBuffer::length()                          A:\eclipse\mhvlib\Release\libmhvlib.a(MHV_RingBuffer.o)
                                                  A:\eclipse\mhvlib\Release\libmhvlib.a(MHV_HardwareSerial.o)
MHV_RingBuffer::peekHead()                        A:\eclipse\mhvlib\Release\libmhvlib.a(MHV_RingBuffer.o)
                                                  A:\eclipse\mhvlib\Release\libmhvlib.a(MHV_HardwareSerial.o)
MHV_RingBuffer::size()                            A:\eclipse\mhvlib\Release\libmhvlib.a(MHV_RingBuffer.o)
__bad_interrupt                                   c:/mhvwinavr/bin/../lib/gcc/avr/4.5.1/../../../../avr/lib/avr51/crtm1280.o
__bss_end                                         c:/mhvwinavr/bin/../lib/gcc/avr/4.5.1/avr51\libgcc.a(_clear_bss.o)
__bss_start                                       c:/mhvwinavr/bin/../lib/gcc/avr/4.5.1/avr51\libgcc.a(_clear_bss.o)
__ctors_end                                       c:/mhvwinavr/bin/../lib/gcc/avr/4.5.1/avr51\libgcc.a(_ctors.o)
__ctors_start                                     c:/mhvwinavr/bin/../lib/gcc/avr/4.5.1/avr51\libgcc.a(_ctors.o)
__cxa_pure_virtual                                ./SerialBusy.o
__data_end                                        c:/mhvwinavr/bin/../lib/gcc/avr/4.5.1/avr51\libgcc.a(_copy_data.o)
__data_load_start                                 c:/mhvwinavr/bin/../lib/gcc/avr/4.5.1/avr51\libgcc.a(_copy_data.o)
__data_start                                      c:/mhvwinavr/bin/../lib/gcc/avr/4.5.1/avr51\libgcc.a(_copy_data.o)
__do_clear_bss                                    c:/mhvwinavr/bin/../lib/gcc/avr/4.5.1/avr51\libgcc.a(_clear_bss.o)
                                                  ./SerialBusy.o
__do_copy_data                                    c:/mhvwinavr/bin/../lib/gcc/avr/4.5.1/avr51\libgcc.a(_copy_data.o)
                                                  ./SerialBusy.o
__do_global_ctors                                 c:/mhvwinavr/bin/../lib/gcc/avr/4.5.1/avr51\libgcc.a(_ctors.o)
                                                  ./SerialBusy.o
__heap_end                                        c:/mhvwinavr/bin/../lib/gcc/avr/4.5.1/../../../../avr/lib/avr51/crtm1280.o
__init                                            c:/mhvwinavr/bin/../lib/gcc/avr/4.5.1/../../../../avr/lib/avr51/crtm1280.o
__mulsi3                                          c:/mhvwinavr/bin/../lib/gcc/avr/4.5.1/avr51\libgcc.a(_mulsi3.o)
                                                  A:\eclipse\mhvlib\Release\libmhvlib.a(MHV_HardwareSerial.o)
__stack                                           c:/mhvwinavr/bin/../lib/gcc/avr/4.5.1/../../../../avr/lib/avr51/crtm1280.o
__tablejump_elpm__                                c:/mhvwinavr/bin/../lib/gcc/avr/4.5.1/avr51\libgcc.a(_tablejump_elpm.o)
                                                  c:/mhvwinavr/bin/../lib/gcc/avr/4.5.1/avr51\libgcc.a(_ctors.o)
__udivmodsi4                                      c:/mhvwinavr/bin/../lib/gcc/avr/4.5.1/avr51\libgcc.a(_udivmodsi4.o)
                                                  A:\eclipse\mhvlib\Release\libmhvlib.a(MHV_HardwareSerial.o)
__ultoa_invert                                    c:/mhvwinavr/bin/../lib/gcc/avr/4.5.1/../../../../avr/lib/avr51\libc.a(ultoa_invert.o)
                                                  c:/mhvwinavr/bin/../lib/gcc/avr/4.5.1/../../../../avr/lib/avr51\libc.a(vfprintf_std.o)
__vector_1                                        c:/mhvwinavr/bin/../lib/gcc/avr/4.5.1/../../../../avr/lib/avr51/crtm1280.o
__vector_10                                       c:/mhvwinavr/bin/../lib/gcc/avr/4.5.1/../../../../avr/lib/avr51/crtm1280.o
__vector_11                                       c:/mhvwinavr/bin/../lib/gcc/avr/4.5.1/../../../../avr/lib/avr51/crtm1280.o
__vector_12                                       c:/mhvwinavr/bin/../lib/gcc/avr/4.5.1/../../../../avr/lib/avr51/crtm1280.o
__vector_13                                       c:/mhvwinavr/bin/../lib/gcc/avr/4.5.1/../../../../avr/lib/avr51/crtm1280.o
__vector_14                                       c:/mhvwinavr/bin/../lib/gcc/avr/4.5.1/../../../../avr/lib/avr51/crtm1280.o
__vector_15                                       c:/mhvwinavr/bin/../lib/gcc/avr/4.5.1/../../../../avr/lib/avr51/crtm1280.o
__vector_16                                       c:/mhvwinavr/bin/../lib/gcc/avr/4.5.1/../../../../avr/lib/avr51/crtm1280.o
__vector_17                                       c:/mhvwinavr/bin/../lib/gcc/avr/4.5.1/../../../../avr/lib/avr51/crtm1280.o
__vector_18                                       c:/mhvwinavr/bin/../lib/gcc/avr/4.5.1/../../../../avr/lib/avr51/crtm1280.o
__vector_19                                       c:/mhvwinavr/bin/../lib/gcc/avr/4.5.1/../../../../avr/lib/avr51/crtm1280.o
__vector_2                                        c:/mhvwinavr/bin/../lib/gcc/avr/4.5.1/../../../../avr/lib/avr51/crtm1280.o
__vector_20                                       c:/mhvwinavr/bin/../lib/gcc/avr/4.5.1/../../../../avr/lib/avr51/crtm1280.o
__vector_21                                       c:/mhvwinavr/bin/../lib/gcc/avr/4.5.1/../../../../avr/lib/avr51/crtm1280.o
__vector_22                                       c:/mhvwinavr/bin/../lib/gcc/avr/4.5.1/../../../../avr/lib/avr51/crtm1280.o
__vector_23                                       c:/mhvwinavr/bin/../lib/gcc/avr/4.5.1/../../../../avr/lib/avr51/crtm1280.o
__vector_24                                       c:/mhvwinavr/bin/../lib/gcc/avr/4.5.1/../../../../avr/lib/avr51/crtm1280.o
__vector_25                                       ./SerialBusy.o
                                                  c:/mhvwinavr/bin/../lib/gcc/avr/4.5.1/../../../../avr/lib/avr51/crtm1280.o
__vector_26                                       c:/mhvwinavr/bin/../lib/gcc/avr/4.5.1/../../../../avr/lib/avr51/crtm1280.o
__vector_27                                       ./SerialBusy.o
                                                  c:/mhvwinavr/bin/../lib/gcc/avr/4.5.1/../../../../avr/lib/avr51/crtm1280.o
__vector_28                                       c:/mhvwinavr/bin/../lib/gcc/avr/4.5.1/../../../../avr/lib/avr51/crtm1280.o
__vector_29                                       c:/mhvwinavr/bin/../lib/gcc/avr/4.5.1/../../../../avr/lib/avr51/crtm1280.o
__vector_3                                        c:/mhvwinavr/bin/../lib/gcc/avr/4.5.1/../../../../avr/lib/avr51/crtm1280.o
__vector_30                                       c:/mhvwinavr/bin/../lib/gcc/avr/4.5.1/../../../../avr/lib/avr51/crtm1280.o
__vector_31                                       c:/mhvwinavr/bin/../lib/gcc/avr/4.5.1/../../../../avr/lib/avr51/crtm1280.o
__vector_32                                       c:/mhvwinavr/bin/../lib/gcc/avr/4.5.1/../../../../avr/lib/avr51/crtm1280.o
__vector_33                                       c:/mhvwinavr/bin/../lib/gcc/avr/4.5.1/../../../../avr/lib/avr51/crtm1280.o
__vector_34                                       c:/mhvwinavr/bin/../lib/gcc/avr/4.5.1/../../../../avr/lib/avr51/crtm1280.o
__vector_35                                       c:/mhvwinavr/bin/../lib/gcc/avr/4.5.1/../../../../avr/lib/avr51/crtm1280.o
__vector_36                                       c:/mhvwinavr/bin/../lib/gcc/avr/4.5.1/../../../../avr/lib/avr51/crtm1280.o
__vector_37                                       c:/mhvwinavr/bin/../lib/gcc/avr/4.5.1/../../../../avr/lib/avr51/crtm1280.o
__vector_38                                       c:/mhvwinavr/bin/../lib/gcc/avr/4.5.1/../../../../avr/lib/avr51/crtm1280.o
__vector_39                                       c:/mhvwinavr/bin/../lib/gcc/avr/4.5.1/../../../../avr/lib/avr51/crtm1280.o
__vector_4                                        c:/mhvwinavr/bin/../lib/gcc/avr/4.5.1/../../../../avr/lib/avr51/crtm1280.o
__vector_40                                       c:/mhvwinavr/bin/../lib/gcc/avr/4.5.1/../../../../avr/lib/avr51/crtm1280.o
__vector_41                                       c:/mhvwinavr/bin/../lib/gcc/avr/4.5.1/../../../../avr/lib/avr51/crtm1280.o
__vector_42                                       c:/mhvwinavr/bin/../lib/gcc/avr/4.5.1/../../../../avr/lib/avr51/crtm1280.o
__vector_43                                       c:/mhvwinavr/bin/../lib/gcc/avr/4.5.1/../../../../avr/lib/avr51/crtm1280.o
__vector_44                                       c:/mhvwinavr/bin/../lib/gcc/avr/4.5.1/../../../../avr/lib/avr51/crtm1280.o
__vector_45                                       c:/mhvwinavr/bin/../lib/gcc/avr/4.5.1/../../../../avr/lib/avr51/crtm1280.o
__vector_46                                       c:/mhvwinavr/bin/../lib/gcc/avr/4.5.1/../../../../avr/lib/avr51/crtm1280.o
__vector_47                                       c:/mhvwinavr/bin/../lib/gcc/avr/4.5.1/../../../../avr/lib/avr51/crtm1280.o
__vector_48                                       c:/mhvwinavr/bin/../lib/gcc/avr/4.5.1/../../../../avr/lib/avr51/crtm1280.o
__vector_49                                       c:/mhvwinavr/bin/../lib/gcc/avr/4.5.1/../../../../avr/lib/avr51/crtm1280.o
__vector_5                                        c:/mhvwinavr/bin/../lib/gcc/avr/4.5.1/../../../../avr/lib/avr51/crtm1280.o
__vector_50                                       c:/mhvwinavr/bin/../lib/gcc/avr/4.5.1/../../../../avr/lib/avr51/crtm1280.o
__vector_51                                       c:/mhvwinavr/bin/../lib/gcc/avr/4.5.1/../../../../avr/lib/avr51/crtm1280.o
__vector_52                                       c:/mhvwinavr/bin/../lib/gcc/avr/4.5.1/../../../../avr/lib/avr51/crtm1280.o
__vector_53                                       c:/mhvwinavr/bin/../lib/gcc/avr/4.5.1/../../../../avr/lib/avr51/crtm1280.o
__vector_54                                       c:/mhvwinavr/bin/../lib/gcc/avr/4.5.1/../../../../avr/lib/avr51/crtm1280.o
__vector_55                                       c:/mhvwinavr/bin/../lib/gcc/avr/4.5.1/../../../../avr/lib/avr51/crtm1280.o
__vector_56                                       c:/mhvwinavr/bin/../lib/gcc/avr/4.5.1/../../../../avr/lib/avr51/crtm1280.o
__vector_6                                        c:/mhvwinavr/bin/../lib/gcc/avr/4.5.1/../../../../avr/lib/avr51/crtm1280.o
__vector_7                                        c:/mhvwinavr/bin/../lib/gcc/avr/4.5.1/../../../../avr/lib/avr51/crtm1280.o
__vector_8                                        c:/mhvwinavr/bin/../lib/gcc/avr/4.5.1/../../../../avr/lib/avr51/crtm1280.o
__vector_9                                        c:/mhvwinavr/bin/../lib/gcc/avr/4.5.1/../../../../avr/lib/avr51/crtm1280.o
__vector_default                                  c:/mhvwinavr/bin/../lib/gcc/avr/4.5.1/../../../../avr/lib/avr51/crtm1280.o
__vectors                                         c:/mhvwinavr/bin/../lib/gcc/avr/4.5.1/../../../../avr/lib/avr51/crtm1280.o
_exit                                             c:/mhvwinavr/bin/../lib/gcc/avr/4.5.1/avr51\libgcc.a(_exit.o)
exit                                              c:/mhvwinavr/bin/../lib/gcc/avr/4.5.1/avr51\libgcc.a(_exit.o)
                                                  c:/mhvwinavr/bin/../lib/gcc/avr/4.5.1/../../../../avr/lib/avr51/crtm1280.o
fputc                                             c:/mhvwinavr/bin/../lib/gcc/avr/4.5.1/../../../../avr/lib/avr51\libc.a(fputc.o)
                                                  c:/mhvwinavr/bin/../lib/gcc/avr/4.5.1/../../../../avr/lib/avr51\libc.a(vfprintf_std.o)
main                                              ./SerialBusy.o
                                                  c:/mhvwinavr/bin/../lib/gcc/avr/4.5.1/../../../../avr/lib/avr51/crtm1280.o
rxBuf                                             ./SerialBusy.o
rxBuffer                                          ./SerialBusy.o
serial                                            ./SerialBusy.o
snprintf                                          c:/mhvwinavr/bin/../lib/gcc/avr/4.5.1/../../../../avr/lib/avr51\libc.a(snprintf.o)
                                                  ./SerialBusy.o
strnlen                                           c:/mhvwinavr/bin/../lib/gcc/avr/4.5.1/../../../../avr/lib/avr51\libc.a(strnlen.o)
                                                  c:/mhvwinavr/bin/../lib/gcc/avr/4.5.1/../../../../avr/lib/avr51\libc.a(vfprintf_std.o)
strnlen_P                                         c:/mhvwinavr/bin/../lib/gcc/avr/4.5.1/../../../../avr/lib/avr51\libc.a(strnlen_P.o)
                                                  c:/mhvwinavr/bin/../lib/gcc/avr/4.5.1/../../../../avr/lib/avr51\libc.a(vfprintf_std.o)
vfprintf                                          c:/mhvwinavr/bin/../lib/gcc/avr/4.5.1/../../../../avr/lib/avr51\libc.a(vfprintf_std.o)
                                                  c:/mhvwinavr/bin/../lib/gcc/avr/4.5.1/../../../../avr/lib/avr51\libc.a(snprintf.o)
