Archive member included because of file (symbol)

A:\eclipse\mhvlib/ATmega328P_20MHz\libmhvlib.a(MHV_Device_TX.o)
                              ./VusbKeyboard.o (MHV_Device_TX::write_P(char const*))
A:\eclipse\mhvlib/ATmega328P_20MHz\libmhvlib.a(MHV_RTC.o)
                              ./VusbKeyboard.o (mhv_timestampIncrement(mhv_timestamp*, unsigned long, unsigned int))
A:\eclipse\mhvlib/ATmega328P_20MHz\libmhvlib.a(MHV_RingBuffer.o)
                              A:\eclipse\mhvlib/ATmega328P_20MHz\libmhvlib.a(MHV_Device_TX.o) (MHV_RingBuffer::consume(void*, unsigned char))
A:\eclipse\mhvlib/ATmega328P_20MHz\libmhvlib.a(MHV_Timer8.o)
                              A:\eclipse\mhvlib/ATmega328P_20MHz\libmhvlib.a(MHV_RTC.o) (MHV_Timer8::getPrescalerMultiplier())
A:\eclipse\mhvlib-Vusb-Keyboard/ATmega328P_20MHz\libmhvlib-vusb-keyboard.a(MHV_VusbTypist.o)
                              ./VusbKeyboard.o (MHV_VusbTypist::MHV_VusbTypist(MHV_RingBuffer*, MHV_RTC*))
A:\eclipse\mhvlib-Vusb-Keyboard/ATmega328P_20MHz\libmhvlib-vusb-keyboard.a(usbdrv.o)
                              A:\eclipse\mhvlib-Vusb-Keyboard/ATmega328P_20MHz\libmhvlib-vusb-keyboard.a(MHV_VusbTypist.o) (usbTxStatus1)
A:\eclipse\mhvlib-Vusb-Keyboard/ATmega328P_20MHz\libmhvlib-vusb-keyboard.a(usbdrvasm.o)
                              A:\eclipse\mhvlib-Vusb-Keyboard/ATmega328P_20MHz\libmhvlib-vusb-keyboard.a(usbdrv.o) (usbCrc16Append)
A:\eclipse\mhvlib-Vusb-Keyboard/ATmega328P_20MHz\libmhvlib-vusb-keyboard.a(MHV_VusbKeyboard.o)
                              A:\eclipse\mhvlib-Vusb-Keyboard/ATmega328P_20MHz\libmhvlib-vusb-keyboard.a(MHV_VusbTypist.o) (MHV_VusbKeyboard::alarm(mhv_alarm*))
c:/program files (x86)/mhv avr tools/bin/../lib/gcc/avr/4.6.2/avr5\libgcc.a(_mulsi3.o)
                              A:\eclipse\mhvlib/ATmega328P_20MHz\libmhvlib.a(MHV_RTC.o) (__mulsi3)
c:/program files (x86)/mhv avr tools/bin/../lib/gcc/avr/4.6.2/avr5\libgcc.a(_udivmodhi4.o)
                              A:\eclipse\mhvlib/ATmega328P_20MHz\libmhvlib.a(MHV_RTC.o) (__udivmodhi4)
c:/program files (x86)/mhv avr tools/bin/../lib/gcc/avr/4.6.2/avr5\libgcc.a(_udivmodsi4.o)
                              A:\eclipse\mhvlib/ATmega328P_20MHz\libmhvlib.a(MHV_RTC.o) (__udivmodsi4)
c:/program files (x86)/mhv avr tools/bin/../lib/gcc/avr/4.6.2/avr5\libgcc.a(_exit.o)
                              c:/program files (x86)/mhv avr tools/bin/../lib/gcc/avr/4.6.2/../../../../avr/lib/avr5/crtm328p.o (exit)
c:/program files (x86)/mhv avr tools/bin/../lib/gcc/avr/4.6.2/avr5\libgcc.a(_copy_data.o)
                              ./VusbKeyboard.o (__do_copy_data)
c:/program files (x86)/mhv avr tools/bin/../lib/gcc/avr/4.6.2/avr5\libgcc.a(_clear_bss.o)
                              ./VusbKeyboard.o (__do_clear_bss)
c:/program files (x86)/mhv avr tools/bin/../lib/gcc/avr/4.6.2/avr5\libgcc.a(_ctors.o)
                              ./VusbKeyboard.o (__do_global_ctors)
c:/program files (x86)/mhv avr tools/bin/../lib/gcc/avr/4.6.2/avr5\libgcc.a(_tablejump.o)
                              c:/program files (x86)/mhv avr tools/bin/../lib/gcc/avr/4.6.2/avr5\libgcc.a(_ctors.o) (__tablejump__)
c:/program files (x86)/mhv avr tools/bin/../lib/gcc/avr/4.6.2/../../../../avr/lib/avr5\libc.a(malloc.o)
                              A:\eclipse\mhvlib/ATmega328P_20MHz\libmhvlib.a(MHV_Device_TX.o) (malloc)
c:/program files (x86)/mhv avr tools/bin/../lib/gcc/avr/4.6.2/../../../../avr/lib/avr5\libc.a(memmove.o)
                              A:\eclipse\mhvlib/ATmega328P_20MHz\libmhvlib.a(MHV_RTC.o) (memmove)
c:/program files (x86)/mhv avr tools/bin/../lib/gcc/avr/4.6.2/../../../../avr/lib/avr5\libc.a(sprintf_p.o)
                              A:\eclipse\mhvlib/ATmega328P_20MHz\libmhvlib.a(MHV_Device_TX.o) (sprintf_P)
c:/program files (x86)/mhv avr tools/bin/../lib/gcc/avr/4.6.2/../../../../avr/lib/avr5\libc.a(vsprintf_p.o)
                              A:\eclipse\mhvlib/ATmega328P_20MHz\libmhvlib.a(MHV_Device_TX.o) (vsprintf_P)
c:/program files (x86)/mhv avr tools/bin/../lib/gcc/avr/4.6.2/../../../../avr/lib/avr5\libc.a(vfprintf_std.o)
                              c:/program files (x86)/mhv avr tools/bin/../lib/gcc/avr/4.6.2/../../../../avr/lib/avr5\libc.a(sprintf_p.o) (vfprintf)
c:/program files (x86)/mhv avr tools/bin/../lib/gcc/avr/4.6.2/../../../../avr/lib/avr5\libc.a(strnlen_P.o)
                              c:/program files (x86)/mhv avr tools/bin/../lib/gcc/avr/4.6.2/../../../../avr/lib/avr5\libc.a(vfprintf_std.o) (strnlen_P)
c:/program files (x86)/mhv avr tools/bin/../lib/gcc/avr/4.6.2/../../../../avr/lib/avr5\libc.a(memcpy.o)
                              c:/program files (x86)/mhv avr tools/bin/../lib/gcc/avr/4.6.2/../../../../avr/lib/avr5\libc.a(memmove.o) (memcpy)
c:/program files (x86)/mhv avr tools/bin/../lib/gcc/avr/4.6.2/../../../../avr/lib/avr5\libc.a(strnlen.o)
                              c:/program files (x86)/mhv avr tools/bin/../lib/gcc/avr/4.6.2/../../../../avr/lib/avr5\libc.a(vfprintf_std.o) (strnlen)
c:/program files (x86)/mhv avr tools/bin/../lib/gcc/avr/4.6.2/../../../../avr/lib/avr5\libc.a(fputc.o)
                              c:/program files (x86)/mhv avr tools/bin/../lib/gcc/avr/4.6.2/../../../../avr/lib/avr5\libc.a(vfprintf_std.o) (fputc)
c:/program files (x86)/mhv avr tools/bin/../lib/gcc/avr/4.6.2/../../../../avr/lib/avr5\libc.a(ultoa_invert.o)
                              c:/program files (x86)/mhv avr tools/bin/../lib/gcc/avr/4.6.2/../../../../avr/lib/avr5\libc.a(vfprintf_std.o) (__ultoa_invert)
c:/program files (x86)/mhv avr tools/bin/../lib/gcc/avr/4.6.2/avr5\libgcc.a(_prologue.o)
                              c:/program files (x86)/mhv avr tools/bin/../lib/gcc/avr/4.6.2/../../../../avr/lib/avr5\libc.a(sprintf_p.o) (__prologue_saves__)
c:/program files (x86)/mhv avr tools/bin/../lib/gcc/avr/4.6.2/avr5\libgcc.a(_epilogue.o)
                              c:/program files (x86)/mhv avr tools/bin/../lib/gcc/avr/4.6.2/../../../../avr/lib/avr5\libc.a(sprintf_p.o) (__epilogue_restores__)

Allocating common symbols
Common symbol       size              file

usbTxBuf            0xb               A:\eclipse\mhvlib-Vusb-Keyboard/ATmega328P_20MHz\libmhvlib-vusb-keyboard.a(usbdrv.o)
usbTxStatus1        0xc               A:\eclipse\mhvlib-Vusb-Keyboard/ATmega328P_20MHz\libmhvlib-vusb-keyboard.a(usbdrv.o)
__brkval            0x2               c:/program files (x86)/mhv avr tools/bin/../lib/gcc/avr/4.6.2/../../../../avr/lib/avr5\libc.a(malloc.o)
usbDeviceAddr       0x1               A:\eclipse\mhvlib-Vusb-Keyboard/ATmega328P_20MHz\libmhvlib-vusb-keyboard.a(usbdrv.o)
usbRxToken          0x1               A:\eclipse\mhvlib-Vusb-Keyboard/ATmega328P_20MHz\libmhvlib-vusb-keyboard.a(usbdrv.o)
usbInputBufOffset   0x1               A:\eclipse\mhvlib-Vusb-Keyboard/ATmega328P_20MHz\libmhvlib-vusb-keyboard.a(usbdrv.o)
usbMsgPtr           0x2               A:\eclipse\mhvlib-Vusb-Keyboard/ATmega328P_20MHz\libmhvlib-vusb-keyboard.a(usbdrv.o)
usbRxLen            0x1               A:\eclipse\mhvlib-Vusb-Keyboard/ATmega328P_20MHz\libmhvlib-vusb-keyboard.a(usbdrv.o)
usbNewDeviceAddr    0x1               A:\eclipse\mhvlib-Vusb-Keyboard/ATmega328P_20MHz\libmhvlib-vusb-keyboard.a(usbdrv.o)
usbCurrentTok       0x1               A:\eclipse\mhvlib-Vusb-Keyboard/ATmega328P_20MHz\libmhvlib-vusb-keyboard.a(usbdrv.o)
__flp               0x2               c:/program files (x86)/mhv avr tools/bin/../lib/gcc/avr/4.6.2/../../../../avr/lib/avr5\libc.a(malloc.o)
usbConfiguration    0x1               A:\eclipse\mhvlib-Vusb-Keyboard/ATmega328P_20MHz\libmhvlib-vusb-keyboard.a(usbdrv.o)
usbRxBuf            0x16              A:\eclipse\mhvlib-Vusb-Keyboard/ATmega328P_20MHz\libmhvlib-vusb-keyboard.a(usbdrv.o)

Discarded input sections

 .data          0x00000000        0x0 c:/program files (x86)/mhv avr tools/bin/../lib/gcc/avr/4.6.2/../../../../avr/lib/avr5/crtm328p.o
 .bss           0x00000000        0x0 c:/program files (x86)/mhv avr tools/bin/../lib/gcc/avr/4.6.2/../../../../avr/lib/avr5/crtm328p.o
 .text          0x00000000        0x0 ./VusbKeyboard.o
 .data          0x00000000        0x0 ./VusbKeyboard.o
 .bss           0x00000000        0x0 ./VusbKeyboard.o
 .text          0x00000000        0x0 A:\eclipse\mhvlib/ATmega328P_20MHz\libmhvlib.a(MHV_Device_TX.o)
 .data          0x00000000        0x0 A:\eclipse\mhvlib/ATmega328P_20MHz\libmhvlib.a(MHV_Device_TX.o)
 .bss           0x00000000        0x0 A:\eclipse\mhvlib/ATmega328P_20MHz\libmhvlib.a(MHV_Device_TX.o)
 .text._Z24mhv_device_tx_debug_freePKc
                0x00000000        0x6 A:\eclipse\mhvlib/ATmega328P_20MHz\libmhvlib.a(MHV_Device_TX.o)
 .text._ZN13MHV_Device_TX8canWriteEv
                0x00000000       0x12 A:\eclipse\mhvlib/ATmega328P_20MHz\libmhvlib.a(MHV_Device_TX.o)
 .text._ZN13MHV_Device_TX5writeEPKc
                0x00000000       0x96 A:\eclipse\mhvlib/ATmega328P_20MHz\libmhvlib.a(MHV_Device_TX.o)
 .text._ZN13MHV_Device_TX5writeEPKcPFvS1_E
                0x00000000       0xa0 A:\eclipse\mhvlib/ATmega328P_20MHz\libmhvlib.a(MHV_Device_TX.o)
 .text._ZN13MHV_Device_TX7write_PEPKcj
                0x00000000       0xa0 A:\eclipse\mhvlib/ATmega328P_20MHz\libmhvlib.a(MHV_Device_TX.o)
 .text._ZN13MHV_Device_TX5writeEPKcj
                0x00000000       0x9e A:\eclipse\mhvlib/ATmega328P_20MHz\libmhvlib.a(MHV_Device_TX.o)
 .text._ZN13MHV_Device_TX5writeEPKcjPFvS1_E
                0x00000000       0xa8 A:\eclipse\mhvlib/ATmega328P_20MHz\libmhvlib.a(MHV_Device_TX.o)
 .text._ZN13MHV_Device_TX5debugEPKciS1_S1_z
                0x00000000      0x14a A:\eclipse\mhvlib/ATmega328P_20MHz\libmhvlib.a(MHV_Device_TX.o)
 .progmem.data  0x00000000       0x1c A:\eclipse\mhvlib/ATmega328P_20MHz\libmhvlib.a(MHV_Device_TX.o)
 .text          0x00000000        0x0 A:\eclipse\mhvlib/ATmega328P_20MHz\libmhvlib.a(MHV_RTC.o)
 .data          0x00000000        0x0 A:\eclipse\mhvlib/ATmega328P_20MHz\libmhvlib.a(MHV_RTC.o)
 .bss           0x00000000        0x0 A:\eclipse\mhvlib/ATmega328P_20MHz\libmhvlib.a(MHV_RTC.o)
 .text._Z14mhv_isLeapYearj
                0x00000000       0x34 A:\eclipse\mhvlib/ATmega328P_20MHz\libmhvlib.a(MHV_RTC.o)
 .text._Z15mhv_daysInMonth9mhv_monthj
                0x00000000       0x24 A:\eclipse\mhvlib/ATmega328P_20MHz\libmhvlib.a(MHV_RTC.o)
 .text._ZN7MHV_RTC11synchroniseEv
                0x00000000       0x6a A:\eclipse\mhvlib/ATmega328P_20MHz\libmhvlib.a(MHV_RTC.o)
 .text._ZN7MHV_RTC7setTimeEmj
                0x00000000       0x10 A:\eclipse\mhvlib/ATmega328P_20MHz\libmhvlib.a(MHV_RTC.o)
 .text._ZN7MHV_RTC7setTimeEP13mhv_timestamp
                0x00000000       0x24 A:\eclipse\mhvlib/ATmega328P_20MHz\libmhvlib.a(MHV_RTC.o)
 .text._ZN7MHV_RTC4tickEv
                0x00000000       0x40 A:\eclipse\mhvlib/ATmega328P_20MHz\libmhvlib.a(MHV_RTC.o)
 .text._ZN7MHV_RTC19tick1msAndRunEventsEv
                0x00000000       0x32 A:\eclipse\mhvlib/ATmega328P_20MHz\libmhvlib.a(MHV_RTC.o)
 .text._ZN7MHV_RTC7elapsedEP13mhv_timestampS1_
                0x00000000       0xa6 A:\eclipse\mhvlib/ATmega328P_20MHz\libmhvlib.a(MHV_RTC.o)
 .text._ZN7MHV_RTC6toTimeEP8mhv_timeP13mhv_timestamp
                0x00000000      0x21a A:\eclipse\mhvlib/ATmega328P_20MHz\libmhvlib.a(MHV_RTC.o)
 .text._ZN7MHV_RTC11toTimestampEP13mhv_timestampP8mhv_time
                0x00000000      0x188 A:\eclipse\mhvlib/ATmega328P_20MHz\libmhvlib.a(MHV_RTC.o)
 .text._ZN7MHV_RTC16tickAndRunEventsEv
                0x00000000       0x46 A:\eclipse\mhvlib/ATmega328P_20MHz\libmhvlib.a(MHV_RTC.o)
 .text._ZN7MHV_RTC13alarmsPendingEv
                0x00000000        0x6 A:\eclipse\mhvlib/ATmega328P_20MHz\libmhvlib.a(MHV_RTC.o)
 .text._ZN7MHV_RTC11removeAlarmEP17MHV_AlarmListener
                0x00000000       0x88 A:\eclipse\mhvlib/ATmega328P_20MHz\libmhvlib.a(MHV_RTC.o)
 .progmem.data  0x00000000       0x3c A:\eclipse\mhvlib/ATmega328P_20MHz\libmhvlib.a(MHV_RTC.o)
 .text          0x00000000        0x0 A:\eclipse\mhvlib/ATmega328P_20MHz\libmhvlib.a(MHV_RingBuffer.o)
 .data          0x00000000        0x0 A:\eclipse\mhvlib/ATmega328P_20MHz\libmhvlib.a(MHV_RingBuffer.o)
 .bss           0x00000000        0x0 A:\eclipse\mhvlib/ATmega328P_20MHz\libmhvlib.a(MHV_RingBuffer.o)
 .text._ZN14MHV_RingBuffer5flushEv
                0x00000000        0x8 A:\eclipse\mhvlib/ATmega328P_20MHz\libmhvlib.a(MHV_RingBuffer.o)
 .text._ZN14MHV_RingBuffer4sizeEv
                0x00000000        0x6 A:\eclipse\mhvlib/ATmega328P_20MHz\libmhvlib.a(MHV_RingBuffer.o)
 .text._ZN14MHV_RingBuffer4fullEv
                0x00000000       0x26 A:\eclipse\mhvlib/ATmega328P_20MHz\libmhvlib.a(MHV_RingBuffer.o)
 .text._ZN14MHV_RingBuffer8peekHeadEv
                0x00000000       0x2c A:\eclipse\mhvlib/ATmega328P_20MHz\libmhvlib.a(MHV_RingBuffer.o)
 .text          0x00000000        0x0 A:\eclipse\mhvlib/ATmega328P_20MHz\libmhvlib.a(MHV_Timer8.o)
 .data          0x00000000        0x0 A:\eclipse\mhvlib/ATmega328P_20MHz\libmhvlib.a(MHV_Timer8.o)
 .bss           0x00000000        0x0 A:\eclipse\mhvlib/ATmega328P_20MHz\libmhvlib.a(MHV_Timer8.o)
 .text._ZN10MHV_Timer8C2Ev
                0x00000000        0x2 A:\eclipse\mhvlib/ATmega328P_20MHz\libmhvlib.a(MHV_Timer8.o)
 .text._ZN10MHV_Timer87currentEv
                0x00000000       0x14 A:\eclipse\mhvlib/ATmega328P_20MHz\libmhvlib.a(MHV_Timer8.o)
 .text._ZN10MHV_Timer818calculatePrescalerEmP19mhv_timer_prescalerPj
                0x00000000      0x208 A:\eclipse\mhvlib/ATmega328P_20MHz\libmhvlib.a(MHV_Timer8.o)
 .text._ZN10MHV_Timer812calculateTopEPmj
                0x00000000       0x3a A:\eclipse\mhvlib/ATmega328P_20MHz\libmhvlib.a(MHV_Timer8.o)
 .text._ZN10MHV_Timer812getPrescalerEv
                0x00000000       0x10 A:\eclipse\mhvlib/ATmega328P_20MHz\libmhvlib.a(MHV_Timer8.o)
 .text._ZN10MHV_Timer822getPrescalerMultiplierEv
                0x00000000       0x98 A:\eclipse\mhvlib/ATmega328P_20MHz\libmhvlib.a(MHV_Timer8.o)
 .text._ZN10MHV_Timer812setPrescalerE19mhv_timer_prescaler
                0x00000000        0x6 A:\eclipse\mhvlib/ATmega328P_20MHz\libmhvlib.a(MHV_Timer8.o)
 .text._ZN10MHV_Timer810setPeriodsEmm
                0x00000000       0xf2 A:\eclipse\mhvlib/ATmega328P_20MHz\libmhvlib.a(MHV_Timer8.o)
 .text._ZN10MHV_Timer86getTopEv
                0x00000000       0x26 A:\eclipse\mhvlib/ATmega328P_20MHz\libmhvlib.a(MHV_Timer8.o)
 .text._ZN10MHV_Timer86setTopEh
                0x00000000       0x16 A:\eclipse\mhvlib/ATmega328P_20MHz\libmhvlib.a(MHV_Timer8.o)
 .text._ZN10MHV_Timer89setOutputEhh
                0x00000000       0x20 A:\eclipse\mhvlib/ATmega328P_20MHz\libmhvlib.a(MHV_Timer8.o)
 .text._ZN10MHV_Timer810setOutput1Eh
                0x00000000        0xe A:\eclipse\mhvlib/ATmega328P_20MHz\libmhvlib.a(MHV_Timer8.o)
 .text._ZN10MHV_Timer810setOutput2Eh
                0x00000000        0xe A:\eclipse\mhvlib/ATmega328P_20MHz\libmhvlib.a(MHV_Timer8.o)
 .text._ZN10MHV_Timer89getOutputEh
                0x00000000       0x22 A:\eclipse\mhvlib/ATmega328P_20MHz\libmhvlib.a(MHV_Timer8.o)
 .text._ZN10MHV_Timer810getOutput1Ev
                0x00000000        0xe A:\eclipse\mhvlib/ATmega328P_20MHz\libmhvlib.a(MHV_Timer8.o)
 .text._ZN10MHV_Timer810getOutput2Ev
                0x00000000        0xe A:\eclipse\mhvlib/ATmega328P_20MHz\libmhvlib.a(MHV_Timer8.o)
 .text._ZN10MHV_Timer814connectOutput1E22mhv_timer_connect_type
                0x00000000       0x1a A:\eclipse\mhvlib/ATmega328P_20MHz\libmhvlib.a(MHV_Timer8.o)
 .text._ZN10MHV_Timer814connectOutput2E22mhv_timer_connect_type
                0x00000000       0x16 A:\eclipse\mhvlib/ATmega328P_20MHz\libmhvlib.a(MHV_Timer8.o)
 .text._ZN10MHV_Timer87enabledEv
                0x00000000       0x16 A:\eclipse\mhvlib/ATmega328P_20MHz\libmhvlib.a(MHV_Timer8.o)
 .text._ZN10MHV_Timer88trigger2Ev
                0x00000000       0x1a A:\eclipse\mhvlib/ATmega328P_20MHz\libmhvlib.a(MHV_Timer8.o)
 .text._ZN10MHV_Timer87setModeE14mhv_timer_mode
                0x00000000        0x6 A:\eclipse\mhvlib/ATmega328P_20MHz\libmhvlib.a(MHV_Timer8.o)
 .text          0x00000000        0x0 A:\eclipse\mhvlib-Vusb-Keyboard/ATmega328P_20MHz\libmhvlib-vusb-keyboard.a(MHV_VusbTypist.o)
 .data          0x00000000        0x0 A:\eclipse\mhvlib-Vusb-Keyboard/ATmega328P_20MHz\libmhvlib-vusb-keyboard.a(MHV_VusbTypist.o)
 .bss           0x00000000        0x0 A:\eclipse\mhvlib-Vusb-Keyboard/ATmega328P_20MHz\libmhvlib-vusb-keyboard.a(MHV_VusbTypist.o)
 .text          0x00000000        0x0 A:\eclipse\mhvlib-Vusb-Keyboard/ATmega328P_20MHz\libmhvlib-vusb-keyboard.a(usbdrv.o)
 .data          0x00000000        0x0 A:\eclipse\mhvlib-Vusb-Keyboard/ATmega328P_20MHz\libmhvlib-vusb-keyboard.a(usbdrvasm.o)
 .bss           0x00000000        0x0 A:\eclipse\mhvlib-Vusb-Keyboard/ATmega328P_20MHz\libmhvlib-vusb-keyboard.a(usbdrvasm.o)
 .text          0x00000000        0x0 A:\eclipse\mhvlib-Vusb-Keyboard/ATmega328P_20MHz\libmhvlib-vusb-keyboard.a(MHV_VusbKeyboard.o)
 .data          0x00000000        0x0 A:\eclipse\mhvlib-Vusb-Keyboard/ATmega328P_20MHz\libmhvlib-vusb-keyboard.a(MHV_VusbKeyboard.o)
 .bss           0x00000000        0x0 A:\eclipse\mhvlib-Vusb-Keyboard/ATmega328P_20MHz\libmhvlib-vusb-keyboard.a(MHV_VusbKeyboard.o)
 .text._ZN16MHV_VusbKeyboard9keyStrokeE21mhv_vusb_keyboard_keyh
                0x00000000       0x18 A:\eclipse\mhvlib-Vusb-Keyboard/ATmega328P_20MHz\libmhvlib-vusb-keyboard.a(MHV_VusbKeyboard.o)
 .text._ZN16MHV_VusbKeyboard9keyStrokeE21mhv_vusb_keyboard_key
                0x00000000        0x8 A:\eclipse\mhvlib-Vusb-Keyboard/ATmega328P_20MHz\libmhvlib-vusb-keyboard.a(MHV_VusbKeyboard.o)
 .rodata._ZTV17MHV_AlarmListener
                0x00000000        0x6 A:\eclipse\mhvlib-Vusb-Keyboard/ATmega328P_20MHz\libmhvlib-vusb-keyboard.a(MHV_VusbKeyboard.o)
 .text          0x00000000        0x0 c:/program files (x86)/mhv avr tools/bin/../lib/gcc/avr/4.6.2/avr5\libgcc.a(_mulsi3.o)
 .data          0x00000000        0x0 c:/program files (x86)/mhv avr tools/bin/../lib/gcc/avr/4.6.2/avr5\libgcc.a(_mulsi3.o)
 .bss           0x00000000        0x0 c:/program files (x86)/mhv avr tools/bin/../lib/gcc/avr/4.6.2/avr5\libgcc.a(_mulsi3.o)
 .text.libgcc   0x00000000       0x3e c:/program files (x86)/mhv avr tools/bin/../lib/gcc/avr/4.6.2/avr5\libgcc.a(_mulsi3.o)
 .text          0x00000000        0x0 c:/program files (x86)/mhv avr tools/bin/../lib/gcc/avr/4.6.2/avr5\libgcc.a(_udivmodhi4.o)
 .data          0x00000000        0x0 c:/program files (x86)/mhv avr tools/bin/../lib/gcc/avr/4.6.2/avr5\libgcc.a(_udivmodhi4.o)
 .bss           0x00000000        0x0 c:/program files (x86)/mhv avr tools/bin/../lib/gcc/avr/4.6.2/avr5\libgcc.a(_udivmodhi4.o)
 .text.libgcc   0x00000000       0x28 c:/program files (x86)/mhv avr tools/bin/../lib/gcc/avr/4.6.2/avr5\libgcc.a(_udivmodhi4.o)
 .text          0x00000000        0x0 c:/program files (x86)/mhv avr tools/bin/../lib/gcc/avr/4.6.2/avr5\libgcc.a(_udivmodsi4.o)
 .data          0x00000000        0x0 c:/program files (x86)/mhv avr tools/bin/../lib/gcc/avr/4.6.2/avr5\libgcc.a(_udivmodsi4.o)
 .bss           0x00000000        0x0 c:/program files (x86)/mhv avr tools/bin/../lib/gcc/avr/4.6.2/avr5\libgcc.a(_udivmodsi4.o)
 .text.libgcc   0x00000000       0x44 c:/program files (x86)/mhv avr tools/bin/../lib/gcc/avr/4.6.2/avr5\libgcc.a(_udivmodsi4.o)
 .text          0x00000000        0x0 c:/program files (x86)/mhv avr tools/bin/../lib/gcc/avr/4.6.2/avr5\libgcc.a(_exit.o)
 .data          0x00000000        0x0 c:/program files (x86)/mhv avr tools/bin/../lib/gcc/avr/4.6.2/avr5\libgcc.a(_exit.o)
 .bss           0x00000000        0x0 c:/program files (x86)/mhv avr tools/bin/../lib/gcc/avr/4.6.2/avr5\libgcc.a(_exit.o)
 .text.libgcc   0x00000000        0x0 c:/program files (x86)/mhv avr tools/bin/../lib/gcc/avr/4.6.2/avr5\libgcc.a(_exit.o)
 .text          0x00000000        0x0 c:/program files (x86)/mhv avr tools/bin/../lib/gcc/avr/4.6.2/avr5\libgcc.a(_copy_data.o)
 .data          0x00000000        0x0 c:/program files (x86)/mhv avr tools/bin/../lib/gcc/avr/4.6.2/avr5\libgcc.a(_copy_data.o)
 .bss           0x00000000        0x0 c:/program files (x86)/mhv avr tools/bin/../lib/gcc/avr/4.6.2/avr5\libgcc.a(_copy_data.o)
 .text.libgcc   0x00000000        0x0 c:/program files (x86)/mhv avr tools/bin/../lib/gcc/avr/4.6.2/avr5\libgcc.a(_copy_data.o)
 .text          0x00000000        0x0 c:/program files (x86)/mhv avr tools/bin/../lib/gcc/avr/4.6.2/avr5\libgcc.a(_clear_bss.o)
 .data          0x00000000        0x0 c:/program files (x86)/mhv avr tools/bin/../lib/gcc/avr/4.6.2/avr5\libgcc.a(_clear_bss.o)
 .bss           0x00000000        0x0 c:/program files (x86)/mhv avr tools/bin/../lib/gcc/avr/4.6.2/avr5\libgcc.a(_clear_bss.o)
 .text.libgcc   0x00000000        0x0 c:/program files (x86)/mhv avr tools/bin/../lib/gcc/avr/4.6.2/avr5\libgcc.a(_clear_bss.o)
 .text          0x00000000        0x0 c:/program files (x86)/mhv avr tools/bin/../lib/gcc/avr/4.6.2/avr5\libgcc.a(_ctors.o)
 .data          0x00000000        0x0 c:/program files (x86)/mhv avr tools/bin/../lib/gcc/avr/4.6.2/avr5\libgcc.a(_ctors.o)
 .bss           0x00000000        0x0 c:/program files (x86)/mhv avr tools/bin/../lib/gcc/avr/4.6.2/avr5\libgcc.a(_ctors.o)
 .text.libgcc   0x00000000        0x0 c:/program files (x86)/mhv avr tools/bin/../lib/gcc/avr/4.6.2/avr5\libgcc.a(_ctors.o)
 .text          0x00000000        0x0 c:/program files (x86)/mhv avr tools/bin/../lib/gcc/avr/4.6.2/avr5\libgcc.a(_tablejump.o)
 .data          0x00000000        0x0 c:/program files (x86)/mhv avr tools/bin/../lib/gcc/avr/4.6.2/avr5\libgcc.a(_tablejump.o)
 .bss           0x00000000        0x0 c:/program files (x86)/mhv avr tools/bin/../lib/gcc/avr/4.6.2/avr5\libgcc.a(_tablejump.o)
 .text          0x00000000        0x0 c:/program files (x86)/mhv avr tools/bin/../lib/gcc/avr/4.6.2/../../../../avr/lib/avr5\libc.a(malloc.o)
 .data          0x00000000        0x6 c:/program files (x86)/mhv avr tools/bin/../lib/gcc/avr/4.6.2/../../../../avr/lib/avr5\libc.a(malloc.o)
 .bss           0x00000000        0x0 c:/program files (x86)/mhv avr tools/bin/../lib/gcc/avr/4.6.2/../../../../avr/lib/avr5\libc.a(malloc.o)
 .text.avr-libc
                0x00000000      0x25e c:/program files (x86)/mhv avr tools/bin/../lib/gcc/avr/4.6.2/../../../../avr/lib/avr5\libc.a(malloc.o)
 COMMON         0x00000000        0x4 c:/program files (x86)/mhv avr tools/bin/../lib/gcc/avr/4.6.2/../../../../avr/lib/avr5\libc.a(malloc.o)
 .text          0x00000000        0x0 c:/program files (x86)/mhv avr tools/bin/../lib/gcc/avr/4.6.2/../../../../avr/lib/avr5\libc.a(memmove.o)
 .data          0x00000000        0x0 c:/program files (x86)/mhv avr tools/bin/../lib/gcc/avr/4.6.2/../../../../avr/lib/avr5\libc.a(memmove.o)
 .bss           0x00000000        0x0 c:/program files (x86)/mhv avr tools/bin/../lib/gcc/avr/4.6.2/../../../../avr/lib/avr5\libc.a(memmove.o)
 .text          0x00000000        0x0 c:/program files (x86)/mhv avr tools/bin/../lib/gcc/avr/4.6.2/../../../../avr/lib/avr5\libc.a(sprintf_p.o)
 .data          0x00000000        0x0 c:/program files (x86)/mhv avr tools/bin/../lib/gcc/avr/4.6.2/../../../../avr/lib/avr5\libc.a(sprintf_p.o)
 .bss           0x00000000        0x0 c:/program files (x86)/mhv avr tools/bin/../lib/gcc/avr/4.6.2/../../../../avr/lib/avr5\libc.a(sprintf_p.o)
 .text.avr-libc
                0x00000000       0x44 c:/program files (x86)/mhv avr tools/bin/../lib/gcc/avr/4.6.2/../../../../avr/lib/avr5\libc.a(sprintf_p.o)
 .text          0x00000000        0x0 c:/program files (x86)/mhv avr tools/bin/../lib/gcc/avr/4.6.2/../../../../avr/lib/avr5\libc.a(vsprintf_p.o)
 .data          0x00000000        0x0 c:/program files (x86)/mhv avr tools/bin/../lib/gcc/avr/4.6.2/../../../../avr/lib/avr5\libc.a(vsprintf_p.o)
 .bss           0x00000000        0x0 c:/program files (x86)/mhv avr tools/bin/../lib/gcc/avr/4.6.2/../../../../avr/lib/avr5\libc.a(vsprintf_p.o)
 .text.avr-libc
                0x00000000       0x38 c:/program files (x86)/mhv avr tools/bin/../lib/gcc/avr/4.6.2/../../../../avr/lib/avr5\libc.a(vsprintf_p.o)
 .text          0x00000000        0x0 c:/program files (x86)/mhv avr tools/bin/../lib/gcc/avr/4.6.2/../../../../avr/lib/avr5\libc.a(vfprintf_std.o)
 .data          0x00000000        0x0 c:/program files (x86)/mhv avr tools/bin/../lib/gcc/avr/4.6.2/../../../../avr/lib/avr5\libc.a(vfprintf_std.o)
 .bss           0x00000000        0x0 c:/program files (x86)/mhv avr tools/bin/../lib/gcc/avr/4.6.2/../../../../avr/lib/avr5\libc.a(vfprintf_std.o)
 .text.avr-libc
                0x00000000      0x3be c:/program files (x86)/mhv avr tools/bin/../lib/gcc/avr/4.6.2/../../../../avr/lib/avr5\libc.a(vfprintf_std.o)
 .text          0x00000000        0x0 c:/program files (x86)/mhv avr tools/bin/../lib/gcc/avr/4.6.2/../../../../avr/lib/avr5\libc.a(strnlen_P.o)
 .data          0x00000000        0x0 c:/program files (x86)/mhv avr tools/bin/../lib/gcc/avr/4.6.2/../../../../avr/lib/avr5\libc.a(strnlen_P.o)
 .bss           0x00000000        0x0 c:/program files (x86)/mhv avr tools/bin/../lib/gcc/avr/4.6.2/../../../../avr/lib/avr5\libc.a(strnlen_P.o)
 .text.avr-libc
                0x00000000       0x16 c:/program files (x86)/mhv avr tools/bin/../lib/gcc/avr/4.6.2/../../../../avr/lib/avr5\libc.a(strnlen_P.o)
 .text          0x00000000        0x0 c:/program files (x86)/mhv avr tools/bin/../lib/gcc/avr/4.6.2/../../../../avr/lib/avr5\libc.a(memcpy.o)
 .data          0x00000000        0x0 c:/program files (x86)/mhv avr tools/bin/../lib/gcc/avr/4.6.2/../../../../avr/lib/avr5\libc.a(memcpy.o)
 .bss           0x00000000        0x0 c:/program files (x86)/mhv avr tools/bin/../lib/gcc/avr/4.6.2/../../../../avr/lib/avr5\libc.a(memcpy.o)
 .text          0x00000000        0x0 c:/program files (x86)/mhv avr tools/bin/../lib/gcc/avr/4.6.2/../../../../avr/lib/avr5\libc.a(strnlen.o)
 .data          0x00000000        0x0 c:/program files (x86)/mhv avr tools/bin/../lib/gcc/avr/4.6.2/../../../../avr/lib/avr5\libc.a(strnlen.o)
 .bss           0x00000000        0x0 c:/program files (x86)/mhv avr tools/bin/../lib/gcc/avr/4.6.2/../../../../avr/lib/avr5\libc.a(strnlen.o)
 .text.avr-libc
                0x00000000       0x16 c:/program files (x86)/mhv avr tools/bin/../lib/gcc/avr/4.6.2/../../../../avr/lib/avr5\libc.a(strnlen.o)
 .text          0x00000000        0x0 c:/program files (x86)/mhv avr tools/bin/../lib/gcc/avr/4.6.2/../../../../avr/lib/avr5\libc.a(fputc.o)
 .data          0x00000000        0x0 c:/program files (x86)/mhv avr tools/bin/../lib/gcc/avr/4.6.2/../../../../avr/lib/avr5\libc.a(fputc.o)
 .bss           0x00000000        0x0 c:/program files (x86)/mhv avr tools/bin/../lib/gcc/avr/4.6.2/../../../../avr/lib/avr5\libc.a(fputc.o)
 .text.avr-libc
                0x00000000       0x58 c:/program files (x86)/mhv avr tools/bin/../lib/gcc/avr/4.6.2/../../../../avr/lib/avr5\libc.a(fputc.o)
 .text          0x00000000        0x0 c:/program files (x86)/mhv avr tools/bin/../lib/gcc/avr/4.6.2/../../../../avr/lib/avr5\libc.a(ultoa_invert.o)
 .data          0x00000000        0x0 c:/program files (x86)/mhv avr tools/bin/../lib/gcc/avr/4.6.2/../../../../avr/lib/avr5\libc.a(ultoa_invert.o)
 .bss           0x00000000        0x0 c:/program files (x86)/mhv avr tools/bin/../lib/gcc/avr/4.6.2/../../../../avr/lib/avr5\libc.a(ultoa_invert.o)
 .text.avr-libc
                0x00000000       0xbc c:/program files (x86)/mhv avr tools/bin/../lib/gcc/avr/4.6.2/../../../../avr/lib/avr5\libc.a(ultoa_invert.o)
 .text          0x00000000        0x0 c:/program files (x86)/mhv avr tools/bin/../lib/gcc/avr/4.6.2/avr5\libgcc.a(_prologue.o)
 .data          0x00000000        0x0 c:/program files (x86)/mhv avr tools/bin/../lib/gcc/avr/4.6.2/avr5\libgcc.a(_prologue.o)
 .bss           0x00000000        0x0 c:/program files (x86)/mhv avr tools/bin/../lib/gcc/avr/4.6.2/avr5\libgcc.a(_prologue.o)
 .text.libgcc   0x00000000       0x38 c:/program files (x86)/mhv avr tools/bin/../lib/gcc/avr/4.6.2/avr5\libgcc.a(_prologue.o)
 .text          0x00000000        0x0 c:/program files (x86)/mhv avr tools/bin/../lib/gcc/avr/4.6.2/avr5\libgcc.a(_epilogue.o)
 .data          0x00000000        0x0 c:/program files (x86)/mhv avr tools/bin/../lib/gcc/avr/4.6.2/avr5\libgcc.a(_epilogue.o)
 .bss           0x00000000        0x0 c:/program files (x86)/mhv avr tools/bin/../lib/gcc/avr/4.6.2/avr5\libgcc.a(_epilogue.o)
 .text.libgcc   0x00000000       0x36 c:/program files (x86)/mhv avr tools/bin/../lib/gcc/avr/4.6.2/avr5\libgcc.a(_epilogue.o)

Memory Configuration

Name             Origin             Length             Attributes
text             0x00000000         0x00020000         xr
data             0x00800060         0x0000ffa0         rw !x
eeprom           0x00810000         0x00010000         rw !x
fuse             0x00820000         0x00000400         rw !x
lock             0x00830000         0x00000400         rw !x
signature        0x00840000         0x00000400         rw !x
*default*        0x00000000         0xffffffff

Linker script and memory map

Address of section .data set to 0x800100
LOAD c:/program files (x86)/mhv avr tools/bin/../lib/gcc/avr/4.6.2/../../../../avr/lib/avr5/crtm328p.o
LOAD ./VusbKeyboard.o
LOAD A:\eclipse\mhvlib/ATmega328P_20MHz\libmhvlib.a
LOAD A:\eclipse\mhvlib-Vusb-Keyboard/ATmega328P_20MHz\libmhvlib-vusb-keyboard.a
LOAD c:/program files (x86)/mhv avr tools/bin/../lib/gcc/avr/4.6.2/avr5\libgcc.a
LOAD c:/program files (x86)/mhv avr tools/bin/../lib/gcc/avr/4.6.2/../../../../avr/lib/avr5\libm.a
LOAD c:/program files (x86)/mhv avr tools/bin/../lib/gcc/avr/4.6.2/avr5\libgcc.a
LOAD c:/program files (x86)/mhv avr tools/bin/../lib/gcc/avr/4.6.2/../../../../avr/lib/avr5\libc.a
LOAD c:/program files (x86)/mhv avr tools/bin/../lib/gcc/avr/4.6.2/avr5\libgcc.a

.hash
 *(.hash)

.dynsym
 *(.dynsym)

.dynstr
 *(.dynstr)

.gnu.version
 *(.gnu.version)

.gnu.version_d
 *(.gnu.version_d)

.gnu.version_r
 *(.gnu.version_r)

.rel.init
 *(.rel.init)

.rela.init
 *(.rela.init)

.rel.text
 *(.rel.text)
 *(.rel.text.*)
 *(.rel.gnu.linkonce.t*)

.rela.text
 *(.rela.text)
 *(.rela.text.*)
 *(.rela.gnu.linkonce.t*)

.rel.fini
 *(.rel.fini)

.rela.fini
 *(.rela.fini)

.rel.rodata
 *(.rel.rodata)
 *(.rel.rodata.*)
 *(.rel.gnu.linkonce.r*)

.rela.rodata
 *(.rela.rodata)
 *(.rela.rodata.*)
 *(.rela.gnu.linkonce.r*)

.rel.data
 *(.rel.data)
 *(.rel.data.*)
 *(.rel.gnu.linkonce.d*)

.rela.data
 *(.rela.data)
 *(.rela.data.*)
 *(.rela.gnu.linkonce.d*)

.rel.ctors
 *(.rel.ctors)

.rela.ctors
 *(.rela.ctors)

.rel.dtors
 *(.rel.dtors)

.rela.dtors
 *(.rela.dtors)

.rel.got
 *(.rel.got)

.rela.got
 *(.rela.got)

.rel.bss
 *(.rel.bss)

.rela.bss
 *(.rela.bss)

.rel.plt
 *(.rel.plt)

.rela.plt
 *(.rela.plt)

.text           0x00000000     0x165e
 *(.vectors)
 .vectors       0x00000000       0x68 c:/program files (x86)/mhv avr tools/bin/../lib/gcc/avr/4.6.2/../../../../avr/lib/avr5/crtm328p.o
                0x00000000                __vector_default
                0x00000000                __vectors
 *(.vectors)
 *(.progmem.gcc*)
 *(.progmem*)
 .progmem.data  0x00000068       0x14 ./VusbKeyboard.o
 .progmem.data  0x0000007c       0xb0 A:\eclipse\mhvlib-Vusb-Keyboard/ATmega328P_20MHz\libmhvlib-vusb-keyboard.a(usbdrv.o)
                0x0000007c                usbDescriptorConfiguration
                0x0000009e                usbDescriptorDevice
                0x000000b0                usbDescriptorStringSerialNumber
                0x000000e6                usbDescriptorStringDevice
                0x00000106                usbDescriptorStringVendor
                0x00000128                usbDescriptorString0
 .progmem.data  0x0000012c       0x23 A:\eclipse\mhvlib-Vusb-Keyboard/ATmega328P_20MHz\libmhvlib-vusb-keyboard.a(MHV_VusbKeyboard.o)
                0x0000012c                usbDescriptorHidReport
                0x00000150                . = ALIGN (0x2)
 *fill*         0x0000014f        0x1 00
                0x00000150                __trampolines_start = .
 *(.trampolines)
 .trampolines   0x00000150        0x0 linker stubs
 *(.trampolines*)
                0x00000150                __trampolines_end = .
 *(.jumptables)
 *(.jumptables*)
 *(.lowtext)
 *(.lowtext*)
                0x00000150                __ctors_start = .
 *(.ctors)
 .ctors         0x00000150        0x2 ./VusbKeyboard.o
                0x00000152                __ctors_end = .
                0x00000152                __dtors_start = .
 *(.dtors)
                0x00000152                __dtors_end = .
 SORT(*)(.ctors)
 SORT(*)(.dtors)
 *(.init0)
 .init0         0x00000152        0x0 c:/program files (x86)/mhv avr tools/bin/../lib/gcc/avr/4.6.2/../../../../avr/lib/avr5/crtm328p.o
                0x00000152                __init
 *(.init0)
 *(.init1)
 *(.init1)
 *(.init2)
 .init2         0x00000152        0xc c:/program files (x86)/mhv avr tools/bin/../lib/gcc/avr/4.6.2/../../../../avr/lib/avr5/crtm328p.o
 *(.init2)
 *(.init3)
 *(.init3)
 *(.init4)
 .init4         0x0000015e       0x16 c:/program files (x86)/mhv avr tools/bin/../lib/gcc/avr/4.6.2/avr5\libgcc.a(_copy_data.o)
                0x0000015e                __do_copy_data
 .init4         0x00000174       0x10 c:/program files (x86)/mhv avr tools/bin/../lib/gcc/avr/4.6.2/avr5\libgcc.a(_clear_bss.o)
                0x00000174                __do_clear_bss
 *(.init4)
 *(.init5)
 *(.init5)
 *(.init6)
 .init6         0x00000184       0x16 c:/program files (x86)/mhv avr tools/bin/../lib/gcc/avr/4.6.2/avr5\libgcc.a(_ctors.o)
                0x00000184                __do_global_ctors
 *(.init6)
 *(.init7)
 *(.init7)
 *(.init8)
 *(.init8)
 *(.init9)
 .init9         0x0000019a        0x8 c:/program files (x86)/mhv avr tools/bin/../lib/gcc/avr/4.6.2/../../../../avr/lib/avr5/crtm328p.o
 *(.init9)
 *(.text)
 .text          0x000001a2        0x4 c:/program files (x86)/mhv avr tools/bin/../lib/gcc/avr/4.6.2/../../../../avr/lib/avr5/crtm328p.o
                0x000001a2                __vector_22
                0x000001a2                __vector_24
                0x000001a2                __vector_12
                0x000001a2                __bad_interrupt
                0x000001a2                __vector_6
                0x000001a2                __vector_3
                0x000001a2                __vector_23
                0x000001a2                __vector_25
                0x000001a2                __vector_11
                0x000001a2                __vector_13
                0x000001a2                __vector_17
                0x000001a2                __vector_19
                0x000001a2                __vector_5
                0x000001a2                __vector_4
                0x000001a2                __vector_9
                0x000001a2                __vector_2
                0x000001a2                __vector_21
                0x000001a2                __vector_15
                0x000001a2                __vector_8
                0x000001a2                __vector_14
                0x000001a2                __vector_10
                0x000001a2                __vector_16
                0x000001a2                __vector_18
                0x000001a2                __vector_20
 .text          0x000001a6      0x262 A:\eclipse\mhvlib-Vusb-Keyboard/ATmega328P_20MHz\libmhvlib-vusb-keyboard.a(usbdrvasm.o)
                0x000001a6                usbCrc16
                0x000001d0                usbCrc16Append
                0x000001d8                __vector_1
                0x00000408                . = ALIGN (0x2)
 *(.text.*)
 .text.__cxa_pure_virtual
                0x00000408        0xc ./VusbKeyboard.o
                0x00000408                __cxa_pure_virtual
 .text.__vector_7
                0x00000414       0x58 ./VusbKeyboard.o
                0x00000414                __vector_7
 .text._Z10rtcTriggerPv
                0x0000046c       0x20 ./VusbKeyboard.o
                0x0000046c                rtcTrigger(void*)
 .text._ZN10TypeString5alarmEP9mhv_alarm
                0x0000048c       0x30 ./VusbKeyboard.o
                0x0000048c                TypeString::alarm(mhv_alarm*)
 .text._ZN17MHV_AlarmListenerC2Ev
                0x000004bc       0x26 ./VusbKeyboard.o
                0x000004bc                MHV_AlarmListener::MHV_AlarmListener()
 .text._ZN10TypeStringC1Ev
                0x000004e2       0x2e ./VusbKeyboard.o
                0x000004e2                TypeString::TypeString()
 .text.main     0x00000510       0xfc ./VusbKeyboard.o
                0x00000510                main
 .text._Z41__static_initialization_and_destruction_0ii
                0x0000060c       0xd4 ./VusbKeyboard.o
 .text._GLOBAL__sub_I___cxa_pure_virtual
                0x000006e0       0x1a ./VusbKeyboard.o
 .text._ZN13MHV_Device_TXC2EP14MHV_RingBuffer
                0x000006fa       0x20 A:\eclipse\mhvlib/ATmega328P_20MHz\libmhvlib.a(MHV_Device_TX.o)
                0x000006fa                MHV_Device_TX::MHV_Device_TX(MHV_RingBuffer*)
                0x000006fa                MHV_Device_TX::MHV_Device_TX(MHV_RingBuffer*)
 .text._ZN13MHV_Device_TX6moreTXEv
                0x0000071a       0x40 A:\eclipse\mhvlib/ATmega328P_20MHz\libmhvlib.a(MHV_Device_TX.o)
                0x0000071a                MHV_Device_TX::moreTX()
 .text._ZN13MHV_Device_TX13nextCharacterEv
                0x0000075a       0x6e A:\eclipse\mhvlib/ATmega328P_20MHz\libmhvlib.a(MHV_Device_TX.o)
                0x0000075a                MHV_Device_TX::nextCharacter()
 .text._ZN13MHV_Device_TX7write_PEPKc
                0x000007c8       0x96 A:\eclipse\mhvlib/ATmega328P_20MHz\libmhvlib.a(MHV_Device_TX.o)
                0x000007c8                MHV_Device_TX::write_P(char const*)
 .text._Z21mhv_timestampLessThanP13mhv_timestampS0_
                0x0000085e       0x4a A:\eclipse\mhvlib/ATmega328P_20MHz\libmhvlib.a(MHV_RTC.o)
                0x0000085e                mhv_timestampLessThan(mhv_timestamp*, mhv_timestamp*)
 .text._Z31mhv_timestampGreaterThanOrEqualP13mhv_timestampS0_
                0x000008a8       0x4a A:\eclipse\mhvlib/ATmega328P_20MHz\libmhvlib.a(MHV_RTC.o)
                0x000008a8                mhv_timestampGreaterThanOrEqual(mhv_timestamp*, mhv_timestamp*)
 .text._Z22mhv_timestampIncrementP13mhv_timestampmj
                0x000008f2       0x5e A:\eclipse\mhvlib/ATmega328P_20MHz\libmhvlib.a(MHV_RTC.o)
                0x000008f2                mhv_timestampIncrement(mhv_timestamp*, unsigned long, unsigned int)
 .text._Z22mhv_timestampIncrementP13mhv_timestampS0_
                0x00000950       0x62 A:\eclipse\mhvlib/ATmega328P_20MHz\libmhvlib.a(MHV_RTC.o)
                0x00000950                mhv_timestampIncrement(mhv_timestamp*, mhv_timestamp*)
 .text._ZN7MHV_RTCC2EP10MHV_Timer8P9mhv_alarmhi
                0x000009b2       0x3a A:\eclipse\mhvlib/ATmega328P_20MHz\libmhvlib.a(MHV_RTC.o)
                0x000009b2                MHV_RTC::MHV_RTC(MHV_Timer8*, mhv_alarm*, unsigned char, int)
                0x000009b2                MHV_RTC::MHV_RTC(MHV_Timer8*, mhv_alarm*, unsigned char, int)
 .text._ZN7MHV_RTC7tick1msEv
                0x000009ec       0x32 A:\eclipse\mhvlib/ATmega328P_20MHz\libmhvlib.a(MHV_RTC.o)
                0x000009ec                MHV_RTC::tick1ms()
 .text._ZN7MHV_RTC7currentEP13mhv_timestamp
                0x00000a1e       0x26 A:\eclipse\mhvlib/ATmega328P_20MHz\libmhvlib.a(MHV_RTC.o)
                0x00000a1e                MHV_RTC::current(mhv_timestamp*)
 .text._ZN7MHV_RTC8addAlarmEP9mhv_alarm
                0x00000a44      0x132 A:\eclipse\mhvlib/ATmega328P_20MHz\libmhvlib.a(MHV_RTC.o)
                0x00000a44                MHV_RTC::addAlarm(mhv_alarm*)
 .text._ZN7MHV_RTC12handleEventsEv
                0x00000b76      0x172 A:\eclipse\mhvlib/ATmega328P_20MHz\libmhvlib.a(MHV_RTC.o)
                0x00000b76                MHV_RTC::handleEvents()
 .text._ZN14MHV_RingBufferC2EPch
                0x00000ce8        0xe A:\eclipse\mhvlib/ATmega328P_20MHz\libmhvlib.a(MHV_RingBuffer.o)
                0x00000ce8                MHV_RingBuffer::MHV_RingBuffer(char*, unsigned char)
                0x00000ce8                MHV_RingBuffer::MHV_RingBuffer(char*, unsigned char)
 .text._ZN14MHV_RingBuffer6appendEc
                0x00000cf6       0x2a A:\eclipse\mhvlib/ATmega328P_20MHz\libmhvlib.a(MHV_RingBuffer.o)
                0x00000cf6                MHV_RingBuffer::append(char)
 .text._ZN14MHV_RingBuffer7consumeEv
                0x00000d20       0x2a A:\eclipse\mhvlib/ATmega328P_20MHz\libmhvlib.a(MHV_RingBuffer.o)
                0x00000d20                MHV_RingBuffer::consume()
 .text._ZN14MHV_RingBuffer6lengthEv
                0x00000d4a       0x28 A:\eclipse\mhvlib/ATmega328P_20MHz\libmhvlib.a(MHV_RingBuffer.o)
                0x00000d4a                MHV_RingBuffer::length()
 .text._ZN14MHV_RingBuffer7consumeEPvh
                0x00000d72       0x5c A:\eclipse\mhvlib/ATmega328P_20MHz\libmhvlib.a(MHV_RingBuffer.o)
                0x00000d72                MHV_RingBuffer::consume(void*, unsigned char)
 .text._ZN14MHV_RingBuffer4fullEh
                0x00000dce       0x40 A:\eclipse\mhvlib/ATmega328P_20MHz\libmhvlib.a(MHV_RingBuffer.o)
                0x00000dce                MHV_RingBuffer::full(unsigned char)
 .text._ZN14MHV_RingBuffer6appendEPKvh
                0x00000e0e       0x5e A:\eclipse\mhvlib/ATmega328P_20MHz\libmhvlib.a(MHV_RingBuffer.o)
                0x00000e0e                MHV_RingBuffer::append(void const*, unsigned char)
 .text._ZN10MHV_Timer8C2E14mhv_timer_typePVhS2_S2_S2_S2_S2_h
                0x00000e6c       0x6c A:\eclipse\mhvlib/ATmega328P_20MHz\libmhvlib.a(MHV_Timer8.o)
                0x00000e6c                MHV_Timer8::MHV_Timer8(mhv_timer_type, unsigned char volatile*, unsigned char volatile*, unsigned char volatile*, unsigned char volatile*, unsigned char volatile*, unsigned char volatile*, unsigned char)
                0x00000e6c                MHV_Timer8::MHV_Timer8(mhv_timer_type, unsigned char volatile*, unsigned char volatile*, unsigned char volatile*, unsigned char volatile*, unsigned char volatile*, unsigned char volatile*, unsigned char)
 .text._ZN10MHV_Timer813_setPrescalerE19mhv_timer_prescaler
                0x00000ed8       0x14 A:\eclipse\mhvlib/ATmega328P_20MHz\libmhvlib.a(MHV_Timer8.o)
                0x00000ed8                MHV_Timer8::_setPrescaler(mhv_timer_prescaler)
 .text._ZN10MHV_Timer817setGenerationModeEv
                0x00000eec       0x78 A:\eclipse\mhvlib/ATmega328P_20MHz\libmhvlib.a(MHV_Timer8.o)
                0x00000eec                MHV_Timer8::setGenerationMode()
 .text._ZN10MHV_Timer810setPeriodsE19mhv_timer_prescalerhh
                0x00000f64       0x5a A:\eclipse\mhvlib/ATmega328P_20MHz\libmhvlib.a(MHV_Timer8.o)
                0x00000f64                MHV_Timer8::setPeriods(mhv_timer_prescaler, unsigned char, unsigned char)
 .text._ZN10MHV_Timer86enableEv
                0x00000fbe       0x84 A:\eclipse\mhvlib/ATmega328P_20MHz\libmhvlib.a(MHV_Timer8.o)
                0x00000fbe                MHV_Timer8::enable()
 .text._ZN10MHV_Timer87disableEv
                0x00001042       0x5c A:\eclipse\mhvlib/ATmega328P_20MHz\libmhvlib.a(MHV_Timer8.o)
                0x00001042                MHV_Timer8::disable()
 .text._ZN10MHV_Timer88trigger1Ev
                0x0000109e       0x22 A:\eclipse\mhvlib/ATmega328P_20MHz\libmhvlib.a(MHV_Timer8.o)
                0x0000109e                MHV_Timer8::trigger1()
 .text._ZN10MHV_Timer811setTriggersEPFvPvES0_S2_S0_
                0x000010c0       0x1c A:\eclipse\mhvlib/ATmega328P_20MHz\libmhvlib.a(MHV_Timer8.o)
                0x000010c0                MHV_Timer8::setTriggers(void (*)(void*), void*, void (*)(void*), void*)
 .text._ZThn4_N14MHV_VusbTypist12runTxBuffersEv
                0x000010dc        0x2 A:\eclipse\mhvlib-Vusb-Keyboard/ATmega328P_20MHz\libmhvlib-vusb-keyboard.a(MHV_VusbTypist.o)
                0x000010dc                non-virtual thunk to MHV_VusbTypist::runTxBuffers()
 .text._ZN14MHV_VusbTypist12runTxBuffersEv
                0x000010de        0x2 A:\eclipse\mhvlib-Vusb-Keyboard/ATmega328P_20MHz\libmhvlib-vusb-keyboard.a(MHV_VusbTypist.o)
                0x000010de                MHV_VusbTypist::runTxBuffers()
 .text._ZN14MHV_VusbTypistC2EP14MHV_RingBufferP7MHV_RTC
                0x000010e0       0x36 A:\eclipse\mhvlib-Vusb-Keyboard/ATmega328P_20MHz\libmhvlib-vusb-keyboard.a(MHV_VusbTypist.o)
                0x000010e0                MHV_VusbTypist::MHV_VusbTypist(MHV_RingBuffer*, MHV_RTC*)
                0x000010e0                MHV_VusbTypist::MHV_VusbTypist(MHV_RingBuffer*, MHV_RTC*)
 .text._ZN14MHV_VusbTypist8typeCharEc
                0x00001116       0xfe A:\eclipse\mhvlib-Vusb-Keyboard/ATmega328P_20MHz\libmhvlib-vusb-keyboard.a(MHV_VusbTypist.o)
                0x00001116                MHV_VusbTypist::typeChar(char)
 .text._ZN14MHV_VusbTypist5alarmEP9mhv_alarm
                0x00001214       0x44 A:\eclipse\mhvlib-Vusb-Keyboard/ATmega328P_20MHz\libmhvlib-vusb-keyboard.a(MHV_VusbTypist.o)
                0x00001214                MHV_VusbTypist::alarm(mhv_alarm*)
 .text.usbSetInterrupt
                0x00001258       0x44 A:\eclipse\mhvlib-Vusb-Keyboard/ATmega328P_20MHz\libmhvlib-vusb-keyboard.a(usbdrv.o)
                0x00001258                usbSetInterrupt
 .text.usbPoll  0x0000129c      0x228 A:\eclipse\mhvlib-Vusb-Keyboard/ATmega328P_20MHz\libmhvlib-vusb-keyboard.a(usbdrv.o)
                0x0000129c                usbPoll
 .text.usbInit  0x000014c4       0x1a A:\eclipse\mhvlib-Vusb-Keyboard/ATmega328P_20MHz\libmhvlib-vusb-keyboard.a(usbdrv.o)
                0x000014c4                usbInit
 .text._ZN16MHV_VusbKeyboard5alarmEP9mhv_alarm
                0x000014de        0x6 A:\eclipse\mhvlib-Vusb-Keyboard/ATmega328P_20MHz\libmhvlib-vusb-keyboard.a(MHV_VusbKeyboard.o)
                0x000014de                MHV_VusbKeyboard::alarm(mhv_alarm*)
 .text.usbFunctionSetup
                0x000014e4       0x46 A:\eclipse\mhvlib-Vusb-Keyboard/ATmega328P_20MHz\libmhvlib-vusb-keyboard.a(MHV_VusbKeyboard.o)
                0x000014e4                usbFunctionSetup
 .text._ZN16MHV_VusbKeyboardC2EP7MHV_RTC
                0x0000152a       0xae A:\eclipse\mhvlib-Vusb-Keyboard/ATmega328P_20MHz\libmhvlib-vusb-keyboard.a(MHV_VusbKeyboard.o)
                0x0000152a                MHV_VusbKeyboard::MHV_VusbKeyboard(MHV_RTC*)
                0x0000152a                MHV_VusbKeyboard::MHV_VusbKeyboard(MHV_RTC*)
 .text._ZN16MHV_VusbKeyboard7keyDownE21mhv_vusb_keyboard_keyh
                0x000015d8       0x1c A:\eclipse\mhvlib-Vusb-Keyboard/ATmega328P_20MHz\libmhvlib-vusb-keyboard.a(MHV_VusbKeyboard.o)
                0x000015d8                MHV_VusbKeyboard::keyDown(mhv_vusb_keyboard_key, unsigned char)
 .text._ZN16MHV_VusbKeyboard6keysUpEh
                0x000015f4       0x1c A:\eclipse\mhvlib-Vusb-Keyboard/ATmega328P_20MHz\libmhvlib-vusb-keyboard.a(MHV_VusbKeyboard.o)
                0x000015f4                MHV_VusbKeyboard::keysUp(unsigned char)
 .text._ZN16MHV_VusbKeyboard6keysUpEv
                0x00001610        0x8 A:\eclipse\mhvlib-Vusb-Keyboard/ATmega328P_20MHz\libmhvlib-vusb-keyboard.a(MHV_VusbKeyboard.o)
                0x00001610                MHV_VusbKeyboard::keysUp()
 .text.libgcc   0x00001618        0xc c:/program files (x86)/mhv avr tools/bin/../lib/gcc/avr/4.6.2/avr5\libgcc.a(_tablejump.o)
                0x00001618                __tablejump2__
                0x0000161c                __tablejump__
 .text.avr-libc
                0x00001624       0x24 c:/program files (x86)/mhv avr tools/bin/../lib/gcc/avr/4.6.2/../../../../avr/lib/avr5\libc.a(memmove.o)
                0x00001624                memmove
 .text.avr-libc
                0x00001648       0x12 c:/program files (x86)/mhv avr tools/bin/../lib/gcc/avr/4.6.2/../../../../avr/lib/avr5\libc.a(memcpy.o)
                0x00001648                memcpy
                0x0000165a                . = ALIGN (0x2)
 *(.fini9)
 .fini9         0x0000165a        0x0 c:/program files (x86)/mhv avr tools/bin/../lib/gcc/avr/4.6.2/avr5\libgcc.a(_exit.o)
                0x0000165a                _exit
                0x0000165a                exit
 *(.fini9)
 *(.fini8)
 *(.fini8)
 *(.fini7)
 *(.fini7)
 *(.fini6)
 *(.fini6)
 *(.fini5)
 *(.fini5)
 *(.fini4)
 *(.fini4)
 *(.fini3)
 *(.fini3)
 *(.fini2)
 *(.fini2)
 *(.fini1)
 *(.fini1)
 *(.fini0)
 .fini0         0x0000165a        0x4 c:/program files (x86)/mhv avr tools/bin/../lib/gcc/avr/4.6.2/avr5\libgcc.a(_exit.o)
 *(.fini0)
                0x0000165e                _etext = .

.data           0x00800100       0x88 load address 0x0000165e
                0x00800100                PROVIDE (__data_start, .)
 *(.data)
 .data          0x00800100        0x2 A:\eclipse\mhvlib-Vusb-Keyboard/ATmega328P_20MHz\libmhvlib-vusb-keyboard.a(usbdrv.o)
                0x00800100                usbTxLen
 *(.data*)
 .data._ZL16mhv_vusbIdleRate
                0x00800102        0x1 A:\eclipse\mhvlib-Vusb-Keyboard/ATmega328P_20MHz\libmhvlib-vusb-keyboard.a(MHV_VusbKeyboard.o)
 *(.rodata)
 *(.rodata*)
 .rodata._ZTV10TypeString
                0x00800103        0x6 ./VusbKeyboard.o
                0x00800103                vtable for TypeString
 .rodata._ZTV17MHV_AlarmListener
                0x00800109        0x6 ./VusbKeyboard.o
                0x00800109                vtable for MHV_AlarmListener
 .rodata._ZTV13MHV_Device_TX
                0x0080010f        0x6 A:\eclipse\mhvlib/ATmega328P_20MHz\libmhvlib.a(MHV_Device_TX.o)
                0x0080010f                vtable for MHV_Device_TX
 .rodata._ZTV14MHV_VusbTypist
                0x00800115        0xe A:\eclipse\mhvlib-Vusb-Keyboard/ATmega328P_20MHz\libmhvlib-vusb-keyboard.a(MHV_VusbTypist.o)
                0x00800115                vtable for MHV_VusbTypist
 .rodata.CSWTCH.2
                0x00800123       0x5e A:\eclipse\mhvlib-Vusb-Keyboard/ATmega328P_20MHz\libmhvlib-vusb-keyboard.a(MHV_VusbTypist.o)
 .rodata._ZTV16MHV_VusbKeyboard
                0x00800181        0x6 A:\eclipse\mhvlib-Vusb-Keyboard/ATmega328P_20MHz\libmhvlib-vusb-keyboard.a(MHV_VusbKeyboard.o)
                0x00800181                vtable for MHV_VusbKeyboard
 *(.gnu.linkonce.d*)
                0x00800188                . = ALIGN (0x2)
 *fill*         0x00800187        0x1 00
                0x00800188                _edata = .
                0x00800188                PROVIDE (__data_end, .)

.bss            0x00800188       0xc4
                0x00800188                PROVIDE (__bss_start, .)
 *(.bss)
 .bss           0x00800188        0x1 A:\eclipse\mhvlib-Vusb-Keyboard/ATmega328P_20MHz\libmhvlib-vusb-keyboard.a(usbdrv.o)
 *(.bss*)
 .bss.tickTimer
                0x00800189       0x1a ./VusbKeyboard.o
                0x00800189                tickTimer
 .bss.alarms    0x008001a3       0x38 ./VusbKeyboard.o
                0x008001a3                alarms
 .bss.rtc       0x008001db       0x10 ./VusbKeyboard.o
                0x008001db                rtc
 .bss.typistBufferBuf
                0x008001eb       0x11 ./VusbKeyboard.o
                0x008001eb                typistBufferBuf
 .bss.typistBuffer
                0x008001fc        0x5 ./VusbKeyboard.o
                0x008001fc                typistBuffer
 .bss.typist    0x00800201       0x13 ./VusbKeyboard.o
                0x00800201                typist
 .bss._ZL20mhv_vusbReportBuffer
                0x00800214        0x2 A:\eclipse\mhvlib-Vusb-Keyboard/ATmega328P_20MHz\libmhvlib-vusb-keyboard.a(MHV_VusbKeyboard.o)
 *(COMMON)
 COMMON         0x00800216       0x36 A:\eclipse\mhvlib-Vusb-Keyboard/ATmega328P_20MHz\libmhvlib-vusb-keyboard.a(usbdrv.o)
                0x00800216                usbTxBuf
                0x00800221                usbTxStatus1
                0x0080022d                usbDeviceAddr
                0x0080022e                usbRxToken
                0x0080022f                usbInputBufOffset
                0x00800230                usbMsgPtr
                0x00800232                usbRxLen
                0x00800233                usbNewDeviceAddr
                0x00800234                usbCurrentTok
                0x00800235                usbConfiguration
                0x00800236                usbRxBuf
                0x0080024c                PROVIDE (__bss_end, .)
                0x0000165e                __data_load_start = LOADADDR (.data)
                0x000016e6                __data_load_end = (__data_load_start + SIZEOF (.data))

.noinit         0x0080024c        0x0
                0x0080024c                PROVIDE (__noinit_start, .)
 *(.noinit*)
                0x0080024c                PROVIDE (__noinit_end, .)
                0x0080024c                _end = .
                0x0080024c                PROVIDE (__heap_start, .)

.eeprom         0x00810000        0x0
 *(.eeprom*)
                0x00810000                __eeprom_end = .

.fuse
 *(.fuse)
 *(.lfuse)
 *(.hfuse)
 *(.efuse)

.lock
 *(.lock*)

.signature
 *(.signature*)

.stab
 *(.stab)

.stabstr
 *(.stabstr)

.stab.excl
 *(.stab.excl)

.stab.exclstr
 *(.stab.exclstr)

.stab.index
 *(.stab.index)

.stab.indexstr
 *(.stab.indexstr)

.comment
 *(.comment)

.debug
 *(.debug)

.line
 *(.line)

.debug_srcinfo
 *(.debug_srcinfo)

.debug_sfnames
 *(.debug_sfnames)

.debug_aranges
 *(.debug_aranges)

.debug_pubnames
 *(.debug_pubnames)

.debug_info
 *(.debug_info)
 *(.gnu.linkonce.wi.*)

.debug_abbrev
 *(.debug_abbrev)

.debug_line
 *(.debug_line)

.debug_frame
 *(.debug_frame)

.debug_str
 *(.debug_str)

.debug_loc
 *(.debug_loc)

.debug_macinfo
 *(.debug_macinfo)
OUTPUT(mhvlib-tutorial-Vusb-Keyboard.elf elf32-avr)
LOAD linker stubs

Cross Reference Table

Symbol                                            File
MHV_AlarmListener::MHV_AlarmListener()            ./VusbKeyboard.o
MHV_Device_TX::MHV_Device_TX(MHV_RingBuffer*)     A:\eclipse\mhvlib/ATmega328P_20MHz\libmhvlib.a(MHV_Device_TX.o)
MHV_Device_TX::MHV_Device_TX(MHV_RingBuffer*)     A:\eclipse\mhvlib/ATmega328P_20MHz\libmhvlib.a(MHV_Device_TX.o)
                                                  A:\eclipse\mhvlib-Vusb-Keyboard/ATmega328P_20MHz\libmhvlib-vusb-keyboard.a(MHV_VusbTypist.o)
MHV_Device_TX::canWrite()                         A:\eclipse\mhvlib/ATmega328P_20MHz\libmhvlib.a(MHV_Device_TX.o)
MHV_Device_TX::debug(char const*, int, char const*, char const*, ...) A:\eclipse\mhvlib/ATmega328P_20MHz\libmhvlib.a(MHV_Device_TX.o)
MHV_Device_TX::moreTX()                           A:\eclipse\mhvlib/ATmega328P_20MHz\libmhvlib.a(MHV_Device_TX.o)
MHV_Device_TX::nextCharacter()                    A:\eclipse\mhvlib/ATmega328P_20MHz\libmhvlib.a(MHV_Device_TX.o)
                                                  A:\eclipse\mhvlib-Vusb-Keyboard/ATmega328P_20MHz\libmhvlib-vusb-keyboard.a(MHV_VusbTypist.o)
MHV_Device_TX::write(char const*)                 A:\eclipse\mhvlib/ATmega328P_20MHz\libmhvlib.a(MHV_Device_TX.o)
MHV_Device_TX::write(char const*, unsigned int)   A:\eclipse\mhvlib/ATmega328P_20MHz\libmhvlib.a(MHV_Device_TX.o)
MHV_Device_TX::write(char const*, unsigned int, void (*)(char const*)) A:\eclipse\mhvlib/ATmega328P_20MHz\libmhvlib.a(MHV_Device_TX.o)
MHV_Device_TX::write(char const*, void (*)(char const*)) A:\eclipse\mhvlib/ATmega328P_20MHz\libmhvlib.a(MHV_Device_TX.o)
MHV_Device_TX::write_P(char const*)               A:\eclipse\mhvlib/ATmega328P_20MHz\libmhvlib.a(MHV_Device_TX.o)
                                                  ./VusbKeyboard.o
MHV_Device_TX::write_P(char const*, unsigned int) A:\eclipse\mhvlib/ATmega328P_20MHz\libmhvlib.a(MHV_Device_TX.o)
MHV_RTC::MHV_RTC(MHV_Timer8*, mhv_alarm*, unsigned char, int) A:\eclipse\mhvlib/ATmega328P_20MHz\libmhvlib.a(MHV_RTC.o)
                                                  ./VusbKeyboard.o
MHV_RTC::MHV_RTC(MHV_Timer8*, mhv_alarm*, unsigned char, int) A:\eclipse\mhvlib/ATmega328P_20MHz\libmhvlib.a(MHV_RTC.o)
MHV_RTC::addAlarm(mhv_alarm*)                     A:\eclipse\mhvlib/ATmega328P_20MHz\libmhvlib.a(MHV_RTC.o)
                                                  A:\eclipse\mhvlib-Vusb-Keyboard/ATmega328P_20MHz\libmhvlib-vusb-keyboard.a(MHV_VusbKeyboard.o)
                                                  ./VusbKeyboard.o
MHV_RTC::alarmsPending()                          A:\eclipse\mhvlib/ATmega328P_20MHz\libmhvlib.a(MHV_RTC.o)
MHV_RTC::current(mhv_timestamp*)                  A:\eclipse\mhvlib/ATmega328P_20MHz\libmhvlib.a(MHV_RTC.o)
                                                  A:\eclipse\mhvlib-Vusb-Keyboard/ATmega328P_20MHz\libmhvlib-vusb-keyboard.a(MHV_VusbKeyboard.o)
                                                  ./VusbKeyboard.o
MHV_RTC::elapsed(mhv_timestamp*, mhv_timestamp*)  A:\eclipse\mhvlib/ATmega328P_20MHz\libmhvlib.a(MHV_RTC.o)
MHV_RTC::handleEvents()                           A:\eclipse\mhvlib/ATmega328P_20MHz\libmhvlib.a(MHV_RTC.o)
                                                  ./VusbKeyboard.o
MHV_RTC::removeAlarm(MHV_AlarmListener*)          A:\eclipse\mhvlib/ATmega328P_20MHz\libmhvlib.a(MHV_RTC.o)
MHV_RTC::setTime(mhv_timestamp*)                  A:\eclipse\mhvlib/ATmega328P_20MHz\libmhvlib.a(MHV_RTC.o)
MHV_RTC::setTime(unsigned long, unsigned int)     A:\eclipse\mhvlib/ATmega328P_20MHz\libmhvlib.a(MHV_RTC.o)
MHV_RTC::synchronise()                            A:\eclipse\mhvlib/ATmega328P_20MHz\libmhvlib.a(MHV_RTC.o)
MHV_RTC::tick()                                   A:\eclipse\mhvlib/ATmega328P_20MHz\libmhvlib.a(MHV_RTC.o)
MHV_RTC::tick1ms()                                A:\eclipse\mhvlib/ATmega328P_20MHz\libmhvlib.a(MHV_RTC.o)
                                                  ./VusbKeyboard.o
MHV_RTC::tick1msAndRunEvents()                    A:\eclipse\mhvlib/ATmega328P_20MHz\libmhvlib.a(MHV_RTC.o)
MHV_RTC::tickAndRunEvents()                       A:\eclipse\mhvlib/ATmega328P_20MHz\libmhvlib.a(MHV_RTC.o)
MHV_RTC::toTime(mhv_time*, mhv_timestamp*)        A:\eclipse\mhvlib/ATmega328P_20MHz\libmhvlib.a(MHV_RTC.o)
MHV_RTC::toTimestamp(mhv_timestamp*, mhv_time*)   A:\eclipse\mhvlib/ATmega328P_20MHz\libmhvlib.a(MHV_RTC.o)
MHV_RingBuffer::MHV_RingBuffer(char*, unsigned char) A:\eclipse\mhvlib/ATmega328P_20MHz\libmhvlib.a(MHV_RingBuffer.o)
MHV_RingBuffer::MHV_RingBuffer(char*, unsigned char) A:\eclipse\mhvlib/ATmega328P_20MHz\libmhvlib.a(MHV_RingBuffer.o)
                                                  ./VusbKeyboard.o
MHV_RingBuffer::append(char)                      A:\eclipse\mhvlib/ATmega328P_20MHz\libmhvlib.a(MHV_RingBuffer.o)
MHV_RingBuffer::append(void const*, unsigned char) A:\eclipse\mhvlib/ATmega328P_20MHz\libmhvlib.a(MHV_RingBuffer.o)
                                                  A:\eclipse\mhvlib/ATmega328P_20MHz\libmhvlib.a(MHV_Device_TX.o)
MHV_RingBuffer::consume()                         A:\eclipse\mhvlib/ATmega328P_20MHz\libmhvlib.a(MHV_RingBuffer.o)
MHV_RingBuffer::consume(void*, unsigned char)     A:\eclipse\mhvlib/ATmega328P_20MHz\libmhvlib.a(MHV_RingBuffer.o)
                                                  A:\eclipse\mhvlib/ATmega328P_20MHz\libmhvlib.a(MHV_Device_TX.o)
MHV_RingBuffer::flush()                           A:\eclipse\mhvlib/ATmega328P_20MHz\libmhvlib.a(MHV_RingBuffer.o)
MHV_RingBuffer::full()                            A:\eclipse\mhvlib/ATmega328P_20MHz\libmhvlib.a(MHV_RingBuffer.o)
MHV_RingBuffer::full(unsigned char)               A:\eclipse\mhvlib/ATmega328P_20MHz\libmhvlib.a(MHV_RingBuffer.o)
                                                  A:\eclipse\mhvlib/ATmega328P_20MHz\libmhvlib.a(MHV_Device_TX.o)
MHV_RingBuffer::length()                          A:\eclipse\mhvlib/ATmega328P_20MHz\libmhvlib.a(MHV_RingBuffer.o)
MHV_RingBuffer::peekHead()                        A:\eclipse\mhvlib/ATmega328P_20MHz\libmhvlib.a(MHV_RingBuffer.o)
MHV_RingBuffer::size()                            A:\eclipse\mhvlib/ATmega328P_20MHz\libmhvlib.a(MHV_RingBuffer.o)
MHV_Timer8::MHV_Timer8()                          A:\eclipse\mhvlib/ATmega328P_20MHz\libmhvlib.a(MHV_Timer8.o)
MHV_Timer8::MHV_Timer8()                          A:\eclipse\mhvlib/ATmega328P_20MHz\libmhvlib.a(MHV_Timer8.o)
MHV_Timer8::MHV_Timer8(mhv_timer_type, unsigned char volatile*, unsigned char volatile*, unsigned char volatile*, unsigned char volatile*, unsigned char volatile*, unsigned char volatile*, unsigned char) A:\eclipse\mhvlib/ATmega328P_20MHz\libmhvlib.a(MHV_Timer8.o)
                                                  ./VusbKeyboard.o
MHV_Timer8::MHV_Timer8(mhv_timer_type, unsigned char volatile*, unsigned char volatile*, unsigned char volatile*, unsigned char volatile*, unsigned char volatile*, unsigned char volatile*, unsigned char) A:\eclipse\mhvlib/ATmega328P_20MHz\libmhvlib.a(MHV_Timer8.o)
MHV_Timer8::_setPrescaler(mhv_timer_prescaler)    A:\eclipse\mhvlib/ATmega328P_20MHz\libmhvlib.a(MHV_Timer8.o)
MHV_Timer8::calculatePrescaler(unsigned long, mhv_timer_prescaler*, unsigned int*) A:\eclipse\mhvlib/ATmega328P_20MHz\libmhvlib.a(MHV_Timer8.o)
MHV_Timer8::calculateTop(unsigned long*, unsigned int) A:\eclipse\mhvlib/ATmega328P_20MHz\libmhvlib.a(MHV_Timer8.o)
MHV_Timer8::connectOutput1(mhv_timer_connect_type) A:\eclipse\mhvlib/ATmega328P_20MHz\libmhvlib.a(MHV_Timer8.o)
MHV_Timer8::connectOutput2(mhv_timer_connect_type) A:\eclipse\mhvlib/ATmega328P_20MHz\libmhvlib.a(MHV_Timer8.o)
MHV_Timer8::current()                             A:\eclipse\mhvlib/ATmega328P_20MHz\libmhvlib.a(MHV_Timer8.o)
MHV_Timer8::disable()                             A:\eclipse\mhvlib/ATmega328P_20MHz\libmhvlib.a(MHV_Timer8.o)
MHV_Timer8::enable()                              A:\eclipse\mhvlib/ATmega328P_20MHz\libmhvlib.a(MHV_Timer8.o)
                                                  ./VusbKeyboard.o
MHV_Timer8::enabled()                             A:\eclipse\mhvlib/ATmega328P_20MHz\libmhvlib.a(MHV_Timer8.o)
MHV_Timer8::getOutput(unsigned char)              A:\eclipse\mhvlib/ATmega328P_20MHz\libmhvlib.a(MHV_Timer8.o)
MHV_Timer8::getOutput1()                          A:\eclipse\mhvlib/ATmega328P_20MHz\libmhvlib.a(MHV_Timer8.o)
MHV_Timer8::getOutput2()                          A:\eclipse\mhvlib/ATmega328P_20MHz\libmhvlib.a(MHV_Timer8.o)
MHV_Timer8::getPrescaler()                        A:\eclipse\mhvlib/ATmega328P_20MHz\libmhvlib.a(MHV_Timer8.o)
MHV_Timer8::getPrescalerMultiplier()              A:\eclipse\mhvlib/ATmega328P_20MHz\libmhvlib.a(MHV_Timer8.o)
                                                  A:\eclipse\mhvlib/ATmega328P_20MHz\libmhvlib.a(MHV_RTC.o)
MHV_Timer8::getTop()                              A:\eclipse\mhvlib/ATmega328P_20MHz\libmhvlib.a(MHV_Timer8.o)
                                                  A:\eclipse\mhvlib/ATmega328P_20MHz\libmhvlib.a(MHV_RTC.o)
MHV_Timer8::setGenerationMode()                   A:\eclipse\mhvlib/ATmega328P_20MHz\libmhvlib.a(MHV_Timer8.o)
MHV_Timer8::setMode(mhv_timer_mode)               A:\eclipse\mhvlib/ATmega328P_20MHz\libmhvlib.a(MHV_Timer8.o)
MHV_Timer8::setOutput(unsigned char, unsigned char) A:\eclipse\mhvlib/ATmega328P_20MHz\libmhvlib.a(MHV_Timer8.o)
MHV_Timer8::setOutput1(unsigned char)             A:\eclipse\mhvlib/ATmega328P_20MHz\libmhvlib.a(MHV_Timer8.o)
MHV_Timer8::setOutput2(unsigned char)             A:\eclipse\mhvlib/ATmega328P_20MHz\libmhvlib.a(MHV_Timer8.o)
MHV_Timer8::setPeriods(mhv_timer_prescaler, unsigned char, unsigned char) A:\eclipse\mhvlib/ATmega328P_20MHz\libmhvlib.a(MHV_Timer8.o)
                                                  ./VusbKeyboard.o
MHV_Timer8::setPeriods(unsigned long, unsigned long) A:\eclipse\mhvlib/ATmega328P_20MHz\libmhvlib.a(MHV_Timer8.o)
MHV_Timer8::setPrescaler(mhv_timer_prescaler)     A:\eclipse\mhvlib/ATmega328P_20MHz\libmhvlib.a(MHV_Timer8.o)
MHV_Timer8::setTop(unsigned char)                 A:\eclipse\mhvlib/ATmega328P_20MHz\libmhvlib.a(MHV_Timer8.o)
MHV_Timer8::setTriggers(void (*)(void*), void*, void (*)(void*), void*) A:\eclipse\mhvlib/ATmega328P_20MHz\libmhvlib.a(MHV_Timer8.o)
                                                  ./VusbKeyboard.o
MHV_Timer8::trigger1()                            A:\eclipse\mhvlib/ATmega328P_20MHz\libmhvlib.a(MHV_Timer8.o)
                                                  ./VusbKeyboard.o
MHV_Timer8::trigger2()                            A:\eclipse\mhvlib/ATmega328P_20MHz\libmhvlib.a(MHV_Timer8.o)
MHV_VusbKeyboard::MHV_VusbKeyboard(MHV_RTC*)      A:\eclipse\mhvlib-Vusb-Keyboard/ATmega328P_20MHz\libmhvlib-vusb-keyboard.a(MHV_VusbKeyboard.o)
MHV_VusbKeyboard::MHV_VusbKeyboard(MHV_RTC*)      A:\eclipse\mhvlib-Vusb-Keyboard/ATmega328P_20MHz\libmhvlib-vusb-keyboard.a(MHV_VusbKeyboard.o)
                                                  A:\eclipse\mhvlib-Vusb-Keyboard/ATmega328P_20MHz\libmhvlib-vusb-keyboard.a(MHV_VusbTypist.o)
MHV_VusbKeyboard::alarm(mhv_alarm*)               A:\eclipse\mhvlib-Vusb-Keyboard/ATmega328P_20MHz\libmhvlib-vusb-keyboard.a(MHV_VusbKeyboard.o)
                                                  A:\eclipse\mhvlib-Vusb-Keyboard/ATmega328P_20MHz\libmhvlib-vusb-keyboard.a(MHV_VusbTypist.o)
MHV_VusbKeyboard::keyDown(mhv_vusb_keyboard_key, unsigned char) A:\eclipse\mhvlib-Vusb-Keyboard/ATmega328P_20MHz\libmhvlib-vusb-keyboard.a(MHV_VusbKeyboard.o)
                                                  A:\eclipse\mhvlib-Vusb-Keyboard/ATmega328P_20MHz\libmhvlib-vusb-keyboard.a(MHV_VusbTypist.o)
MHV_VusbKeyboard::keyStroke(mhv_vusb_keyboard_key) A:\eclipse\mhvlib-Vusb-Keyboard/ATmega328P_20MHz\libmhvlib-vusb-keyboard.a(MHV_VusbKeyboard.o)
MHV_VusbKeyboard::keyStroke(mhv_vusb_keyboard_key, unsigned char) A:\eclipse\mhvlib-Vusb-Keyboard/ATmega328P_20MHz\libmhvlib-vusb-keyboard.a(MHV_VusbKeyboard.o)
MHV_VusbKeyboard::keysUp()                        A:\eclipse\mhvlib-Vusb-Keyboard/ATmega328P_20MHz\libmhvlib-vusb-keyboard.a(MHV_VusbKeyboard.o)
                                                  A:\eclipse\mhvlib-Vusb-Keyboard/ATmega328P_20MHz\libmhvlib-vusb-keyboard.a(MHV_VusbTypist.o)
MHV_VusbKeyboard::keysUp(unsigned char)           A:\eclipse\mhvlib-Vusb-Keyboard/ATmega328P_20MHz\libmhvlib-vusb-keyboard.a(MHV_VusbKeyboard.o)
MHV_VusbTypist::MHV_VusbTypist(MHV_RingBuffer*, MHV_RTC*) A:\eclipse\mhvlib-Vusb-Keyboard/ATmega328P_20MHz\libmhvlib-vusb-keyboard.a(MHV_VusbTypist.o)
                                                  ./VusbKeyboard.o
MHV_VusbTypist::MHV_VusbTypist(MHV_RingBuffer*, MHV_RTC*) A:\eclipse\mhvlib-Vusb-Keyboard/ATmega328P_20MHz\libmhvlib-vusb-keyboard.a(MHV_VusbTypist.o)
MHV_VusbTypist::alarm(mhv_alarm*)                 A:\eclipse\mhvlib-Vusb-Keyboard/ATmega328P_20MHz\libmhvlib-vusb-keyboard.a(MHV_VusbTypist.o)
MHV_VusbTypist::runTxBuffers()                    A:\eclipse\mhvlib-Vusb-Keyboard/ATmega328P_20MHz\libmhvlib-vusb-keyboard.a(MHV_VusbTypist.o)
MHV_VusbTypist::typeChar(char)                    A:\eclipse\mhvlib-Vusb-Keyboard/ATmega328P_20MHz\libmhvlib-vusb-keyboard.a(MHV_VusbTypist.o)
TypeString::TypeString()                          ./VusbKeyboard.o
TypeString::alarm(mhv_alarm*)                     ./VusbKeyboard.o
__bad_interrupt                                   c:/program files (x86)/mhv avr tools/bin/../lib/gcc/avr/4.6.2/../../../../avr/lib/avr5/crtm328p.o
__brkval                                          c:/program files (x86)/mhv avr tools/bin/../lib/gcc/avr/4.6.2/../../../../avr/lib/avr5\libc.a(malloc.o)
__bss_end                                         c:/program files (x86)/mhv avr tools/bin/../lib/gcc/avr/4.6.2/avr5\libgcc.a(_clear_bss.o)
__bss_start                                       c:/program files (x86)/mhv avr tools/bin/../lib/gcc/avr/4.6.2/avr5\libgcc.a(_clear_bss.o)
__ctors_end                                       c:/program files (x86)/mhv avr tools/bin/../lib/gcc/avr/4.6.2/avr5\libgcc.a(_ctors.o)
__ctors_start                                     c:/program files (x86)/mhv avr tools/bin/../lib/gcc/avr/4.6.2/avr5\libgcc.a(_ctors.o)
__cxa_pure_virtual                                ./VusbKeyboard.o
                                                  A:\eclipse\mhvlib-Vusb-Keyboard/ATmega328P_20MHz\libmhvlib-vusb-keyboard.a(MHV_VusbKeyboard.o)
                                                  A:\eclipse\mhvlib/ATmega328P_20MHz\libmhvlib.a(MHV_Device_TX.o)
__data_end                                        c:/program files (x86)/mhv avr tools/bin/../lib/gcc/avr/4.6.2/avr5\libgcc.a(_copy_data.o)
__data_load_start                                 c:/program files (x86)/mhv avr tools/bin/../lib/gcc/avr/4.6.2/avr5\libgcc.a(_copy_data.o)
__data_start                                      c:/program files (x86)/mhv avr tools/bin/../lib/gcc/avr/4.6.2/avr5\libgcc.a(_copy_data.o)
__do_clear_bss                                    c:/program files (x86)/mhv avr tools/bin/../lib/gcc/avr/4.6.2/avr5\libgcc.a(_clear_bss.o)
                                                  c:/program files (x86)/mhv avr tools/bin/../lib/gcc/avr/4.6.2/../../../../avr/lib/avr5\libc.a(fputc.o)
                                                  c:/program files (x86)/mhv avr tools/bin/../lib/gcc/avr/4.6.2/../../../../avr/lib/avr5\libc.a(vfprintf_std.o)
                                                  c:/program files (x86)/mhv avr tools/bin/../lib/gcc/avr/4.6.2/../../../../avr/lib/avr5\libc.a(vsprintf_p.o)
                                                  c:/program files (x86)/mhv avr tools/bin/../lib/gcc/avr/4.6.2/../../../../avr/lib/avr5\libc.a(sprintf_p.o)
                                                  c:/program files (x86)/mhv avr tools/bin/../lib/gcc/avr/4.6.2/../../../../avr/lib/avr5\libc.a(malloc.o)
                                                  A:\eclipse\mhvlib-Vusb-Keyboard/ATmega328P_20MHz\libmhvlib-vusb-keyboard.a(MHV_VusbKeyboard.o)
                                                  A:\eclipse\mhvlib-Vusb-Keyboard/ATmega328P_20MHz\libmhvlib-vusb-keyboard.a(usbdrv.o)
                                                  A:\eclipse\mhvlib-Vusb-Keyboard/ATmega328P_20MHz\libmhvlib-vusb-keyboard.a(MHV_VusbTypist.o)
                                                  A:\eclipse\mhvlib/ATmega328P_20MHz\libmhvlib.a(MHV_Timer8.o)
                                                  A:\eclipse\mhvlib/ATmega328P_20MHz\libmhvlib.a(MHV_RingBuffer.o)
                                                  A:\eclipse\mhvlib/ATmega328P_20MHz\libmhvlib.a(MHV_RTC.o)
                                                  A:\eclipse\mhvlib/ATmega328P_20MHz\libmhvlib.a(MHV_Device_TX.o)
                                                  ./VusbKeyboard.o
__do_copy_data                                    c:/program files (x86)/mhv avr tools/bin/../lib/gcc/avr/4.6.2/avr5\libgcc.a(_copy_data.o)
                                                  c:/program files (x86)/mhv avr tools/bin/../lib/gcc/avr/4.6.2/../../../../avr/lib/avr5\libc.a(fputc.o)
                                                  c:/program files (x86)/mhv avr tools/bin/../lib/gcc/avr/4.6.2/../../../../avr/lib/avr5\libc.a(vfprintf_std.o)
                                                  c:/program files (x86)/mhv avr tools/bin/../lib/gcc/avr/4.6.2/../../../../avr/lib/avr5\libc.a(vsprintf_p.o)
                                                  c:/program files (x86)/mhv avr tools/bin/../lib/gcc/avr/4.6.2/../../../../avr/lib/avr5\libc.a(sprintf_p.o)
                                                  c:/program files (x86)/mhv avr tools/bin/../lib/gcc/avr/4.6.2/../../../../avr/lib/avr5\libc.a(malloc.o)
                                                  A:\eclipse\mhvlib-Vusb-Keyboard/ATmega328P_20MHz\libmhvlib-vusb-keyboard.a(MHV_VusbKeyboard.o)
                                                  A:\eclipse\mhvlib-Vusb-Keyboard/ATmega328P_20MHz\libmhvlib-vusb-keyboard.a(usbdrv.o)
                                                  A:\eclipse\mhvlib-Vusb-Keyboard/ATmega328P_20MHz\libmhvlib-vusb-keyboard.a(MHV_VusbTypist.o)
                                                  A:\eclipse\mhvlib/ATmega328P_20MHz\libmhvlib.a(MHV_Timer8.o)
                                                  A:\eclipse\mhvlib/ATmega328P_20MHz\libmhvlib.a(MHV_RingBuffer.o)
                                                  A:\eclipse\mhvlib/ATmega328P_20MHz\libmhvlib.a(MHV_RTC.o)
                                                  A:\eclipse\mhvlib/ATmega328P_20MHz\libmhvlib.a(MHV_Device_TX.o)
                                                  ./VusbKeyboard.o
__do_global_ctors                                 c:/program files (x86)/mhv avr tools/bin/../lib/gcc/avr/4.6.2/avr5\libgcc.a(_ctors.o)
                                                  ./VusbKeyboard.o
__epilogue_restores__                             c:/program files (x86)/mhv avr tools/bin/../lib/gcc/avr/4.6.2/avr5\libgcc.a(_epilogue.o)
                                                  c:/program files (x86)/mhv avr tools/bin/../lib/gcc/avr/4.6.2/../../../../avr/lib/avr5\libc.a(vfprintf_std.o)
                                                  c:/program files (x86)/mhv avr tools/bin/../lib/gcc/avr/4.6.2/../../../../avr/lib/avr5\libc.a(vsprintf_p.o)
                                                  c:/program files (x86)/mhv avr tools/bin/../lib/gcc/avr/4.6.2/../../../../avr/lib/avr5\libc.a(sprintf_p.o)
__flp                                             c:/program files (x86)/mhv avr tools/bin/../lib/gcc/avr/4.6.2/../../../../avr/lib/avr5\libc.a(malloc.o)
__heap_end                                        c:/program files (x86)/mhv avr tools/bin/../lib/gcc/avr/4.6.2/../../../../avr/lib/avr5/crtm328p.o
                                                  c:/program files (x86)/mhv avr tools/bin/../lib/gcc/avr/4.6.2/../../../../avr/lib/avr5\libc.a(malloc.o)
__heap_start                                      c:/program files (x86)/mhv avr tools/bin/../lib/gcc/avr/4.6.2/../../../../avr/lib/avr5\libc.a(malloc.o)
__init                                            c:/program files (x86)/mhv avr tools/bin/../lib/gcc/avr/4.6.2/../../../../avr/lib/avr5/crtm328p.o
__malloc_heap_end                                 c:/program files (x86)/mhv avr tools/bin/../lib/gcc/avr/4.6.2/../../../../avr/lib/avr5\libc.a(malloc.o)
__malloc_heap_start                               c:/program files (x86)/mhv avr tools/bin/../lib/gcc/avr/4.6.2/../../../../avr/lib/avr5\libc.a(malloc.o)
__malloc_margin                                   c:/program files (x86)/mhv avr tools/bin/../lib/gcc/avr/4.6.2/../../../../avr/lib/avr5\libc.a(malloc.o)
__mulsi3                                          c:/program files (x86)/mhv avr tools/bin/../lib/gcc/avr/4.6.2/avr5\libgcc.a(_mulsi3.o)
                                                  A:\eclipse\mhvlib/ATmega328P_20MHz\libmhvlib.a(MHV_Timer8.o)
                                                  A:\eclipse\mhvlib/ATmega328P_20MHz\libmhvlib.a(MHV_RTC.o)
__prologue_saves__                                c:/program files (x86)/mhv avr tools/bin/../lib/gcc/avr/4.6.2/avr5\libgcc.a(_prologue.o)
                                                  c:/program files (x86)/mhv avr tools/bin/../lib/gcc/avr/4.6.2/../../../../avr/lib/avr5\libc.a(vfprintf_std.o)
                                                  c:/program files (x86)/mhv avr tools/bin/../lib/gcc/avr/4.6.2/../../../../avr/lib/avr5\libc.a(vsprintf_p.o)
                                                  c:/program files (x86)/mhv avr tools/bin/../lib/gcc/avr/4.6.2/../../../../avr/lib/avr5\libc.a(sprintf_p.o)
__stack                                           c:/program files (x86)/mhv avr tools/bin/../lib/gcc/avr/4.6.2/../../../../avr/lib/avr5/crtm328p.o
__tablejump2__                                    c:/program files (x86)/mhv avr tools/bin/../lib/gcc/avr/4.6.2/avr5\libgcc.a(_tablejump.o)
__tablejump__                                     c:/program files (x86)/mhv avr tools/bin/../lib/gcc/avr/4.6.2/avr5\libgcc.a(_tablejump.o)
                                                  c:/program files (x86)/mhv avr tools/bin/../lib/gcc/avr/4.6.2/avr5\libgcc.a(_ctors.o)
__udivmodhi4                                      c:/program files (x86)/mhv avr tools/bin/../lib/gcc/avr/4.6.2/avr5\libgcc.a(_udivmodhi4.o)
                                                  A:\eclipse\mhvlib/ATmega328P_20MHz\libmhvlib.a(MHV_RTC.o)
__udivmodsi4                                      c:/program files (x86)/mhv avr tools/bin/../lib/gcc/avr/4.6.2/avr5\libgcc.a(_udivmodsi4.o)
                                                  A:\eclipse\mhvlib/ATmega328P_20MHz\libmhvlib.a(MHV_Timer8.o)
                                                  A:\eclipse\mhvlib/ATmega328P_20MHz\libmhvlib.a(MHV_RTC.o)
__ultoa_invert                                    c:/program files (x86)/mhv avr tools/bin/../lib/gcc/avr/4.6.2/../../../../avr/lib/avr5\libc.a(ultoa_invert.o)
                                                  c:/program files (x86)/mhv avr tools/bin/../lib/gcc/avr/4.6.2/../../../../avr/lib/avr5\libc.a(vfprintf_std.o)
__vector_1                                        A:\eclipse\mhvlib-Vusb-Keyboard/ATmega328P_20MHz\libmhvlib-vusb-keyboard.a(usbdrvasm.o)
                                                  c:/program files (x86)/mhv avr tools/bin/../lib/gcc/avr/4.6.2/../../../../avr/lib/avr5/crtm328p.o
__vector_10                                       c:/program files (x86)/mhv avr tools/bin/../lib/gcc/avr/4.6.2/../../../../avr/lib/avr5/crtm328p.o
__vector_11                                       c:/program files (x86)/mhv avr tools/bin/../lib/gcc/avr/4.6.2/../../../../avr/lib/avr5/crtm328p.o
__vector_12                                       c:/program files (x86)/mhv avr tools/bin/../lib/gcc/avr/4.6.2/../../../../avr/lib/avr5/crtm328p.o
__vector_13                                       c:/program files (x86)/mhv avr tools/bin/../lib/gcc/avr/4.6.2/../../../../avr/lib/avr5/crtm328p.o
__vector_14                                       c:/program files (x86)/mhv avr tools/bin/../lib/gcc/avr/4.6.2/../../../../avr/lib/avr5/crtm328p.o
__vector_15                                       c:/program files (x86)/mhv avr tools/bin/../lib/gcc/avr/4.6.2/../../../../avr/lib/avr5/crtm328p.o
__vector_16                                       c:/program files (x86)/mhv avr tools/bin/../lib/gcc/avr/4.6.2/../../../../avr/lib/avr5/crtm328p.o
__vector_17                                       c:/program files (x86)/mhv avr tools/bin/../lib/gcc/avr/4.6.2/../../../../avr/lib/avr5/crtm328p.o
__vector_18                                       c:/program files (x86)/mhv avr tools/bin/../lib/gcc/avr/4.6.2/../../../../avr/lib/avr5/crtm328p.o
__vector_19                                       c:/program files (x86)/mhv avr tools/bin/../lib/gcc/avr/4.6.2/../../../../avr/lib/avr5/crtm328p.o
__vector_2                                        c:/program files (x86)/mhv avr tools/bin/../lib/gcc/avr/4.6.2/../../../../avr/lib/avr5/crtm328p.o
__vector_20                                       c:/program files (x86)/mhv avr tools/bin/../lib/gcc/avr/4.6.2/../../../../avr/lib/avr5/crtm328p.o
__vector_21                                       c:/program files (x86)/mhv avr tools/bin/../lib/gcc/avr/4.6.2/../../../../avr/lib/avr5/crtm328p.o
__vector_22                                       c:/program files (x86)/mhv avr tools/bin/../lib/gcc/avr/4.6.2/../../../../avr/lib/avr5/crtm328p.o
__vector_23                                       c:/program files (x86)/mhv avr tools/bin/../lib/gcc/avr/4.6.2/../../../../avr/lib/avr5/crtm328p.o
__vector_24                                       c:/program files (x86)/mhv avr tools/bin/../lib/gcc/avr/4.6.2/../../../../avr/lib/avr5/crtm328p.o
__vector_25                                       c:/program files (x86)/mhv avr tools/bin/../lib/gcc/avr/4.6.2/../../../../avr/lib/avr5/crtm328p.o
__vector_3                                        c:/program files (x86)/mhv avr tools/bin/../lib/gcc/avr/4.6.2/../../../../avr/lib/avr5/crtm328p.o
__vector_4                                        c:/program files (x86)/mhv avr tools/bin/../lib/gcc/avr/4.6.2/../../../../avr/lib/avr5/crtm328p.o
__vector_5                                        c:/program files (x86)/mhv avr tools/bin/../lib/gcc/avr/4.6.2/../../../../avr/lib/avr5/crtm328p.o
__vector_6                                        c:/program files (x86)/mhv avr tools/bin/../lib/gcc/avr/4.6.2/../../../../avr/lib/avr5/crtm328p.o
__vector_7                                        ./VusbKeyboard.o
                                                  c:/program files (x86)/mhv avr tools/bin/../lib/gcc/avr/4.6.2/../../../../avr/lib/avr5/crtm328p.o
__vector_8                                        c:/program files (x86)/mhv avr tools/bin/../lib/gcc/avr/4.6.2/../../../../avr/lib/avr5/crtm328p.o
__vector_9                                        c:/program files (x86)/mhv avr tools/bin/../lib/gcc/avr/4.6.2/../../../../avr/lib/avr5/crtm328p.o
__vector_default                                  c:/program files (x86)/mhv avr tools/bin/../lib/gcc/avr/4.6.2/../../../../avr/lib/avr5/crtm328p.o
__vectors                                         c:/program files (x86)/mhv avr tools/bin/../lib/gcc/avr/4.6.2/../../../../avr/lib/avr5/crtm328p.o
_exit                                             c:/program files (x86)/mhv avr tools/bin/../lib/gcc/avr/4.6.2/avr5\libgcc.a(_exit.o)
alarms                                            ./VusbKeyboard.o
exit                                              c:/program files (x86)/mhv avr tools/bin/../lib/gcc/avr/4.6.2/avr5\libgcc.a(_exit.o)
                                                  c:/program files (x86)/mhv avr tools/bin/../lib/gcc/avr/4.6.2/../../../../avr/lib/avr5/crtm328p.o
fputc                                             c:/program files (x86)/mhv avr tools/bin/../lib/gcc/avr/4.6.2/../../../../avr/lib/avr5\libc.a(fputc.o)
                                                  c:/program files (x86)/mhv avr tools/bin/../lib/gcc/avr/4.6.2/../../../../avr/lib/avr5\libc.a(vfprintf_std.o)
free                                              c:/program files (x86)/mhv avr tools/bin/../lib/gcc/avr/4.6.2/../../../../avr/lib/avr5\libc.a(malloc.o)
                                                  A:\eclipse\mhvlib/ATmega328P_20MHz\libmhvlib.a(MHV_Device_TX.o)
main                                              ./VusbKeyboard.o
                                                  c:/program files (x86)/mhv avr tools/bin/../lib/gcc/avr/4.6.2/../../../../avr/lib/avr5/crtm328p.o
malloc                                            c:/program files (x86)/mhv avr tools/bin/../lib/gcc/avr/4.6.2/../../../../avr/lib/avr5\libc.a(malloc.o)
                                                  A:\eclipse\mhvlib/ATmega328P_20MHz\libmhvlib.a(MHV_Device_TX.o)
memcpy                                            c:/program files (x86)/mhv avr tools/bin/../lib/gcc/avr/4.6.2/../../../../avr/lib/avr5\libc.a(memcpy.o)
                                                  c:/program files (x86)/mhv avr tools/bin/../lib/gcc/avr/4.6.2/../../../../avr/lib/avr5\libc.a(memmove.o)
memmove                                           c:/program files (x86)/mhv avr tools/bin/../lib/gcc/avr/4.6.2/../../../../avr/lib/avr5\libc.a(memmove.o)
                                                  A:\eclipse\mhvlib/ATmega328P_20MHz\libmhvlib.a(MHV_RTC.o)
mhv_daysInMonth(mhv_month, unsigned int)          A:\eclipse\mhvlib/ATmega328P_20MHz\libmhvlib.a(MHV_RTC.o)
mhv_device_tx_debug_free(char const*)             A:\eclipse\mhvlib/ATmega328P_20MHz\libmhvlib.a(MHV_Device_TX.o)
mhv_isLeapYear(unsigned int)                      A:\eclipse\mhvlib/ATmega328P_20MHz\libmhvlib.a(MHV_RTC.o)
mhv_timestampGreaterThanOrEqual(mhv_timestamp*, mhv_timestamp*) A:\eclipse\mhvlib/ATmega328P_20MHz\libmhvlib.a(MHV_RTC.o)
mhv_timestampIncrement(mhv_timestamp*, mhv_timestamp*) A:\eclipse\mhvlib/ATmega328P_20MHz\libmhvlib.a(MHV_RTC.o)
mhv_timestampIncrement(mhv_timestamp*, unsigned long, unsigned int) A:\eclipse\mhvlib/ATmega328P_20MHz\libmhvlib.a(MHV_RTC.o)
                                                  A:\eclipse\mhvlib-Vusb-Keyboard/ATmega328P_20MHz\libmhvlib-vusb-keyboard.a(MHV_VusbKeyboard.o)
                                                  ./VusbKeyboard.o
mhv_timestampLessThan(mhv_timestamp*, mhv_timestamp*) A:\eclipse\mhvlib/ATmega328P_20MHz\libmhvlib.a(MHV_RTC.o)
non-virtual thunk to MHV_VusbTypist::runTxBuffers() A:\eclipse\mhvlib-Vusb-Keyboard/ATmega328P_20MHz\libmhvlib-vusb-keyboard.a(MHV_VusbTypist.o)
rtc                                               ./VusbKeyboard.o
rtcTrigger(void*)                                 ./VusbKeyboard.o
sprintf_P                                         c:/program files (x86)/mhv avr tools/bin/../lib/gcc/avr/4.6.2/../../../../avr/lib/avr5\libc.a(sprintf_p.o)
                                                  A:\eclipse\mhvlib/ATmega328P_20MHz\libmhvlib.a(MHV_Device_TX.o)
strnlen                                           c:/program files (x86)/mhv avr tools/bin/../lib/gcc/avr/4.6.2/../../../../avr/lib/avr5\libc.a(strnlen.o)
                                                  c:/program files (x86)/mhv avr tools/bin/../lib/gcc/avr/4.6.2/../../../../avr/lib/avr5\libc.a(vfprintf_std.o)
strnlen_P                                         c:/program files (x86)/mhv avr tools/bin/../lib/gcc/avr/4.6.2/../../../../avr/lib/avr5\libc.a(strnlen_P.o)
                                                  c:/program files (x86)/mhv avr tools/bin/../lib/gcc/avr/4.6.2/../../../../avr/lib/avr5\libc.a(vfprintf_std.o)
tickTimer                                         ./VusbKeyboard.o
typist                                            ./VusbKeyboard.o
typistBuffer                                      ./VusbKeyboard.o
typistBufferBuf                                   ./VusbKeyboard.o
usbConfiguration                                  A:\eclipse\mhvlib-Vusb-Keyboard/ATmega328P_20MHz\libmhvlib-vusb-keyboard.a(usbdrv.o)
usbCrc16                                          A:\eclipse\mhvlib-Vusb-Keyboard/ATmega328P_20MHz\libmhvlib-vusb-keyboard.a(usbdrvasm.o)
usbCrc16Append                                    A:\eclipse\mhvlib-Vusb-Keyboard/ATmega328P_20MHz\libmhvlib-vusb-keyboard.a(usbdrvasm.o)
                                                  A:\eclipse\mhvlib-Vusb-Keyboard/ATmega328P_20MHz\libmhvlib-vusb-keyboard.a(usbdrv.o)
usbCurrentTok                                     A:\eclipse\mhvlib-Vusb-Keyboard/ATmega328P_20MHz\libmhvlib-vusb-keyboard.a(usbdrvasm.o)
                                                  A:\eclipse\mhvlib-Vusb-Keyboard/ATmega328P_20MHz\libmhvlib-vusb-keyboard.a(usbdrv.o)
usbDescriptorConfiguration                        A:\eclipse\mhvlib-Vusb-Keyboard/ATmega328P_20MHz\libmhvlib-vusb-keyboard.a(usbdrv.o)
usbDescriptorDevice                               A:\eclipse\mhvlib-Vusb-Keyboard/ATmega328P_20MHz\libmhvlib-vusb-keyboard.a(usbdrv.o)
usbDescriptorHidReport                            A:\eclipse\mhvlib-Vusb-Keyboard/ATmega328P_20MHz\libmhvlib-vusb-keyboard.a(MHV_VusbKeyboard.o)
                                                  A:\eclipse\mhvlib-Vusb-Keyboard/ATmega328P_20MHz\libmhvlib-vusb-keyboard.a(usbdrv.o)
usbDescriptorString0                              A:\eclipse\mhvlib-Vusb-Keyboard/ATmega328P_20MHz\libmhvlib-vusb-keyboard.a(usbdrv.o)
usbDescriptorStringDevice                         A:\eclipse\mhvlib-Vusb-Keyboard/ATmega328P_20MHz\libmhvlib-vusb-keyboard.a(usbdrv.o)
usbDescriptorStringSerialNumber                   A:\eclipse\mhvlib-Vusb-Keyboard/ATmega328P_20MHz\libmhvlib-vusb-keyboard.a(usbdrv.o)
usbDescriptorStringVendor                         A:\eclipse\mhvlib-Vusb-Keyboard/ATmega328P_20MHz\libmhvlib-vusb-keyboard.a(usbdrv.o)
usbDeviceAddr                                     A:\eclipse\mhvlib-Vusb-Keyboard/ATmega328P_20MHz\libmhvlib-vusb-keyboard.a(usbdrvasm.o)
                                                  A:\eclipse\mhvlib-Vusb-Keyboard/ATmega328P_20MHz\libmhvlib-vusb-keyboard.a(usbdrv.o)
usbFunctionSetup                                  A:\eclipse\mhvlib-Vusb-Keyboard/ATmega328P_20MHz\libmhvlib-vusb-keyboard.a(MHV_VusbKeyboard.o)
                                                  A:\eclipse\mhvlib-Vusb-Keyboard/ATmega328P_20MHz\libmhvlib-vusb-keyboard.a(usbdrv.o)
usbInit                                           A:\eclipse\mhvlib-Vusb-Keyboard/ATmega328P_20MHz\libmhvlib-vusb-keyboard.a(usbdrv.o)
                                                  A:\eclipse\mhvlib-Vusb-Keyboard/ATmega328P_20MHz\libmhvlib-vusb-keyboard.a(MHV_VusbKeyboard.o)
usbInputBufOffset                                 A:\eclipse\mhvlib-Vusb-Keyboard/ATmega328P_20MHz\libmhvlib-vusb-keyboard.a(usbdrvasm.o)
                                                  A:\eclipse\mhvlib-Vusb-Keyboard/ATmega328P_20MHz\libmhvlib-vusb-keyboard.a(usbdrv.o)
usbMsgPtr                                         A:\eclipse\mhvlib-Vusb-Keyboard/ATmega328P_20MHz\libmhvlib-vusb-keyboard.a(MHV_VusbKeyboard.o)
                                                  A:\eclipse\mhvlib-Vusb-Keyboard/ATmega328P_20MHz\libmhvlib-vusb-keyboard.a(usbdrv.o)
usbNewDeviceAddr                                  A:\eclipse\mhvlib-Vusb-Keyboard/ATmega328P_20MHz\libmhvlib-vusb-keyboard.a(usbdrvasm.o)
                                                  A:\eclipse\mhvlib-Vusb-Keyboard/ATmega328P_20MHz\libmhvlib-vusb-keyboard.a(usbdrv.o)
usbPoll                                           A:\eclipse\mhvlib-Vusb-Keyboard/ATmega328P_20MHz\libmhvlib-vusb-keyboard.a(usbdrv.o)
                                                  A:\eclipse\mhvlib-Vusb-Keyboard/ATmega328P_20MHz\libmhvlib-vusb-keyboard.a(MHV_VusbKeyboard.o)
usbRxBuf                                          A:\eclipse\mhvlib-Vusb-Keyboard/ATmega328P_20MHz\libmhvlib-vusb-keyboard.a(usbdrvasm.o)
                                                  A:\eclipse\mhvlib-Vusb-Keyboard/ATmega328P_20MHz\libmhvlib-vusb-keyboard.a(usbdrv.o)
usbRxLen                                          A:\eclipse\mhvlib-Vusb-Keyboard/ATmega328P_20MHz\libmhvlib-vusb-keyboard.a(usbdrvasm.o)
                                                  A:\eclipse\mhvlib-Vusb-Keyboard/ATmega328P_20MHz\libmhvlib-vusb-keyboard.a(usbdrv.o)
usbRxToken                                        A:\eclipse\mhvlib-Vusb-Keyboard/ATmega328P_20MHz\libmhvlib-vusb-keyboard.a(usbdrvasm.o)
                                                  A:\eclipse\mhvlib-Vusb-Keyboard/ATmega328P_20MHz\libmhvlib-vusb-keyboard.a(usbdrv.o)
usbSetInterrupt                                   A:\eclipse\mhvlib-Vusb-Keyboard/ATmega328P_20MHz\libmhvlib-vusb-keyboard.a(usbdrv.o)
                                                  A:\eclipse\mhvlib-Vusb-Keyboard/ATmega328P_20MHz\libmhvlib-vusb-keyboard.a(MHV_VusbKeyboard.o)
usbTxBuf                                          A:\eclipse\mhvlib-Vusb-Keyboard/ATmega328P_20MHz\libmhvlib-vusb-keyboard.a(usbdrvasm.o)
                                                  A:\eclipse\mhvlib-Vusb-Keyboard/ATmega328P_20MHz\libmhvlib-vusb-keyboard.a(usbdrv.o)
usbTxLen                                          A:\eclipse\mhvlib-Vusb-Keyboard/ATmega328P_20MHz\libmhvlib-vusb-keyboard.a(usbdrv.o)
                                                  A:\eclipse\mhvlib-Vusb-Keyboard/ATmega328P_20MHz\libmhvlib-vusb-keyboard.a(usbdrvasm.o)
usbTxStatus1                                      A:\eclipse\mhvlib-Vusb-Keyboard/ATmega328P_20MHz\libmhvlib-vusb-keyboard.a(MHV_VusbKeyboard.o)
                                                  A:\eclipse\mhvlib-Vusb-Keyboard/ATmega328P_20MHz\libmhvlib-vusb-keyboard.a(usbdrvasm.o)
                                                  A:\eclipse\mhvlib-Vusb-Keyboard/ATmega328P_20MHz\libmhvlib-vusb-keyboard.a(usbdrv.o)
                                                  A:\eclipse\mhvlib-Vusb-Keyboard/ATmega328P_20MHz\libmhvlib-vusb-keyboard.a(MHV_VusbTypist.o)
vfprintf                                          c:/program files (x86)/mhv avr tools/bin/../lib/gcc/avr/4.6.2/../../../../avr/lib/avr5\libc.a(vfprintf_std.o)
                                                  c:/program files (x86)/mhv avr tools/bin/../lib/gcc/avr/4.6.2/../../../../avr/lib/avr5\libc.a(vsprintf_p.o)
                                                  c:/program files (x86)/mhv avr tools/bin/../lib/gcc/avr/4.6.2/../../../../avr/lib/avr5\libc.a(sprintf_p.o)
vsprintf_P                                        c:/program files (x86)/mhv avr tools/bin/../lib/gcc/avr/4.6.2/../../../../avr/lib/avr5\libc.a(vsprintf_p.o)
                                                  A:\eclipse\mhvlib/ATmega328P_20MHz\libmhvlib.a(MHV_Device_TX.o)
vtable for MHV_AlarmListener                      ./VusbKeyboard.o
vtable for MHV_Device_TX                          A:\eclipse\mhvlib/ATmega328P_20MHz\libmhvlib.a(MHV_Device_TX.o)
vtable for MHV_VusbKeyboard                       A:\eclipse\mhvlib-Vusb-Keyboard/ATmega328P_20MHz\libmhvlib-vusb-keyboard.a(MHV_VusbKeyboard.o)
vtable for MHV_VusbTypist                         A:\eclipse\mhvlib-Vusb-Keyboard/ATmega328P_20MHz\libmhvlib-vusb-keyboard.a(MHV_VusbTypist.o)
vtable for TypeString                             ./VusbKeyboard.o
