Archive member included because of file (symbol)

A:\eclipse\mhvlib/ATmega1280_16MHz\libmhvlib.a(MHV_Device_RX.o)
                              ./RTC.o (MHV_Device_RX::busyReadLine(char*, unsigned char))
A:\eclipse\mhvlib/ATmega1280_16MHz\libmhvlib.a(MHV_Device_TX.o)
                              ./RTC.o (MHV_Device_TX::write_P(char const*))
A:\eclipse\mhvlib/ATmega1280_16MHz\libmhvlib.a(MHV_HardwareSerial.o)
                              ./RTC.o (MHV_HardwareSerial::rx())
A:\eclipse\mhvlib/ATmega1280_16MHz\libmhvlib.a(MHV_RTC.o)
                              ./RTC.o (mhv_daysInMonth(mhv_month, unsigned int))
A:\eclipse\mhvlib/ATmega1280_16MHz\libmhvlib.a(MHV_RingBuffer.o)
                              ./RTC.o (MHV_RingBuffer::MHV_RingBuffer(char*, unsigned char))
A:\eclipse\mhvlib/ATmega1280_16MHz\libmhvlib.a(MHV_Timer8.o)
                              ./RTC.o (MHV_Timer8::MHV_Timer8(mhv_timer_type, unsigned char volatile*, unsigned char volatile*, unsigned char volatile*, unsigned char volatile*, unsigned char volatile*, unsigned char volatile*, unsigned char))
c:/program files (x86)/mhv avr tools/bin/../lib/gcc/avr/4.5.2/avr51\libgcc.a(_mulsi3.o)
                              A:\eclipse\mhvlib/ATmega1280_16MHz\libmhvlib.a(MHV_HardwareSerial.o) (__mulsi3)
c:/program files (x86)/mhv avr tools/bin/../lib/gcc/avr/4.5.2/avr51\libgcc.a(_udivmodhi4.o)
                              A:\eclipse\mhvlib/ATmega1280_16MHz\libmhvlib.a(MHV_RTC.o) (__udivmodhi4)
c:/program files (x86)/mhv avr tools/bin/../lib/gcc/avr/4.5.2/avr51\libgcc.a(_udivmodsi4.o)
                              A:\eclipse\mhvlib/ATmega1280_16MHz\libmhvlib.a(MHV_HardwareSerial.o) (__udivmodsi4)
c:/program files (x86)/mhv avr tools/bin/../lib/gcc/avr/4.5.2/avr51\libgcc.a(_exit.o)
                              c:/program files (x86)/mhv avr tools/bin/../lib/gcc/avr/4.5.2/../../../../avr/lib/avr51/crtm1280.o (exit)
c:/program files (x86)/mhv avr tools/bin/../lib/gcc/avr/4.5.2/avr51\libgcc.a(_copy_data.o)
                              A:\eclipse\mhvlib/ATmega1280_16MHz\libmhvlib.a(MHV_Device_TX.o) (__do_copy_data)
c:/program files (x86)/mhv avr tools/bin/../lib/gcc/avr/4.5.2/avr51\libgcc.a(_clear_bss.o)
                              ./RTC.o (__do_clear_bss)
c:/program files (x86)/mhv avr tools/bin/../lib/gcc/avr/4.5.2/avr51\libgcc.a(_ctors.o)
                              ./RTC.o (__do_global_ctors)
c:/program files (x86)/mhv avr tools/bin/../lib/gcc/avr/4.5.2/avr51\libgcc.a(_tablejump_elpm.o)
                              c:/program files (x86)/mhv avr tools/bin/../lib/gcc/avr/4.5.2/avr51\libgcc.a(_ctors.o) (__tablejump_elpm__)
c:/program files (x86)/mhv avr tools/bin/../lib/gcc/avr/4.5.2/../../../../avr/lib/avr51\libc.a(atoi.o)
                              ./RTC.o (atoi)
c:/program files (x86)/mhv avr tools/bin/../lib/gcc/avr/4.5.2/../../../../avr/lib/avr51\libc.a(memmove.o)
                              A:\eclipse\mhvlib/ATmega1280_16MHz\libmhvlib.a(MHV_RTC.o) (memmove)
c:/program files (x86)/mhv avr tools/bin/../lib/gcc/avr/4.5.2/../../../../avr/lib/avr51\libc.a(itoa.o)
                              ./RTC.o (itoa)
c:/program files (x86)/mhv avr tools/bin/../lib/gcc/avr/4.5.2/../../../../avr/lib/avr51\libc.a(mul10.o)
                              c:/program files (x86)/mhv avr tools/bin/../lib/gcc/avr/4.5.2/../../../../avr/lib/avr51\libc.a(atoi.o) (__mulhi_const_10)
c:/program files (x86)/mhv avr tools/bin/../lib/gcc/avr/4.5.2/../../../../avr/lib/avr51\libc.a(snprintf_p.o)
                              ./RTC.o (snprintf_P)
c:/program files (x86)/mhv avr tools/bin/../lib/gcc/avr/4.5.2/../../../../avr/lib/avr51\libc.a(vsnprintf_p.o)
                              A:\eclipse\mhvlib/ATmega1280_16MHz\libmhvlib.a(MHV_HardwareSerial.o) (vsnprintf_P)
c:/program files (x86)/mhv avr tools/bin/../lib/gcc/avr/4.5.2/../../../../avr/lib/avr51\libc.a(vfprintf_std.o)
                              c:/program files (x86)/mhv avr tools/bin/../lib/gcc/avr/4.5.2/../../../../avr/lib/avr51\libc.a(snprintf_p.o) (vfprintf)
c:/program files (x86)/mhv avr tools/bin/../lib/gcc/avr/4.5.2/../../../../avr/lib/avr51\libc.a(strnlen_P.o)
                              c:/program files (x86)/mhv avr tools/bin/../lib/gcc/avr/4.5.2/../../../../avr/lib/avr51\libc.a(vfprintf_std.o) (strnlen_P)
c:/program files (x86)/mhv avr tools/bin/../lib/gcc/avr/4.5.2/../../../../avr/lib/avr51\libc.a(memcpy.o)
                              c:/program files (x86)/mhv avr tools/bin/../lib/gcc/avr/4.5.2/../../../../avr/lib/avr51\libc.a(memmove.o) (memcpy)
c:/program files (x86)/mhv avr tools/bin/../lib/gcc/avr/4.5.2/../../../../avr/lib/avr51\libc.a(strnlen.o)
                              c:/program files (x86)/mhv avr tools/bin/../lib/gcc/avr/4.5.2/../../../../avr/lib/avr51\libc.a(vfprintf_std.o) (strnlen)
c:/program files (x86)/mhv avr tools/bin/../lib/gcc/avr/4.5.2/../../../../avr/lib/avr51\libc.a(strrev.o)
                              c:/program files (x86)/mhv avr tools/bin/../lib/gcc/avr/4.5.2/../../../../avr/lib/avr51\libc.a(itoa.o) (strrev)
c:/program files (x86)/mhv avr tools/bin/../lib/gcc/avr/4.5.2/../../../../avr/lib/avr51\libc.a(fputc.o)
                              c:/program files (x86)/mhv avr tools/bin/../lib/gcc/avr/4.5.2/../../../../avr/lib/avr51\libc.a(vfprintf_std.o) (fputc)
c:/program files (x86)/mhv avr tools/bin/../lib/gcc/avr/4.5.2/../../../../avr/lib/avr51\libc.a(ultoa_invert.o)
                              c:/program files (x86)/mhv avr tools/bin/../lib/gcc/avr/4.5.2/../../../../avr/lib/avr51\libc.a(vfprintf_std.o) (__ultoa_invert)

Discarded input sections

 .data          0x00000000        0x0 c:/program files (x86)/mhv avr tools/bin/../lib/gcc/avr/4.5.2/../../../../avr/lib/avr51/crtm1280.o
 .bss           0x00000000        0x0 c:/program files (x86)/mhv avr tools/bin/../lib/gcc/avr/4.5.2/../../../../avr/lib/avr51/crtm1280.o
 .text          0x00000000        0x0 ./RTC.o
 .data          0x00000000        0x0 ./RTC.o
 .bss           0x00000000        0x0 ./RTC.o
 .text          0x00000000        0x0 A:\eclipse\mhvlib/ATmega1280_16MHz\libmhvlib.a(MHV_Device_RX.o)
 .data          0x00000000        0x0 A:\eclipse\mhvlib/ATmega1280_16MHz\libmhvlib.a(MHV_Device_RX.o)
 .bss           0x00000000        0x0 A:\eclipse\mhvlib/ATmega1280_16MHz\libmhvlib.a(MHV_Device_RX.o)
 .text._ZN13MHV_Device_RX4readEv
                0x00000000        0xc A:\eclipse\mhvlib/ATmega1280_16MHz\libmhvlib.a(MHV_Device_RX.o)
 .text._ZN13MHV_Device_RX5flushEv
                0x00000000        0xc A:\eclipse\mhvlib/ATmega1280_16MHz\libmhvlib.a(MHV_Device_RX.o)
 .text          0x00000000        0x0 A:\eclipse\mhvlib/ATmega1280_16MHz\libmhvlib.a(MHV_Device_TX.o)
 .data          0x00000000        0x0 A:\eclipse\mhvlib/ATmega1280_16MHz\libmhvlib.a(MHV_Device_TX.o)
 .bss           0x00000000        0x0 A:\eclipse\mhvlib/ATmega1280_16MHz\libmhvlib.a(MHV_Device_TX.o)
 .text._ZN13MHV_Device_TX8canWriteEv
                0x00000000       0x12 A:\eclipse\mhvlib/ATmega1280_16MHz\libmhvlib.a(MHV_Device_TX.o)
 .text._ZN13MHV_Device_TX5writeEPKcPFvS1_E
                0x00000000       0xa0 A:\eclipse\mhvlib/ATmega1280_16MHz\libmhvlib.a(MHV_Device_TX.o)
 .text._ZN13MHV_Device_TX7write_PEPKcj
                0x00000000       0xa0 A:\eclipse\mhvlib/ATmega1280_16MHz\libmhvlib.a(MHV_Device_TX.o)
 .text._ZN13MHV_Device_TX5writeEPKcj
                0x00000000       0x9e A:\eclipse\mhvlib/ATmega1280_16MHz\libmhvlib.a(MHV_Device_TX.o)
 .text._ZN13MHV_Device_TX5writeEPKcjPFvS1_E
                0x00000000       0xa8 A:\eclipse\mhvlib/ATmega1280_16MHz\libmhvlib.a(MHV_Device_TX.o)
 .text          0x00000000        0x0 A:\eclipse\mhvlib/ATmega1280_16MHz\libmhvlib.a(MHV_HardwareSerial.o)
 .data          0x00000000        0x0 A:\eclipse\mhvlib/ATmega1280_16MHz\libmhvlib.a(MHV_HardwareSerial.o)
 .bss           0x00000000        0x0 A:\eclipse\mhvlib/ATmega1280_16MHz\libmhvlib.a(MHV_HardwareSerial.o)
 .text._ZN18MHV_HardwareSerial3endEv
                0x00000000       0x50 A:\eclipse\mhvlib/ATmega1280_16MHz\libmhvlib.a(MHV_HardwareSerial.o)
 .text._ZN18MHV_HardwareSerial11canSendBusyEv
                0x00000000       0x2c A:\eclipse\mhvlib/ATmega1280_16MHz\libmhvlib.a(MHV_HardwareSerial.o)
 .text._ZN18MHV_HardwareSerial9busyWriteEc
                0x00000000       0x7e A:\eclipse\mhvlib/ATmega1280_16MHz\libmhvlib.a(MHV_HardwareSerial.o)
 .text._ZN18MHV_HardwareSerial11busyWrite_PEPKc
                0x00000000       0x72 A:\eclipse\mhvlib/ATmega1280_16MHz\libmhvlib.a(MHV_HardwareSerial.o)
 .text._ZN18MHV_HardwareSerial9busyWriteEPKc
                0x00000000       0x9a A:\eclipse\mhvlib/ATmega1280_16MHz\libmhvlib.a(MHV_HardwareSerial.o)
 .text._ZN18MHV_HardwareSerial11busyWrite_PEPKcj
                0x00000000       0x6c A:\eclipse\mhvlib/ATmega1280_16MHz\libmhvlib.a(MHV_HardwareSerial.o)
 .text._ZN18MHV_HardwareSerial9busyWriteEPKcj
                0x00000000       0x90 A:\eclipse\mhvlib/ATmega1280_16MHz\libmhvlib.a(MHV_HardwareSerial.o)
 .text._ZN18MHV_HardwareSerial4busyEv
                0x00000000       0x1e A:\eclipse\mhvlib/ATmega1280_16MHz\libmhvlib.a(MHV_HardwareSerial.o)
 .text._ZN18MHV_HardwareSerial5debugEPKciS1_S1_z
                0x00000000       0xfa A:\eclipse\mhvlib/ATmega1280_16MHz\libmhvlib.a(MHV_HardwareSerial.o)
 .progmem.data  0x00000000       0x11 A:\eclipse\mhvlib/ATmega1280_16MHz\libmhvlib.a(MHV_HardwareSerial.o)
 .text          0x00000000        0x0 A:\eclipse\mhvlib/ATmega1280_16MHz\libmhvlib.a(MHV_RTC.o)
 .data          0x00000000        0x0 A:\eclipse\mhvlib/ATmega1280_16MHz\libmhvlib.a(MHV_RTC.o)
 .bss           0x00000000        0x0 A:\eclipse\mhvlib/ATmega1280_16MHz\libmhvlib.a(MHV_RTC.o)
 .text._Z22mhv_timestampIncrementP13mhv_timestampmj
                0x00000000       0x50 A:\eclipse\mhvlib/ATmega1280_16MHz\libmhvlib.a(MHV_RTC.o)
 .text._ZN7MHV_RTC11synchroniseEv
                0x00000000       0x64 A:\eclipse\mhvlib/ATmega1280_16MHz\libmhvlib.a(MHV_RTC.o)
 .text._ZN7MHV_RTC7setTimeEmj
                0x00000000       0x10 A:\eclipse\mhvlib/ATmega1280_16MHz\libmhvlib.a(MHV_RTC.o)
 .text._ZN7MHV_RTC4tickEv
                0x00000000       0x40 A:\eclipse\mhvlib/ATmega1280_16MHz\libmhvlib.a(MHV_RTC.o)
 .text._ZN7MHV_RTC19tick1msAndRunEventsEv
                0x00000000       0x32 A:\eclipse\mhvlib/ATmega1280_16MHz\libmhvlib.a(MHV_RTC.o)
 .text._ZN7MHV_RTC7elapsedEP13mhv_timestampS1_
                0x00000000       0x6e A:\eclipse\mhvlib/ATmega1280_16MHz\libmhvlib.a(MHV_RTC.o)
 .text._ZN7MHV_RTC16tickAndRunEventsEv
                0x00000000       0x46 A:\eclipse\mhvlib/ATmega1280_16MHz\libmhvlib.a(MHV_RTC.o)
 .text._ZN7MHV_RTC13eventsPendingEv
                0x00000000        0x6 A:\eclipse\mhvlib/ATmega1280_16MHz\libmhvlib.a(MHV_RTC.o)
 .text          0x00000000        0x0 A:\eclipse\mhvlib/ATmega1280_16MHz\libmhvlib.a(MHV_RingBuffer.o)
 .data          0x00000000        0x0 A:\eclipse\mhvlib/ATmega1280_16MHz\libmhvlib.a(MHV_RingBuffer.o)
 .bss           0x00000000        0x0 A:\eclipse\mhvlib/ATmega1280_16MHz\libmhvlib.a(MHV_RingBuffer.o)
 .text._ZN14MHV_RingBuffer5flushEv
                0x00000000        0x8 A:\eclipse\mhvlib/ATmega1280_16MHz\libmhvlib.a(MHV_RingBuffer.o)
 .text._ZN14MHV_RingBuffer4sizeEv
                0x00000000        0x6 A:\eclipse\mhvlib/ATmega1280_16MHz\libmhvlib.a(MHV_RingBuffer.o)
 .text          0x00000000        0x0 A:\eclipse\mhvlib/ATmega1280_16MHz\libmhvlib.a(MHV_Timer8.o)
 .data          0x00000000        0x0 A:\eclipse\mhvlib/ATmega1280_16MHz\libmhvlib.a(MHV_Timer8.o)
 .bss           0x00000000        0x0 A:\eclipse\mhvlib/ATmega1280_16MHz\libmhvlib.a(MHV_Timer8.o)
 .text._ZN10MHV_Timer8C2Ev
                0x00000000        0x2 A:\eclipse\mhvlib/ATmega1280_16MHz\libmhvlib.a(MHV_Timer8.o)
 .text._ZN10MHV_Timer87currentEv
                0x00000000       0x14 A:\eclipse\mhvlib/ATmega1280_16MHz\libmhvlib.a(MHV_Timer8.o)
 .text._ZN10MHV_Timer818calculatePrescalerEmP19mhv_timer_prescalerPj
                0x00000000      0x1fc A:\eclipse\mhvlib/ATmega1280_16MHz\libmhvlib.a(MHV_Timer8.o)
 .text._ZN10MHV_Timer812calculateTopEPmj
                0x00000000       0x2e A:\eclipse\mhvlib/ATmega1280_16MHz\libmhvlib.a(MHV_Timer8.o)
 .text._ZN10MHV_Timer812getPrescalerEv
                0x00000000       0x10 A:\eclipse\mhvlib/ATmega1280_16MHz\libmhvlib.a(MHV_Timer8.o)
 .text._ZN10MHV_Timer822getPrescalerMultiplierEv
                0x00000000       0x84 A:\eclipse\mhvlib/ATmega1280_16MHz\libmhvlib.a(MHV_Timer8.o)
 .text._ZN10MHV_Timer812setPrescalerE19mhv_timer_prescaler
                0x00000000        0x6 A:\eclipse\mhvlib/ATmega1280_16MHz\libmhvlib.a(MHV_Timer8.o)
 .text._ZN10MHV_Timer810setPeriodsEmm
                0x00000000       0xfa A:\eclipse\mhvlib/ATmega1280_16MHz\libmhvlib.a(MHV_Timer8.o)
 .text._ZN10MHV_Timer86getTopEv
                0x00000000       0x26 A:\eclipse\mhvlib/ATmega1280_16MHz\libmhvlib.a(MHV_Timer8.o)
 .text._ZN10MHV_Timer86setTopEh
                0x00000000       0x16 A:\eclipse\mhvlib/ATmega1280_16MHz\libmhvlib.a(MHV_Timer8.o)
 .text._ZN10MHV_Timer89setOutputEhh
                0x00000000       0x20 A:\eclipse\mhvlib/ATmega1280_16MHz\libmhvlib.a(MHV_Timer8.o)
 .text._ZN10MHV_Timer810setOutput1Eh
                0x00000000        0xe A:\eclipse\mhvlib/ATmega1280_16MHz\libmhvlib.a(MHV_Timer8.o)
 .text._ZN10MHV_Timer810setOutput2Eh
                0x00000000        0xe A:\eclipse\mhvlib/ATmega1280_16MHz\libmhvlib.a(MHV_Timer8.o)
 .text._ZN10MHV_Timer89getOutputEh
                0x00000000       0x22 A:\eclipse\mhvlib/ATmega1280_16MHz\libmhvlib.a(MHV_Timer8.o)
 .text._ZN10MHV_Timer810getOutput1Ev
                0x00000000        0xe A:\eclipse\mhvlib/ATmega1280_16MHz\libmhvlib.a(MHV_Timer8.o)
 .text._ZN10MHV_Timer810getOutput2Ev
                0x00000000        0xe A:\eclipse\mhvlib/ATmega1280_16MHz\libmhvlib.a(MHV_Timer8.o)
 .text._ZN10MHV_Timer814connectOutput1E22mhv_timer_connect_type
                0x00000000       0x1a A:\eclipse\mhvlib/ATmega1280_16MHz\libmhvlib.a(MHV_Timer8.o)
 .text._ZN10MHV_Timer814connectOutput2E22mhv_timer_connect_type
                0x00000000       0x16 A:\eclipse\mhvlib/ATmega1280_16MHz\libmhvlib.a(MHV_Timer8.o)
 .text._ZN10MHV_Timer87enabledEv
                0x00000000       0x16 A:\eclipse\mhvlib/ATmega1280_16MHz\libmhvlib.a(MHV_Timer8.o)
 .text._ZN10MHV_Timer88trigger2Ev
                0x00000000       0x1a A:\eclipse\mhvlib/ATmega1280_16MHz\libmhvlib.a(MHV_Timer8.o)
 .text._ZN10MHV_Timer87setModeE14mhv_timer_mode
                0x00000000        0x6 A:\eclipse\mhvlib/ATmega1280_16MHz\libmhvlib.a(MHV_Timer8.o)
 .text          0x00000000        0x0 c:/program files (x86)/mhv avr tools/bin/../lib/gcc/avr/4.5.2/avr51\libgcc.a(_mulsi3.o)
 .data          0x00000000        0x0 c:/program files (x86)/mhv avr tools/bin/../lib/gcc/avr/4.5.2/avr51\libgcc.a(_mulsi3.o)
 .bss           0x00000000        0x0 c:/program files (x86)/mhv avr tools/bin/../lib/gcc/avr/4.5.2/avr51\libgcc.a(_mulsi3.o)
 .text          0x00000000        0x0 c:/program files (x86)/mhv avr tools/bin/../lib/gcc/avr/4.5.2/avr51\libgcc.a(_udivmodhi4.o)
 .data          0x00000000        0x0 c:/program files (x86)/mhv avr tools/bin/../lib/gcc/avr/4.5.2/avr51\libgcc.a(_udivmodhi4.o)
 .bss           0x00000000        0x0 c:/program files (x86)/mhv avr tools/bin/../lib/gcc/avr/4.5.2/avr51\libgcc.a(_udivmodhi4.o)
 .text          0x00000000        0x0 c:/program files (x86)/mhv avr tools/bin/../lib/gcc/avr/4.5.2/avr51\libgcc.a(_udivmodsi4.o)
 .data          0x00000000        0x0 c:/program files (x86)/mhv avr tools/bin/../lib/gcc/avr/4.5.2/avr51\libgcc.a(_udivmodsi4.o)
 .bss           0x00000000        0x0 c:/program files (x86)/mhv avr tools/bin/../lib/gcc/avr/4.5.2/avr51\libgcc.a(_udivmodsi4.o)
 .text          0x00000000        0x0 c:/program files (x86)/mhv avr tools/bin/../lib/gcc/avr/4.5.2/avr51\libgcc.a(_exit.o)
 .data          0x00000000        0x0 c:/program files (x86)/mhv avr tools/bin/../lib/gcc/avr/4.5.2/avr51\libgcc.a(_exit.o)
 .bss           0x00000000        0x0 c:/program files (x86)/mhv avr tools/bin/../lib/gcc/avr/4.5.2/avr51\libgcc.a(_exit.o)
 .text.libgcc   0x00000000        0x0 c:/program files (x86)/mhv avr tools/bin/../lib/gcc/avr/4.5.2/avr51\libgcc.a(_exit.o)
 .text          0x00000000        0x0 c:/program files (x86)/mhv avr tools/bin/../lib/gcc/avr/4.5.2/avr51\libgcc.a(_copy_data.o)
 .data          0x00000000        0x0 c:/program files (x86)/mhv avr tools/bin/../lib/gcc/avr/4.5.2/avr51\libgcc.a(_copy_data.o)
 .bss           0x00000000        0x0 c:/program files (x86)/mhv avr tools/bin/../lib/gcc/avr/4.5.2/avr51\libgcc.a(_copy_data.o)
 .text.libgcc   0x00000000        0x0 c:/program files (x86)/mhv avr tools/bin/../lib/gcc/avr/4.5.2/avr51\libgcc.a(_copy_data.o)
 .text          0x00000000        0x0 c:/program files (x86)/mhv avr tools/bin/../lib/gcc/avr/4.5.2/avr51\libgcc.a(_clear_bss.o)
 .data          0x00000000        0x0 c:/program files (x86)/mhv avr tools/bin/../lib/gcc/avr/4.5.2/avr51\libgcc.a(_clear_bss.o)
 .bss           0x00000000        0x0 c:/program files (x86)/mhv avr tools/bin/../lib/gcc/avr/4.5.2/avr51\libgcc.a(_clear_bss.o)
 .text.libgcc   0x00000000        0x0 c:/program files (x86)/mhv avr tools/bin/../lib/gcc/avr/4.5.2/avr51\libgcc.a(_clear_bss.o)
 .text          0x00000000        0x0 c:/program files (x86)/mhv avr tools/bin/../lib/gcc/avr/4.5.2/avr51\libgcc.a(_ctors.o)
 .data          0x00000000        0x0 c:/program files (x86)/mhv avr tools/bin/../lib/gcc/avr/4.5.2/avr51\libgcc.a(_ctors.o)
 .bss           0x00000000        0x0 c:/program files (x86)/mhv avr tools/bin/../lib/gcc/avr/4.5.2/avr51\libgcc.a(_ctors.o)
 .text.libgcc   0x00000000        0x0 c:/program files (x86)/mhv avr tools/bin/../lib/gcc/avr/4.5.2/avr51\libgcc.a(_ctors.o)
 .text          0x00000000        0x0 c:/program files (x86)/mhv avr tools/bin/../lib/gcc/avr/4.5.2/avr51\libgcc.a(_tablejump_elpm.o)
 .data          0x00000000        0x0 c:/program files (x86)/mhv avr tools/bin/../lib/gcc/avr/4.5.2/avr51\libgcc.a(_tablejump_elpm.o)
 .bss           0x00000000        0x0 c:/program files (x86)/mhv avr tools/bin/../lib/gcc/avr/4.5.2/avr51\libgcc.a(_tablejump_elpm.o)
 .text          0x00000000        0x0 c:/program files (x86)/mhv avr tools/bin/../lib/gcc/avr/4.5.2/../../../../avr/lib/avr51\libc.a(atoi.o)
 .data          0x00000000        0x0 c:/program files (x86)/mhv avr tools/bin/../lib/gcc/avr/4.5.2/../../../../avr/lib/avr51\libc.a(atoi.o)
 .bss           0x00000000        0x0 c:/program files (x86)/mhv avr tools/bin/../lib/gcc/avr/4.5.2/../../../../avr/lib/avr51\libc.a(atoi.o)
 .text          0x00000000        0x0 c:/program files (x86)/mhv avr tools/bin/../lib/gcc/avr/4.5.2/../../../../avr/lib/avr51\libc.a(memmove.o)
 .data          0x00000000        0x0 c:/program files (x86)/mhv avr tools/bin/../lib/gcc/avr/4.5.2/../../../../avr/lib/avr51\libc.a(memmove.o)
 .bss           0x00000000        0x0 c:/program files (x86)/mhv avr tools/bin/../lib/gcc/avr/4.5.2/../../../../avr/lib/avr51\libc.a(memmove.o)
 .text          0x00000000        0x0 c:/program files (x86)/mhv avr tools/bin/../lib/gcc/avr/4.5.2/../../../../avr/lib/avr51\libc.a(itoa.o)
 .data          0x00000000        0x0 c:/program files (x86)/mhv avr tools/bin/../lib/gcc/avr/4.5.2/../../../../avr/lib/avr51\libc.a(itoa.o)
 .bss           0x00000000        0x0 c:/program files (x86)/mhv avr tools/bin/../lib/gcc/avr/4.5.2/../../../../avr/lib/avr51\libc.a(itoa.o)
 .text          0x00000000        0x0 c:/program files (x86)/mhv avr tools/bin/../lib/gcc/avr/4.5.2/../../../../avr/lib/avr51\libc.a(mul10.o)
 .data          0x00000000        0x0 c:/program files (x86)/mhv avr tools/bin/../lib/gcc/avr/4.5.2/../../../../avr/lib/avr51\libc.a(mul10.o)
 .bss           0x00000000        0x0 c:/program files (x86)/mhv avr tools/bin/../lib/gcc/avr/4.5.2/../../../../avr/lib/avr51\libc.a(mul10.o)
 .text          0x00000000        0x0 c:/program files (x86)/mhv avr tools/bin/../lib/gcc/avr/4.5.2/../../../../avr/lib/avr51\libc.a(snprintf_p.o)
 .data          0x00000000        0x0 c:/program files (x86)/mhv avr tools/bin/../lib/gcc/avr/4.5.2/../../../../avr/lib/avr51\libc.a(snprintf_p.o)
 .bss           0x00000000        0x0 c:/program files (x86)/mhv avr tools/bin/../lib/gcc/avr/4.5.2/../../../../avr/lib/avr51\libc.a(snprintf_p.o)
 .text          0x00000000        0x0 c:/program files (x86)/mhv avr tools/bin/../lib/gcc/avr/4.5.2/../../../../avr/lib/avr51\libc.a(vsnprintf_p.o)
 .data          0x00000000        0x0 c:/program files (x86)/mhv avr tools/bin/../lib/gcc/avr/4.5.2/../../../../avr/lib/avr51\libc.a(vsnprintf_p.o)
 .bss           0x00000000        0x0 c:/program files (x86)/mhv avr tools/bin/../lib/gcc/avr/4.5.2/../../../../avr/lib/avr51\libc.a(vsnprintf_p.o)
 .text.avr-libc
                0x00000000       0x70 c:/program files (x86)/mhv avr tools/bin/../lib/gcc/avr/4.5.2/../../../../avr/lib/avr51\libc.a(vsnprintf_p.o)
 .text          0x00000000        0x0 c:/program files (x86)/mhv avr tools/bin/../lib/gcc/avr/4.5.2/../../../../avr/lib/avr51\libc.a(vfprintf_std.o)
 .data          0x00000000        0x0 c:/program files (x86)/mhv avr tools/bin/../lib/gcc/avr/4.5.2/../../../../avr/lib/avr51\libc.a(vfprintf_std.o)
 .bss           0x00000000        0x0 c:/program files (x86)/mhv avr tools/bin/../lib/gcc/avr/4.5.2/../../../../avr/lib/avr51\libc.a(vfprintf_std.o)
 .text          0x00000000        0x0 c:/program files (x86)/mhv avr tools/bin/../lib/gcc/avr/4.5.2/../../../../avr/lib/avr51\libc.a(strnlen_P.o)
 .data          0x00000000        0x0 c:/program files (x86)/mhv avr tools/bin/../lib/gcc/avr/4.5.2/../../../../avr/lib/avr51\libc.a(strnlen_P.o)
 .bss           0x00000000        0x0 c:/program files (x86)/mhv avr tools/bin/../lib/gcc/avr/4.5.2/../../../../avr/lib/avr51\libc.a(strnlen_P.o)
 .text          0x00000000        0x0 c:/program files (x86)/mhv avr tools/bin/../lib/gcc/avr/4.5.2/../../../../avr/lib/avr51\libc.a(memcpy.o)
 .data          0x00000000        0x0 c:/program files (x86)/mhv avr tools/bin/../lib/gcc/avr/4.5.2/../../../../avr/lib/avr51\libc.a(memcpy.o)
 .bss           0x00000000        0x0 c:/program files (x86)/mhv avr tools/bin/../lib/gcc/avr/4.5.2/../../../../avr/lib/avr51\libc.a(memcpy.o)
 .text          0x00000000        0x0 c:/program files (x86)/mhv avr tools/bin/../lib/gcc/avr/4.5.2/../../../../avr/lib/avr51\libc.a(strnlen.o)
 .data          0x00000000        0x0 c:/program files (x86)/mhv avr tools/bin/../lib/gcc/avr/4.5.2/../../../../avr/lib/avr51\libc.a(strnlen.o)
 .bss           0x00000000        0x0 c:/program files (x86)/mhv avr tools/bin/../lib/gcc/avr/4.5.2/../../../../avr/lib/avr51\libc.a(strnlen.o)
 .text          0x00000000        0x0 c:/program files (x86)/mhv avr tools/bin/../lib/gcc/avr/4.5.2/../../../../avr/lib/avr51\libc.a(strrev.o)
 .data          0x00000000        0x0 c:/program files (x86)/mhv avr tools/bin/../lib/gcc/avr/4.5.2/../../../../avr/lib/avr51\libc.a(strrev.o)
 .bss           0x00000000        0x0 c:/program files (x86)/mhv avr tools/bin/../lib/gcc/avr/4.5.2/../../../../avr/lib/avr51\libc.a(strrev.o)
 .text          0x00000000        0x0 c:/program files (x86)/mhv avr tools/bin/../lib/gcc/avr/4.5.2/../../../../avr/lib/avr51\libc.a(fputc.o)
 .data          0x00000000        0x0 c:/program files (x86)/mhv avr tools/bin/../lib/gcc/avr/4.5.2/../../../../avr/lib/avr51\libc.a(fputc.o)
 .bss           0x00000000        0x0 c:/program files (x86)/mhv avr tools/bin/../lib/gcc/avr/4.5.2/../../../../avr/lib/avr51\libc.a(fputc.o)
 .text          0x00000000        0x0 c:/program files (x86)/mhv avr tools/bin/../lib/gcc/avr/4.5.2/../../../../avr/lib/avr51\libc.a(ultoa_invert.o)
 .data          0x00000000        0x0 c:/program files (x86)/mhv avr tools/bin/../lib/gcc/avr/4.5.2/../../../../avr/lib/avr51\libc.a(ultoa_invert.o)
 .bss           0x00000000        0x0 c:/program files (x86)/mhv avr tools/bin/../lib/gcc/avr/4.5.2/../../../../avr/lib/avr51\libc.a(ultoa_invert.o)

Memory Configuration

Name             Origin             Length             Attributes
text             0x00000000         0x00020000         xr
data             0x00800100         0x0000ff00         rw !x
eeprom           0x00810000         0x00010000         rw !x
fuse             0x00820000         0x00000400         rw !x
lock             0x00830000         0x00000400         rw !x
signature        0x00840000         0x00000400         rw !x
*default*        0x00000000         0xffffffff

Linker script and memory map

Address of section .data set to 0x800200
LOAD c:/program files (x86)/mhv avr tools/bin/../lib/gcc/avr/4.5.2/../../../../avr/lib/avr51/crtm1280.o
LOAD ./RTC.o
LOAD A:\eclipse\mhvlib/ATmega1280_16MHz\libmhvlib.a
LOAD c:/program files (x86)/mhv avr tools/bin/../lib/gcc/avr/4.5.2/avr51\libgcc.a
LOAD c:/program files (x86)/mhv avr tools/bin/../lib/gcc/avr/4.5.2/../../../../avr/lib/avr51\libm.a
LOAD c:/program files (x86)/mhv avr tools/bin/../lib/gcc/avr/4.5.2/avr51\libgcc.a
LOAD c:/program files (x86)/mhv avr tools/bin/../lib/gcc/avr/4.5.2/../../../../avr/lib/avr51\libc.a
LOAD c:/program files (x86)/mhv avr tools/bin/../lib/gcc/avr/4.5.2/avr51\libgcc.a

.hash
 *(.hash)

.dynsym
 *(.dynsym)

.dynstr
 *(.dynstr)

.gnu.version
 *(.gnu.version)

.gnu.version_d
 *(.gnu.version_d)

.gnu.version_r
 *(.gnu.version_r)

.rel.init
 *(.rel.init)

.rela.init
 *(.rela.init)

.rel.text
 *(.rel.text)
 *(.rel.text.*)
 *(.rel.gnu.linkonce.t*)

.rela.text
 *(.rela.text)
 *(.rela.text.*)
 *(.rela.gnu.linkonce.t*)

.rel.fini
 *(.rel.fini)

.rela.fini
 *(.rela.fini)

.rel.rodata
 *(.rel.rodata)
 *(.rel.rodata.*)
 *(.rel.gnu.linkonce.r*)

.rela.rodata
 *(.rela.rodata)
 *(.rela.rodata.*)
 *(.rela.gnu.linkonce.r*)

.rel.data
 *(.rel.data)
 *(.rel.data.*)
 *(.rel.gnu.linkonce.d*)

.rela.data
 *(.rela.data)
 *(.rela.data.*)
 *(.rela.gnu.linkonce.d*)

.rel.ctors
 *(.rel.ctors)

.rela.ctors
 *(.rela.ctors)

.rel.dtors
 *(.rel.dtors)

.rela.dtors
 *(.rela.dtors)

.rel.got
 *(.rel.got)

.rela.got
 *(.rela.got)

.rel.bss
 *(.rel.bss)

.rela.bss
 *(.rela.bss)

.rel.plt
 *(.rel.plt)

.rela.plt
 *(.rela.plt)

.text           0x00000000     0x2318
 *(.vectors)
 .vectors       0x00000000       0xe4 c:/program files (x86)/mhv avr tools/bin/../lib/gcc/avr/4.5.2/../../../../avr/lib/avr51/crtm1280.o
                0x00000000                __vector_default
                0x00000000                __vectors
 *(.vectors)
 *(.progmem.gcc*)
 *(.progmem*)
 .progmem.data  0x000000e4      0x1ea ./RTC.o
                0x0000027a                insertEvent(mhv_timestamp*)::__c
 .progmem.data  0x000002ce       0x3c A:\eclipse\mhvlib/ATmega1280_16MHz\libmhvlib.a(MHV_RTC.o)
                0x0000030a                . = ALIGN (0x2)
                0x0000030a                __trampolines_start = .
 *(.trampolines)
 .trampolines   0x0000030a        0x0 linker stubs
 *(.trampolines*)
                0x0000030a                __trampolines_end = .
 *(.jumptables)
 *(.jumptables*)
 *(.lowtext)
 *(.lowtext*)
                0x0000030a                __ctors_start = .
 *(.ctors)
 .ctors         0x0000030a        0x2 ./RTC.o
                0x0000030c                __ctors_end = .
                0x0000030c                __dtors_start = .
 *(.dtors)
                0x0000030c                __dtors_end = .
 SORT(*)(.ctors)
 SORT(*)(.dtors)
 *(.init0)
 .init0         0x0000030c        0x0 c:/program files (x86)/mhv avr tools/bin/../lib/gcc/avr/4.5.2/../../../../avr/lib/avr51/crtm1280.o
                0x0000030c                __init
 *(.init0)
 *(.init1)
 *(.init1)
 *(.init2)
 .init2         0x0000030c        0xc c:/program files (x86)/mhv avr tools/bin/../lib/gcc/avr/4.5.2/../../../../avr/lib/avr51/crtm1280.o
 *(.init2)
 *(.init3)
 *(.init3)
 *(.init4)
 .init4         0x00000318       0x1a c:/program files (x86)/mhv avr tools/bin/../lib/gcc/avr/4.5.2/avr51\libgcc.a(_copy_data.o)
                0x00000318                __do_copy_data
 .init4         0x00000332       0x10 c:/program files (x86)/mhv avr tools/bin/../lib/gcc/avr/4.5.2/avr51\libgcc.a(_clear_bss.o)
                0x00000332                __do_clear_bss
 *(.init4)
 *(.init5)
 *(.init5)
 *(.init6)
 .init6         0x00000342       0x24 c:/program files (x86)/mhv avr tools/bin/../lib/gcc/avr/4.5.2/avr51\libgcc.a(_ctors.o)
                0x00000342                __do_global_ctors
 *(.init6)
 *(.init7)
 *(.init7)
 *(.init8)
 *(.init8)
 *(.init9)
 .init9         0x00000366        0x8 c:/program files (x86)/mhv avr tools/bin/../lib/gcc/avr/4.5.2/../../../../avr/lib/avr51/crtm1280.o
 *(.init9)
 *(.text)
 .text          0x0000036e        0x4 c:/program files (x86)/mhv avr tools/bin/../lib/gcc/avr/4.5.2/../../../../avr/lib/avr51/crtm1280.o
                0x0000036e                __vector_38
                0x0000036e                __vector_22
                0x0000036e                __vector_28
                0x0000036e                __vector_1
                0x0000036e                __vector_32
                0x0000036e                __vector_34
                0x0000036e                __vector_24
                0x0000036e                __vector_12
                0x0000036e                __vector_55
                0x0000036e                __vector_46
                0x0000036e                __bad_interrupt
                0x0000036e                __vector_6
                0x0000036e                __vector_31
                0x0000036e                __vector_35
                0x0000036e                __vector_39
                0x0000036e                __vector_3
                0x0000036e                __vector_23
                0x0000036e                __vector_30
                0x0000036e                __vector_45
                0x0000036e                __vector_11
                0x0000036e                __vector_54
                0x0000036e                __vector_13
                0x0000036e                __vector_17
                0x0000036e                __vector_19
                0x0000036e                __vector_56
                0x0000036e                __vector_7
                0x0000036e                __vector_49
                0x0000036e                __vector_41
                0x0000036e                __vector_43
                0x0000036e                __vector_5
                0x0000036e                __vector_33
                0x0000036e                __vector_47
                0x0000036e                __vector_52
                0x0000036e                __vector_37
                0x0000036e                __vector_4
                0x0000036e                __vector_44
                0x0000036e                __vector_51
                0x0000036e                __vector_9
                0x0000036e                __vector_2
                0x0000036e                __vector_15
                0x0000036e                __vector_36
                0x0000036e                __vector_29
                0x0000036e                __vector_40
                0x0000036e                __vector_8
                0x0000036e                __vector_26
                0x0000036e                __vector_48
                0x0000036e                __vector_14
                0x0000036e                __vector_53
                0x0000036e                __vector_10
                0x0000036e                __vector_50
                0x0000036e                __vector_16
                0x0000036e                __vector_18
                0x0000036e                __vector_20
                0x0000036e                __vector_42
                0x00000372                . = ALIGN (0x2)
 *(.text.*)
 .text._Z10rtcTriggerPv
                0x00000372        0xa ./RTC.o
                0x00000372                rtcTrigger(void*)
 .text.__cxa_pure_virtual
                0x0000037c        0x4 ./RTC.o
                0x0000037c                __cxa_pure_virtual
 .text.__vector_25
                0x00000380       0x54 ./RTC.o
                0x00000380                __vector_25
 .text.__vector_27
                0x000003d4       0x54 ./RTC.o
                0x000003d4                __vector_27
 .text.__vector_21
                0x00000428       0x54 ./RTC.o
                0x00000428                __vector_21
 .text._Z11insertEventP13mhv_timestamp
                0x0000047c       0x6c ./RTC.o
                0x0000047c                insertEvent(mhv_timestamp*)
 .text._Z13oncePerSecondP9mhv_event
                0x000004e8       0xfc ./RTC.o
                0x000004e8                oncePerSecond(mhv_event*)
 .text.main     0x000005e4      0x288 ./RTC.o
                0x000005e4                main
 .text._GLOBAL__I___cxa_pure_virtual
                0x0000086c      0x104 ./RTC.o
 .text._ZN13MHV_Device_RXC2EP14MHV_RingBuffer
                0x00000970        0x8 A:\eclipse\mhvlib/ATmega1280_16MHz\libmhvlib.a(MHV_Device_RX.o)
                0x00000970                MHV_Device_RX::MHV_Device_RX(MHV_RingBuffer*)
                0x00000970                MHV_Device_RX::MHV_Device_RX(MHV_RingBuffer*)
 .text._ZN13MHV_Device_RX13asyncReadLineEPch
                0x00000978       0xc0 A:\eclipse\mhvlib/ATmega1280_16MHz\libmhvlib.a(MHV_Device_RX.o)
                0x00000978                MHV_Device_RX::asyncReadLine(char*, unsigned char)
 .text._ZN13MHV_Device_RX12busyReadLineEPch
                0x00000a38       0x32 A:\eclipse\mhvlib/ATmega1280_16MHz\libmhvlib.a(MHV_Device_RX.o)
                0x00000a38                MHV_Device_RX::busyReadLine(char*, unsigned char)
 .text._ZN13MHV_Device_TXC2EP14MHV_RingBuffer
                0x00000a6a       0x20 A:\eclipse\mhvlib/ATmega1280_16MHz\libmhvlib.a(MHV_Device_TX.o)
                0x00000a6a                MHV_Device_TX::MHV_Device_TX(MHV_RingBuffer*)
                0x00000a6a                MHV_Device_TX::MHV_Device_TX(MHV_RingBuffer*)
 .text._ZN13MHV_Device_TX6moreTXEv
                0x00000a8a       0x40 A:\eclipse\mhvlib/ATmega1280_16MHz\libmhvlib.a(MHV_Device_TX.o)
                0x00000a8a                MHV_Device_TX::moreTX()
 .text._ZN13MHV_Device_TX13nextCharacterEv
                0x00000aca       0x70 A:\eclipse\mhvlib/ATmega1280_16MHz\libmhvlib.a(MHV_Device_TX.o)
                0x00000aca                MHV_Device_TX::nextCharacter()
 .text._ZN13MHV_Device_TX7write_PEPKc
                0x00000b3a       0x96 A:\eclipse\mhvlib/ATmega1280_16MHz\libmhvlib.a(MHV_Device_TX.o)
                0x00000b3a                MHV_Device_TX::write_P(char const*)
 .text._ZN13MHV_Device_TX5writeEPKc
                0x00000bd0       0x96 A:\eclipse\mhvlib/ATmega1280_16MHz\libmhvlib.a(MHV_Device_TX.o)
                0x00000bd0                MHV_Device_TX::write(char const*)
 .text._ZN18MHV_HardwareSerial12runTxBuffersEv
                0x00000c66       0x52 A:\eclipse\mhvlib/ATmega1280_16MHz\libmhvlib.a(MHV_HardwareSerial.o)
                0x00000c66                MHV_HardwareSerial::runTxBuffers()
 .text._ZN18MHV_HardwareSerial2rxEv
                0x00000cb8       0x44 A:\eclipse\mhvlib/ATmega1280_16MHz\libmhvlib.a(MHV_HardwareSerial.o)
                0x00000cb8                MHV_HardwareSerial::rx()
 .text._ZN18MHV_HardwareSerial2txEv
                0x00000cfc       0x3e A:\eclipse\mhvlib/ATmega1280_16MHz\libmhvlib.a(MHV_HardwareSerial.o)
                0x00000cfc                MHV_HardwareSerial::tx()
 .text._ZN18MHV_HardwareSerial8setSpeedEm
                0x00000d3a      0x1c0 A:\eclipse\mhvlib/ATmega1280_16MHz\libmhvlib.a(MHV_HardwareSerial.o)
                0x00000d3a                MHV_HardwareSerial::setSpeed(unsigned long)
 .text._ZN18MHV_HardwareSerialC2EP14MHV_RingBufferS1_PVjPVhS5_S5_hhhhhhm
                0x00000efa       0x9e A:\eclipse\mhvlib/ATmega1280_16MHz\libmhvlib.a(MHV_HardwareSerial.o)
                0x00000efa                MHV_HardwareSerial::MHV_HardwareSerial(MHV_RingBuffer*, MHV_RingBuffer*, unsigned int volatile*, unsigned char volatile*, unsigned char volatile*, unsigned char volatile*, unsigned char, unsigned char, unsigned char, unsigned char, unsigned char, unsigned char, unsigned long)
                0x00000efa                MHV_HardwareSerial::MHV_HardwareSerial(MHV_RingBuffer*, MHV_RingBuffer*, unsigned int volatile*, unsigned char volatile*, unsigned char volatile*, unsigned char volatile*, unsigned char, unsigned char, unsigned char, unsigned char, unsigned char, unsigned char, unsigned long)
 .text._ZN18MHV_HardwareSerial4echoEb
                0x00000f98        0x6 A:\eclipse\mhvlib/ATmega1280_16MHz\libmhvlib.a(MHV_HardwareSerial.o)
                0x00000f98                MHV_HardwareSerial::echo(bool)
 .text._Z21mhv_timestampLessThanP13mhv_timestampS0_
                0x00000f9e       0x58 A:\eclipse\mhvlib/ATmega1280_16MHz\libmhvlib.a(MHV_RTC.o)
                0x00000f9e                mhv_timestampLessThan(mhv_timestamp*, mhv_timestamp*)
 .text._Z31mhv_timestampGreaterThanOrEqualP13mhv_timestampS0_
                0x00000ff6       0x58 A:\eclipse\mhvlib/ATmega1280_16MHz\libmhvlib.a(MHV_RTC.o)
                0x00000ff6                mhv_timestampGreaterThanOrEqual(mhv_timestamp*, mhv_timestamp*)
 .text._Z14mhv_isLeapYearj
                0x0000104e       0x34 A:\eclipse\mhvlib/ATmega1280_16MHz\libmhvlib.a(MHV_RTC.o)
                0x0000104e                mhv_isLeapYear(unsigned int)
 .text._Z15mhv_daysInMonth9mhv_monthj
                0x00001082       0x24 A:\eclipse\mhvlib/ATmega1280_16MHz\libmhvlib.a(MHV_RTC.o)
                0x00001082                mhv_daysInMonth(mhv_month, unsigned int)
 .text._ZN7MHV_RTCC2EP10MHV_Timer8P9mhv_eventhi
                0x000010a6       0x54 A:\eclipse\mhvlib/ATmega1280_16MHz\libmhvlib.a(MHV_RTC.o)
                0x000010a6                MHV_RTC::MHV_RTC(MHV_Timer8*, mhv_event*, unsigned char, int)
                0x000010a6                MHV_RTC::MHV_RTC(MHV_Timer8*, mhv_event*, unsigned char, int)
 .text._ZN7MHV_RTC7setTimeEP13mhv_timestamp
                0x000010fa       0x24 A:\eclipse\mhvlib/ATmega1280_16MHz\libmhvlib.a(MHV_RTC.o)
                0x000010fa                MHV_RTC::setTime(mhv_timestamp*)
 .text._ZN7MHV_RTC7tick1msEv
                0x0000111e       0x32 A:\eclipse\mhvlib/ATmega1280_16MHz\libmhvlib.a(MHV_RTC.o)
                0x0000111e                MHV_RTC::tick1ms()
 .text._ZN7MHV_RTC7currentEP13mhv_timestamp
                0x00001150       0x26 A:\eclipse\mhvlib/ATmega1280_16MHz\libmhvlib.a(MHV_RTC.o)
                0x00001150                MHV_RTC::current(mhv_timestamp*)
 .text._ZN7MHV_RTC6toTimeEP8mhv_timeP13mhv_timestamp
                0x00001176      0x208 A:\eclipse\mhvlib/ATmega1280_16MHz\libmhvlib.a(MHV_RTC.o)
                0x00001176                MHV_RTC::toTime(mhv_time*, mhv_timestamp*)
 .text._ZN7MHV_RTC11toTimestampEP13mhv_timestampP8mhv_time
                0x0000137e      0x18a A:\eclipse\mhvlib/ATmega1280_16MHz\libmhvlib.a(MHV_RTC.o)
                0x0000137e                MHV_RTC::toTimestamp(mhv_timestamp*, mhv_time*)
 .text._ZN7MHV_RTC8addEventEP9mhv_event
                0x00001508      0x118 A:\eclipse\mhvlib/ATmega1280_16MHz\libmhvlib.a(MHV_RTC.o)
                0x00001508                MHV_RTC::addEvent(mhv_event*)
 .text._ZN7MHV_RTC9runEventsEv
                0x00001620      0x136 A:\eclipse\mhvlib/ATmega1280_16MHz\libmhvlib.a(MHV_RTC.o)
                0x00001620                MHV_RTC::runEvents()
 .text._ZN14MHV_RingBufferC2EPch
                0x00001756        0xe A:\eclipse\mhvlib/ATmega1280_16MHz\libmhvlib.a(MHV_RingBuffer.o)
                0x00001756                MHV_RingBuffer::MHV_RingBuffer(char*, unsigned char)
                0x00001756                MHV_RingBuffer::MHV_RingBuffer(char*, unsigned char)
 .text._ZN14MHV_RingBuffer6appendEc
                0x00001764       0x2a A:\eclipse\mhvlib/ATmega1280_16MHz\libmhvlib.a(MHV_RingBuffer.o)
                0x00001764                MHV_RingBuffer::append(char)
 .text._ZN14MHV_RingBuffer7consumeEv
                0x0000178e       0x2c A:\eclipse\mhvlib/ATmega1280_16MHz\libmhvlib.a(MHV_RingBuffer.o)
                0x0000178e                MHV_RingBuffer::consume()
 .text._ZN14MHV_RingBuffer6lengthEv
                0x000017ba       0x26 A:\eclipse\mhvlib/ATmega1280_16MHz\libmhvlib.a(MHV_RingBuffer.o)
                0x000017ba                MHV_RingBuffer::length()
 .text._ZN14MHV_RingBuffer7consumeEPvh
                0x000017e0       0x5c A:\eclipse\mhvlib/ATmega1280_16MHz\libmhvlib.a(MHV_RingBuffer.o)
                0x000017e0                MHV_RingBuffer::consume(void*, unsigned char)
 .text._ZN14MHV_RingBuffer4fullEv
                0x0000183c       0x26 A:\eclipse\mhvlib/ATmega1280_16MHz\libmhvlib.a(MHV_RingBuffer.o)
                0x0000183c                MHV_RingBuffer::full()
 .text._ZN14MHV_RingBuffer4fullEh
                0x00001862       0x40 A:\eclipse\mhvlib/ATmega1280_16MHz\libmhvlib.a(MHV_RingBuffer.o)
                0x00001862                MHV_RingBuffer::full(unsigned char)
 .text._ZN14MHV_RingBuffer6appendEPKvh
                0x000018a2       0x5e A:\eclipse\mhvlib/ATmega1280_16MHz\libmhvlib.a(MHV_RingBuffer.o)
                0x000018a2                MHV_RingBuffer::append(void const*, unsigned char)
 .text._ZN14MHV_RingBuffer8peekHeadEv
                0x00001900       0x2e A:\eclipse\mhvlib/ATmega1280_16MHz\libmhvlib.a(MHV_RingBuffer.o)
                0x00001900                MHV_RingBuffer::peekHead()
 .text._ZN10MHV_Timer8C2E14mhv_timer_typePVhS2_S2_S2_S2_S2_h
                0x0000192e       0x6c A:\eclipse\mhvlib/ATmega1280_16MHz\libmhvlib.a(MHV_Timer8.o)
                0x0000192e                MHV_Timer8::MHV_Timer8(mhv_timer_type, unsigned char volatile*, unsigned char volatile*, unsigned char volatile*, unsigned char volatile*, unsigned char volatile*, unsigned char volatile*, unsigned char)
                0x0000192e                MHV_Timer8::MHV_Timer8(mhv_timer_type, unsigned char volatile*, unsigned char volatile*, unsigned char volatile*, unsigned char volatile*, unsigned char volatile*, unsigned char volatile*, unsigned char)
 .text._ZN10MHV_Timer813_setPrescalerE19mhv_timer_prescaler
                0x0000199a       0x14 A:\eclipse\mhvlib/ATmega1280_16MHz\libmhvlib.a(MHV_Timer8.o)
                0x0000199a                MHV_Timer8::_setPrescaler(mhv_timer_prescaler)
 .text._ZN10MHV_Timer817setGenerationModeEv
                0x000019ae       0x78 A:\eclipse\mhvlib/ATmega1280_16MHz\libmhvlib.a(MHV_Timer8.o)
                0x000019ae                MHV_Timer8::setGenerationMode()
 .text._ZN10MHV_Timer810setPeriodsE19mhv_timer_prescalerhh
                0x00001a26       0x5a A:\eclipse\mhvlib/ATmega1280_16MHz\libmhvlib.a(MHV_Timer8.o)
                0x00001a26                MHV_Timer8::setPeriods(mhv_timer_prescaler, unsigned char, unsigned char)
 .text._ZN10MHV_Timer86enableEv
                0x00001a80       0x84 A:\eclipse\mhvlib/ATmega1280_16MHz\libmhvlib.a(MHV_Timer8.o)
                0x00001a80                MHV_Timer8::enable()
 .text._ZN10MHV_Timer87disableEv
                0x00001b04       0x60 A:\eclipse\mhvlib/ATmega1280_16MHz\libmhvlib.a(MHV_Timer8.o)
                0x00001b04                MHV_Timer8::disable()
 .text._ZN10MHV_Timer88trigger1Ev
                0x00001b64       0x22 A:\eclipse\mhvlib/ATmega1280_16MHz\libmhvlib.a(MHV_Timer8.o)
                0x00001b64                MHV_Timer8::trigger1()
 .text._ZN10MHV_Timer811setTriggersEPFvPvES0_S2_S0_
                0x00001b86       0x1c A:\eclipse\mhvlib/ATmega1280_16MHz\libmhvlib.a(MHV_Timer8.o)
                0x00001b86                MHV_Timer8::setTriggers(void (*)(void*), void*, void (*)(void*), void*)
 .text.libgcc   0x00001ba2       0x3e c:/program files (x86)/mhv avr tools/bin/../lib/gcc/avr/4.5.2/avr51\libgcc.a(_mulsi3.o)
                0x00001ba2                __mulsi3
 .text.libgcc   0x00001be0       0x28 c:/program files (x86)/mhv avr tools/bin/../lib/gcc/avr/4.5.2/avr51\libgcc.a(_udivmodhi4.o)
                0x00001be0                __udivmodhi4
 .text.libgcc   0x00001c08       0x44 c:/program files (x86)/mhv avr tools/bin/../lib/gcc/avr/4.5.2/avr51\libgcc.a(_udivmodsi4.o)
                0x00001c08                __udivmodsi4
 .text.libgcc   0x00001c4c        0x8 c:/program files (x86)/mhv avr tools/bin/../lib/gcc/avr/4.5.2/avr51\libgcc.a(_tablejump_elpm.o)
                0x00001c4c                __tablejump_elpm__
 .text.avr-libc
                0x00001c54       0x3c c:/program files (x86)/mhv avr tools/bin/../lib/gcc/avr/4.5.2/../../../../avr/lib/avr51\libc.a(atoi.o)
                0x00001c54                atoi
 .text.avr-libc
                0x00001c90       0x24 c:/program files (x86)/mhv avr tools/bin/../lib/gcc/avr/4.5.2/../../../../avr/lib/avr51\libc.a(memmove.o)
                0x00001c90                memmove
 .text.avr-libc
                0x00001cb4       0x42 c:/program files (x86)/mhv avr tools/bin/../lib/gcc/avr/4.5.2/../../../../avr/lib/avr51\libc.a(itoa.o)
                0x00001cb4                itoa
 .text.avr-libc
                0x00001cf6       0x10 c:/program files (x86)/mhv avr tools/bin/../lib/gcc/avr/4.5.2/../../../../avr/lib/avr51\libc.a(mul10.o)
                0x00001cf6                __mulhi_const_10
 .text.avr-libc
                0x00001d06       0x7c c:/program files (x86)/mhv avr tools/bin/../lib/gcc/avr/4.5.2/../../../../avr/lib/avr51\libc.a(snprintf_p.o)
                0x00001d06                snprintf_P
 .text.avr-libc
                0x00001d82      0x420 c:/program files (x86)/mhv avr tools/bin/../lib/gcc/avr/4.5.2/../../../../avr/lib/avr51\libc.a(vfprintf_std.o)
                0x00001d82                vfprintf
 .text.avr-libc
                0x000021a2       0x16 c:/program files (x86)/mhv avr tools/bin/../lib/gcc/avr/4.5.2/../../../../avr/lib/avr51\libc.a(strnlen_P.o)
                0x000021a2                strnlen_P
 .text.avr-libc
                0x000021b8       0x12 c:/program files (x86)/mhv avr tools/bin/../lib/gcc/avr/4.5.2/../../../../avr/lib/avr51\libc.a(memcpy.o)
                0x000021b8                memcpy
 .text.avr-libc
                0x000021ca       0x16 c:/program files (x86)/mhv avr tools/bin/../lib/gcc/avr/4.5.2/../../../../avr/lib/avr51\libc.a(strnlen.o)
                0x000021ca                strnlen
 .text.avr-libc
                0x000021e0       0x20 c:/program files (x86)/mhv avr tools/bin/../lib/gcc/avr/4.5.2/../../../../avr/lib/avr51\libc.a(strrev.o)
                0x000021e0                strrev
 .text.avr-libc
                0x00002200       0x58 c:/program files (x86)/mhv avr tools/bin/../lib/gcc/avr/4.5.2/../../../../avr/lib/avr51\libc.a(fputc.o)
                0x00002200                fputc
 .text.avr-libc
                0x00002258       0xbc c:/program files (x86)/mhv avr tools/bin/../lib/gcc/avr/4.5.2/../../../../avr/lib/avr51\libc.a(ultoa_invert.o)
                0x00002258                __ultoa_invert
                0x00002314                . = ALIGN (0x2)
 *(.fini9)
 .fini9         0x00002314        0x0 c:/program files (x86)/mhv avr tools/bin/../lib/gcc/avr/4.5.2/avr51\libgcc.a(_exit.o)
                0x00002314                _exit
                0x00002314                exit
 *(.fini9)
 *(.fini8)
 *(.fini8)
 *(.fini7)
 *(.fini7)
 *(.fini6)
 *(.fini6)
 *(.fini5)
 *(.fini5)
 *(.fini4)
 *(.fini4)
 *(.fini3)
 *(.fini3)
 *(.fini2)
 *(.fini2)
 *(.fini1)
 *(.fini1)
 *(.fini0)
 .fini0         0x00002314        0x4 c:/program files (x86)/mhv avr tools/bin/../lib/gcc/avr/4.5.2/avr51\libgcc.a(_exit.o)
 *(.fini0)
                0x00002318                _etext = .

.data           0x00800200        0xc load address 0x00002318
                0x00800200                PROVIDE (__data_start, .)
 *(.data)
 *(.data*)
 *(.rodata)
 *(.rodata*)
 .rodata._ZTV13MHV_Device_TX
                0x00800200        0x6 A:\eclipse\mhvlib/ATmega1280_16MHz\libmhvlib.a(MHV_Device_TX.o)
                0x00800200                vtable for MHV_Device_TX
 .rodata._ZTV18MHV_HardwareSerial
                0x00800206        0x6 A:\eclipse\mhvlib/ATmega1280_16MHz\libmhvlib.a(MHV_HardwareSerial.o)
                0x00800206                vtable for MHV_HardwareSerial
 *(.gnu.linkonce.d*)
                0x0080020c                . = ALIGN (0x2)
                0x0080020c                _edata = .
                0x0080020c                PROVIDE (__data_end, .)

.bss            0x0080020c      0x159
                0x0080020c                PROVIDE (__bss_start, .)
 *(.bss)
 *(.bss*)
 .bss.rxBuf     0x0080020c       0x51 ./RTC.o
                0x0080020c                rxBuf
 .bss.rxBuffer  0x0080025d        0x5 ./RTC.o
                0x0080025d                rxBuffer
 .bss.txBuf     0x00800262       0x51 ./RTC.o
                0x00800262                txBuf
 .bss.txBuffer  0x008002b3        0x5 ./RTC.o
                0x008002b3                txBuffer
 .bss.serial    0x008002b8       0x1f ./RTC.o
                0x008002b8                serial
 .bss.tickTimer
                0x008002d7       0x1a ./RTC.o
                0x008002d7                tickTimer
 .bss.events    0x008002f1       0x64 ./RTC.o
                0x008002f1                events
 .bss.rtc       0x00800355       0x10 ./RTC.o
                0x00800355                rtc
 *(COMMON)
                0x00800365                PROVIDE (__bss_end, .)
                0x00002318                __data_load_start = LOADADDR (.data)
                0x00002324                __data_load_end = (__data_load_start + SIZEOF (.data))

.noinit         0x00800365        0x0
                0x00800365                PROVIDE (__noinit_start, .)
 *(.noinit*)
                0x00800365                PROVIDE (__noinit_end, .)
                0x00800365                _end = .
                0x00800365                PROVIDE (__heap_start, .)

.eeprom         0x00810000        0x0
 *(.eeprom*)
                0x00810000                __eeprom_end = .

.fuse
 *(.fuse)
 *(.lfuse)
 *(.hfuse)
 *(.efuse)

.lock
 *(.lock*)

.signature
 *(.signature*)

.stab           0x00000000     0x1260
 *(.stab)
 .stab          0x00000000      0x6cc c:/program files (x86)/mhv avr tools/bin/../lib/gcc/avr/4.5.2/../../../../avr/lib/avr51/crtm1280.o
 .stab          0x000006cc      0x174 c:/program files (x86)/mhv avr tools/bin/../lib/gcc/avr/4.5.2/../../../../avr/lib/avr51\libc.a(atoi.o)
                                0x180 (size before relaxing)
 .stab          0x00000840       0xe4 c:/program files (x86)/mhv avr tools/bin/../lib/gcc/avr/4.5.2/../../../../avr/lib/avr51\libc.a(memmove.o)
                                 0xf0 (size before relaxing)
 .stab          0x00000924      0x1b0 c:/program files (x86)/mhv avr tools/bin/../lib/gcc/avr/4.5.2/../../../../avr/lib/avr51\libc.a(itoa.o)
                                0x1bc (size before relaxing)
 .stab          0x00000ad4       0x78 c:/program files (x86)/mhv avr tools/bin/../lib/gcc/avr/4.5.2/../../../../avr/lib/avr51\libc.a(mul10.o)
                                 0x84 (size before relaxing)
 .stab          0x00000b4c       0x9c c:/program files (x86)/mhv avr tools/bin/../lib/gcc/avr/4.5.2/../../../../avr/lib/avr51\libc.a(strnlen_P.o)
                                 0xa8 (size before relaxing)
 .stab          0x00000be8       0x84 c:/program files (x86)/mhv avr tools/bin/../lib/gcc/avr/4.5.2/../../../../avr/lib/avr51\libc.a(memcpy.o)
                                 0x90 (size before relaxing)
 .stab          0x00000c6c       0x9c c:/program files (x86)/mhv avr tools/bin/../lib/gcc/avr/4.5.2/../../../../avr/lib/avr51\libc.a(strnlen.o)
                                 0xa8 (size before relaxing)
 .stab          0x00000d08       0xd8 c:/program files (x86)/mhv avr tools/bin/../lib/gcc/avr/4.5.2/../../../../avr/lib/avr51\libc.a(strrev.o)
                                 0xe4 (size before relaxing)
 .stab          0x00000de0      0x480 c:/program files (x86)/mhv avr tools/bin/../lib/gcc/avr/4.5.2/../../../../avr/lib/avr51\libc.a(ultoa_invert.o)
                                0x48c (size before relaxing)

.stabstr        0x00000000      0x31f
 *(.stabstr)
 .stabstr       0x00000000      0x31f c:/program files (x86)/mhv avr tools/bin/../lib/gcc/avr/4.5.2/../../../../avr/lib/avr51/crtm1280.o

.stab.excl
 *(.stab.excl)

.stab.exclstr
 *(.stab.exclstr)

.stab.index
 *(.stab.index)

.stab.indexstr
 *(.stab.indexstr)

.comment
 *(.comment)

.debug
 *(.debug)

.line
 *(.line)

.debug_srcinfo
 *(.debug_srcinfo)

.debug_sfnames
 *(.debug_sfnames)

.debug_aranges  0x00000000       0x80
 *(.debug_aranges)
 .debug_aranges
                0x00000000       0x20 c:/program files (x86)/mhv avr tools/bin/../lib/gcc/avr/4.5.2/../../../../avr/lib/avr51\libc.a(snprintf_p.o)
 .debug_aranges
                0x00000020       0x20 c:/program files (x86)/mhv avr tools/bin/../lib/gcc/avr/4.5.2/../../../../avr/lib/avr51\libc.a(vsnprintf_p.o)
 .debug_aranges
                0x00000040       0x20 c:/program files (x86)/mhv avr tools/bin/../lib/gcc/avr/4.5.2/../../../../avr/lib/avr51\libc.a(vfprintf_std.o)
 .debug_aranges
                0x00000060       0x20 c:/program files (x86)/mhv avr tools/bin/../lib/gcc/avr/4.5.2/../../../../avr/lib/avr51\libc.a(fputc.o)

.debug_pubnames
                0x00000000       0x7e
 *(.debug_pubnames)
 .debug_pubnames
                0x00000000       0x21 c:/program files (x86)/mhv avr tools/bin/../lib/gcc/avr/4.5.2/../../../../avr/lib/avr51\libc.a(snprintf_p.o)
 .debug_pubnames
                0x00000021       0x22 c:/program files (x86)/mhv avr tools/bin/../lib/gcc/avr/4.5.2/../../../../avr/lib/avr51\libc.a(vsnprintf_p.o)
 .debug_pubnames
                0x00000043       0x1f c:/program files (x86)/mhv avr tools/bin/../lib/gcc/avr/4.5.2/../../../../avr/lib/avr51\libc.a(vfprintf_std.o)
 .debug_pubnames
                0x00000062       0x1c c:/program files (x86)/mhv avr tools/bin/../lib/gcc/avr/4.5.2/../../../../avr/lib/avr51\libc.a(fputc.o)

.debug_info     0x00000000      0x86a
 *(.debug_info)
 .debug_info    0x00000000      0x1d3 c:/program files (x86)/mhv avr tools/bin/../lib/gcc/avr/4.5.2/../../../../avr/lib/avr51\libc.a(snprintf_p.o)
 .debug_info    0x000001d3      0x1d8 c:/program files (x86)/mhv avr tools/bin/../lib/gcc/avr/4.5.2/../../../../avr/lib/avr51\libc.a(vsnprintf_p.o)
 .debug_info    0x000003ab      0x354 c:/program files (x86)/mhv avr tools/bin/../lib/gcc/avr/4.5.2/../../../../avr/lib/avr51\libc.a(vfprintf_std.o)
 .debug_info    0x000006ff      0x16b c:/program files (x86)/mhv avr tools/bin/../lib/gcc/avr/4.5.2/../../../../avr/lib/avr51\libc.a(fputc.o)
 *(.gnu.linkonce.wi.*)

.debug_abbrev   0x00000000      0x437
 *(.debug_abbrev)
 .debug_abbrev  0x00000000      0x10e c:/program files (x86)/mhv avr tools/bin/../lib/gcc/avr/4.5.2/../../../../avr/lib/avr51\libc.a(snprintf_p.o)
 .debug_abbrev  0x0000010e       0xed c:/program files (x86)/mhv avr tools/bin/../lib/gcc/avr/4.5.2/../../../../avr/lib/avr51\libc.a(vsnprintf_p.o)
 .debug_abbrev  0x000001fb      0x161 c:/program files (x86)/mhv avr tools/bin/../lib/gcc/avr/4.5.2/../../../../avr/lib/avr51\libc.a(vfprintf_std.o)
 .debug_abbrev  0x0000035c       0xdb c:/program files (x86)/mhv avr tools/bin/../lib/gcc/avr/4.5.2/../../../../avr/lib/avr51\libc.a(fputc.o)

.debug_line     0x00000000      0x8f7
 *(.debug_line)
 .debug_line    0x00000000      0x137 c:/program files (x86)/mhv avr tools/bin/../lib/gcc/avr/4.5.2/../../../../avr/lib/avr51\libc.a(snprintf_p.o)
 .debug_line    0x00000137      0x130 c:/program files (x86)/mhv avr tools/bin/../lib/gcc/avr/4.5.2/../../../../avr/lib/avr51\libc.a(vsnprintf_p.o)
 .debug_line    0x00000267      0x5ae c:/program files (x86)/mhv avr tools/bin/../lib/gcc/avr/4.5.2/../../../../avr/lib/avr51\libc.a(vfprintf_std.o)
 .debug_line    0x00000815       0xe2 c:/program files (x86)/mhv avr tools/bin/../lib/gcc/avr/4.5.2/../../../../avr/lib/avr51\libc.a(fputc.o)

.debug_frame    0x00000000       0x80
 *(.debug_frame)
 .debug_frame   0x00000000       0x20 c:/program files (x86)/mhv avr tools/bin/../lib/gcc/avr/4.5.2/../../../../avr/lib/avr51\libc.a(snprintf_p.o)
 .debug_frame   0x00000020       0x20 c:/program files (x86)/mhv avr tools/bin/../lib/gcc/avr/4.5.2/../../../../avr/lib/avr51\libc.a(vsnprintf_p.o)
 .debug_frame   0x00000040       0x20 c:/program files (x86)/mhv avr tools/bin/../lib/gcc/avr/4.5.2/../../../../avr/lib/avr51\libc.a(vfprintf_std.o)
 .debug_frame   0x00000060       0x20 c:/program files (x86)/mhv avr tools/bin/../lib/gcc/avr/4.5.2/../../../../avr/lib/avr51\libc.a(fputc.o)

.debug_str      0x00000000      0x1aa
 *(.debug_str)
 .debug_str     0x00000000       0xe5 c:/program files (x86)/mhv avr tools/bin/../lib/gcc/avr/4.5.2/../../../../avr/lib/avr51\libc.a(snprintf_p.o)
                                0x131 (size before relaxing)
 .debug_str     0x000000e5       0x2e c:/program files (x86)/mhv avr tools/bin/../lib/gcc/avr/4.5.2/../../../../avr/lib/avr51\libc.a(vsnprintf_p.o)
                                0x133 (size before relaxing)
 .debug_str     0x00000113       0x75 c:/program files (x86)/mhv avr tools/bin/../lib/gcc/avr/4.5.2/../../../../avr/lib/avr51\libc.a(vfprintf_std.o)
                                0x17a (size before relaxing)
 .debug_str     0x00000188       0x22 c:/program files (x86)/mhv avr tools/bin/../lib/gcc/avr/4.5.2/../../../../avr/lib/avr51\libc.a(fputc.o)
                                 0xfe (size before relaxing)

.debug_loc      0x00000000      0x801
 *(.debug_loc)
 .debug_loc     0x00000000       0x42 c:/program files (x86)/mhv avr tools/bin/../lib/gcc/avr/4.5.2/../../../../avr/lib/avr51\libc.a(snprintf_p.o)
 .debug_loc     0x00000042       0xbe c:/program files (x86)/mhv avr tools/bin/../lib/gcc/avr/4.5.2/../../../../avr/lib/avr51\libc.a(vsnprintf_p.o)
 .debug_loc     0x00000100      0x6b1 c:/program files (x86)/mhv avr tools/bin/../lib/gcc/avr/4.5.2/../../../../avr/lib/avr51\libc.a(vfprintf_std.o)
 .debug_loc     0x000007b1       0x50 c:/program files (x86)/mhv avr tools/bin/../lib/gcc/avr/4.5.2/../../../../avr/lib/avr51\libc.a(fputc.o)

.debug_macinfo
 *(.debug_macinfo)
OUTPUT(mhvlib-tutorial-RTC.elf elf32-avr)
LOAD linker stubs

.debug_pubtypes
                0x00000000      0x122
 .debug_pubtypes
                0x00000000       0x53 c:/program files (x86)/mhv avr tools/bin/../lib/gcc/avr/4.5.2/../../../../avr/lib/avr51\libc.a(snprintf_p.o)
 .debug_pubtypes
                0x00000053       0x53 c:/program files (x86)/mhv avr tools/bin/../lib/gcc/avr/4.5.2/../../../../avr/lib/avr51\libc.a(vsnprintf_p.o)
 .debug_pubtypes
                0x000000a6       0x53 c:/program files (x86)/mhv avr tools/bin/../lib/gcc/avr/4.5.2/../../../../avr/lib/avr51\libc.a(vfprintf_std.o)
 .debug_pubtypes
                0x000000f9       0x29 c:/program files (x86)/mhv avr tools/bin/../lib/gcc/avr/4.5.2/../../../../avr/lib/avr51\libc.a(fputc.o)

.debug_ranges   0x00000000       0x58
 .debug_ranges  0x00000000       0x10 c:/program files (x86)/mhv avr tools/bin/../lib/gcc/avr/4.5.2/../../../../avr/lib/avr51\libc.a(snprintf_p.o)
 .debug_ranges  0x00000010       0x10 c:/program files (x86)/mhv avr tools/bin/../lib/gcc/avr/4.5.2/../../../../avr/lib/avr51\libc.a(vsnprintf_p.o)
 .debug_ranges  0x00000020       0x28 c:/program files (x86)/mhv avr tools/bin/../lib/gcc/avr/4.5.2/../../../../avr/lib/avr51\libc.a(vfprintf_std.o)
 .debug_ranges  0x00000048       0x10 c:/program files (x86)/mhv avr tools/bin/../lib/gcc/avr/4.5.2/../../../../avr/lib/avr51\libc.a(fputc.o)

Cross Reference Table

Symbol                                            File
MHV_Device_RX::MHV_Device_RX(MHV_RingBuffer*)     A:\eclipse\mhvlib/ATmega1280_16MHz\libmhvlib.a(MHV_Device_RX.o)
                                                  A:\eclipse\mhvlib/ATmega1280_16MHz\libmhvlib.a(MHV_HardwareSerial.o)
MHV_Device_RX::MHV_Device_RX(MHV_RingBuffer*)     A:\eclipse\mhvlib/ATmega1280_16MHz\libmhvlib.a(MHV_Device_RX.o)
MHV_Device_RX::asyncReadLine(char*, unsigned char) A:\eclipse\mhvlib/ATmega1280_16MHz\libmhvlib.a(MHV_Device_RX.o)
MHV_Device_RX::busyReadLine(char*, unsigned char) A:\eclipse\mhvlib/ATmega1280_16MHz\libmhvlib.a(MHV_Device_RX.o)
                                                  ./RTC.o
MHV_Device_RX::flush()                            A:\eclipse\mhvlib/ATmega1280_16MHz\libmhvlib.a(MHV_Device_RX.o)
MHV_Device_RX::read()                             A:\eclipse\mhvlib/ATmega1280_16MHz\libmhvlib.a(MHV_Device_RX.o)
MHV_Device_TX::MHV_Device_TX(MHV_RingBuffer*)     A:\eclipse\mhvlib/ATmega1280_16MHz\libmhvlib.a(MHV_Device_TX.o)
MHV_Device_TX::MHV_Device_TX(MHV_RingBuffer*)     A:\eclipse\mhvlib/ATmega1280_16MHz\libmhvlib.a(MHV_Device_TX.o)
                                                  A:\eclipse\mhvlib/ATmega1280_16MHz\libmhvlib.a(MHV_HardwareSerial.o)
MHV_Device_TX::canWrite()                         A:\eclipse\mhvlib/ATmega1280_16MHz\libmhvlib.a(MHV_Device_TX.o)
MHV_Device_TX::moreTX()                           A:\eclipse\mhvlib/ATmega1280_16MHz\libmhvlib.a(MHV_Device_TX.o)
MHV_Device_TX::nextCharacter()                    A:\eclipse\mhvlib/ATmega1280_16MHz\libmhvlib.a(MHV_Device_TX.o)
                                                  A:\eclipse\mhvlib/ATmega1280_16MHz\libmhvlib.a(MHV_HardwareSerial.o)
MHV_Device_TX::write(char const*)                 A:\eclipse\mhvlib/ATmega1280_16MHz\libmhvlib.a(MHV_Device_TX.o)
                                                  ./RTC.o
MHV_Device_TX::write(char const*, unsigned int)   A:\eclipse\mhvlib/ATmega1280_16MHz\libmhvlib.a(MHV_Device_TX.o)
MHV_Device_TX::write(char const*, unsigned int, void (*)(char const*)) A:\eclipse\mhvlib/ATmega1280_16MHz\libmhvlib.a(MHV_Device_TX.o)
MHV_Device_TX::write(char const*, void (*)(char const*)) A:\eclipse\mhvlib/ATmega1280_16MHz\libmhvlib.a(MHV_Device_TX.o)
MHV_Device_TX::write_P(char const*)               A:\eclipse\mhvlib/ATmega1280_16MHz\libmhvlib.a(MHV_Device_TX.o)
                                                  ./RTC.o
MHV_Device_TX::write_P(char const*, unsigned int) A:\eclipse\mhvlib/ATmega1280_16MHz\libmhvlib.a(MHV_Device_TX.o)
MHV_HardwareSerial::MHV_HardwareSerial(MHV_RingBuffer*, MHV_RingBuffer*, unsigned int volatile*, unsigned char volatile*, unsigned char volatile*, unsigned char volatile*, unsigned char, unsigned char, unsigned char, unsigned char, unsigned char, unsigned char, unsigned long) A:\eclipse\mhvlib/ATmega1280_16MHz\libmhvlib.a(MHV_HardwareSerial.o)
                                                  ./RTC.o
MHV_HardwareSerial::MHV_HardwareSerial(MHV_RingBuffer*, MHV_RingBuffer*, unsigned int volatile*, unsigned char volatile*, unsigned char volatile*, unsigned char volatile*, unsigned char, unsigned char, unsigned char, unsigned char, unsigned char, unsigned char, unsigned long) A:\eclipse\mhvlib/ATmega1280_16MHz\libmhvlib.a(MHV_HardwareSerial.o)
MHV_HardwareSerial::busy()                        A:\eclipse\mhvlib/ATmega1280_16MHz\libmhvlib.a(MHV_HardwareSerial.o)
MHV_HardwareSerial::busyWrite(char const*)        A:\eclipse\mhvlib/ATmega1280_16MHz\libmhvlib.a(MHV_HardwareSerial.o)
MHV_HardwareSerial::busyWrite(char const*, unsigned int) A:\eclipse\mhvlib/ATmega1280_16MHz\libmhvlib.a(MHV_HardwareSerial.o)
MHV_HardwareSerial::busyWrite(char)               A:\eclipse\mhvlib/ATmega1280_16MHz\libmhvlib.a(MHV_HardwareSerial.o)
MHV_HardwareSerial::busyWrite_P(char const*)      A:\eclipse\mhvlib/ATmega1280_16MHz\libmhvlib.a(MHV_HardwareSerial.o)
MHV_HardwareSerial::busyWrite_P(char const*, unsigned int) A:\eclipse\mhvlib/ATmega1280_16MHz\libmhvlib.a(MHV_HardwareSerial.o)
MHV_HardwareSerial::canSendBusy()                 A:\eclipse\mhvlib/ATmega1280_16MHz\libmhvlib.a(MHV_HardwareSerial.o)
MHV_HardwareSerial::debug(char const*, int, char const*, char const*, ...) A:\eclipse\mhvlib/ATmega1280_16MHz\libmhvlib.a(MHV_HardwareSerial.o)
MHV_HardwareSerial::echo(bool)                    A:\eclipse\mhvlib/ATmega1280_16MHz\libmhvlib.a(MHV_HardwareSerial.o)
                                                  ./RTC.o
MHV_HardwareSerial::end()                         A:\eclipse\mhvlib/ATmega1280_16MHz\libmhvlib.a(MHV_HardwareSerial.o)
MHV_HardwareSerial::runTxBuffers()                A:\eclipse\mhvlib/ATmega1280_16MHz\libmhvlib.a(MHV_HardwareSerial.o)
MHV_HardwareSerial::rx()                          A:\eclipse\mhvlib/ATmega1280_16MHz\libmhvlib.a(MHV_HardwareSerial.o)
                                                  ./RTC.o
MHV_HardwareSerial::setSpeed(unsigned long)       A:\eclipse\mhvlib/ATmega1280_16MHz\libmhvlib.a(MHV_HardwareSerial.o)
MHV_HardwareSerial::tx()                          A:\eclipse\mhvlib/ATmega1280_16MHz\libmhvlib.a(MHV_HardwareSerial.o)
                                                  ./RTC.o
MHV_RTC::MHV_RTC(MHV_Timer8*, mhv_event*, unsigned char, int) A:\eclipse\mhvlib/ATmega1280_16MHz\libmhvlib.a(MHV_RTC.o)
MHV_RTC::MHV_RTC(MHV_Timer8*, mhv_event*, unsigned char, int) A:\eclipse\mhvlib/ATmega1280_16MHz\libmhvlib.a(MHV_RTC.o)
                                                  ./RTC.o
MHV_RTC::addEvent(mhv_event*)                     A:\eclipse\mhvlib/ATmega1280_16MHz\libmhvlib.a(MHV_RTC.o)
                                                  ./RTC.o
MHV_RTC::current(mhv_timestamp*)                  A:\eclipse\mhvlib/ATmega1280_16MHz\libmhvlib.a(MHV_RTC.o)
                                                  ./RTC.o
MHV_RTC::elapsed(mhv_timestamp*, mhv_timestamp*)  A:\eclipse\mhvlib/ATmega1280_16MHz\libmhvlib.a(MHV_RTC.o)
MHV_RTC::eventsPending()                          A:\eclipse\mhvlib/ATmega1280_16MHz\libmhvlib.a(MHV_RTC.o)
MHV_RTC::runEvents()                              A:\eclipse\mhvlib/ATmega1280_16MHz\libmhvlib.a(MHV_RTC.o)
                                                  ./RTC.o
MHV_RTC::setTime(mhv_timestamp*)                  A:\eclipse\mhvlib/ATmega1280_16MHz\libmhvlib.a(MHV_RTC.o)
                                                  ./RTC.o
MHV_RTC::setTime(unsigned long, unsigned int)     A:\eclipse\mhvlib/ATmega1280_16MHz\libmhvlib.a(MHV_RTC.o)
MHV_RTC::synchronise()                            A:\eclipse\mhvlib/ATmega1280_16MHz\libmhvlib.a(MHV_RTC.o)
MHV_RTC::tick()                                   A:\eclipse\mhvlib/ATmega1280_16MHz\libmhvlib.a(MHV_RTC.o)
MHV_RTC::tick1ms()                                A:\eclipse\mhvlib/ATmega1280_16MHz\libmhvlib.a(MHV_RTC.o)
                                                  ./RTC.o
MHV_RTC::tick1msAndRunEvents()                    A:\eclipse\mhvlib/ATmega1280_16MHz\libmhvlib.a(MHV_RTC.o)
MHV_RTC::tickAndRunEvents()                       A:\eclipse\mhvlib/ATmega1280_16MHz\libmhvlib.a(MHV_RTC.o)
MHV_RTC::toTime(mhv_time*, mhv_timestamp*)        A:\eclipse\mhvlib/ATmega1280_16MHz\libmhvlib.a(MHV_RTC.o)
                                                  ./RTC.o
MHV_RTC::toTimestamp(mhv_timestamp*, mhv_time*)   A:\eclipse\mhvlib/ATmega1280_16MHz\libmhvlib.a(MHV_RTC.o)
                                                  ./RTC.o
MHV_RingBuffer::MHV_RingBuffer(char*, unsigned char) A:\eclipse\mhvlib/ATmega1280_16MHz\libmhvlib.a(MHV_RingBuffer.o)
                                                  ./RTC.o
MHV_RingBuffer::MHV_RingBuffer(char*, unsigned char) A:\eclipse\mhvlib/ATmega1280_16MHz\libmhvlib.a(MHV_RingBuffer.o)
MHV_RingBuffer::append(char)                      A:\eclipse\mhvlib/ATmega1280_16MHz\libmhvlib.a(MHV_RingBuffer.o)
                                                  A:\eclipse\mhvlib/ATmega1280_16MHz\libmhvlib.a(MHV_HardwareSerial.o)
MHV_RingBuffer::append(void const*, unsigned char) A:\eclipse\mhvlib/ATmega1280_16MHz\libmhvlib.a(MHV_RingBuffer.o)
                                                  A:\eclipse\mhvlib/ATmega1280_16MHz\libmhvlib.a(MHV_Device_TX.o)
MHV_RingBuffer::consume()                         A:\eclipse\mhvlib/ATmega1280_16MHz\libmhvlib.a(MHV_RingBuffer.o)
                                                  A:\eclipse\mhvlib/ATmega1280_16MHz\libmhvlib.a(MHV_Device_RX.o)
MHV_RingBuffer::consume(void*, unsigned char)     A:\eclipse\mhvlib/ATmega1280_16MHz\libmhvlib.a(MHV_RingBuffer.o)
                                                  A:\eclipse\mhvlib/ATmega1280_16MHz\libmhvlib.a(MHV_Device_TX.o)
MHV_RingBuffer::flush()                           A:\eclipse\mhvlib/ATmega1280_16MHz\libmhvlib.a(MHV_RingBuffer.o)
                                                  A:\eclipse\mhvlib/ATmega1280_16MHz\libmhvlib.a(MHV_Device_RX.o)
MHV_RingBuffer::full()                            A:\eclipse\mhvlib/ATmega1280_16MHz\libmhvlib.a(MHV_RingBuffer.o)
                                                  A:\eclipse\mhvlib/ATmega1280_16MHz\libmhvlib.a(MHV_Device_RX.o)
MHV_RingBuffer::full(unsigned char)               A:\eclipse\mhvlib/ATmega1280_16MHz\libmhvlib.a(MHV_RingBuffer.o)
                                                  A:\eclipse\mhvlib/ATmega1280_16MHz\libmhvlib.a(MHV_Device_TX.o)
MHV_RingBuffer::length()                          A:\eclipse\mhvlib/ATmega1280_16MHz\libmhvlib.a(MHV_RingBuffer.o)
MHV_RingBuffer::peekHead()                        A:\eclipse\mhvlib/ATmega1280_16MHz\libmhvlib.a(MHV_RingBuffer.o)
                                                  A:\eclipse\mhvlib/ATmega1280_16MHz\libmhvlib.a(MHV_Device_RX.o)
MHV_RingBuffer::size()                            A:\eclipse\mhvlib/ATmega1280_16MHz\libmhvlib.a(MHV_RingBuffer.o)
MHV_Timer8::MHV_Timer8()                          A:\eclipse\mhvlib/ATmega1280_16MHz\libmhvlib.a(MHV_Timer8.o)
MHV_Timer8::MHV_Timer8()                          A:\eclipse\mhvlib/ATmega1280_16MHz\libmhvlib.a(MHV_Timer8.o)
MHV_Timer8::MHV_Timer8(mhv_timer_type, unsigned char volatile*, unsigned char volatile*, unsigned char volatile*, unsigned char volatile*, unsigned char volatile*, unsigned char volatile*, unsigned char) A:\eclipse\mhvlib/ATmega1280_16MHz\libmhvlib.a(MHV_Timer8.o)
MHV_Timer8::MHV_Timer8(mhv_timer_type, unsigned char volatile*, unsigned char volatile*, unsigned char volatile*, unsigned char volatile*, unsigned char volatile*, unsigned char volatile*, unsigned char) A:\eclipse\mhvlib/ATmega1280_16MHz\libmhvlib.a(MHV_Timer8.o)
                                                  ./RTC.o
MHV_Timer8::_setPrescaler(mhv_timer_prescaler)    A:\eclipse\mhvlib/ATmega1280_16MHz\libmhvlib.a(MHV_Timer8.o)
MHV_Timer8::calculatePrescaler(unsigned long, mhv_timer_prescaler*, unsigned int*) A:\eclipse\mhvlib/ATmega1280_16MHz\libmhvlib.a(MHV_Timer8.o)
MHV_Timer8::calculateTop(unsigned long*, unsigned int) A:\eclipse\mhvlib/ATmega1280_16MHz\libmhvlib.a(MHV_Timer8.o)
MHV_Timer8::connectOutput1(mhv_timer_connect_type) A:\eclipse\mhvlib/ATmega1280_16MHz\libmhvlib.a(MHV_Timer8.o)
MHV_Timer8::connectOutput2(mhv_timer_connect_type) A:\eclipse\mhvlib/ATmega1280_16MHz\libmhvlib.a(MHV_Timer8.o)
MHV_Timer8::current()                             A:\eclipse\mhvlib/ATmega1280_16MHz\libmhvlib.a(MHV_Timer8.o)
MHV_Timer8::disable()                             A:\eclipse\mhvlib/ATmega1280_16MHz\libmhvlib.a(MHV_Timer8.o)
MHV_Timer8::enable()                              A:\eclipse\mhvlib/ATmega1280_16MHz\libmhvlib.a(MHV_Timer8.o)
                                                  ./RTC.o
MHV_Timer8::enabled()                             A:\eclipse\mhvlib/ATmega1280_16MHz\libmhvlib.a(MHV_Timer8.o)
MHV_Timer8::getOutput(unsigned char)              A:\eclipse\mhvlib/ATmega1280_16MHz\libmhvlib.a(MHV_Timer8.o)
MHV_Timer8::getOutput1()                          A:\eclipse\mhvlib/ATmega1280_16MHz\libmhvlib.a(MHV_Timer8.o)
MHV_Timer8::getOutput2()                          A:\eclipse\mhvlib/ATmega1280_16MHz\libmhvlib.a(MHV_Timer8.o)
MHV_Timer8::getPrescaler()                        A:\eclipse\mhvlib/ATmega1280_16MHz\libmhvlib.a(MHV_Timer8.o)
MHV_Timer8::getPrescalerMultiplier()              A:\eclipse\mhvlib/ATmega1280_16MHz\libmhvlib.a(MHV_Timer8.o)
                                                  A:\eclipse\mhvlib/ATmega1280_16MHz\libmhvlib.a(MHV_RTC.o)
MHV_Timer8::getTop()                              A:\eclipse\mhvlib/ATmega1280_16MHz\libmhvlib.a(MHV_Timer8.o)
                                                  A:\eclipse\mhvlib/ATmega1280_16MHz\libmhvlib.a(MHV_RTC.o)
MHV_Timer8::setGenerationMode()                   A:\eclipse\mhvlib/ATmega1280_16MHz\libmhvlib.a(MHV_Timer8.o)
MHV_Timer8::setMode(mhv_timer_mode)               A:\eclipse\mhvlib/ATmega1280_16MHz\libmhvlib.a(MHV_Timer8.o)
MHV_Timer8::setOutput(unsigned char, unsigned char) A:\eclipse\mhvlib/ATmega1280_16MHz\libmhvlib.a(MHV_Timer8.o)
MHV_Timer8::setOutput1(unsigned char)             A:\eclipse\mhvlib/ATmega1280_16MHz\libmhvlib.a(MHV_Timer8.o)
MHV_Timer8::setOutput2(unsigned char)             A:\eclipse\mhvlib/ATmega1280_16MHz\libmhvlib.a(MHV_Timer8.o)
MHV_Timer8::setPeriods(mhv_timer_prescaler, unsigned char, unsigned char) A:\eclipse\mhvlib/ATmega1280_16MHz\libmhvlib.a(MHV_Timer8.o)
                                                  ./RTC.o
MHV_Timer8::setPeriods(unsigned long, unsigned long) A:\eclipse\mhvlib/ATmega1280_16MHz\libmhvlib.a(MHV_Timer8.o)
MHV_Timer8::setPrescaler(mhv_timer_prescaler)     A:\eclipse\mhvlib/ATmega1280_16MHz\libmhvlib.a(MHV_Timer8.o)
MHV_Timer8::setTop(unsigned char)                 A:\eclipse\mhvlib/ATmega1280_16MHz\libmhvlib.a(MHV_Timer8.o)
MHV_Timer8::setTriggers(void (*)(void*), void*, void (*)(void*), void*) A:\eclipse\mhvlib/ATmega1280_16MHz\libmhvlib.a(MHV_Timer8.o)
                                                  ./RTC.o
MHV_Timer8::trigger1()                            A:\eclipse\mhvlib/ATmega1280_16MHz\libmhvlib.a(MHV_Timer8.o)
                                                  ./RTC.o
MHV_Timer8::trigger2()                            A:\eclipse\mhvlib/ATmega1280_16MHz\libmhvlib.a(MHV_Timer8.o)
__bad_interrupt                                   c:/program files (x86)/mhv avr tools/bin/../lib/gcc/avr/4.5.2/../../../../avr/lib/avr51/crtm1280.o
__bss_end                                         c:/program files (x86)/mhv avr tools/bin/../lib/gcc/avr/4.5.2/avr51\libgcc.a(_clear_bss.o)
__bss_start                                       c:/program files (x86)/mhv avr tools/bin/../lib/gcc/avr/4.5.2/avr51\libgcc.a(_clear_bss.o)
__ctors_end                                       c:/program files (x86)/mhv avr tools/bin/../lib/gcc/avr/4.5.2/avr51\libgcc.a(_ctors.o)
__ctors_start                                     c:/program files (x86)/mhv avr tools/bin/../lib/gcc/avr/4.5.2/avr51\libgcc.a(_ctors.o)
__cxa_pure_virtual                                ./RTC.o
                                                  A:\eclipse\mhvlib/ATmega1280_16MHz\libmhvlib.a(MHV_Device_TX.o)
__data_end                                        c:/program files (x86)/mhv avr tools/bin/../lib/gcc/avr/4.5.2/avr51\libgcc.a(_copy_data.o)
__data_load_start                                 c:/program files (x86)/mhv avr tools/bin/../lib/gcc/avr/4.5.2/avr51\libgcc.a(_copy_data.o)
__data_start                                      c:/program files (x86)/mhv avr tools/bin/../lib/gcc/avr/4.5.2/avr51\libgcc.a(_copy_data.o)
__do_clear_bss                                    c:/program files (x86)/mhv avr tools/bin/../lib/gcc/avr/4.5.2/avr51\libgcc.a(_clear_bss.o)
                                                  ./RTC.o
__do_copy_data                                    c:/program files (x86)/mhv avr tools/bin/../lib/gcc/avr/4.5.2/avr51\libgcc.a(_copy_data.o)
                                                  A:\eclipse\mhvlib/ATmega1280_16MHz\libmhvlib.a(MHV_HardwareSerial.o)
                                                  A:\eclipse\mhvlib/ATmega1280_16MHz\libmhvlib.a(MHV_Device_TX.o)
__do_global_ctors                                 c:/program files (x86)/mhv avr tools/bin/../lib/gcc/avr/4.5.2/avr51\libgcc.a(_ctors.o)
                                                  ./RTC.o
__heap_end                                        c:/program files (x86)/mhv avr tools/bin/../lib/gcc/avr/4.5.2/../../../../avr/lib/avr51/crtm1280.o
__init                                            c:/program files (x86)/mhv avr tools/bin/../lib/gcc/avr/4.5.2/../../../../avr/lib/avr51/crtm1280.o
__mulhi_const_10                                  c:/program files (x86)/mhv avr tools/bin/../lib/gcc/avr/4.5.2/../../../../avr/lib/avr51\libc.a(mul10.o)
                                                  c:/program files (x86)/mhv avr tools/bin/../lib/gcc/avr/4.5.2/../../../../avr/lib/avr51\libc.a(atoi.o)
__mulsi3                                          c:/program files (x86)/mhv avr tools/bin/../lib/gcc/avr/4.5.2/avr51\libgcc.a(_mulsi3.o)
                                                  A:\eclipse\mhvlib/ATmega1280_16MHz\libmhvlib.a(MHV_RTC.o)
                                                  A:\eclipse\mhvlib/ATmega1280_16MHz\libmhvlib.a(MHV_HardwareSerial.o)
__stack                                           c:/program files (x86)/mhv avr tools/bin/../lib/gcc/avr/4.5.2/../../../../avr/lib/avr51/crtm1280.o
__tablejump_elpm__                                c:/program files (x86)/mhv avr tools/bin/../lib/gcc/avr/4.5.2/avr51\libgcc.a(_tablejump_elpm.o)
                                                  c:/program files (x86)/mhv avr tools/bin/../lib/gcc/avr/4.5.2/avr51\libgcc.a(_ctors.o)
__udivmodhi4                                      c:/program files (x86)/mhv avr tools/bin/../lib/gcc/avr/4.5.2/avr51\libgcc.a(_udivmodhi4.o)
                                                  c:/program files (x86)/mhv avr tools/bin/../lib/gcc/avr/4.5.2/../../../../avr/lib/avr51\libc.a(itoa.o)
                                                  A:\eclipse\mhvlib/ATmega1280_16MHz\libmhvlib.a(MHV_RTC.o)
__udivmodsi4                                      c:/program files (x86)/mhv avr tools/bin/../lib/gcc/avr/4.5.2/avr51\libgcc.a(_udivmodsi4.o)
                                                  A:\eclipse\mhvlib/ATmega1280_16MHz\libmhvlib.a(MHV_Timer8.o)
                                                  A:\eclipse\mhvlib/ATmega1280_16MHz\libmhvlib.a(MHV_RTC.o)
                                                  A:\eclipse\mhvlib/ATmega1280_16MHz\libmhvlib.a(MHV_HardwareSerial.o)
__ultoa_invert                                    c:/program files (x86)/mhv avr tools/bin/../lib/gcc/avr/4.5.2/../../../../avr/lib/avr51\libc.a(ultoa_invert.o)
                                                  c:/program files (x86)/mhv avr tools/bin/../lib/gcc/avr/4.5.2/../../../../avr/lib/avr51\libc.a(vfprintf_std.o)
__vector_1                                        c:/program files (x86)/mhv avr tools/bin/../lib/gcc/avr/4.5.2/../../../../avr/lib/avr51/crtm1280.o
__vector_10                                       c:/program files (x86)/mhv avr tools/bin/../lib/gcc/avr/4.5.2/../../../../avr/lib/avr51/crtm1280.o
__vector_11                                       c:/program files (x86)/mhv avr tools/bin/../lib/gcc/avr/4.5.2/../../../../avr/lib/avr51/crtm1280.o
__vector_12                                       c:/program files (x86)/mhv avr tools/bin/../lib/gcc/avr/4.5.2/../../../../avr/lib/avr51/crtm1280.o
__vector_13                                       c:/program files (x86)/mhv avr tools/bin/../lib/gcc/avr/4.5.2/../../../../avr/lib/avr51/crtm1280.o
__vector_14                                       c:/program files (x86)/mhv avr tools/bin/../lib/gcc/avr/4.5.2/../../../../avr/lib/avr51/crtm1280.o
__vector_15                                       c:/program files (x86)/mhv avr tools/bin/../lib/gcc/avr/4.5.2/../../../../avr/lib/avr51/crtm1280.o
__vector_16                                       c:/program files (x86)/mhv avr tools/bin/../lib/gcc/avr/4.5.2/../../../../avr/lib/avr51/crtm1280.o
__vector_17                                       c:/program files (x86)/mhv avr tools/bin/../lib/gcc/avr/4.5.2/../../../../avr/lib/avr51/crtm1280.o
__vector_18                                       c:/program files (x86)/mhv avr tools/bin/../lib/gcc/avr/4.5.2/../../../../avr/lib/avr51/crtm1280.o
__vector_19                                       c:/program files (x86)/mhv avr tools/bin/../lib/gcc/avr/4.5.2/../../../../avr/lib/avr51/crtm1280.o
__vector_2                                        c:/program files (x86)/mhv avr tools/bin/../lib/gcc/avr/4.5.2/../../../../avr/lib/avr51/crtm1280.o
__vector_20                                       c:/program files (x86)/mhv avr tools/bin/../lib/gcc/avr/4.5.2/../../../../avr/lib/avr51/crtm1280.o
__vector_21                                       ./RTC.o
                                                  c:/program files (x86)/mhv avr tools/bin/../lib/gcc/avr/4.5.2/../../../../avr/lib/avr51/crtm1280.o
__vector_22                                       c:/program files (x86)/mhv avr tools/bin/../lib/gcc/avr/4.5.2/../../../../avr/lib/avr51/crtm1280.o
__vector_23                                       c:/program files (x86)/mhv avr tools/bin/../lib/gcc/avr/4.5.2/../../../../avr/lib/avr51/crtm1280.o
__vector_24                                       c:/program files (x86)/mhv avr tools/bin/../lib/gcc/avr/4.5.2/../../../../avr/lib/avr51/crtm1280.o
__vector_25                                       ./RTC.o
                                                  c:/program files (x86)/mhv avr tools/bin/../lib/gcc/avr/4.5.2/../../../../avr/lib/avr51/crtm1280.o
__vector_26                                       c:/program files (x86)/mhv avr tools/bin/../lib/gcc/avr/4.5.2/../../../../avr/lib/avr51/crtm1280.o
__vector_27                                       ./RTC.o
                                                  c:/program files (x86)/mhv avr tools/bin/../lib/gcc/avr/4.5.2/../../../../avr/lib/avr51/crtm1280.o
__vector_28                                       c:/program files (x86)/mhv avr tools/bin/../lib/gcc/avr/4.5.2/../../../../avr/lib/avr51/crtm1280.o
__vector_29                                       c:/program files (x86)/mhv avr tools/bin/../lib/gcc/avr/4.5.2/../../../../avr/lib/avr51/crtm1280.o
__vector_3                                        c:/program files (x86)/mhv avr tools/bin/../lib/gcc/avr/4.5.2/../../../../avr/lib/avr51/crtm1280.o
__vector_30                                       c:/program files (x86)/mhv avr tools/bin/../lib/gcc/avr/4.5.2/../../../../avr/lib/avr51/crtm1280.o
__vector_31                                       c:/program files (x86)/mhv avr tools/bin/../lib/gcc/avr/4.5.2/../../../../avr/lib/avr51/crtm1280.o
__vector_32                                       c:/program files (x86)/mhv avr tools/bin/../lib/gcc/avr/4.5.2/../../../../avr/lib/avr51/crtm1280.o
__vector_33                                       c:/program files (x86)/mhv avr tools/bin/../lib/gcc/avr/4.5.2/../../../../avr/lib/avr51/crtm1280.o
__vector_34                                       c:/program files (x86)/mhv avr tools/bin/../lib/gcc/avr/4.5.2/../../../../avr/lib/avr51/crtm1280.o
__vector_35                                       c:/program files (x86)/mhv avr tools/bin/../lib/gcc/avr/4.5.2/../../../../avr/lib/avr51/crtm1280.o
__vector_36                                       c:/program files (x86)/mhv avr tools/bin/../lib/gcc/avr/4.5.2/../../../../avr/lib/avr51/crtm1280.o
__vector_37                                       c:/program files (x86)/mhv avr tools/bin/../lib/gcc/avr/4.5.2/../../../../avr/lib/avr51/crtm1280.o
__vector_38                                       c:/program files (x86)/mhv avr tools/bin/../lib/gcc/avr/4.5.2/../../../../avr/lib/avr51/crtm1280.o
__vector_39                                       c:/program files (x86)/mhv avr tools/bin/../lib/gcc/avr/4.5.2/../../../../avr/lib/avr51/crtm1280.o
__vector_4                                        c:/program files (x86)/mhv avr tools/bin/../lib/gcc/avr/4.5.2/../../../../avr/lib/avr51/crtm1280.o
__vector_40                                       c:/program files (x86)/mhv avr tools/bin/../lib/gcc/avr/4.5.2/../../../../avr/lib/avr51/crtm1280.o
__vector_41                                       c:/program files (x86)/mhv avr tools/bin/../lib/gcc/avr/4.5.2/../../../../avr/lib/avr51/crtm1280.o
__vector_42                                       c:/program files (x86)/mhv avr tools/bin/../lib/gcc/avr/4.5.2/../../../../avr/lib/avr51/crtm1280.o
__vector_43                                       c:/program files (x86)/mhv avr tools/bin/../lib/gcc/avr/4.5.2/../../../../avr/lib/avr51/crtm1280.o
__vector_44                                       c:/program files (x86)/mhv avr tools/bin/../lib/gcc/avr/4.5.2/../../../../avr/lib/avr51/crtm1280.o
__vector_45                                       c:/program files (x86)/mhv avr tools/bin/../lib/gcc/avr/4.5.2/../../../../avr/lib/avr51/crtm1280.o
__vector_46                                       c:/program files (x86)/mhv avr tools/bin/../lib/gcc/avr/4.5.2/../../../../avr/lib/avr51/crtm1280.o
__vector_47                                       c:/program files (x86)/mhv avr tools/bin/../lib/gcc/avr/4.5.2/../../../../avr/lib/avr51/crtm1280.o
__vector_48                                       c:/program files (x86)/mhv avr tools/bin/../lib/gcc/avr/4.5.2/../../../../avr/lib/avr51/crtm1280.o
__vector_49                                       c:/program files (x86)/mhv avr tools/bin/../lib/gcc/avr/4.5.2/../../../../avr/lib/avr51/crtm1280.o
__vector_5                                        c:/program files (x86)/mhv avr tools/bin/../lib/gcc/avr/4.5.2/../../../../avr/lib/avr51/crtm1280.o
__vector_50                                       c:/program files (x86)/mhv avr tools/bin/../lib/gcc/avr/4.5.2/../../../../avr/lib/avr51/crtm1280.o
__vector_51                                       c:/program files (x86)/mhv avr tools/bin/../lib/gcc/avr/4.5.2/../../../../avr/lib/avr51/crtm1280.o
__vector_52                                       c:/program files (x86)/mhv avr tools/bin/../lib/gcc/avr/4.5.2/../../../../avr/lib/avr51/crtm1280.o
__vector_53                                       c:/program files (x86)/mhv avr tools/bin/../lib/gcc/avr/4.5.2/../../../../avr/lib/avr51/crtm1280.o
__vector_54                                       c:/program files (x86)/mhv avr tools/bin/../lib/gcc/avr/4.5.2/../../../../avr/lib/avr51/crtm1280.o
__vector_55                                       c:/program files (x86)/mhv avr tools/bin/../lib/gcc/avr/4.5.2/../../../../avr/lib/avr51/crtm1280.o
__vector_56                                       c:/program files (x86)/mhv avr tools/bin/../lib/gcc/avr/4.5.2/../../../../avr/lib/avr51/crtm1280.o
__vector_6                                        c:/program files (x86)/mhv avr tools/bin/../lib/gcc/avr/4.5.2/../../../../avr/lib/avr51/crtm1280.o
__vector_7                                        c:/program files (x86)/mhv avr tools/bin/../lib/gcc/avr/4.5.2/../../../../avr/lib/avr51/crtm1280.o
__vector_8                                        c:/program files (x86)/mhv avr tools/bin/../lib/gcc/avr/4.5.2/../../../../avr/lib/avr51/crtm1280.o
__vector_9                                        c:/program files (x86)/mhv avr tools/bin/../lib/gcc/avr/4.5.2/../../../../avr/lib/avr51/crtm1280.o
__vector_default                                  c:/program files (x86)/mhv avr tools/bin/../lib/gcc/avr/4.5.2/../../../../avr/lib/avr51/crtm1280.o
__vectors                                         c:/program files (x86)/mhv avr tools/bin/../lib/gcc/avr/4.5.2/../../../../avr/lib/avr51/crtm1280.o
_exit                                             c:/program files (x86)/mhv avr tools/bin/../lib/gcc/avr/4.5.2/avr51\libgcc.a(_exit.o)
atoi                                              c:/program files (x86)/mhv avr tools/bin/../lib/gcc/avr/4.5.2/../../../../avr/lib/avr51\libc.a(atoi.o)
                                                  ./RTC.o
events                                            ./RTC.o
exit                                              c:/program files (x86)/mhv avr tools/bin/../lib/gcc/avr/4.5.2/avr51\libgcc.a(_exit.o)
                                                  c:/program files (x86)/mhv avr tools/bin/../lib/gcc/avr/4.5.2/../../../../avr/lib/avr51/crtm1280.o
fputc                                             c:/program files (x86)/mhv avr tools/bin/../lib/gcc/avr/4.5.2/../../../../avr/lib/avr51\libc.a(fputc.o)
                                                  c:/program files (x86)/mhv avr tools/bin/../lib/gcc/avr/4.5.2/../../../../avr/lib/avr51\libc.a(vfprintf_std.o)
insertEvent(mhv_timestamp*)                       ./RTC.o
insertEvent(mhv_timestamp*)::__c                  ./RTC.o
itoa                                              c:/program files (x86)/mhv avr tools/bin/../lib/gcc/avr/4.5.2/../../../../avr/lib/avr51\libc.a(itoa.o)
                                                  ./RTC.o
main                                              ./RTC.o
                                                  c:/program files (x86)/mhv avr tools/bin/../lib/gcc/avr/4.5.2/../../../../avr/lib/avr51/crtm1280.o
memcpy                                            c:/program files (x86)/mhv avr tools/bin/../lib/gcc/avr/4.5.2/../../../../avr/lib/avr51\libc.a(memcpy.o)
                                                  c:/program files (x86)/mhv avr tools/bin/../lib/gcc/avr/4.5.2/../../../../avr/lib/avr51\libc.a(memmove.o)
memmove                                           c:/program files (x86)/mhv avr tools/bin/../lib/gcc/avr/4.5.2/../../../../avr/lib/avr51\libc.a(memmove.o)
                                                  A:\eclipse\mhvlib/ATmega1280_16MHz\libmhvlib.a(MHV_RTC.o)
mhv_daysInMonth(mhv_month, unsigned int)          A:\eclipse\mhvlib/ATmega1280_16MHz\libmhvlib.a(MHV_RTC.o)
                                                  ./RTC.o
mhv_isLeapYear(unsigned int)                      A:\eclipse\mhvlib/ATmega1280_16MHz\libmhvlib.a(MHV_RTC.o)
mhv_timestampGreaterThanOrEqual(mhv_timestamp*, mhv_timestamp*) A:\eclipse\mhvlib/ATmega1280_16MHz\libmhvlib.a(MHV_RTC.o)
mhv_timestampIncrement(mhv_timestamp*, unsigned long, unsigned int) A:\eclipse\mhvlib/ATmega1280_16MHz\libmhvlib.a(MHV_RTC.o)
mhv_timestampLessThan(mhv_timestamp*, mhv_timestamp*) A:\eclipse\mhvlib/ATmega1280_16MHz\libmhvlib.a(MHV_RTC.o)
oncePerSecond(mhv_event*)                         ./RTC.o
rtc                                               ./RTC.o
rtcTrigger(void*)                                 ./RTC.o
rxBuf                                             ./RTC.o
rxBuffer                                          ./RTC.o
serial                                            ./RTC.o
snprintf_P                                        c:/program files (x86)/mhv avr tools/bin/../lib/gcc/avr/4.5.2/../../../../avr/lib/avr51\libc.a(snprintf_p.o)
                                                  A:\eclipse\mhvlib/ATmega1280_16MHz\libmhvlib.a(MHV_HardwareSerial.o)
                                                  ./RTC.o
strnlen                                           c:/program files (x86)/mhv avr tools/bin/../lib/gcc/avr/4.5.2/../../../../avr/lib/avr51\libc.a(strnlen.o)
                                                  c:/program files (x86)/mhv avr tools/bin/../lib/gcc/avr/4.5.2/../../../../avr/lib/avr51\libc.a(vfprintf_std.o)
strnlen_P                                         c:/program files (x86)/mhv avr tools/bin/../lib/gcc/avr/4.5.2/../../../../avr/lib/avr51\libc.a(strnlen_P.o)
                                                  c:/program files (x86)/mhv avr tools/bin/../lib/gcc/avr/4.5.2/../../../../avr/lib/avr51\libc.a(vfprintf_std.o)
strrev                                            c:/program files (x86)/mhv avr tools/bin/../lib/gcc/avr/4.5.2/../../../../avr/lib/avr51\libc.a(strrev.o)
                                                  c:/program files (x86)/mhv avr tools/bin/../lib/gcc/avr/4.5.2/../../../../avr/lib/avr51\libc.a(itoa.o)
tickTimer                                         ./RTC.o
txBuf                                             ./RTC.o
txBuffer                                          ./RTC.o
vfprintf                                          c:/program files (x86)/mhv avr tools/bin/../lib/gcc/avr/4.5.2/../../../../avr/lib/avr51\libc.a(vfprintf_std.o)
                                                  c:/program files (x86)/mhv avr tools/bin/../lib/gcc/avr/4.5.2/../../../../avr/lib/avr51\libc.a(vsnprintf_p.o)
                                                  c:/program files (x86)/mhv avr tools/bin/../lib/gcc/avr/4.5.2/../../../../avr/lib/avr51\libc.a(snprintf_p.o)
vsnprintf_P                                       c:/program files (x86)/mhv avr tools/bin/../lib/gcc/avr/4.5.2/../../../../avr/lib/avr51\libc.a(vsnprintf_p.o)
                                                  A:\eclipse\mhvlib/ATmega1280_16MHz\libmhvlib.a(MHV_HardwareSerial.o)
vtable for MHV_Device_TX                          A:\eclipse\mhvlib/ATmega1280_16MHz\libmhvlib.a(MHV_Device_TX.o)
vtable for MHV_HardwareSerial                     A:\eclipse\mhvlib/ATmega1280_16MHz\libmhvlib.a(MHV_HardwareSerial.o)
