Archive member included because of file (symbol)

A:\eclipse\mhvlib/ATmega1280_16MHz\libmhvlib.a(MHV_Device_TX.o)
                              ./HD44780_ShiftRegister.o (MHV_Device_TX::write_P(char const*))
A:\eclipse\mhvlib/ATmega1280_16MHz\libmhvlib.a(MHV_Display_Character.o)
                              ./HD44780_ShiftRegister.o (MHV_Display_Character::writeString_P(int*, unsigned int, char const*))
A:\eclipse\mhvlib/ATmega1280_16MHz\libmhvlib.a(MHV_Display_HD44780_Shift_Register.o)
                              ./HD44780_ShiftRegister.o (MHV_Display_HD44780_Shift_Register::MHV_Display_HD44780_Shift_Register(unsigned char volatile*, unsigned char volatile*, unsigned char volatile*, unsigned char, signed char, unsigned char volatile*, unsigned char volatile*, unsigned char volatile*, unsigned char, signed char, unsigned char volatile*, unsigned char volatile*, unsigned char volatile*, unsigned char, signed char, unsigned char, unsigned int, MHV_RingBuffer*))
A:\eclipse\mhvlib/ATmega1280_16MHz\libmhvlib.a(MHV_RingBuffer.o)
                              ./HD44780_ShiftRegister.o (MHV_RingBuffer::MHV_RingBuffer(char*, unsigned char))
A:\eclipse\mhvlib/ATmega1280_16MHz\libmhvlib.a(MHV_Timer8.o)
                              ./HD44780_ShiftRegister.o (MHV_Timer8::MHV_Timer8(mhv_timer_type, unsigned char volatile*, unsigned char volatile*, unsigned char volatile*, unsigned char volatile*, unsigned char volatile*, unsigned char volatile*, unsigned char))
A:\eclipse\mhvlib/ATmega1280_16MHz\libmhvlib.a(MHV_Display_HD44780.o)
                              A:\eclipse\mhvlib/ATmega1280_16MHz\libmhvlib.a(MHV_Display_HD44780_Shift_Register.o) (MHV_Display_HD44780::_writeChar(char))
c:/program files (x86)/mhv avr tools/bin/../lib/gcc/avr/4.5.2/avr51\libgcc.a(_udivmodsi4.o)
                              A:\eclipse\mhvlib/ATmega1280_16MHz\libmhvlib.a(MHV_Timer8.o) (__udivmodsi4)
c:/program files (x86)/mhv avr tools/bin/../lib/gcc/avr/4.5.2/avr51\libgcc.a(_exit.o)
                              c:/program files (x86)/mhv avr tools/bin/../lib/gcc/avr/4.5.2/../../../../avr/lib/avr51/crtm1280.o (exit)
c:/program files (x86)/mhv avr tools/bin/../lib/gcc/avr/4.5.2/avr51\libgcc.a(_copy_data.o)
                              ./HD44780_ShiftRegister.o (__do_copy_data)
c:/program files (x86)/mhv avr tools/bin/../lib/gcc/avr/4.5.2/avr51\libgcc.a(_clear_bss.o)
                              ./HD44780_ShiftRegister.o (__do_clear_bss)
c:/program files (x86)/mhv avr tools/bin/../lib/gcc/avr/4.5.2/avr51\libgcc.a(_ctors.o)
                              ./HD44780_ShiftRegister.o (__do_global_ctors)
c:/program files (x86)/mhv avr tools/bin/../lib/gcc/avr/4.5.2/avr51\libgcc.a(_tablejump_elpm.o)
                              c:/program files (x86)/mhv avr tools/bin/../lib/gcc/avr/4.5.2/avr51\libgcc.a(_ctors.o) (__tablejump_elpm__)

Discarded input sections

 .data          0x00000000        0x0 c:/program files (x86)/mhv avr tools/bin/../lib/gcc/avr/4.5.2/../../../../avr/lib/avr51/crtm1280.o
 .bss           0x00000000        0x0 c:/program files (x86)/mhv avr tools/bin/../lib/gcc/avr/4.5.2/../../../../avr/lib/avr51/crtm1280.o
 .text          0x00000000        0x0 ./HD44780_ShiftRegister.o
 .bss           0x00000000        0x0 ./HD44780_ShiftRegister.o
 .text          0x00000000        0x0 A:\eclipse\mhvlib/ATmega1280_16MHz\libmhvlib.a(MHV_Device_TX.o)
 .data          0x00000000        0x0 A:\eclipse\mhvlib/ATmega1280_16MHz\libmhvlib.a(MHV_Device_TX.o)
 .bss           0x00000000        0x0 A:\eclipse\mhvlib/ATmega1280_16MHz\libmhvlib.a(MHV_Device_TX.o)
 .text._ZN13MHV_Device_TX8canWriteEv
                0x00000000       0x12 A:\eclipse\mhvlib/ATmega1280_16MHz\libmhvlib.a(MHV_Device_TX.o)
 .text._ZN13MHV_Device_TX13nextCharacterEv
                0x00000000       0x70 A:\eclipse\mhvlib/ATmega1280_16MHz\libmhvlib.a(MHV_Device_TX.o)
 .text._ZN13MHV_Device_TX5writeEPKcPFvS1_E
                0x00000000       0xa0 A:\eclipse\mhvlib/ATmega1280_16MHz\libmhvlib.a(MHV_Device_TX.o)
 .text._ZN13MHV_Device_TX5writeEPKcjPFvS1_E
                0x00000000       0xa8 A:\eclipse\mhvlib/ATmega1280_16MHz\libmhvlib.a(MHV_Device_TX.o)
 .text          0x00000000        0x0 A:\eclipse\mhvlib/ATmega1280_16MHz\libmhvlib.a(MHV_Display_Character.o)
 .data          0x00000000        0x0 A:\eclipse\mhvlib/ATmega1280_16MHz\libmhvlib.a(MHV_Display_Character.o)
 .bss           0x00000000        0x0 A:\eclipse\mhvlib/ATmega1280_16MHz\libmhvlib.a(MHV_Display_Character.o)
 .text._ZN21MHV_Display_Character8getWidthEv
                0x00000000        0x6 A:\eclipse\mhvlib/ATmega1280_16MHz\libmhvlib.a(MHV_Display_Character.o)
 .text._ZN21MHV_Display_Character9getHeightEv
                0x00000000        0x6 A:\eclipse\mhvlib/ATmega1280_16MHz\libmhvlib.a(MHV_Display_Character.o)
 .text._ZN21MHV_Display_Character7setWrapEb
                0x00000000        0x6 A:\eclipse\mhvlib/ATmega1280_16MHz\libmhvlib.a(MHV_Display_Character.o)
 .text._ZN21MHV_Display_Character9setScrollEb
                0x00000000        0x6 A:\eclipse\mhvlib/ATmega1280_16MHz\libmhvlib.a(MHV_Display_Character.o)
 .text          0x00000000        0x0 A:\eclipse\mhvlib/ATmega1280_16MHz\libmhvlib.a(MHV_Display_HD44780_Shift_Register.o)
 .data          0x00000000        0x0 A:\eclipse\mhvlib/ATmega1280_16MHz\libmhvlib.a(MHV_Display_HD44780_Shift_Register.o)
 .bss           0x00000000        0x0 A:\eclipse\mhvlib/ATmega1280_16MHz\libmhvlib.a(MHV_Display_HD44780_Shift_Register.o)
 .text          0x00000000        0x0 A:\eclipse\mhvlib/ATmega1280_16MHz\libmhvlib.a(MHV_RingBuffer.o)
 .data          0x00000000        0x0 A:\eclipse\mhvlib/ATmega1280_16MHz\libmhvlib.a(MHV_RingBuffer.o)
 .bss           0x00000000        0x0 A:\eclipse\mhvlib/ATmega1280_16MHz\libmhvlib.a(MHV_RingBuffer.o)
 .text._ZN14MHV_RingBuffer5flushEv
                0x00000000        0x8 A:\eclipse\mhvlib/ATmega1280_16MHz\libmhvlib.a(MHV_RingBuffer.o)
 .text._ZN14MHV_RingBuffer4sizeEv
                0x00000000        0x6 A:\eclipse\mhvlib/ATmega1280_16MHz\libmhvlib.a(MHV_RingBuffer.o)
 .text._ZN14MHV_RingBuffer4fullEv
                0x00000000       0x26 A:\eclipse\mhvlib/ATmega1280_16MHz\libmhvlib.a(MHV_RingBuffer.o)
 .text._ZN14MHV_RingBuffer8peekHeadEv
                0x00000000       0x2e A:\eclipse\mhvlib/ATmega1280_16MHz\libmhvlib.a(MHV_RingBuffer.o)
 .text          0x00000000        0x0 A:\eclipse\mhvlib/ATmega1280_16MHz\libmhvlib.a(MHV_Timer8.o)
 .data          0x00000000        0x0 A:\eclipse\mhvlib/ATmega1280_16MHz\libmhvlib.a(MHV_Timer8.o)
 .bss           0x00000000        0x0 A:\eclipse\mhvlib/ATmega1280_16MHz\libmhvlib.a(MHV_Timer8.o)
 .text._ZN10MHV_Timer8C2Ev
                0x00000000        0x2 A:\eclipse\mhvlib/ATmega1280_16MHz\libmhvlib.a(MHV_Timer8.o)
 .text._ZN10MHV_Timer87currentEv
                0x00000000       0x14 A:\eclipse\mhvlib/ATmega1280_16MHz\libmhvlib.a(MHV_Timer8.o)
 .text._ZN10MHV_Timer818calculatePrescalerEmP19mhv_timer_prescalerPj
                0x00000000      0x1fc A:\eclipse\mhvlib/ATmega1280_16MHz\libmhvlib.a(MHV_Timer8.o)
 .text._ZN10MHV_Timer812calculateTopEPmj
                0x00000000       0x2e A:\eclipse\mhvlib/ATmega1280_16MHz\libmhvlib.a(MHV_Timer8.o)
 .text._ZN10MHV_Timer812getPrescalerEv
                0x00000000       0x10 A:\eclipse\mhvlib/ATmega1280_16MHz\libmhvlib.a(MHV_Timer8.o)
 .text._ZN10MHV_Timer822getPrescalerMultiplierEv
                0x00000000       0x84 A:\eclipse\mhvlib/ATmega1280_16MHz\libmhvlib.a(MHV_Timer8.o)
 .text._ZN10MHV_Timer812setPrescalerE19mhv_timer_prescaler
                0x00000000        0x6 A:\eclipse\mhvlib/ATmega1280_16MHz\libmhvlib.a(MHV_Timer8.o)
 .text._ZN10MHV_Timer817setGenerationModeEv
                0x00000000       0x78 A:\eclipse\mhvlib/ATmega1280_16MHz\libmhvlib.a(MHV_Timer8.o)
 .text._ZN10MHV_Timer810setPeriodsE19mhv_timer_prescalerhh
                0x00000000       0x5a A:\eclipse\mhvlib/ATmega1280_16MHz\libmhvlib.a(MHV_Timer8.o)
 .text._ZN10MHV_Timer810setPeriodsEmm
                0x00000000       0xfa A:\eclipse\mhvlib/ATmega1280_16MHz\libmhvlib.a(MHV_Timer8.o)
 .text._ZN10MHV_Timer86getTopEv
                0x00000000       0x26 A:\eclipse\mhvlib/ATmega1280_16MHz\libmhvlib.a(MHV_Timer8.o)
 .text._ZN10MHV_Timer86setTopEh
                0x00000000       0x16 A:\eclipse\mhvlib/ATmega1280_16MHz\libmhvlib.a(MHV_Timer8.o)
 .text._ZN10MHV_Timer89setOutputEhh
                0x00000000       0x20 A:\eclipse\mhvlib/ATmega1280_16MHz\libmhvlib.a(MHV_Timer8.o)
 .text._ZN10MHV_Timer810setOutput1Eh
                0x00000000        0xe A:\eclipse\mhvlib/ATmega1280_16MHz\libmhvlib.a(MHV_Timer8.o)
 .text._ZN10MHV_Timer810setOutput2Eh
                0x00000000        0xe A:\eclipse\mhvlib/ATmega1280_16MHz\libmhvlib.a(MHV_Timer8.o)
 .text._ZN10MHV_Timer89getOutputEh
                0x00000000       0x22 A:\eclipse\mhvlib/ATmega1280_16MHz\libmhvlib.a(MHV_Timer8.o)
 .text._ZN10MHV_Timer810getOutput1Ev
                0x00000000        0xe A:\eclipse\mhvlib/ATmega1280_16MHz\libmhvlib.a(MHV_Timer8.o)
 .text._ZN10MHV_Timer810getOutput2Ev
                0x00000000        0xe A:\eclipse\mhvlib/ATmega1280_16MHz\libmhvlib.a(MHV_Timer8.o)
 .text._ZN10MHV_Timer814connectOutput1E22mhv_timer_connect_type
                0x00000000       0x1a A:\eclipse\mhvlib/ATmega1280_16MHz\libmhvlib.a(MHV_Timer8.o)
 .text._ZN10MHV_Timer814connectOutput2E22mhv_timer_connect_type
                0x00000000       0x16 A:\eclipse\mhvlib/ATmega1280_16MHz\libmhvlib.a(MHV_Timer8.o)
 .text._ZN10MHV_Timer86enableEv
                0x00000000       0x84 A:\eclipse\mhvlib/ATmega1280_16MHz\libmhvlib.a(MHV_Timer8.o)
 .text._ZN10MHV_Timer87enabledEv
                0x00000000       0x16 A:\eclipse\mhvlib/ATmega1280_16MHz\libmhvlib.a(MHV_Timer8.o)
 .text._ZN10MHV_Timer88trigger2Ev
                0x00000000       0x1a A:\eclipse\mhvlib/ATmega1280_16MHz\libmhvlib.a(MHV_Timer8.o)
 .text._ZN10MHV_Timer811setTriggersEPFvPvES0_S2_S0_
                0x00000000       0x1c A:\eclipse\mhvlib/ATmega1280_16MHz\libmhvlib.a(MHV_Timer8.o)
 .text._ZN10MHV_Timer87setModeE14mhv_timer_mode
                0x00000000        0x6 A:\eclipse\mhvlib/ATmega1280_16MHz\libmhvlib.a(MHV_Timer8.o)
 .text          0x00000000        0x0 A:\eclipse\mhvlib/ATmega1280_16MHz\libmhvlib.a(MHV_Display_HD44780.o)
 .data          0x00000000        0x0 A:\eclipse\mhvlib/ATmega1280_16MHz\libmhvlib.a(MHV_Display_HD44780.o)
 .bss           0x00000000        0x0 A:\eclipse\mhvlib/ATmega1280_16MHz\libmhvlib.a(MHV_Display_HD44780.o)
 .text._ZN19MHV_Display_HD4478012addressCGRAMEh
                0x00000000       0x3e A:\eclipse\mhvlib/ATmega1280_16MHz\libmhvlib.a(MHV_Display_HD44780.o)
 .text          0x00000000        0x0 c:/program files (x86)/mhv avr tools/bin/../lib/gcc/avr/4.5.2/avr51\libgcc.a(_udivmodsi4.o)
 .data          0x00000000        0x0 c:/program files (x86)/mhv avr tools/bin/../lib/gcc/avr/4.5.2/avr51\libgcc.a(_udivmodsi4.o)
 .bss           0x00000000        0x0 c:/program files (x86)/mhv avr tools/bin/../lib/gcc/avr/4.5.2/avr51\libgcc.a(_udivmodsi4.o)
 .text.libgcc   0x00000000       0x44 c:/program files (x86)/mhv avr tools/bin/../lib/gcc/avr/4.5.2/avr51\libgcc.a(_udivmodsi4.o)
 .text          0x00000000        0x0 c:/program files (x86)/mhv avr tools/bin/../lib/gcc/avr/4.5.2/avr51\libgcc.a(_exit.o)
 .data          0x00000000        0x0 c:/program files (x86)/mhv avr tools/bin/../lib/gcc/avr/4.5.2/avr51\libgcc.a(_exit.o)
 .bss           0x00000000        0x0 c:/program files (x86)/mhv avr tools/bin/../lib/gcc/avr/4.5.2/avr51\libgcc.a(_exit.o)
 .text.libgcc   0x00000000        0x0 c:/program files (x86)/mhv avr tools/bin/../lib/gcc/avr/4.5.2/avr51\libgcc.a(_exit.o)
 .text          0x00000000        0x0 c:/program files (x86)/mhv avr tools/bin/../lib/gcc/avr/4.5.2/avr51\libgcc.a(_copy_data.o)
 .data          0x00000000        0x0 c:/program files (x86)/mhv avr tools/bin/../lib/gcc/avr/4.5.2/avr51\libgcc.a(_copy_data.o)
 .bss           0x00000000        0x0 c:/program files (x86)/mhv avr tools/bin/../lib/gcc/avr/4.5.2/avr51\libgcc.a(_copy_data.o)
 .text.libgcc   0x00000000        0x0 c:/program files (x86)/mhv avr tools/bin/../lib/gcc/avr/4.5.2/avr51\libgcc.a(_copy_data.o)
 .text          0x00000000        0x0 c:/program files (x86)/mhv avr tools/bin/../lib/gcc/avr/4.5.2/avr51\libgcc.a(_clear_bss.o)
 .data          0x00000000        0x0 c:/program files (x86)/mhv avr tools/bin/../lib/gcc/avr/4.5.2/avr51\libgcc.a(_clear_bss.o)
 .bss           0x00000000        0x0 c:/program files (x86)/mhv avr tools/bin/../lib/gcc/avr/4.5.2/avr51\libgcc.a(_clear_bss.o)
 .text.libgcc   0x00000000        0x0 c:/program files (x86)/mhv avr tools/bin/../lib/gcc/avr/4.5.2/avr51\libgcc.a(_clear_bss.o)
 .text          0x00000000        0x0 c:/program files (x86)/mhv avr tools/bin/../lib/gcc/avr/4.5.2/avr51\libgcc.a(_ctors.o)
 .data          0x00000000        0x0 c:/program files (x86)/mhv avr tools/bin/../lib/gcc/avr/4.5.2/avr51\libgcc.a(_ctors.o)
 .bss           0x00000000        0x0 c:/program files (x86)/mhv avr tools/bin/../lib/gcc/avr/4.5.2/avr51\libgcc.a(_ctors.o)
 .text.libgcc   0x00000000        0x0 c:/program files (x86)/mhv avr tools/bin/../lib/gcc/avr/4.5.2/avr51\libgcc.a(_ctors.o)
 .text          0x00000000        0x0 c:/program files (x86)/mhv avr tools/bin/../lib/gcc/avr/4.5.2/avr51\libgcc.a(_tablejump_elpm.o)
 .data          0x00000000        0x0 c:/program files (x86)/mhv avr tools/bin/../lib/gcc/avr/4.5.2/avr51\libgcc.a(_tablejump_elpm.o)
 .bss           0x00000000        0x0 c:/program files (x86)/mhv avr tools/bin/../lib/gcc/avr/4.5.2/avr51\libgcc.a(_tablejump_elpm.o)

Memory Configuration

Name             Origin             Length             Attributes
text             0x00000000         0x00020000         xr
data             0x00800100         0x0000ff00         rw !x
eeprom           0x00810000         0x00010000         rw !x
fuse             0x00820000         0x00000400         rw !x
lock             0x00830000         0x00000400         rw !x
signature        0x00840000         0x00000400         rw !x
*default*        0x00000000         0xffffffff

Linker script and memory map

Address of section .data set to 0x800200
LOAD c:/program files (x86)/mhv avr tools/bin/../lib/gcc/avr/4.5.2/../../../../avr/lib/avr51/crtm1280.o
LOAD ./HD44780_ShiftRegister.o
LOAD A:\eclipse\mhvlib/ATmega1280_16MHz\libmhvlib.a
LOAD c:/program files (x86)/mhv avr tools/bin/../lib/gcc/avr/4.5.2/avr51\libgcc.a
LOAD c:/program files (x86)/mhv avr tools/bin/../lib/gcc/avr/4.5.2/../../../../avr/lib/avr51\libm.a
LOAD c:/program files (x86)/mhv avr tools/bin/../lib/gcc/avr/4.5.2/avr51\libgcc.a
LOAD c:/program files (x86)/mhv avr tools/bin/../lib/gcc/avr/4.5.2/../../../../avr/lib/avr51\libc.a
LOAD c:/program files (x86)/mhv avr tools/bin/../lib/gcc/avr/4.5.2/avr51\libgcc.a

.hash
 *(.hash)

.dynsym
 *(.dynsym)

.dynstr
 *(.dynstr)

.gnu.version
 *(.gnu.version)

.gnu.version_d
 *(.gnu.version_d)

.gnu.version_r
 *(.gnu.version_r)

.rel.init
 *(.rel.init)

.rela.init
 *(.rela.init)

.rel.text
 *(.rel.text)
 *(.rel.text.*)
 *(.rel.gnu.linkonce.t*)

.rela.text
 *(.rela.text)
 *(.rela.text.*)
 *(.rela.gnu.linkonce.t*)

.rel.fini
 *(.rel.fini)

.rela.fini
 *(.rela.fini)

.rel.rodata
 *(.rel.rodata)
 *(.rel.rodata.*)
 *(.rel.gnu.linkonce.r*)

.rela.rodata
 *(.rela.rodata)
 *(.rela.rodata.*)
 *(.rela.gnu.linkonce.r*)

.rel.data
 *(.rel.data)
 *(.rel.data.*)
 *(.rel.gnu.linkonce.d*)

.rela.data
 *(.rela.data)
 *(.rela.data.*)
 *(.rela.gnu.linkonce.d*)

.rel.ctors
 *(.rel.ctors)

.rela.ctors
 *(.rela.ctors)

.rel.dtors
 *(.rel.dtors)

.rela.dtors
 *(.rela.dtors)

.rel.got
 *(.rel.got)

.rela.got
 *(.rela.got)

.rel.bss
 *(.rel.bss)

.rela.bss
 *(.rela.bss)

.rel.plt
 *(.rel.plt)

.rela.plt
 *(.rela.plt)

.text           0x00000000     0x14f0
 *(.vectors)
 .vectors       0x00000000       0xe4 c:/program files (x86)/mhv avr tools/bin/../lib/gcc/avr/4.5.2/../../../../avr/lib/avr51/crtm1280.o
                0x00000000                __vector_default
                0x00000000                __vectors
 *(.vectors)
 *(.progmem.gcc*)
 *(.progmem*)
 .progmem.data  0x000000e4       0x76 ./HD44780_ShiftRegister.o
 .progmem.data  0x0000015a        0x4 A:\eclipse\mhvlib/ATmega1280_16MHz\libmhvlib.a(MHV_Display_HD44780.o)
                0x0000015e                . = ALIGN (0x2)
                0x0000015e                __trampolines_start = .
 *(.trampolines)
 .trampolines   0x0000015e        0x0 linker stubs
 *(.trampolines*)
                0x0000015e                __trampolines_end = .
 *(.jumptables)
 *(.jumptables*)
 *(.lowtext)
 *(.lowtext*)
                0x0000015e                __ctors_start = .
 *(.ctors)
 .ctors         0x0000015e        0x2 ./HD44780_ShiftRegister.o
                0x00000160                __ctors_end = .
                0x00000160                __dtors_start = .
 *(.dtors)
                0x00000160                __dtors_end = .
 SORT(*)(.ctors)
 SORT(*)(.dtors)
 *(.init0)
 .init0         0x00000160        0x0 c:/program files (x86)/mhv avr tools/bin/../lib/gcc/avr/4.5.2/../../../../avr/lib/avr51/crtm1280.o
                0x00000160                __init
 *(.init0)
 *(.init1)
 *(.init1)
 *(.init2)
 .init2         0x00000160        0xc c:/program files (x86)/mhv avr tools/bin/../lib/gcc/avr/4.5.2/../../../../avr/lib/avr51/crtm1280.o
 *(.init2)
 *(.init3)
 *(.init3)
 *(.init4)
 .init4         0x0000016c       0x1a c:/program files (x86)/mhv avr tools/bin/../lib/gcc/avr/4.5.2/avr51\libgcc.a(_copy_data.o)
                0x0000016c                __do_copy_data
 .init4         0x00000186       0x10 c:/program files (x86)/mhv avr tools/bin/../lib/gcc/avr/4.5.2/avr51\libgcc.a(_clear_bss.o)
                0x00000186                __do_clear_bss
 *(.init4)
 *(.init5)
 *(.init5)
 *(.init6)
 .init6         0x00000196       0x24 c:/program files (x86)/mhv avr tools/bin/../lib/gcc/avr/4.5.2/avr51\libgcc.a(_ctors.o)
                0x00000196                __do_global_ctors
 *(.init6)
 *(.init7)
 *(.init7)
 *(.init8)
 *(.init8)
 *(.init9)
 .init9         0x000001ba        0x8 c:/program files (x86)/mhv avr tools/bin/../lib/gcc/avr/4.5.2/../../../../avr/lib/avr51/crtm1280.o
 *(.init9)
 *(.text)
 .text          0x000001c2        0x4 c:/program files (x86)/mhv avr tools/bin/../lib/gcc/avr/4.5.2/../../../../avr/lib/avr51/crtm1280.o
                0x000001c2                __vector_38
                0x000001c2                __vector_22
                0x000001c2                __vector_28
                0x000001c2                __vector_1
                0x000001c2                __vector_32
                0x000001c2                __vector_34
                0x000001c2                __vector_24
                0x000001c2                __vector_12
                0x000001c2                __vector_55
                0x000001c2                __vector_46
                0x000001c2                __bad_interrupt
                0x000001c2                __vector_6
                0x000001c2                __vector_31
                0x000001c2                __vector_35
                0x000001c2                __vector_39
                0x000001c2                __vector_3
                0x000001c2                __vector_23
                0x000001c2                __vector_30
                0x000001c2                __vector_45
                0x000001c2                __vector_25
                0x000001c2                __vector_11
                0x000001c2                __vector_54
                0x000001c2                __vector_13
                0x000001c2                __vector_17
                0x000001c2                __vector_19
                0x000001c2                __vector_56
                0x000001c2                __vector_7
                0x000001c2                __vector_49
                0x000001c2                __vector_41
                0x000001c2                __vector_43
                0x000001c2                __vector_27
                0x000001c2                __vector_5
                0x000001c2                __vector_33
                0x000001c2                __vector_47
                0x000001c2                __vector_52
                0x000001c2                __vector_37
                0x000001c2                __vector_4
                0x000001c2                __vector_44
                0x000001c2                __vector_51
                0x000001c2                __vector_9
                0x000001c2                __vector_2
                0x000001c2                __vector_15
                0x000001c2                __vector_36
                0x000001c2                __vector_29
                0x000001c2                __vector_40
                0x000001c2                __vector_8
                0x000001c2                __vector_26
                0x000001c2                __vector_48
                0x000001c2                __vector_14
                0x000001c2                __vector_53
                0x000001c2                __vector_10
                0x000001c2                __vector_50
                0x000001c2                __vector_16
                0x000001c2                __vector_18
                0x000001c2                __vector_20
                0x000001c2                __vector_42
                0x000001c6                . = ALIGN (0x2)
 *(.text.*)
 .text.__cxa_pure_virtual
                0x000001c6        0x4 ./HD44780_ShiftRegister.o
                0x000001c6                __cxa_pure_virtual
 .text.__vector_21
                0x000001ca       0x54 ./HD44780_ShiftRegister.o
                0x000001ca                __vector_21
 .text._Z13textAnimationP21MHV_Display_Character
                0x0000021e       0x3a ./HD44780_ShiftRegister.o
                0x0000021e                textAnimation(MHV_Display_Character*)
 .text.main     0x00000258       0x76 ./HD44780_ShiftRegister.o
                0x00000258                main
 .text._GLOBAL__I___cxa_pure_virtual
                0x000002ce       0xfc ./HD44780_ShiftRegister.o
 .text._ZN13MHV_Device_TXC2EP14MHV_RingBuffer
                0x000003ca       0x20 A:\eclipse\mhvlib/ATmega1280_16MHz\libmhvlib.a(MHV_Device_TX.o)
                0x000003ca                MHV_Device_TX::MHV_Device_TX(MHV_RingBuffer*)
                0x000003ca                MHV_Device_TX::MHV_Device_TX(MHV_RingBuffer*)
 .text._ZN13MHV_Device_TX6moreTXEv
                0x000003ea       0x40 A:\eclipse\mhvlib/ATmega1280_16MHz\libmhvlib.a(MHV_Device_TX.o)
                0x000003ea                MHV_Device_TX::moreTX()
 .text._ZN13MHV_Device_TX7write_PEPKc
                0x0000042a       0x96 A:\eclipse\mhvlib/ATmega1280_16MHz\libmhvlib.a(MHV_Device_TX.o)
                0x0000042a                MHV_Device_TX::write_P(char const*)
 .text._ZN13MHV_Device_TX5writeEPKc
                0x000004c0       0x96 A:\eclipse\mhvlib/ATmega1280_16MHz\libmhvlib.a(MHV_Device_TX.o)
                0x000004c0                MHV_Device_TX::write(char const*)
 .text._ZN13MHV_Device_TX7write_PEPKcj
                0x00000556       0xa0 A:\eclipse\mhvlib/ATmega1280_16MHz\libmhvlib.a(MHV_Device_TX.o)
                0x00000556                MHV_Device_TX::write_P(char const*, unsigned int)
 .text._ZN13MHV_Device_TX5writeEPKcj
                0x000005f6       0x9e A:\eclipse\mhvlib/ATmega1280_16MHz\libmhvlib.a(MHV_Device_TX.o)
                0x000005f6                MHV_Device_TX::write(char const*, unsigned int)
 .text._ZN21MHV_Display_Character12runTxBuffersEv
                0x00000694       0x14 A:\eclipse\mhvlib/ATmega1280_16MHz\libmhvlib.a(MHV_Display_Character.o)
                0x00000694                MHV_Display_Character::runTxBuffers()
 .text._ZN21MHV_Display_CharacterC2EjjP14MHV_RingBuffer
                0x000006a8       0x44 A:\eclipse\mhvlib/ATmega1280_16MHz\libmhvlib.a(MHV_Display_Character.o)
                0x000006a8                MHV_Display_Character::MHV_Display_Character(unsigned int, unsigned int, MHV_RingBuffer*)
                0x000006a8                MHV_Display_Character::MHV_Display_Character(unsigned int, unsigned int, MHV_RingBuffer*)
 .text._ZN21MHV_Display_Character9setCursorEjj
                0x000006ec       0x20 A:\eclipse\mhvlib/ATmega1280_16MHz\libmhvlib.a(MHV_Display_Character.o)
                0x000006ec                MHV_Display_Character::setCursor(unsigned int, unsigned int)
 .text._ZN21MHV_Display_Character16scrollVerticallyEv
                0x0000070c       0xe6 A:\eclipse\mhvlib/ATmega1280_16MHz\libmhvlib.a(MHV_Display_Character.o)
                0x0000070c                MHV_Display_Character::scrollVertically()
 .text._ZN21MHV_Display_Character9writeCharEc
                0x000007f2      0x138 A:\eclipse\mhvlib/ATmega1280_16MHz\libmhvlib.a(MHV_Display_Character.o)
                0x000007f2                MHV_Display_Character::writeChar(char)
 .text._ZN21MHV_Display_Character13writeBuffer_PEPijPKcj
                0x0000092a       0x8c A:\eclipse\mhvlib/ATmega1280_16MHz\libmhvlib.a(MHV_Display_Character.o)
                0x0000092a                MHV_Display_Character::writeBuffer_P(int*, unsigned int, char const*, unsigned int)
 .text._ZN21MHV_Display_Character13writeString_PEPijPKc
                0x000009b6       0xa2 A:\eclipse\mhvlib/ATmega1280_16MHz\libmhvlib.a(MHV_Display_Character.o)
                0x000009b6                MHV_Display_Character::writeString_P(int*, unsigned int, char const*)
 .text._ZN21MHV_Display_Character11writeBufferEPijPKcj
                0x00000a58       0x9e A:\eclipse\mhvlib/ATmega1280_16MHz\libmhvlib.a(MHV_Display_Character.o)
                0x00000a58                MHV_Display_Character::writeBuffer(int*, unsigned int, char const*, unsigned int)
 .text._ZN21MHV_Display_Character11writeStringEPijPKc
                0x00000af6       0xa0 A:\eclipse\mhvlib/ATmega1280_16MHz\libmhvlib.a(MHV_Display_Character.o)
                0x00000af6                MHV_Display_Character::writeString(int*, unsigned int, char const*)
 .text._ZN21MHV_Display_Character11txAnimationEj
                0x00000b96      0x100 A:\eclipse\mhvlib/ATmega1280_16MHz\libmhvlib.a(MHV_Display_Character.o)
                0x00000b96                MHV_Display_Character::txAnimation(unsigned int)
 .text._ZN34MHV_Display_HD44780_Shift_Register9writeByteEhb
                0x00000c96       0xf4 A:\eclipse\mhvlib/ATmega1280_16MHz\libmhvlib.a(MHV_Display_HD44780_Shift_Register.o)
                0x00000c96                MHV_Display_HD44780_Shift_Register::writeByte(unsigned char, bool)
 .text._ZN34MHV_Display_HD44780_Shift_Register8readByteEb
                0x00000d8a        0x4 A:\eclipse\mhvlib/ATmega1280_16MHz\libmhvlib.a(MHV_Display_HD44780_Shift_Register.o)
                0x00000d8a                MHV_Display_HD44780_Shift_Register::readByte(bool)
 .text._ZN34MHV_Display_HD44780_Shift_Register6isBusyEv
                0x00000d8e        0x4 A:\eclipse\mhvlib/ATmega1280_16MHz\libmhvlib.a(MHV_Display_HD44780_Shift_Register.o)
                0x00000d8e                MHV_Display_HD44780_Shift_Register::isBusy()
 .text._ZN34MHV_Display_HD44780_Shift_Register5delayE19mhv_hd44780_command
                0x00000d92       0x4c A:\eclipse\mhvlib/ATmega1280_16MHz\libmhvlib.a(MHV_Display_HD44780_Shift_Register.o)
                0x00000d92                MHV_Display_HD44780_Shift_Register::delay(mhv_hd44780_command)
 .text._ZN34MHV_Display_HD44780_Shift_RegisterC2EPVhS1_S1_haS1_S1_S1_haS1_S1_S1_hahjP14MHV_RingBuffer
                0x00000dde       0xcc A:\eclipse\mhvlib/ATmega1280_16MHz\libmhvlib.a(MHV_Display_HD44780_Shift_Register.o)
                0x00000dde                MHV_Display_HD44780_Shift_Register::MHV_Display_HD44780_Shift_Register(unsigned char volatile*, unsigned char volatile*, unsigned char volatile*, unsigned char, signed char, unsigned char volatile*, unsigned char volatile*, unsigned char volatile*, unsigned char, signed char, unsigned char volatile*, unsigned char volatile*, unsigned char volatile*, unsigned char, signed char, unsigned char, unsigned int, MHV_RingBuffer*)
                0x00000dde                MHV_Display_HD44780_Shift_Register::MHV_Display_HD44780_Shift_Register(unsigned char volatile*, unsigned char volatile*, unsigned char volatile*, unsigned char, signed char, unsigned char volatile*, unsigned char volatile*, unsigned char volatile*, unsigned char, signed char, unsigned char volatile*, unsigned char volatile*, unsigned char volatile*, unsigned char, signed char, unsigned char, unsigned int, MHV_RingBuffer*)
 .text._ZN34MHV_Display_HD44780_Shift_Register4initEbbbbbb
                0x00000eaa       0x2e A:\eclipse\mhvlib/ATmega1280_16MHz\libmhvlib.a(MHV_Display_HD44780_Shift_Register.o)
                0x00000eaa                MHV_Display_HD44780_Shift_Register::init(bool, bool, bool, bool, bool, bool)
 .text._ZN14MHV_RingBufferC2EPch
                0x00000ed8        0xe A:\eclipse\mhvlib/ATmega1280_16MHz\libmhvlib.a(MHV_RingBuffer.o)
                0x00000ed8                MHV_RingBuffer::MHV_RingBuffer(char*, unsigned char)
                0x00000ed8                MHV_RingBuffer::MHV_RingBuffer(char*, unsigned char)
 .text._ZN14MHV_RingBuffer6appendEc
                0x00000ee6       0x2a A:\eclipse\mhvlib/ATmega1280_16MHz\libmhvlib.a(MHV_RingBuffer.o)
                0x00000ee6                MHV_RingBuffer::append(char)
 .text._ZN14MHV_RingBuffer7consumeEv
                0x00000f10       0x2c A:\eclipse\mhvlib/ATmega1280_16MHz\libmhvlib.a(MHV_RingBuffer.o)
                0x00000f10                MHV_RingBuffer::consume()
 .text._ZN14MHV_RingBuffer6lengthEv
                0x00000f3c       0x26 A:\eclipse\mhvlib/ATmega1280_16MHz\libmhvlib.a(MHV_RingBuffer.o)
                0x00000f3c                MHV_RingBuffer::length()
 .text._ZN14MHV_RingBuffer7consumeEPvh
                0x00000f62       0x5c A:\eclipse\mhvlib/ATmega1280_16MHz\libmhvlib.a(MHV_RingBuffer.o)
                0x00000f62                MHV_RingBuffer::consume(void*, unsigned char)
 .text._ZN14MHV_RingBuffer4fullEh
                0x00000fbe       0x40 A:\eclipse\mhvlib/ATmega1280_16MHz\libmhvlib.a(MHV_RingBuffer.o)
                0x00000fbe                MHV_RingBuffer::full(unsigned char)
 .text._ZN14MHV_RingBuffer6appendEPKvh
                0x00000ffe       0x5e A:\eclipse\mhvlib/ATmega1280_16MHz\libmhvlib.a(MHV_RingBuffer.o)
                0x00000ffe                MHV_RingBuffer::append(void const*, unsigned char)
 .text._ZN10MHV_Timer8C2E14mhv_timer_typePVhS2_S2_S2_S2_S2_h
                0x0000105c       0x6c A:\eclipse\mhvlib/ATmega1280_16MHz\libmhvlib.a(MHV_Timer8.o)
                0x0000105c                MHV_Timer8::MHV_Timer8(mhv_timer_type, unsigned char volatile*, unsigned char volatile*, unsigned char volatile*, unsigned char volatile*, unsigned char volatile*, unsigned char volatile*, unsigned char)
                0x0000105c                MHV_Timer8::MHV_Timer8(mhv_timer_type, unsigned char volatile*, unsigned char volatile*, unsigned char volatile*, unsigned char volatile*, unsigned char volatile*, unsigned char volatile*, unsigned char)
 .text._ZN10MHV_Timer813_setPrescalerE19mhv_timer_prescaler
                0x000010c8       0x14 A:\eclipse\mhvlib/ATmega1280_16MHz\libmhvlib.a(MHV_Timer8.o)
                0x000010c8                MHV_Timer8::_setPrescaler(mhv_timer_prescaler)
 .text._ZN10MHV_Timer87disableEv
                0x000010dc       0x60 A:\eclipse\mhvlib/ATmega1280_16MHz\libmhvlib.a(MHV_Timer8.o)
                0x000010dc                MHV_Timer8::disable()
 .text._ZN10MHV_Timer88trigger1Ev
                0x0000113c       0x22 A:\eclipse\mhvlib/ATmega1280_16MHz\libmhvlib.a(MHV_Timer8.o)
                0x0000113c                MHV_Timer8::trigger1()
 .text._ZN19MHV_Display_HD4478010_writeCharEc
                0x0000115e       0x58 A:\eclipse\mhvlib/ATmega1280_16MHz\libmhvlib.a(MHV_Display_HD44780.o)
                0x0000115e                MHV_Display_HD44780::_writeChar(char)
 .text._ZN19MHV_Display_HD447809_readCharEv
                0x000011b6       0x2e A:\eclipse\mhvlib/ATmega1280_16MHz\libmhvlib.a(MHV_Display_HD44780.o)
                0x000011b6                MHV_Display_HD44780::_readChar()
 .text._ZN19MHV_Display_HD44780C2EhjP14MHV_RingBuffer
                0x000011e4       0x28 A:\eclipse\mhvlib/ATmega1280_16MHz\libmhvlib.a(MHV_Display_HD44780.o)
                0x000011e4                MHV_Display_HD44780::MHV_Display_HD44780(unsigned char, unsigned int, MHV_RingBuffer*)
                0x000011e4                MHV_Display_HD44780::MHV_Display_HD44780(unsigned char, unsigned int, MHV_RingBuffer*)
 .text._ZN19MHV_Display_HD4478012writeCommandE19mhv_hd44780_commandh
                0x0000120c       0x46 A:\eclipse\mhvlib/ATmega1280_16MHz\libmhvlib.a(MHV_Display_HD44780.o)
                0x0000120c                MHV_Display_HD44780::writeCommand(mhv_hd44780_command, unsigned char)
 .text._ZN19MHV_Display_HD447805clearEv
                0x00001252       0x36 A:\eclipse\mhvlib/ATmega1280_16MHz\libmhvlib.a(MHV_Display_HD44780.o)
                0x00001252                MHV_Display_HD44780::clear()
 .text._ZN19MHV_Display_HD447809entryModeEbb
                0x00001288       0x32 A:\eclipse\mhvlib/ATmega1280_16MHz\libmhvlib.a(MHV_Display_HD44780.o)
                0x00001288                MHV_Display_HD44780::entryMode(bool, bool)
 .text._ZN19MHV_Display_HD447807controlEbbb
                0x000012ba       0x46 A:\eclipse\mhvlib/ATmega1280_16MHz\libmhvlib.a(MHV_Display_HD44780.o)
                0x000012ba                MHV_Display_HD44780::control(bool, bool, bool)
 .text._ZN19MHV_Display_HD447808functionEbbb
                0x00001300       0x60 A:\eclipse\mhvlib/ATmega1280_16MHz\libmhvlib.a(MHV_Display_HD44780.o)
                0x00001300                MHV_Display_HD44780::function(bool, bool, bool)
 .text._ZN19MHV_Display_HD4478012addressDDRAMEh
                0x00001360       0x3e A:\eclipse\mhvlib/ATmega1280_16MHz\libmhvlib.a(MHV_Display_HD44780.o)
                0x00001360                MHV_Display_HD44780::addressDDRAM(unsigned char)
 .text._ZN19MHV_Display_HD4478010_setCursorEhh
                0x0000139e       0x72 A:\eclipse\mhvlib/ATmega1280_16MHz\libmhvlib.a(MHV_Display_HD44780.o)
                0x0000139e                MHV_Display_HD44780::_setCursor(unsigned char, unsigned char)
 .text._ZN19MHV_Display_HD4478010_setCursorEjj
                0x00001410        0x6 A:\eclipse\mhvlib/ATmega1280_16MHz\libmhvlib.a(MHV_Display_HD44780.o)
                0x00001410                MHV_Display_HD44780::_setCursor(unsigned int, unsigned int)
 .text._ZN19MHV_Display_HD447804initEbbbbbbb
                0x00001416       0xce A:\eclipse\mhvlib/ATmega1280_16MHz\libmhvlib.a(MHV_Display_HD44780.o)
                0x00001416                MHV_Display_HD44780::init(bool, bool, bool, bool, bool, bool, bool)
 .text.libgcc   0x000014e4        0x8 c:/program files (x86)/mhv avr tools/bin/../lib/gcc/avr/4.5.2/avr51\libgcc.a(_tablejump_elpm.o)
                0x000014e4                __tablejump_elpm__
                0x000014ec                . = ALIGN (0x2)
 *(.fini9)
 .fini9         0x000014ec        0x0 c:/program files (x86)/mhv avr tools/bin/../lib/gcc/avr/4.5.2/avr51\libgcc.a(_exit.o)
                0x000014ec                _exit
                0x000014ec                exit
 *(.fini9)
 *(.fini8)
 *(.fini8)
 *(.fini7)
 *(.fini7)
 *(.fini6)
 *(.fini6)
 *(.fini5)
 *(.fini5)
 *(.fini4)
 *(.fini4)
 *(.fini3)
 *(.fini3)
 *(.fini2)
 *(.fini2)
 *(.fini1)
 *(.fini1)
 *(.fini0)
 .fini0         0x000014ec        0x4 c:/program files (x86)/mhv avr tools/bin/../lib/gcc/avr/4.5.2/avr51\libgcc.a(_exit.o)
 *(.fini0)
                0x000014f0                _etext = .

.data           0x00800200       0x9a load address 0x000014f0
                0x00800200                PROVIDE (__data_start, .)
 *(.data)
 .data          0x00800200       0x59 ./HD44780_ShiftRegister.o
 *(.data*)
 *(.rodata)
 *(.rodata*)
 .rodata._ZTV13MHV_Device_TX
                0x00800259        0x6 A:\eclipse\mhvlib/ATmega1280_16MHz\libmhvlib.a(MHV_Device_TX.o)
                0x00800259                vtable for MHV_Device_TX
 .rodata._ZTV21MHV_Display_Character
                0x0080025f        0xe A:\eclipse\mhvlib/ATmega1280_16MHz\libmhvlib.a(MHV_Display_Character.o)
                0x0080025f                vtable for MHV_Display_Character
 .rodata._ZTV34MHV_Display_HD44780_Shift_Register
                0x0080026d       0x16 A:\eclipse\mhvlib/ATmega1280_16MHz\libmhvlib.a(MHV_Display_HD44780_Shift_Register.o)
                0x0080026d                vtable for MHV_Display_HD44780_Shift_Register
 .rodata._ZTV19MHV_Display_HD44780
                0x00800283       0x16 A:\eclipse\mhvlib/ATmega1280_16MHz\libmhvlib.a(MHV_Display_HD44780.o)
                0x00800283                vtable for MHV_Display_HD44780
 *(.gnu.linkonce.d*)
                0x0080029a                . = ALIGN (0x2)
 *fill*         0x00800299        0x1 00
                0x0080029a                _edata = .
                0x0080029a                PROVIDE (__data_end, .)

.bss            0x0080029a       0x99
                0x0080029a                PROVIDE (__bss_start, .)
 *(.bss)
 *(.bss*)
 .bss.txBufferBuf
                0x0080029a       0x51 ./HD44780_ShiftRegister.o
                0x0080029a                txBufferBuf
 .bss.txBuffer  0x008002eb        0x5 ./HD44780_ShiftRegister.o
                0x008002eb                txBuffer
 .bss.tickTimer
                0x008002f0       0x1a ./HD44780_ShiftRegister.o
                0x008002f0                tickTimer
 .bss.display   0x0080030a       0x29 ./HD44780_ShiftRegister.o
                0x0080030a                display
 *(COMMON)
                0x00800333                PROVIDE (__bss_end, .)
                0x000014f0                __data_load_start = LOADADDR (.data)
                0x0000158a                __data_load_end = (__data_load_start + SIZEOF (.data))

.noinit         0x00800333        0x0
                0x00800333                PROVIDE (__noinit_start, .)
 *(.noinit*)
                0x00800333                PROVIDE (__noinit_end, .)
                0x00800333                _end = .
                0x00800333                PROVIDE (__heap_start, .)

.eeprom         0x00810000        0x0
 *(.eeprom*)
                0x00810000                __eeprom_end = .

.fuse
 *(.fuse)
 *(.lfuse)
 *(.hfuse)
 *(.efuse)

.lock
 *(.lock*)

.signature
 *(.signature*)

.stab           0x00000000      0x6cc
 *(.stab)
 .stab          0x00000000      0x6cc c:/program files (x86)/mhv avr tools/bin/../lib/gcc/avr/4.5.2/../../../../avr/lib/avr51/crtm1280.o

.stabstr        0x00000000       0x71
 *(.stabstr)
 .stabstr       0x00000000       0x71 c:/program files (x86)/mhv avr tools/bin/../lib/gcc/avr/4.5.2/../../../../avr/lib/avr51/crtm1280.o

.stab.excl
 *(.stab.excl)

.stab.exclstr
 *(.stab.exclstr)

.stab.index
 *(.stab.index)

.stab.indexstr
 *(.stab.indexstr)

.comment
 *(.comment)

.debug
 *(.debug)

.line
 *(.line)

.debug_srcinfo
 *(.debug_srcinfo)

.debug_sfnames
 *(.debug_sfnames)

.debug_aranges
 *(.debug_aranges)

.debug_pubnames
 *(.debug_pubnames)

.debug_info
 *(.debug_info)
 *(.gnu.linkonce.wi.*)

.debug_abbrev
 *(.debug_abbrev)

.debug_line
 *(.debug_line)

.debug_frame
 *(.debug_frame)

.debug_str
 *(.debug_str)

.debug_loc
 *(.debug_loc)

.debug_macinfo
 *(.debug_macinfo)
OUTPUT(mhvlib-tutorial-HD44780.elf elf32-avr)
LOAD linker stubs

Cross Reference Table

Symbol                                            File
MHV_Device_TX::MHV_Device_TX(MHV_RingBuffer*)     A:\eclipse\mhvlib/ATmega1280_16MHz\libmhvlib.a(MHV_Device_TX.o)
                                                  A:\eclipse\mhvlib/ATmega1280_16MHz\libmhvlib.a(MHV_Display_Character.o)
MHV_Device_TX::MHV_Device_TX(MHV_RingBuffer*)     A:\eclipse\mhvlib/ATmega1280_16MHz\libmhvlib.a(MHV_Device_TX.o)
MHV_Device_TX::canWrite()                         A:\eclipse\mhvlib/ATmega1280_16MHz\libmhvlib.a(MHV_Device_TX.o)
MHV_Device_TX::moreTX()                           A:\eclipse\mhvlib/ATmega1280_16MHz\libmhvlib.a(MHV_Device_TX.o)
                                                  A:\eclipse\mhvlib/ATmega1280_16MHz\libmhvlib.a(MHV_Display_Character.o)
MHV_Device_TX::nextCharacter()                    A:\eclipse\mhvlib/ATmega1280_16MHz\libmhvlib.a(MHV_Device_TX.o)
MHV_Device_TX::write(char const*)                 A:\eclipse\mhvlib/ATmega1280_16MHz\libmhvlib.a(MHV_Device_TX.o)
                                                  ./HD44780_ShiftRegister.o
MHV_Device_TX::write(char const*, unsigned int)   A:\eclipse\mhvlib/ATmega1280_16MHz\libmhvlib.a(MHV_Device_TX.o)
                                                  ./HD44780_ShiftRegister.o
MHV_Device_TX::write(char const*, unsigned int, void (*)(char const*)) A:\eclipse\mhvlib/ATmega1280_16MHz\libmhvlib.a(MHV_Device_TX.o)
MHV_Device_TX::write(char const*, void (*)(char const*)) A:\eclipse\mhvlib/ATmega1280_16MHz\libmhvlib.a(MHV_Device_TX.o)
MHV_Device_TX::write_P(char const*)               A:\eclipse\mhvlib/ATmega1280_16MHz\libmhvlib.a(MHV_Device_TX.o)
                                                  ./HD44780_ShiftRegister.o
MHV_Device_TX::write_P(char const*, unsigned int) A:\eclipse\mhvlib/ATmega1280_16MHz\libmhvlib.a(MHV_Device_TX.o)
                                                  ./HD44780_ShiftRegister.o
MHV_Display_Character::MHV_Display_Character(unsigned int, unsigned int, MHV_RingBuffer*) A:\eclipse\mhvlib/ATmega1280_16MHz\libmhvlib.a(MHV_Display_Character.o)
MHV_Display_Character::MHV_Display_Character(unsigned int, unsigned int, MHV_RingBuffer*) A:\eclipse\mhvlib/ATmega1280_16MHz\libmhvlib.a(MHV_Display_Character.o)
                                                  A:\eclipse\mhvlib/ATmega1280_16MHz\libmhvlib.a(MHV_Display_HD44780.o)
MHV_Display_Character::getHeight()                A:\eclipse\mhvlib/ATmega1280_16MHz\libmhvlib.a(MHV_Display_Character.o)
MHV_Display_Character::getWidth()                 A:\eclipse\mhvlib/ATmega1280_16MHz\libmhvlib.a(MHV_Display_Character.o)
MHV_Display_Character::runTxBuffers()             A:\eclipse\mhvlib/ATmega1280_16MHz\libmhvlib.a(MHV_Display_Character.o)
                                                  A:\eclipse\mhvlib/ATmega1280_16MHz\libmhvlib.a(MHV_Display_HD44780.o)
                                                  A:\eclipse\mhvlib/ATmega1280_16MHz\libmhvlib.a(MHV_Display_HD44780_Shift_Register.o)
MHV_Display_Character::scrollVertically()         A:\eclipse\mhvlib/ATmega1280_16MHz\libmhvlib.a(MHV_Display_Character.o)
MHV_Display_Character::setCursor(unsigned int, unsigned int) A:\eclipse\mhvlib/ATmega1280_16MHz\libmhvlib.a(MHV_Display_Character.o)
MHV_Display_Character::setScroll(bool)            A:\eclipse\mhvlib/ATmega1280_16MHz\libmhvlib.a(MHV_Display_Character.o)
MHV_Display_Character::setWrap(bool)              A:\eclipse\mhvlib/ATmega1280_16MHz\libmhvlib.a(MHV_Display_Character.o)
MHV_Display_Character::txAnimation(unsigned int)  A:\eclipse\mhvlib/ATmega1280_16MHz\libmhvlib.a(MHV_Display_Character.o)
                                                  ./HD44780_ShiftRegister.o
MHV_Display_Character::writeBuffer(int*, unsigned int, char const*, unsigned int) A:\eclipse\mhvlib/ATmega1280_16MHz\libmhvlib.a(MHV_Display_Character.o)
MHV_Display_Character::writeBuffer_P(int*, unsigned int, char const*, unsigned int) A:\eclipse\mhvlib/ATmega1280_16MHz\libmhvlib.a(MHV_Display_Character.o)
MHV_Display_Character::writeChar(char)            A:\eclipse\mhvlib/ATmega1280_16MHz\libmhvlib.a(MHV_Display_Character.o)
MHV_Display_Character::writeString(int*, unsigned int, char const*) A:\eclipse\mhvlib/ATmega1280_16MHz\libmhvlib.a(MHV_Display_Character.o)
MHV_Display_Character::writeString_P(int*, unsigned int, char const*) A:\eclipse\mhvlib/ATmega1280_16MHz\libmhvlib.a(MHV_Display_Character.o)
                                                  ./HD44780_ShiftRegister.o
MHV_Display_HD44780::MHV_Display_HD44780(unsigned char, unsigned int, MHV_RingBuffer*) A:\eclipse\mhvlib/ATmega1280_16MHz\libmhvlib.a(MHV_Display_HD44780.o)
MHV_Display_HD44780::MHV_Display_HD44780(unsigned char, unsigned int, MHV_RingBuffer*) A:\eclipse\mhvlib/ATmega1280_16MHz\libmhvlib.a(MHV_Display_HD44780.o)
                                                  A:\eclipse\mhvlib/ATmega1280_16MHz\libmhvlib.a(MHV_Display_HD44780_Shift_Register.o)
MHV_Display_HD44780::_readChar()                  A:\eclipse\mhvlib/ATmega1280_16MHz\libmhvlib.a(MHV_Display_HD44780.o)
                                                  A:\eclipse\mhvlib/ATmega1280_16MHz\libmhvlib.a(MHV_Display_HD44780_Shift_Register.o)
MHV_Display_HD44780::_setCursor(unsigned char, unsigned char) A:\eclipse\mhvlib/ATmega1280_16MHz\libmhvlib.a(MHV_Display_HD44780.o)
MHV_Display_HD44780::_setCursor(unsigned int, unsigned int) A:\eclipse\mhvlib/ATmega1280_16MHz\libmhvlib.a(MHV_Display_HD44780.o)
                                                  A:\eclipse\mhvlib/ATmega1280_16MHz\libmhvlib.a(MHV_Display_HD44780_Shift_Register.o)
MHV_Display_HD44780::_writeChar(char)             A:\eclipse\mhvlib/ATmega1280_16MHz\libmhvlib.a(MHV_Display_HD44780.o)
                                                  A:\eclipse\mhvlib/ATmega1280_16MHz\libmhvlib.a(MHV_Display_HD44780_Shift_Register.o)
MHV_Display_HD44780::addressCGRAM(unsigned char)  A:\eclipse\mhvlib/ATmega1280_16MHz\libmhvlib.a(MHV_Display_HD44780.o)
MHV_Display_HD44780::addressDDRAM(unsigned char)  A:\eclipse\mhvlib/ATmega1280_16MHz\libmhvlib.a(MHV_Display_HD44780.o)
MHV_Display_HD44780::clear()                      A:\eclipse\mhvlib/ATmega1280_16MHz\libmhvlib.a(MHV_Display_HD44780.o)
                                                  A:\eclipse\mhvlib/ATmega1280_16MHz\libmhvlib.a(MHV_Display_HD44780_Shift_Register.o)
MHV_Display_HD44780::control(bool, bool, bool)    A:\eclipse\mhvlib/ATmega1280_16MHz\libmhvlib.a(MHV_Display_HD44780.o)
MHV_Display_HD44780::entryMode(bool, bool)        A:\eclipse\mhvlib/ATmega1280_16MHz\libmhvlib.a(MHV_Display_HD44780.o)
MHV_Display_HD44780::function(bool, bool, bool)   A:\eclipse\mhvlib/ATmega1280_16MHz\libmhvlib.a(MHV_Display_HD44780.o)
MHV_Display_HD44780::init(bool, bool, bool, bool, bool, bool, bool) A:\eclipse\mhvlib/ATmega1280_16MHz\libmhvlib.a(MHV_Display_HD44780.o)
                                                  A:\eclipse\mhvlib/ATmega1280_16MHz\libmhvlib.a(MHV_Display_HD44780_Shift_Register.o)
MHV_Display_HD44780::writeCommand(mhv_hd44780_command, unsigned char) A:\eclipse\mhvlib/ATmega1280_16MHz\libmhvlib.a(MHV_Display_HD44780.o)
MHV_Display_HD44780_Shift_Register::MHV_Display_HD44780_Shift_Register(unsigned char volatile*, unsigned char volatile*, unsigned char volatile*, unsigned char, signed char, unsigned char volatile*, unsigned char volatile*, unsigned char volatile*, unsigned char, signed char, unsigned char volatile*, unsigned char volatile*, unsigned char volatile*, unsigned char, signed char, unsigned char, unsigned int, MHV_RingBuffer*) A:\eclipse\mhvlib/ATmega1280_16MHz\libmhvlib.a(MHV_Display_HD44780_Shift_Register.o)
                                                  ./HD44780_ShiftRegister.o
MHV_Display_HD44780_Shift_Register::MHV_Display_HD44780_Shift_Register(unsigned char volatile*, unsigned char volatile*, unsigned char volatile*, unsigned char, signed char, unsigned char volatile*, unsigned char volatile*, unsigned char volatile*, unsigned char, signed char, unsigned char volatile*, unsigned char volatile*, unsigned char volatile*, unsigned char, signed char, unsigned char, unsigned int, MHV_RingBuffer*) A:\eclipse\mhvlib/ATmega1280_16MHz\libmhvlib.a(MHV_Display_HD44780_Shift_Register.o)
MHV_Display_HD44780_Shift_Register::delay(mhv_hd44780_command) A:\eclipse\mhvlib/ATmega1280_16MHz\libmhvlib.a(MHV_Display_HD44780_Shift_Register.o)
MHV_Display_HD44780_Shift_Register::init(bool, bool, bool, bool, bool, bool) A:\eclipse\mhvlib/ATmega1280_16MHz\libmhvlib.a(MHV_Display_HD44780_Shift_Register.o)
                                                  ./HD44780_ShiftRegister.o
MHV_Display_HD44780_Shift_Register::isBusy()      A:\eclipse\mhvlib/ATmega1280_16MHz\libmhvlib.a(MHV_Display_HD44780_Shift_Register.o)
MHV_Display_HD44780_Shift_Register::readByte(bool) A:\eclipse\mhvlib/ATmega1280_16MHz\libmhvlib.a(MHV_Display_HD44780_Shift_Register.o)
MHV_Display_HD44780_Shift_Register::writeByte(unsigned char, bool) A:\eclipse\mhvlib/ATmega1280_16MHz\libmhvlib.a(MHV_Display_HD44780_Shift_Register.o)
MHV_RingBuffer::MHV_RingBuffer(char*, unsigned char) A:\eclipse\mhvlib/ATmega1280_16MHz\libmhvlib.a(MHV_RingBuffer.o)
                                                  ./HD44780_ShiftRegister.o
MHV_RingBuffer::MHV_RingBuffer(char*, unsigned char) A:\eclipse\mhvlib/ATmega1280_16MHz\libmhvlib.a(MHV_RingBuffer.o)
MHV_RingBuffer::append(char)                      A:\eclipse\mhvlib/ATmega1280_16MHz\libmhvlib.a(MHV_RingBuffer.o)
MHV_RingBuffer::append(void const*, unsigned char) A:\eclipse\mhvlib/ATmega1280_16MHz\libmhvlib.a(MHV_RingBuffer.o)
                                                  A:\eclipse\mhvlib/ATmega1280_16MHz\libmhvlib.a(MHV_Device_TX.o)
MHV_RingBuffer::consume()                         A:\eclipse\mhvlib/ATmega1280_16MHz\libmhvlib.a(MHV_RingBuffer.o)
MHV_RingBuffer::consume(void*, unsigned char)     A:\eclipse\mhvlib/ATmega1280_16MHz\libmhvlib.a(MHV_RingBuffer.o)
                                                  A:\eclipse\mhvlib/ATmega1280_16MHz\libmhvlib.a(MHV_Device_TX.o)
MHV_RingBuffer::flush()                           A:\eclipse\mhvlib/ATmega1280_16MHz\libmhvlib.a(MHV_RingBuffer.o)
MHV_RingBuffer::full()                            A:\eclipse\mhvlib/ATmega1280_16MHz\libmhvlib.a(MHV_RingBuffer.o)
MHV_RingBuffer::full(unsigned char)               A:\eclipse\mhvlib/ATmega1280_16MHz\libmhvlib.a(MHV_RingBuffer.o)
                                                  A:\eclipse\mhvlib/ATmega1280_16MHz\libmhvlib.a(MHV_Device_TX.o)
MHV_RingBuffer::length()                          A:\eclipse\mhvlib/ATmega1280_16MHz\libmhvlib.a(MHV_RingBuffer.o)
MHV_RingBuffer::peekHead()                        A:\eclipse\mhvlib/ATmega1280_16MHz\libmhvlib.a(MHV_RingBuffer.o)
MHV_RingBuffer::size()                            A:\eclipse\mhvlib/ATmega1280_16MHz\libmhvlib.a(MHV_RingBuffer.o)
MHV_Timer8::MHV_Timer8()                          A:\eclipse\mhvlib/ATmega1280_16MHz\libmhvlib.a(MHV_Timer8.o)
MHV_Timer8::MHV_Timer8()                          A:\eclipse\mhvlib/ATmega1280_16MHz\libmhvlib.a(MHV_Timer8.o)
MHV_Timer8::MHV_Timer8(mhv_timer_type, unsigned char volatile*, unsigned char volatile*, unsigned char volatile*, unsigned char volatile*, unsigned char volatile*, unsigned char volatile*, unsigned char) A:\eclipse\mhvlib/ATmega1280_16MHz\libmhvlib.a(MHV_Timer8.o)
MHV_Timer8::MHV_Timer8(mhv_timer_type, unsigned char volatile*, unsigned char volatile*, unsigned char volatile*, unsigned char volatile*, unsigned char volatile*, unsigned char volatile*, unsigned char) A:\eclipse\mhvlib/ATmega1280_16MHz\libmhvlib.a(MHV_Timer8.o)
                                                  ./HD44780_ShiftRegister.o
MHV_Timer8::_setPrescaler(mhv_timer_prescaler)    A:\eclipse\mhvlib/ATmega1280_16MHz\libmhvlib.a(MHV_Timer8.o)
MHV_Timer8::calculatePrescaler(unsigned long, mhv_timer_prescaler*, unsigned int*) A:\eclipse\mhvlib/ATmega1280_16MHz\libmhvlib.a(MHV_Timer8.o)
MHV_Timer8::calculateTop(unsigned long*, unsigned int) A:\eclipse\mhvlib/ATmega1280_16MHz\libmhvlib.a(MHV_Timer8.o)
MHV_Timer8::connectOutput1(mhv_timer_connect_type) A:\eclipse\mhvlib/ATmega1280_16MHz\libmhvlib.a(MHV_Timer8.o)
MHV_Timer8::connectOutput2(mhv_timer_connect_type) A:\eclipse\mhvlib/ATmega1280_16MHz\libmhvlib.a(MHV_Timer8.o)
MHV_Timer8::current()                             A:\eclipse\mhvlib/ATmega1280_16MHz\libmhvlib.a(MHV_Timer8.o)
MHV_Timer8::disable()                             A:\eclipse\mhvlib/ATmega1280_16MHz\libmhvlib.a(MHV_Timer8.o)
MHV_Timer8::enable()                              A:\eclipse\mhvlib/ATmega1280_16MHz\libmhvlib.a(MHV_Timer8.o)
MHV_Timer8::enabled()                             A:\eclipse\mhvlib/ATmega1280_16MHz\libmhvlib.a(MHV_Timer8.o)
MHV_Timer8::getOutput(unsigned char)              A:\eclipse\mhvlib/ATmega1280_16MHz\libmhvlib.a(MHV_Timer8.o)
MHV_Timer8::getOutput1()                          A:\eclipse\mhvlib/ATmega1280_16MHz\libmhvlib.a(MHV_Timer8.o)
MHV_Timer8::getOutput2()                          A:\eclipse\mhvlib/ATmega1280_16MHz\libmhvlib.a(MHV_Timer8.o)
MHV_Timer8::getPrescaler()                        A:\eclipse\mhvlib/ATmega1280_16MHz\libmhvlib.a(MHV_Timer8.o)
MHV_Timer8::getPrescalerMultiplier()              A:\eclipse\mhvlib/ATmega1280_16MHz\libmhvlib.a(MHV_Timer8.o)
MHV_Timer8::getTop()                              A:\eclipse\mhvlib/ATmega1280_16MHz\libmhvlib.a(MHV_Timer8.o)
MHV_Timer8::setGenerationMode()                   A:\eclipse\mhvlib/ATmega1280_16MHz\libmhvlib.a(MHV_Timer8.o)
MHV_Timer8::setMode(mhv_timer_mode)               A:\eclipse\mhvlib/ATmega1280_16MHz\libmhvlib.a(MHV_Timer8.o)
MHV_Timer8::setOutput(unsigned char, unsigned char) A:\eclipse\mhvlib/ATmega1280_16MHz\libmhvlib.a(MHV_Timer8.o)
MHV_Timer8::setOutput1(unsigned char)             A:\eclipse\mhvlib/ATmega1280_16MHz\libmhvlib.a(MHV_Timer8.o)
MHV_Timer8::setOutput2(unsigned char)             A:\eclipse\mhvlib/ATmega1280_16MHz\libmhvlib.a(MHV_Timer8.o)
MHV_Timer8::setPeriods(mhv_timer_prescaler, unsigned char, unsigned char) A:\eclipse\mhvlib/ATmega1280_16MHz\libmhvlib.a(MHV_Timer8.o)
MHV_Timer8::setPeriods(unsigned long, unsigned long) A:\eclipse\mhvlib/ATmega1280_16MHz\libmhvlib.a(MHV_Timer8.o)
MHV_Timer8::setPrescaler(mhv_timer_prescaler)     A:\eclipse\mhvlib/ATmega1280_16MHz\libmhvlib.a(MHV_Timer8.o)
MHV_Timer8::setTop(unsigned char)                 A:\eclipse\mhvlib/ATmega1280_16MHz\libmhvlib.a(MHV_Timer8.o)
MHV_Timer8::setTriggers(void (*)(void*), void*, void (*)(void*), void*) A:\eclipse\mhvlib/ATmega1280_16MHz\libmhvlib.a(MHV_Timer8.o)
MHV_Timer8::trigger1()                            A:\eclipse\mhvlib/ATmega1280_16MHz\libmhvlib.a(MHV_Timer8.o)
                                                  ./HD44780_ShiftRegister.o
MHV_Timer8::trigger2()                            A:\eclipse\mhvlib/ATmega1280_16MHz\libmhvlib.a(MHV_Timer8.o)
__bad_interrupt                                   c:/program files (x86)/mhv avr tools/bin/../lib/gcc/avr/4.5.2/../../../../avr/lib/avr51/crtm1280.o
__bss_end                                         c:/program files (x86)/mhv avr tools/bin/../lib/gcc/avr/4.5.2/avr51\libgcc.a(_clear_bss.o)
__bss_start                                       c:/program files (x86)/mhv avr tools/bin/../lib/gcc/avr/4.5.2/avr51\libgcc.a(_clear_bss.o)
__ctors_end                                       c:/program files (x86)/mhv avr tools/bin/../lib/gcc/avr/4.5.2/avr51\libgcc.a(_ctors.o)
__ctors_start                                     c:/program files (x86)/mhv avr tools/bin/../lib/gcc/avr/4.5.2/avr51\libgcc.a(_ctors.o)
__cxa_pure_virtual                                ./HD44780_ShiftRegister.o
                                                  A:\eclipse\mhvlib/ATmega1280_16MHz\libmhvlib.a(MHV_Display_HD44780.o)
                                                  A:\eclipse\mhvlib/ATmega1280_16MHz\libmhvlib.a(MHV_Display_Character.o)
                                                  A:\eclipse\mhvlib/ATmega1280_16MHz\libmhvlib.a(MHV_Device_TX.o)
__data_end                                        c:/program files (x86)/mhv avr tools/bin/../lib/gcc/avr/4.5.2/avr51\libgcc.a(_copy_data.o)
__data_load_start                                 c:/program files (x86)/mhv avr tools/bin/../lib/gcc/avr/4.5.2/avr51\libgcc.a(_copy_data.o)
__data_start                                      c:/program files (x86)/mhv avr tools/bin/../lib/gcc/avr/4.5.2/avr51\libgcc.a(_copy_data.o)
__do_clear_bss                                    c:/program files (x86)/mhv avr tools/bin/../lib/gcc/avr/4.5.2/avr51\libgcc.a(_clear_bss.o)
                                                  ./HD44780_ShiftRegister.o
__do_copy_data                                    c:/program files (x86)/mhv avr tools/bin/../lib/gcc/avr/4.5.2/avr51\libgcc.a(_copy_data.o)
                                                  A:\eclipse\mhvlib/ATmega1280_16MHz\libmhvlib.a(MHV_Display_HD44780.o)
                                                  A:\eclipse\mhvlib/ATmega1280_16MHz\libmhvlib.a(MHV_Display_HD44780_Shift_Register.o)
                                                  A:\eclipse\mhvlib/ATmega1280_16MHz\libmhvlib.a(MHV_Display_Character.o)
                                                  A:\eclipse\mhvlib/ATmega1280_16MHz\libmhvlib.a(MHV_Device_TX.o)
                                                  ./HD44780_ShiftRegister.o
__do_global_ctors                                 c:/program files (x86)/mhv avr tools/bin/../lib/gcc/avr/4.5.2/avr51\libgcc.a(_ctors.o)
                                                  ./HD44780_ShiftRegister.o
__heap_end                                        c:/program files (x86)/mhv avr tools/bin/../lib/gcc/avr/4.5.2/../../../../avr/lib/avr51/crtm1280.o
__init                                            c:/program files (x86)/mhv avr tools/bin/../lib/gcc/avr/4.5.2/../../../../avr/lib/avr51/crtm1280.o
__stack                                           c:/program files (x86)/mhv avr tools/bin/../lib/gcc/avr/4.5.2/../../../../avr/lib/avr51/crtm1280.o
__tablejump_elpm__                                c:/program files (x86)/mhv avr tools/bin/../lib/gcc/avr/4.5.2/avr51\libgcc.a(_tablejump_elpm.o)
                                                  c:/program files (x86)/mhv avr tools/bin/../lib/gcc/avr/4.5.2/avr51\libgcc.a(_ctors.o)
__udivmodsi4                                      c:/program files (x86)/mhv avr tools/bin/../lib/gcc/avr/4.5.2/avr51\libgcc.a(_udivmodsi4.o)
                                                  A:\eclipse\mhvlib/ATmega1280_16MHz\libmhvlib.a(MHV_Timer8.o)
__vector_1                                        c:/program files (x86)/mhv avr tools/bin/../lib/gcc/avr/4.5.2/../../../../avr/lib/avr51/crtm1280.o
__vector_10                                       c:/program files (x86)/mhv avr tools/bin/../lib/gcc/avr/4.5.2/../../../../avr/lib/avr51/crtm1280.o
__vector_11                                       c:/program files (x86)/mhv avr tools/bin/../lib/gcc/avr/4.5.2/../../../../avr/lib/avr51/crtm1280.o
__vector_12                                       c:/program files (x86)/mhv avr tools/bin/../lib/gcc/avr/4.5.2/../../../../avr/lib/avr51/crtm1280.o
__vector_13                                       c:/program files (x86)/mhv avr tools/bin/../lib/gcc/avr/4.5.2/../../../../avr/lib/avr51/crtm1280.o
__vector_14                                       c:/program files (x86)/mhv avr tools/bin/../lib/gcc/avr/4.5.2/../../../../avr/lib/avr51/crtm1280.o
__vector_15                                       c:/program files (x86)/mhv avr tools/bin/../lib/gcc/avr/4.5.2/../../../../avr/lib/avr51/crtm1280.o
__vector_16                                       c:/program files (x86)/mhv avr tools/bin/../lib/gcc/avr/4.5.2/../../../../avr/lib/avr51/crtm1280.o
__vector_17                                       c:/program files (x86)/mhv avr tools/bin/../lib/gcc/avr/4.5.2/../../../../avr/lib/avr51/crtm1280.o
__vector_18                                       c:/program files (x86)/mhv avr tools/bin/../lib/gcc/avr/4.5.2/../../../../avr/lib/avr51/crtm1280.o
__vector_19                                       c:/program files (x86)/mhv avr tools/bin/../lib/gcc/avr/4.5.2/../../../../avr/lib/avr51/crtm1280.o
__vector_2                                        c:/program files (x86)/mhv avr tools/bin/../lib/gcc/avr/4.5.2/../../../../avr/lib/avr51/crtm1280.o
__vector_20                                       c:/program files (x86)/mhv avr tools/bin/../lib/gcc/avr/4.5.2/../../../../avr/lib/avr51/crtm1280.o
__vector_21                                       ./HD44780_ShiftRegister.o
                                                  c:/program files (x86)/mhv avr tools/bin/../lib/gcc/avr/4.5.2/../../../../avr/lib/avr51/crtm1280.o
__vector_22                                       c:/program files (x86)/mhv avr tools/bin/../lib/gcc/avr/4.5.2/../../../../avr/lib/avr51/crtm1280.o
__vector_23                                       c:/program files (x86)/mhv avr tools/bin/../lib/gcc/avr/4.5.2/../../../../avr/lib/avr51/crtm1280.o
__vector_24                                       c:/program files (x86)/mhv avr tools/bin/../lib/gcc/avr/4.5.2/../../../../avr/lib/avr51/crtm1280.o
__vector_25                                       c:/program files (x86)/mhv avr tools/bin/../lib/gcc/avr/4.5.2/../../../../avr/lib/avr51/crtm1280.o
__vector_26                                       c:/program files (x86)/mhv avr tools/bin/../lib/gcc/avr/4.5.2/../../../../avr/lib/avr51/crtm1280.o
__vector_27                                       c:/program files (x86)/mhv avr tools/bin/../lib/gcc/avr/4.5.2/../../../../avr/lib/avr51/crtm1280.o
__vector_28                                       c:/program files (x86)/mhv avr tools/bin/../lib/gcc/avr/4.5.2/../../../../avr/lib/avr51/crtm1280.o
__vector_29                                       c:/program files (x86)/mhv avr tools/bin/../lib/gcc/avr/4.5.2/../../../../avr/lib/avr51/crtm1280.o
__vector_3                                        c:/program files (x86)/mhv avr tools/bin/../lib/gcc/avr/4.5.2/../../../../avr/lib/avr51/crtm1280.o
__vector_30                                       c:/program files (x86)/mhv avr tools/bin/../lib/gcc/avr/4.5.2/../../../../avr/lib/avr51/crtm1280.o
__vector_31                                       c:/program files (x86)/mhv avr tools/bin/../lib/gcc/avr/4.5.2/../../../../avr/lib/avr51/crtm1280.o
__vector_32                                       c:/program files (x86)/mhv avr tools/bin/../lib/gcc/avr/4.5.2/../../../../avr/lib/avr51/crtm1280.o
__vector_33                                       c:/program files (x86)/mhv avr tools/bin/../lib/gcc/avr/4.5.2/../../../../avr/lib/avr51/crtm1280.o
__vector_34                                       c:/program files (x86)/mhv avr tools/bin/../lib/gcc/avr/4.5.2/../../../../avr/lib/avr51/crtm1280.o
__vector_35                                       c:/program files (x86)/mhv avr tools/bin/../lib/gcc/avr/4.5.2/../../../../avr/lib/avr51/crtm1280.o
__vector_36                                       c:/program files (x86)/mhv avr tools/bin/../lib/gcc/avr/4.5.2/../../../../avr/lib/avr51/crtm1280.o
__vector_37                                       c:/program files (x86)/mhv avr tools/bin/../lib/gcc/avr/4.5.2/../../../../avr/lib/avr51/crtm1280.o
__vector_38                                       c:/program files (x86)/mhv avr tools/bin/../lib/gcc/avr/4.5.2/../../../../avr/lib/avr51/crtm1280.o
__vector_39                                       c:/program files (x86)/mhv avr tools/bin/../lib/gcc/avr/4.5.2/../../../../avr/lib/avr51/crtm1280.o
__vector_4                                        c:/program files (x86)/mhv avr tools/bin/../lib/gcc/avr/4.5.2/../../../../avr/lib/avr51/crtm1280.o
__vector_40                                       c:/program files (x86)/mhv avr tools/bin/../lib/gcc/avr/4.5.2/../../../../avr/lib/avr51/crtm1280.o
__vector_41                                       c:/program files (x86)/mhv avr tools/bin/../lib/gcc/avr/4.5.2/../../../../avr/lib/avr51/crtm1280.o
__vector_42                                       c:/program files (x86)/mhv avr tools/bin/../lib/gcc/avr/4.5.2/../../../../avr/lib/avr51/crtm1280.o
__vector_43                                       c:/program files (x86)/mhv avr tools/bin/../lib/gcc/avr/4.5.2/../../../../avr/lib/avr51/crtm1280.o
__vector_44                                       c:/program files (x86)/mhv avr tools/bin/../lib/gcc/avr/4.5.2/../../../../avr/lib/avr51/crtm1280.o
__vector_45                                       c:/program files (x86)/mhv avr tools/bin/../lib/gcc/avr/4.5.2/../../../../avr/lib/avr51/crtm1280.o
__vector_46                                       c:/program files (x86)/mhv avr tools/bin/../lib/gcc/avr/4.5.2/../../../../avr/lib/avr51/crtm1280.o
__vector_47                                       c:/program files (x86)/mhv avr tools/bin/../lib/gcc/avr/4.5.2/../../../../avr/lib/avr51/crtm1280.o
__vector_48                                       c:/program files (x86)/mhv avr tools/bin/../lib/gcc/avr/4.5.2/../../../../avr/lib/avr51/crtm1280.o
__vector_49                                       c:/program files (x86)/mhv avr tools/bin/../lib/gcc/avr/4.5.2/../../../../avr/lib/avr51/crtm1280.o
__vector_5                                        c:/program files (x86)/mhv avr tools/bin/../lib/gcc/avr/4.5.2/../../../../avr/lib/avr51/crtm1280.o
__vector_50                                       c:/program files (x86)/mhv avr tools/bin/../lib/gcc/avr/4.5.2/../../../../avr/lib/avr51/crtm1280.o
__vector_51                                       c:/program files (x86)/mhv avr tools/bin/../lib/gcc/avr/4.5.2/../../../../avr/lib/avr51/crtm1280.o
__vector_52                                       c:/program files (x86)/mhv avr tools/bin/../lib/gcc/avr/4.5.2/../../../../avr/lib/avr51/crtm1280.o
__vector_53                                       c:/program files (x86)/mhv avr tools/bin/../lib/gcc/avr/4.5.2/../../../../avr/lib/avr51/crtm1280.o
__vector_54                                       c:/program files (x86)/mhv avr tools/bin/../lib/gcc/avr/4.5.2/../../../../avr/lib/avr51/crtm1280.o
__vector_55                                       c:/program files (x86)/mhv avr tools/bin/../lib/gcc/avr/4.5.2/../../../../avr/lib/avr51/crtm1280.o
__vector_56                                       c:/program files (x86)/mhv avr tools/bin/../lib/gcc/avr/4.5.2/../../../../avr/lib/avr51/crtm1280.o
__vector_6                                        c:/program files (x86)/mhv avr tools/bin/../lib/gcc/avr/4.5.2/../../../../avr/lib/avr51/crtm1280.o
__vector_7                                        c:/program files (x86)/mhv avr tools/bin/../lib/gcc/avr/4.5.2/../../../../avr/lib/avr51/crtm1280.o
__vector_8                                        c:/program files (x86)/mhv avr tools/bin/../lib/gcc/avr/4.5.2/../../../../avr/lib/avr51/crtm1280.o
__vector_9                                        c:/program files (x86)/mhv avr tools/bin/../lib/gcc/avr/4.5.2/../../../../avr/lib/avr51/crtm1280.o
__vector_default                                  c:/program files (x86)/mhv avr tools/bin/../lib/gcc/avr/4.5.2/../../../../avr/lib/avr51/crtm1280.o
__vectors                                         c:/program files (x86)/mhv avr tools/bin/../lib/gcc/avr/4.5.2/../../../../avr/lib/avr51/crtm1280.o
_exit                                             c:/program files (x86)/mhv avr tools/bin/../lib/gcc/avr/4.5.2/avr51\libgcc.a(_exit.o)
display                                           ./HD44780_ShiftRegister.o
exit                                              c:/program files (x86)/mhv avr tools/bin/../lib/gcc/avr/4.5.2/avr51\libgcc.a(_exit.o)
                                                  c:/program files (x86)/mhv avr tools/bin/../lib/gcc/avr/4.5.2/../../../../avr/lib/avr51/crtm1280.o
main                                              ./HD44780_ShiftRegister.o
                                                  c:/program files (x86)/mhv avr tools/bin/../lib/gcc/avr/4.5.2/../../../../avr/lib/avr51/crtm1280.o
textAnimation(MHV_Display_Character*)             ./HD44780_ShiftRegister.o
tickTimer                                         ./HD44780_ShiftRegister.o
txBuffer                                          ./HD44780_ShiftRegister.o
txBufferBuf                                       ./HD44780_ShiftRegister.o
vtable for MHV_Device_TX                          A:\eclipse\mhvlib/ATmega1280_16MHz\libmhvlib.a(MHV_Device_TX.o)
vtable for MHV_Display_Character                  A:\eclipse\mhvlib/ATmega1280_16MHz\libmhvlib.a(MHV_Display_Character.o)
vtable for MHV_Display_HD44780                    A:\eclipse\mhvlib/ATmega1280_16MHz\libmhvlib.a(MHV_Display_HD44780.o)
vtable for MHV_Display_HD44780_Shift_Register     A:\eclipse\mhvlib/ATmega1280_16MHz\libmhvlib.a(MHV_Display_HD44780_Shift_Register.o)
