Archive member included because of file (symbol)

A:\eclipse\mhvlib/ATmega328P_20MHz\libmhvlib.a(MHV_Device_TX.o)
                              ./HD44780.o (MHV_Device_TX::write_P(char const*))
A:\eclipse\mhvlib/ATmega328P_20MHz\libmhvlib.a(MHV_Display_Character.o)
                              ./HD44780.o (MHV_Display_Character::writeString_P(int*, unsigned int, char const*))
A:\eclipse\mhvlib/ATmega328P_20MHz\libmhvlib.a(MHV_Display_HD44780.o)
                              ./HD44780.o (MHV_Display_HD44780::init(bool, bool, bool, bool, bool, bool, bool))
A:\eclipse\mhvlib/ATmega328P_20MHz\libmhvlib.a(MHV_Display_HD44780_Direct_Connect.o)
                              ./HD44780.o (MHV_Display_HD44780_Direct_Connect::MHV_Display_HD44780_Direct_Connect(unsigned char volatile*, unsigned char volatile*, unsigned char volatile*, unsigned char, signed char, unsigned char volatile*, unsigned char volatile*, unsigned char volatile*, unsigned char, signed char, unsigned char volatile*, unsigned char volatile*, unsigned char volatile*, unsigned char, signed char, unsigned char, unsigned int, MHV_RingBuffer*))
A:\eclipse\mhvlib/ATmega328P_20MHz\libmhvlib.a(MHV_RingBuffer.o)
                              ./HD44780.o (MHV_RingBuffer::MHV_RingBuffer(char*, unsigned char))
A:\eclipse\mhvlib/ATmega328P_20MHz\libmhvlib.a(MHV_Timer8.o)
                              ./HD44780.o (MHV_Timer8::MHV_Timer8(mhv_timer_type, unsigned char volatile*, unsigned char volatile*, unsigned char volatile*, unsigned char volatile*, unsigned char volatile*, unsigned char volatile*, unsigned char))
c:/program files (x86)/mhv avr tools/bin/../lib/gcc/avr/4.5.2/avr5\libgcc.a(_mulsi3.o)
                              A:\eclipse\mhvlib/ATmega328P_20MHz\libmhvlib.a(MHV_Timer8.o) (__mulsi3)
c:/program files (x86)/mhv avr tools/bin/../lib/gcc/avr/4.5.2/avr5\libgcc.a(_udivmodsi4.o)
                              A:\eclipse\mhvlib/ATmega328P_20MHz\libmhvlib.a(MHV_Timer8.o) (__udivmodsi4)
c:/program files (x86)/mhv avr tools/bin/../lib/gcc/avr/4.5.2/avr5\libgcc.a(_exit.o)
                              c:/program files (x86)/mhv avr tools/bin/../lib/gcc/avr/4.5.2/../../../../avr/lib/avr5/crtm328p.o (exit)
c:/program files (x86)/mhv avr tools/bin/../lib/gcc/avr/4.5.2/avr5\libgcc.a(_copy_data.o)
                              ./HD44780.o (__do_copy_data)
c:/program files (x86)/mhv avr tools/bin/../lib/gcc/avr/4.5.2/avr5\libgcc.a(_clear_bss.o)
                              ./HD44780.o (__do_clear_bss)
c:/program files (x86)/mhv avr tools/bin/../lib/gcc/avr/4.5.2/avr5\libgcc.a(_ctors.o)
                              ./HD44780.o (__do_global_ctors)
c:/program files (x86)/mhv avr tools/bin/../lib/gcc/avr/4.5.2/avr5\libgcc.a(_tablejump.o)
                              c:/program files (x86)/mhv avr tools/bin/../lib/gcc/avr/4.5.2/avr5\libgcc.a(_ctors.o) (__tablejump__)

Discarded input sections

 .data          0x00000000        0x0 c:/program files (x86)/mhv avr tools/bin/../lib/gcc/avr/4.5.2/../../../../avr/lib/avr5/crtm328p.o
 .bss           0x00000000        0x0 c:/program files (x86)/mhv avr tools/bin/../lib/gcc/avr/4.5.2/../../../../avr/lib/avr5/crtm328p.o
 .text          0x00000000        0x0 ./HD44780.o
 .bss           0x00000000        0x0 ./HD44780.o
 .text          0x00000000        0x0 A:\eclipse\mhvlib/ATmega328P_20MHz\libmhvlib.a(MHV_Device_TX.o)
 .data          0x00000000        0x0 A:\eclipse\mhvlib/ATmega328P_20MHz\libmhvlib.a(MHV_Device_TX.o)
 .bss           0x00000000        0x0 A:\eclipse\mhvlib/ATmega328P_20MHz\libmhvlib.a(MHV_Device_TX.o)
 .text._ZN13MHV_Device_TX8canWriteEv
                0x00000000       0x12 A:\eclipse\mhvlib/ATmega328P_20MHz\libmhvlib.a(MHV_Device_TX.o)
 .text._ZN13MHV_Device_TX13nextCharacterEv
                0x00000000       0x70 A:\eclipse\mhvlib/ATmega328P_20MHz\libmhvlib.a(MHV_Device_TX.o)
 .text._ZN13MHV_Device_TX5writeEPKcPFvS1_E
                0x00000000       0xa0 A:\eclipse\mhvlib/ATmega328P_20MHz\libmhvlib.a(MHV_Device_TX.o)
 .text._ZN13MHV_Device_TX5writeEPKcjPFvS1_E
                0x00000000       0xa8 A:\eclipse\mhvlib/ATmega328P_20MHz\libmhvlib.a(MHV_Device_TX.o)
 .text          0x00000000        0x0 A:\eclipse\mhvlib/ATmega328P_20MHz\libmhvlib.a(MHV_Display_Character.o)
 .data          0x00000000        0x0 A:\eclipse\mhvlib/ATmega328P_20MHz\libmhvlib.a(MHV_Display_Character.o)
 .bss           0x00000000        0x0 A:\eclipse\mhvlib/ATmega328P_20MHz\libmhvlib.a(MHV_Display_Character.o)
 .text._ZN21MHV_Display_Character8getWidthEv
                0x00000000        0x6 A:\eclipse\mhvlib/ATmega328P_20MHz\libmhvlib.a(MHV_Display_Character.o)
 .text._ZN21MHV_Display_Character9getHeightEv
                0x00000000        0x6 A:\eclipse\mhvlib/ATmega328P_20MHz\libmhvlib.a(MHV_Display_Character.o)
 .text._ZN21MHV_Display_Character7setWrapEb
                0x00000000        0x6 A:\eclipse\mhvlib/ATmega328P_20MHz\libmhvlib.a(MHV_Display_Character.o)
 .text._ZN21MHV_Display_Character9setScrollEb
                0x00000000        0x6 A:\eclipse\mhvlib/ATmega328P_20MHz\libmhvlib.a(MHV_Display_Character.o)
 .text          0x00000000        0x0 A:\eclipse\mhvlib/ATmega328P_20MHz\libmhvlib.a(MHV_Display_HD44780.o)
 .data          0x00000000        0x0 A:\eclipse\mhvlib/ATmega328P_20MHz\libmhvlib.a(MHV_Display_HD44780.o)
 .bss           0x00000000        0x0 A:\eclipse\mhvlib/ATmega328P_20MHz\libmhvlib.a(MHV_Display_HD44780.o)
 .text._ZN19MHV_Display_HD4478012addressCGRAMEh
                0x00000000       0x3e A:\eclipse\mhvlib/ATmega328P_20MHz\libmhvlib.a(MHV_Display_HD44780.o)
 .text          0x00000000        0x0 A:\eclipse\mhvlib/ATmega328P_20MHz\libmhvlib.a(MHV_Display_HD44780_Direct_Connect.o)
 .data          0x00000000        0x0 A:\eclipse\mhvlib/ATmega328P_20MHz\libmhvlib.a(MHV_Display_HD44780_Direct_Connect.o)
 .bss           0x00000000        0x0 A:\eclipse\mhvlib/ATmega328P_20MHz\libmhvlib.a(MHV_Display_HD44780_Direct_Connect.o)
 .text._ZN34MHV_Display_HD44780_Direct_ConnectC2EPVhS1_S1_haS1_S1_S1_hahjP14MHV_RingBuffer
                0x00000000       0xf0 A:\eclipse\mhvlib/ATmega328P_20MHz\libmhvlib.a(MHV_Display_HD44780_Direct_Connect.o)
 .text._ZN34MHV_Display_HD44780_Direct_Connect12setBacklightEh
                0x00000000        0xc A:\eclipse\mhvlib/ATmega328P_20MHz\libmhvlib.a(MHV_Display_HD44780_Direct_Connect.o)
 .text._ZN34MHV_Display_HD44780_Direct_Connect11setContrastEh
                0x00000000       0x10 A:\eclipse\mhvlib/ATmega328P_20MHz\libmhvlib.a(MHV_Display_HD44780_Direct_Connect.o)
 .text          0x00000000        0x0 A:\eclipse\mhvlib/ATmega328P_20MHz\libmhvlib.a(MHV_RingBuffer.o)
 .data          0x00000000        0x0 A:\eclipse\mhvlib/ATmega328P_20MHz\libmhvlib.a(MHV_RingBuffer.o)
 .bss           0x00000000        0x0 A:\eclipse\mhvlib/ATmega328P_20MHz\libmhvlib.a(MHV_RingBuffer.o)
 .text._ZN14MHV_RingBuffer5flushEv
                0x00000000        0x8 A:\eclipse\mhvlib/ATmega328P_20MHz\libmhvlib.a(MHV_RingBuffer.o)
 .text._ZN14MHV_RingBuffer4sizeEv
                0x00000000        0x6 A:\eclipse\mhvlib/ATmega328P_20MHz\libmhvlib.a(MHV_RingBuffer.o)
 .text._ZN14MHV_RingBuffer4fullEv
                0x00000000       0x26 A:\eclipse\mhvlib/ATmega328P_20MHz\libmhvlib.a(MHV_RingBuffer.o)
 .text._ZN14MHV_RingBuffer8peekHeadEv
                0x00000000       0x2e A:\eclipse\mhvlib/ATmega328P_20MHz\libmhvlib.a(MHV_RingBuffer.o)
 .text          0x00000000        0x0 A:\eclipse\mhvlib/ATmega328P_20MHz\libmhvlib.a(MHV_Timer8.o)
 .data          0x00000000        0x0 A:\eclipse\mhvlib/ATmega328P_20MHz\libmhvlib.a(MHV_Timer8.o)
 .bss           0x00000000        0x0 A:\eclipse\mhvlib/ATmega328P_20MHz\libmhvlib.a(MHV_Timer8.o)
 .text._ZN10MHV_Timer8C2Ev
                0x00000000        0x2 A:\eclipse\mhvlib/ATmega328P_20MHz\libmhvlib.a(MHV_Timer8.o)
 .text._ZN10MHV_Timer87currentEv
                0x00000000       0x14 A:\eclipse\mhvlib/ATmega328P_20MHz\libmhvlib.a(MHV_Timer8.o)
 .text._ZN10MHV_Timer818calculatePrescalerEmP19mhv_timer_prescalerPj
                0x00000000      0x1fc A:\eclipse\mhvlib/ATmega328P_20MHz\libmhvlib.a(MHV_Timer8.o)
 .text._ZN10MHV_Timer812calculateTopEPmj
                0x00000000       0x2e A:\eclipse\mhvlib/ATmega328P_20MHz\libmhvlib.a(MHV_Timer8.o)
 .text._ZN10MHV_Timer812getPrescalerEv
                0x00000000       0x10 A:\eclipse\mhvlib/ATmega328P_20MHz\libmhvlib.a(MHV_Timer8.o)
 .text._ZN10MHV_Timer822getPrescalerMultiplierEv
                0x00000000       0x84 A:\eclipse\mhvlib/ATmega328P_20MHz\libmhvlib.a(MHV_Timer8.o)
 .text._ZN10MHV_Timer812setPrescalerE19mhv_timer_prescaler
                0x00000000        0x6 A:\eclipse\mhvlib/ATmega328P_20MHz\libmhvlib.a(MHV_Timer8.o)
 .text._ZN10MHV_Timer810setPeriodsEmm
                0x00000000       0xf2 A:\eclipse\mhvlib/ATmega328P_20MHz\libmhvlib.a(MHV_Timer8.o)
 .text._ZN10MHV_Timer86getTopEv
                0x00000000       0x26 A:\eclipse\mhvlib/ATmega328P_20MHz\libmhvlib.a(MHV_Timer8.o)
 .text._ZN10MHV_Timer86setTopEh
                0x00000000       0x16 A:\eclipse\mhvlib/ATmega328P_20MHz\libmhvlib.a(MHV_Timer8.o)
 .text._ZN10MHV_Timer89setOutputEhh
                0x00000000       0x20 A:\eclipse\mhvlib/ATmega328P_20MHz\libmhvlib.a(MHV_Timer8.o)
 .text._ZN10MHV_Timer810setOutput1Eh
                0x00000000        0xe A:\eclipse\mhvlib/ATmega328P_20MHz\libmhvlib.a(MHV_Timer8.o)
 .text._ZN10MHV_Timer810setOutput2Eh
                0x00000000        0xe A:\eclipse\mhvlib/ATmega328P_20MHz\libmhvlib.a(MHV_Timer8.o)
 .text._ZN10MHV_Timer89getOutputEh
                0x00000000       0x22 A:\eclipse\mhvlib/ATmega328P_20MHz\libmhvlib.a(MHV_Timer8.o)
 .text._ZN10MHV_Timer810getOutput1Ev
                0x00000000        0xe A:\eclipse\mhvlib/ATmega328P_20MHz\libmhvlib.a(MHV_Timer8.o)
 .text._ZN10MHV_Timer810getOutput2Ev
                0x00000000        0xe A:\eclipse\mhvlib/ATmega328P_20MHz\libmhvlib.a(MHV_Timer8.o)
 .text._ZN10MHV_Timer814connectOutput1E22mhv_timer_connect_type
                0x00000000       0x1a A:\eclipse\mhvlib/ATmega328P_20MHz\libmhvlib.a(MHV_Timer8.o)
 .text._ZN10MHV_Timer814connectOutput2E22mhv_timer_connect_type
                0x00000000       0x16 A:\eclipse\mhvlib/ATmega328P_20MHz\libmhvlib.a(MHV_Timer8.o)
 .text._ZN10MHV_Timer87enabledEv
                0x00000000       0x16 A:\eclipse\mhvlib/ATmega328P_20MHz\libmhvlib.a(MHV_Timer8.o)
 .text._ZN10MHV_Timer88trigger2Ev
                0x00000000       0x1a A:\eclipse\mhvlib/ATmega328P_20MHz\libmhvlib.a(MHV_Timer8.o)
 .text._ZN10MHV_Timer87setModeE14mhv_timer_mode
                0x00000000        0x6 A:\eclipse\mhvlib/ATmega328P_20MHz\libmhvlib.a(MHV_Timer8.o)
 .text          0x00000000        0x0 c:/program files (x86)/mhv avr tools/bin/../lib/gcc/avr/4.5.2/avr5\libgcc.a(_mulsi3.o)
 .data          0x00000000        0x0 c:/program files (x86)/mhv avr tools/bin/../lib/gcc/avr/4.5.2/avr5\libgcc.a(_mulsi3.o)
 .bss           0x00000000        0x0 c:/program files (x86)/mhv avr tools/bin/../lib/gcc/avr/4.5.2/avr5\libgcc.a(_mulsi3.o)
 .text.libgcc   0x00000000       0x3e c:/program files (x86)/mhv avr tools/bin/../lib/gcc/avr/4.5.2/avr5\libgcc.a(_mulsi3.o)
 .text          0x00000000        0x0 c:/program files (x86)/mhv avr tools/bin/../lib/gcc/avr/4.5.2/avr5\libgcc.a(_udivmodsi4.o)
 .data          0x00000000        0x0 c:/program files (x86)/mhv avr tools/bin/../lib/gcc/avr/4.5.2/avr5\libgcc.a(_udivmodsi4.o)
 .bss           0x00000000        0x0 c:/program files (x86)/mhv avr tools/bin/../lib/gcc/avr/4.5.2/avr5\libgcc.a(_udivmodsi4.o)
 .text.libgcc   0x00000000       0x44 c:/program files (x86)/mhv avr tools/bin/../lib/gcc/avr/4.5.2/avr5\libgcc.a(_udivmodsi4.o)
 .text          0x00000000        0x0 c:/program files (x86)/mhv avr tools/bin/../lib/gcc/avr/4.5.2/avr5\libgcc.a(_exit.o)
 .data          0x00000000        0x0 c:/program files (x86)/mhv avr tools/bin/../lib/gcc/avr/4.5.2/avr5\libgcc.a(_exit.o)
 .bss           0x00000000        0x0 c:/program files (x86)/mhv avr tools/bin/../lib/gcc/avr/4.5.2/avr5\libgcc.a(_exit.o)
 .text.libgcc   0x00000000        0x0 c:/program files (x86)/mhv avr tools/bin/../lib/gcc/avr/4.5.2/avr5\libgcc.a(_exit.o)
 .text          0x00000000        0x0 c:/program files (x86)/mhv avr tools/bin/../lib/gcc/avr/4.5.2/avr5\libgcc.a(_copy_data.o)
 .data          0x00000000        0x0 c:/program files (x86)/mhv avr tools/bin/../lib/gcc/avr/4.5.2/avr5\libgcc.a(_copy_data.o)
 .bss           0x00000000        0x0 c:/program files (x86)/mhv avr tools/bin/../lib/gcc/avr/4.5.2/avr5\libgcc.a(_copy_data.o)
 .text.libgcc   0x00000000        0x0 c:/program files (x86)/mhv avr tools/bin/../lib/gcc/avr/4.5.2/avr5\libgcc.a(_copy_data.o)
 .text          0x00000000        0x0 c:/program files (x86)/mhv avr tools/bin/../lib/gcc/avr/4.5.2/avr5\libgcc.a(_clear_bss.o)
 .data          0x00000000        0x0 c:/program files (x86)/mhv avr tools/bin/../lib/gcc/avr/4.5.2/avr5\libgcc.a(_clear_bss.o)
 .bss           0x00000000        0x0 c:/program files (x86)/mhv avr tools/bin/../lib/gcc/avr/4.5.2/avr5\libgcc.a(_clear_bss.o)
 .text.libgcc   0x00000000        0x0 c:/program files (x86)/mhv avr tools/bin/../lib/gcc/avr/4.5.2/avr5\libgcc.a(_clear_bss.o)
 .text          0x00000000        0x0 c:/program files (x86)/mhv avr tools/bin/../lib/gcc/avr/4.5.2/avr5\libgcc.a(_ctors.o)
 .data          0x00000000        0x0 c:/program files (x86)/mhv avr tools/bin/../lib/gcc/avr/4.5.2/avr5\libgcc.a(_ctors.o)
 .bss           0x00000000        0x0 c:/program files (x86)/mhv avr tools/bin/../lib/gcc/avr/4.5.2/avr5\libgcc.a(_ctors.o)
 .text.libgcc   0x00000000        0x0 c:/program files (x86)/mhv avr tools/bin/../lib/gcc/avr/4.5.2/avr5\libgcc.a(_ctors.o)
 .text          0x00000000        0x0 c:/program files (x86)/mhv avr tools/bin/../lib/gcc/avr/4.5.2/avr5\libgcc.a(_tablejump.o)
 .data          0x00000000        0x0 c:/program files (x86)/mhv avr tools/bin/../lib/gcc/avr/4.5.2/avr5\libgcc.a(_tablejump.o)
 .bss           0x00000000        0x0 c:/program files (x86)/mhv avr tools/bin/../lib/gcc/avr/4.5.2/avr5\libgcc.a(_tablejump.o)

Memory Configuration

Name             Origin             Length             Attributes
text             0x00000000         0x00020000         xr
data             0x00800060         0x0000ffa0         rw !x
eeprom           0x00810000         0x00010000         rw !x
fuse             0x00820000         0x00000400         rw !x
lock             0x00830000         0x00000400         rw !x
signature        0x00840000         0x00000400         rw !x
*default*        0x00000000         0xffffffff

Linker script and memory map

Address of section .data set to 0x800100
LOAD c:/program files (x86)/mhv avr tools/bin/../lib/gcc/avr/4.5.2/../../../../avr/lib/avr5/crtm328p.o
LOAD ./HD44780.o
LOAD A:\eclipse\mhvlib/ATmega328P_20MHz\libmhvlib.a
LOAD c:/program files (x86)/mhv avr tools/bin/../lib/gcc/avr/4.5.2/avr5\libgcc.a
LOAD c:/program files (x86)/mhv avr tools/bin/../lib/gcc/avr/4.5.2/../../../../avr/lib/avr5\libm.a
LOAD c:/program files (x86)/mhv avr tools/bin/../lib/gcc/avr/4.5.2/avr5\libgcc.a
LOAD c:/program files (x86)/mhv avr tools/bin/../lib/gcc/avr/4.5.2/../../../../avr/lib/avr5\libc.a
LOAD c:/program files (x86)/mhv avr tools/bin/../lib/gcc/avr/4.5.2/avr5\libgcc.a

.hash
 *(.hash)

.dynsym
 *(.dynsym)

.dynstr
 *(.dynstr)

.gnu.version
 *(.gnu.version)

.gnu.version_d
 *(.gnu.version_d)

.gnu.version_r
 *(.gnu.version_r)

.rel.init
 *(.rel.init)

.rela.init
 *(.rela.init)

.rel.text
 *(.rel.text)
 *(.rel.text.*)
 *(.rel.gnu.linkonce.t*)

.rela.text
 *(.rela.text)
 *(.rela.text.*)
 *(.rela.gnu.linkonce.t*)

.rel.fini
 *(.rel.fini)

.rela.fini
 *(.rela.fini)

.rel.rodata
 *(.rel.rodata)
 *(.rel.rodata.*)
 *(.rel.gnu.linkonce.r*)

.rela.rodata
 *(.rela.rodata)
 *(.rela.rodata.*)
 *(.rela.gnu.linkonce.r*)

.rel.data
 *(.rel.data)
 *(.rel.data.*)
 *(.rel.gnu.linkonce.d*)

.rela.data
 *(.rela.data)
 *(.rela.data.*)
 *(.rela.gnu.linkonce.d*)

.rel.ctors
 *(.rel.ctors)

.rela.ctors
 *(.rela.ctors)

.rel.dtors
 *(.rel.dtors)

.rela.dtors
 *(.rela.dtors)

.rel.got
 *(.rel.got)

.rela.got
 *(.rela.got)

.rel.bss
 *(.rel.bss)

.rela.bss
 *(.rela.bss)

.rel.plt
 *(.rel.plt)

.rela.plt
 *(.rela.plt)

.text           0x00000000     0x1864
 *(.vectors)
 .vectors       0x00000000       0x68 c:/program files (x86)/mhv avr tools/bin/../lib/gcc/avr/4.5.2/../../../../avr/lib/avr5/crtm328p.o
                0x00000000                __vector_default
                0x00000000                __vectors
 *(.vectors)
 *(.progmem.gcc*)
 *(.progmem*)
 .progmem.data  0x00000068       0x76 ./HD44780.o
 .progmem.data  0x000000de        0x4 A:\eclipse\mhvlib/ATmega328P_20MHz\libmhvlib.a(MHV_Display_HD44780.o)
                0x000000e2                . = ALIGN (0x2)
                0x000000e2                __trampolines_start = .
 *(.trampolines)
 .trampolines   0x000000e2        0x0 linker stubs
 *(.trampolines*)
                0x000000e2                __trampolines_end = .
 *(.jumptables)
 *(.jumptables*)
 *(.lowtext)
 *(.lowtext*)
                0x000000e2                __ctors_start = .
 *(.ctors)
 .ctors         0x000000e2        0x2 ./HD44780.o
                0x000000e4                __ctors_end = .
                0x000000e4                __dtors_start = .
 *(.dtors)
                0x000000e4                __dtors_end = .
 SORT(*)(.ctors)
 SORT(*)(.dtors)
 *(.init0)
 .init0         0x000000e4        0x0 c:/program files (x86)/mhv avr tools/bin/../lib/gcc/avr/4.5.2/../../../../avr/lib/avr5/crtm328p.o
                0x000000e4                __init
 *(.init0)
 *(.init1)
 *(.init1)
 *(.init2)
 .init2         0x000000e4        0xc c:/program files (x86)/mhv avr tools/bin/../lib/gcc/avr/4.5.2/../../../../avr/lib/avr5/crtm328p.o
 *(.init2)
 *(.init3)
 *(.init3)
 *(.init4)
 .init4         0x000000f0       0x16 c:/program files (x86)/mhv avr tools/bin/../lib/gcc/avr/4.5.2/avr5\libgcc.a(_copy_data.o)
                0x000000f0                __do_copy_data
 .init4         0x00000106       0x10 c:/program files (x86)/mhv avr tools/bin/../lib/gcc/avr/4.5.2/avr5\libgcc.a(_clear_bss.o)
                0x00000106                __do_clear_bss
 *(.init4)
 *(.init5)
 *(.init5)
 *(.init6)
 .init6         0x00000116       0x16 c:/program files (x86)/mhv avr tools/bin/../lib/gcc/avr/4.5.2/avr5\libgcc.a(_ctors.o)
                0x00000116                __do_global_ctors
 *(.init6)
 *(.init7)
 *(.init7)
 *(.init8)
 *(.init8)
 *(.init9)
 .init9         0x0000012c        0x8 c:/program files (x86)/mhv avr tools/bin/../lib/gcc/avr/4.5.2/../../../../avr/lib/avr5/crtm328p.o
 *(.init9)
 *(.text)
 .text          0x00000134        0x4 c:/program files (x86)/mhv avr tools/bin/../lib/gcc/avr/4.5.2/../../../../avr/lib/avr5/crtm328p.o
                0x00000134                __vector_22
                0x00000134                __vector_1
                0x00000134                __vector_24
                0x00000134                __vector_12
                0x00000134                __bad_interrupt
                0x00000134                __vector_6
                0x00000134                __vector_3
                0x00000134                __vector_23
                0x00000134                __vector_25
                0x00000134                __vector_11
                0x00000134                __vector_13
                0x00000134                __vector_17
                0x00000134                __vector_19
                0x00000134                __vector_7
                0x00000134                __vector_5
                0x00000134                __vector_4
                0x00000134                __vector_9
                0x00000134                __vector_2
                0x00000134                __vector_21
                0x00000134                __vector_15
                0x00000134                __vector_8
                0x00000134                __vector_10
                0x00000134                __vector_16
                0x00000134                __vector_18
                0x00000134                __vector_20
                0x00000138                . = ALIGN (0x2)
 *(.text.*)
 .text._Z14displayTriggerPv
                0x00000138        0xa ./HD44780.o
                0x00000138                displayTrigger(void*)
 .text.__cxa_pure_virtual
                0x00000142        0x4 ./HD44780.o
                0x00000142                __cxa_pure_virtual
 .text.__vector_14
                0x00000146       0x4c ./HD44780.o
                0x00000146                __vector_14
 .text._Z13textAnimationP21MHV_Display_Character
                0x00000192       0x3a ./HD44780.o
                0x00000192                textAnimation(MHV_Display_Character*)
 .text.main     0x000001cc       0xb0 ./HD44780.o
                0x000001cc                main
 .text._GLOBAL__I___cxa_pure_virtual
                0x0000027c       0xfa ./HD44780.o
 .text._ZN13MHV_Device_TXC2EP14MHV_RingBuffer
                0x00000376       0x20 A:\eclipse\mhvlib/ATmega328P_20MHz\libmhvlib.a(MHV_Device_TX.o)
                0x00000376                MHV_Device_TX::MHV_Device_TX(MHV_RingBuffer*)
                0x00000376                MHV_Device_TX::MHV_Device_TX(MHV_RingBuffer*)
 .text._ZN13MHV_Device_TX6moreTXEv
                0x00000396       0x40 A:\eclipse\mhvlib/ATmega328P_20MHz\libmhvlib.a(MHV_Device_TX.o)
                0x00000396                MHV_Device_TX::moreTX()
 .text._ZN13MHV_Device_TX7write_PEPKc
                0x000003d6       0x96 A:\eclipse\mhvlib/ATmega328P_20MHz\libmhvlib.a(MHV_Device_TX.o)
                0x000003d6                MHV_Device_TX::write_P(char const*)
 .text._ZN13MHV_Device_TX5writeEPKc
                0x0000046c       0x96 A:\eclipse\mhvlib/ATmega328P_20MHz\libmhvlib.a(MHV_Device_TX.o)
                0x0000046c                MHV_Device_TX::write(char const*)
 .text._ZN13MHV_Device_TX7write_PEPKcj
                0x00000502       0xa0 A:\eclipse\mhvlib/ATmega328P_20MHz\libmhvlib.a(MHV_Device_TX.o)
                0x00000502                MHV_Device_TX::write_P(char const*, unsigned int)
 .text._ZN13MHV_Device_TX5writeEPKcj
                0x000005a2       0x9e A:\eclipse\mhvlib/ATmega328P_20MHz\libmhvlib.a(MHV_Device_TX.o)
                0x000005a2                MHV_Device_TX::write(char const*, unsigned int)
 .text._ZN21MHV_Display_Character12runTxBuffersEv
                0x00000640       0x14 A:\eclipse\mhvlib/ATmega328P_20MHz\libmhvlib.a(MHV_Display_Character.o)
                0x00000640                MHV_Display_Character::runTxBuffers()
 .text._ZN21MHV_Display_CharacterC2EjjP14MHV_RingBuffer
                0x00000654       0x44 A:\eclipse\mhvlib/ATmega328P_20MHz\libmhvlib.a(MHV_Display_Character.o)
                0x00000654                MHV_Display_Character::MHV_Display_Character(unsigned int, unsigned int, MHV_RingBuffer*)
                0x00000654                MHV_Display_Character::MHV_Display_Character(unsigned int, unsigned int, MHV_RingBuffer*)
 .text._ZN21MHV_Display_Character9setCursorEjj
                0x00000698       0x20 A:\eclipse\mhvlib/ATmega328P_20MHz\libmhvlib.a(MHV_Display_Character.o)
                0x00000698                MHV_Display_Character::setCursor(unsigned int, unsigned int)
 .text._ZN21MHV_Display_Character16scrollVerticallyEv
                0x000006b8       0xe6 A:\eclipse\mhvlib/ATmega328P_20MHz\libmhvlib.a(MHV_Display_Character.o)
                0x000006b8                MHV_Display_Character::scrollVertically()
 .text._ZN21MHV_Display_Character9writeCharEc
                0x0000079e      0x138 A:\eclipse\mhvlib/ATmega328P_20MHz\libmhvlib.a(MHV_Display_Character.o)
                0x0000079e                MHV_Display_Character::writeChar(char)
 .text._ZN21MHV_Display_Character13writeBuffer_PEPijPKcj
                0x000008d6       0x8c A:\eclipse\mhvlib/ATmega328P_20MHz\libmhvlib.a(MHV_Display_Character.o)
                0x000008d6                MHV_Display_Character::writeBuffer_P(int*, unsigned int, char const*, unsigned int)
 .text._ZN21MHV_Display_Character13writeString_PEPijPKc
                0x00000962       0xa2 A:\eclipse\mhvlib/ATmega328P_20MHz\libmhvlib.a(MHV_Display_Character.o)
                0x00000962                MHV_Display_Character::writeString_P(int*, unsigned int, char const*)
 .text._ZN21MHV_Display_Character11writeBufferEPijPKcj
                0x00000a04       0x9e A:\eclipse\mhvlib/ATmega328P_20MHz\libmhvlib.a(MHV_Display_Character.o)
                0x00000a04                MHV_Display_Character::writeBuffer(int*, unsigned int, char const*, unsigned int)
 .text._ZN21MHV_Display_Character11writeStringEPijPKc
                0x00000aa2       0xa0 A:\eclipse\mhvlib/ATmega328P_20MHz\libmhvlib.a(MHV_Display_Character.o)
                0x00000aa2                MHV_Display_Character::writeString(int*, unsigned int, char const*)
 .text._ZN21MHV_Display_Character11txAnimationEj
                0x00000b42      0x100 A:\eclipse\mhvlib/ATmega328P_20MHz\libmhvlib.a(MHV_Display_Character.o)
                0x00000b42                MHV_Display_Character::txAnimation(unsigned int)
 .text._ZN19MHV_Display_HD4478010_writeCharEc
                0x00000c42       0x46 A:\eclipse\mhvlib/ATmega328P_20MHz\libmhvlib.a(MHV_Display_HD44780.o)
                0x00000c42                MHV_Display_HD44780::_writeChar(char)
 .text._ZN19MHV_Display_HD447809_readCharEv
                0x00000c88       0x2e A:\eclipse\mhvlib/ATmega328P_20MHz\libmhvlib.a(MHV_Display_HD44780.o)
                0x00000c88                MHV_Display_HD44780::_readChar()
 .text._ZN19MHV_Display_HD44780C2EhjP14MHV_RingBuffer
                0x00000cb6       0x28 A:\eclipse\mhvlib/ATmega328P_20MHz\libmhvlib.a(MHV_Display_HD44780.o)
                0x00000cb6                MHV_Display_HD44780::MHV_Display_HD44780(unsigned char, unsigned int, MHV_RingBuffer*)
                0x00000cb6                MHV_Display_HD44780::MHV_Display_HD44780(unsigned char, unsigned int, MHV_RingBuffer*)
 .text._ZN19MHV_Display_HD4478012writeCommandE19mhv_hd44780_commandh
                0x00000cde       0x2e A:\eclipse\mhvlib/ATmega328P_20MHz\libmhvlib.a(MHV_Display_HD44780.o)
                0x00000cde                MHV_Display_HD44780::writeCommand(mhv_hd44780_command, unsigned char)
 .text._ZN19MHV_Display_HD447805clearEv
                0x00000d0c       0x36 A:\eclipse\mhvlib/ATmega328P_20MHz\libmhvlib.a(MHV_Display_HD44780.o)
                0x00000d0c                MHV_Display_HD44780::clear()
 .text._ZN19MHV_Display_HD447809entryModeEbb
                0x00000d42       0x32 A:\eclipse\mhvlib/ATmega328P_20MHz\libmhvlib.a(MHV_Display_HD44780.o)
                0x00000d42                MHV_Display_HD44780::entryMode(bool, bool)
 .text._ZN19MHV_Display_HD447807controlEbbb
                0x00000d74       0x46 A:\eclipse\mhvlib/ATmega328P_20MHz\libmhvlib.a(MHV_Display_HD44780.o)
                0x00000d74                MHV_Display_HD44780::control(bool, bool, bool)
 .text._ZN19MHV_Display_HD447808functionEbbb
                0x00000dba       0x60 A:\eclipse\mhvlib/ATmega328P_20MHz\libmhvlib.a(MHV_Display_HD44780.o)
                0x00000dba                MHV_Display_HD44780::function(bool, bool, bool)
 .text._ZN19MHV_Display_HD4478012addressDDRAMEh
                0x00000e1a       0x3e A:\eclipse\mhvlib/ATmega328P_20MHz\libmhvlib.a(MHV_Display_HD44780.o)
                0x00000e1a                MHV_Display_HD44780::addressDDRAM(unsigned char)
 .text._ZN19MHV_Display_HD4478010_setCursorEhh
                0x00000e58       0x72 A:\eclipse\mhvlib/ATmega328P_20MHz\libmhvlib.a(MHV_Display_HD44780.o)
                0x00000e58                MHV_Display_HD44780::_setCursor(unsigned char, unsigned char)
 .text._ZN19MHV_Display_HD4478010_setCursorEjj
                0x00000eca        0x6 A:\eclipse\mhvlib/ATmega328P_20MHz\libmhvlib.a(MHV_Display_HD44780.o)
                0x00000eca                MHV_Display_HD44780::_setCursor(unsigned int, unsigned int)
 .text._ZN19MHV_Display_HD447804initEbbbbbbb
                0x00000ed0       0x74 A:\eclipse\mhvlib/ATmega328P_20MHz\libmhvlib.a(MHV_Display_HD44780.o)
                0x00000ed0                MHV_Display_HD44780::init(bool, bool, bool, bool, bool, bool, bool)
 .text._ZN34MHV_Display_HD44780_Direct_Connect6isBusyEv
                0x00000f44      0x10c A:\eclipse\mhvlib/ATmega328P_20MHz\libmhvlib.a(MHV_Display_HD44780_Direct_Connect.o)
                0x00000f44                MHV_Display_HD44780_Direct_Connect::isBusy()
 .text._ZN34MHV_Display_HD44780_Direct_ConnectC2EPVhS1_S1_haS1_S1_S1_haS1_S1_S1_hahjP14MHV_RingBuffer
                0x00001050      0x14c A:\eclipse\mhvlib/ATmega328P_20MHz\libmhvlib.a(MHV_Display_HD44780_Direct_Connect.o)
                0x00001050                MHV_Display_HD44780_Direct_Connect::MHV_Display_HD44780_Direct_Connect(unsigned char volatile*, unsigned char volatile*, unsigned char volatile*, unsigned char, signed char, unsigned char volatile*, unsigned char volatile*, unsigned char volatile*, unsigned char, signed char, unsigned char volatile*, unsigned char volatile*, unsigned char volatile*, unsigned char, signed char, unsigned char, unsigned int, MHV_RingBuffer*)
                0x00001050                MHV_Display_HD44780_Direct_Connect::MHV_Display_HD44780_Direct_Connect(unsigned char volatile*, unsigned char volatile*, unsigned char volatile*, unsigned char, signed char, unsigned char volatile*, unsigned char volatile*, unsigned char volatile*, unsigned char, signed char, unsigned char volatile*, unsigned char volatile*, unsigned char volatile*, unsigned char, signed char, unsigned char, unsigned int, MHV_RingBuffer*)
 .text._ZN34MHV_Display_HD44780_Direct_Connect11writeNibbleEhb
                0x0000119c       0xd4 A:\eclipse\mhvlib/ATmega328P_20MHz\libmhvlib.a(MHV_Display_HD44780_Direct_Connect.o)
                0x0000119c                MHV_Display_HD44780_Direct_Connect::writeNibble(unsigned char, bool)
 .text._ZN34MHV_Display_HD44780_Direct_Connect9writeByteEhb
                0x00001270       0x3a A:\eclipse\mhvlib/ATmega328P_20MHz\libmhvlib.a(MHV_Display_HD44780_Direct_Connect.o)
                0x00001270                MHV_Display_HD44780_Direct_Connect::writeByte(unsigned char, bool)
 .text._ZN34MHV_Display_HD44780_Direct_Connect10readNibbleEb
                0x000012aa       0xd6 A:\eclipse\mhvlib/ATmega328P_20MHz\libmhvlib.a(MHV_Display_HD44780_Direct_Connect.o)
                0x000012aa                MHV_Display_HD44780_Direct_Connect::readNibble(bool)
 .text._ZN34MHV_Display_HD44780_Direct_Connect8readByteEb
                0x00001380       0x2a A:\eclipse\mhvlib/ATmega328P_20MHz\libmhvlib.a(MHV_Display_HD44780_Direct_Connect.o)
                0x00001380                MHV_Display_HD44780_Direct_Connect::readByte(bool)
 .text._ZN34MHV_Display_HD44780_Direct_Connect7tickPWMEv
                0x000013aa       0xb2 A:\eclipse\mhvlib/ATmega328P_20MHz\libmhvlib.a(MHV_Display_HD44780_Direct_Connect.o)
                0x000013aa                MHV_Display_HD44780_Direct_Connect::tickPWM()
 .text._ZN14MHV_RingBufferC2EPch
                0x0000145c        0xe A:\eclipse\mhvlib/ATmega328P_20MHz\libmhvlib.a(MHV_RingBuffer.o)
                0x0000145c                MHV_RingBuffer::MHV_RingBuffer(char*, unsigned char)
                0x0000145c                MHV_RingBuffer::MHV_RingBuffer(char*, unsigned char)
 .text._ZN14MHV_RingBuffer6appendEc
                0x0000146a       0x2a A:\eclipse\mhvlib/ATmega328P_20MHz\libmhvlib.a(MHV_RingBuffer.o)
                0x0000146a                MHV_RingBuffer::append(char)
 .text._ZN14MHV_RingBuffer7consumeEv
                0x00001494       0x2c A:\eclipse\mhvlib/ATmega328P_20MHz\libmhvlib.a(MHV_RingBuffer.o)
                0x00001494                MHV_RingBuffer::consume()
 .text._ZN14MHV_RingBuffer6lengthEv
                0x000014c0       0x26 A:\eclipse\mhvlib/ATmega328P_20MHz\libmhvlib.a(MHV_RingBuffer.o)
                0x000014c0                MHV_RingBuffer::length()
 .text._ZN14MHV_RingBuffer7consumeEPvh
                0x000014e6       0x5c A:\eclipse\mhvlib/ATmega328P_20MHz\libmhvlib.a(MHV_RingBuffer.o)
                0x000014e6                MHV_RingBuffer::consume(void*, unsigned char)
 .text._ZN14MHV_RingBuffer4fullEh
                0x00001542       0x40 A:\eclipse\mhvlib/ATmega328P_20MHz\libmhvlib.a(MHV_RingBuffer.o)
                0x00001542                MHV_RingBuffer::full(unsigned char)
 .text._ZN14MHV_RingBuffer6appendEPKvh
                0x00001582       0x5e A:\eclipse\mhvlib/ATmega328P_20MHz\libmhvlib.a(MHV_RingBuffer.o)
                0x00001582                MHV_RingBuffer::append(void const*, unsigned char)
 .text._ZN10MHV_Timer8C2E14mhv_timer_typePVhS2_S2_S2_S2_S2_h
                0x000015e0       0x6c A:\eclipse\mhvlib/ATmega328P_20MHz\libmhvlib.a(MHV_Timer8.o)
                0x000015e0                MHV_Timer8::MHV_Timer8(mhv_timer_type, unsigned char volatile*, unsigned char volatile*, unsigned char volatile*, unsigned char volatile*, unsigned char volatile*, unsigned char volatile*, unsigned char)
                0x000015e0                MHV_Timer8::MHV_Timer8(mhv_timer_type, unsigned char volatile*, unsigned char volatile*, unsigned char volatile*, unsigned char volatile*, unsigned char volatile*, unsigned char volatile*, unsigned char)
 .text._ZN10MHV_Timer813_setPrescalerE19mhv_timer_prescaler
                0x0000164c       0x14 A:\eclipse\mhvlib/ATmega328P_20MHz\libmhvlib.a(MHV_Timer8.o)
                0x0000164c                MHV_Timer8::_setPrescaler(mhv_timer_prescaler)
 .text._ZN10MHV_Timer817setGenerationModeEv
                0x00001660       0x78 A:\eclipse\mhvlib/ATmega328P_20MHz\libmhvlib.a(MHV_Timer8.o)
                0x00001660                MHV_Timer8::setGenerationMode()
 .text._ZN10MHV_Timer810setPeriodsE19mhv_timer_prescalerhh
                0x000016d8       0x5a A:\eclipse\mhvlib/ATmega328P_20MHz\libmhvlib.a(MHV_Timer8.o)
                0x000016d8                MHV_Timer8::setPeriods(mhv_timer_prescaler, unsigned char, unsigned char)
 .text._ZN10MHV_Timer86enableEv
                0x00001732       0x84 A:\eclipse\mhvlib/ATmega328P_20MHz\libmhvlib.a(MHV_Timer8.o)
                0x00001732                MHV_Timer8::enable()
 .text._ZN10MHV_Timer87disableEv
                0x000017b6       0x60 A:\eclipse\mhvlib/ATmega328P_20MHz\libmhvlib.a(MHV_Timer8.o)
                0x000017b6                MHV_Timer8::disable()
 .text._ZN10MHV_Timer88trigger1Ev
                0x00001816       0x22 A:\eclipse\mhvlib/ATmega328P_20MHz\libmhvlib.a(MHV_Timer8.o)
                0x00001816                MHV_Timer8::trigger1()
 .text._ZN10MHV_Timer811setTriggersEPFvPvES0_S2_S0_
                0x00001838       0x1c A:\eclipse\mhvlib/ATmega328P_20MHz\libmhvlib.a(MHV_Timer8.o)
                0x00001838                MHV_Timer8::setTriggers(void (*)(void*), void*, void (*)(void*), void*)
 .text.libgcc   0x00001854        0xc c:/program files (x86)/mhv avr tools/bin/../lib/gcc/avr/4.5.2/avr5\libgcc.a(_tablejump.o)
                0x00001854                __tablejump2__
                0x00001858                __tablejump__
                0x00001860                . = ALIGN (0x2)
 *(.fini9)
 .fini9         0x00001860        0x0 c:/program files (x86)/mhv avr tools/bin/../lib/gcc/avr/4.5.2/avr5\libgcc.a(_exit.o)
                0x00001860                _exit
                0x00001860                exit
 *(.fini9)
 *(.fini8)
 *(.fini8)
 *(.fini7)
 *(.fini7)
 *(.fini6)
 *(.fini6)
 *(.fini5)
 *(.fini5)
 *(.fini4)
 *(.fini4)
 *(.fini3)
 *(.fini3)
 *(.fini2)
 *(.fini2)
 *(.fini1)
 *(.fini1)
 *(.fini0)
 .fini0         0x00001860        0x4 c:/program files (x86)/mhv avr tools/bin/../lib/gcc/avr/4.5.2/avr5\libgcc.a(_exit.o)
 *(.fini0)
                0x00001864                _etext = .

.data           0x00800100       0x96 load address 0x00001864
                0x00800100                PROVIDE (__data_start, .)
 *(.data)
 .data          0x00800100       0x59 ./HD44780.o
 *(.data*)
 *(.rodata)
 *(.rodata*)
 .rodata._ZTV13MHV_Device_TX
                0x00800159        0x6 A:\eclipse\mhvlib/ATmega328P_20MHz\libmhvlib.a(MHV_Device_TX.o)
                0x00800159                vtable for MHV_Device_TX
 .rodata._ZTV21MHV_Display_Character
                0x0080015f        0xe A:\eclipse\mhvlib/ATmega328P_20MHz\libmhvlib.a(MHV_Display_Character.o)
                0x0080015f                vtable for MHV_Display_Character
 .rodata._ZTV19MHV_Display_HD44780
                0x0080016d       0x14 A:\eclipse\mhvlib/ATmega328P_20MHz\libmhvlib.a(MHV_Display_HD44780.o)
                0x0080016d                vtable for MHV_Display_HD44780
 .rodata._ZTV34MHV_Display_HD44780_Direct_Connect
                0x00800181       0x14 A:\eclipse\mhvlib/ATmega328P_20MHz\libmhvlib.a(MHV_Display_HD44780_Direct_Connect.o)
                0x00800181                vtable for MHV_Display_HD44780_Direct_Connect
 *(.gnu.linkonce.d*)
                0x00800196                . = ALIGN (0x2)
 *fill*         0x00800195        0x1 00
                0x00800196                _edata = .
                0x00800196                PROVIDE (__data_end, .)

.bss            0x00800196       0xa0
                0x00800196                PROVIDE (__bss_start, .)
 *(.bss)
 *(.bss*)
 .bss.txBuf     0x00800196       0x51 ./HD44780.o
                0x00800196                txBuf
 .bss.txBuffer  0x008001e7        0x5 ./HD44780.o
                0x008001e7                txBuffer
 .bss.tickTimer
                0x008001ec       0x1a ./HD44780.o
                0x008001ec                tickTimer
 .bss.display   0x00800206       0x30 ./HD44780.o
                0x00800206                display
 *(COMMON)
                0x00800236                PROVIDE (__bss_end, .)
                0x00001864                __data_load_start = LOADADDR (.data)
                0x000018fa                __data_load_end = (__data_load_start + SIZEOF (.data))

.noinit         0x00800236        0x0
                0x00800236                PROVIDE (__noinit_start, .)
 *(.noinit*)
                0x00800236                PROVIDE (__noinit_end, .)
                0x00800236                _end = .
                0x00800236                PROVIDE (__heap_start, .)

.eeprom         0x00810000        0x0
 *(.eeprom*)
                0x00810000                __eeprom_end = .

.fuse
 *(.fuse)
 *(.lfuse)
 *(.hfuse)
 *(.efuse)

.lock
 *(.lock*)

.signature
 *(.signature*)

.stab           0x00000000      0x6cc
 *(.stab)
 .stab          0x00000000      0x6cc c:/program files (x86)/mhv avr tools/bin/../lib/gcc/avr/4.5.2/../../../../avr/lib/avr5/crtm328p.o

.stabstr        0x00000000       0x71
 *(.stabstr)
 .stabstr       0x00000000       0x71 c:/program files (x86)/mhv avr tools/bin/../lib/gcc/avr/4.5.2/../../../../avr/lib/avr5/crtm328p.o

.stab.excl
 *(.stab.excl)

.stab.exclstr
 *(.stab.exclstr)

.stab.index
 *(.stab.index)

.stab.indexstr
 *(.stab.indexstr)

.comment
 *(.comment)

.debug
 *(.debug)

.line
 *(.line)

.debug_srcinfo
 *(.debug_srcinfo)

.debug_sfnames
 *(.debug_sfnames)

.debug_aranges
 *(.debug_aranges)

.debug_pubnames
 *(.debug_pubnames)

.debug_info
 *(.debug_info)
 *(.gnu.linkonce.wi.*)

.debug_abbrev
 *(.debug_abbrev)

.debug_line
 *(.debug_line)

.debug_frame
 *(.debug_frame)

.debug_str
 *(.debug_str)

.debug_loc
 *(.debug_loc)

.debug_macinfo
 *(.debug_macinfo)
OUTPUT(mhvlib-tutorial-HD44780.elf elf32-avr)
LOAD linker stubs

Cross Reference Table

Symbol                                            File
MHV_Device_TX::MHV_Device_TX(MHV_RingBuffer*)     A:\eclipse\mhvlib/ATmega328P_20MHz\libmhvlib.a(MHV_Device_TX.o)
MHV_Device_TX::MHV_Device_TX(MHV_RingBuffer*)     A:\eclipse\mhvlib/ATmega328P_20MHz\libmhvlib.a(MHV_Device_TX.o)
                                                  A:\eclipse\mhvlib/ATmega328P_20MHz\libmhvlib.a(MHV_Display_Character.o)
MHV_Device_TX::canWrite()                         A:\eclipse\mhvlib/ATmega328P_20MHz\libmhvlib.a(MHV_Device_TX.o)
MHV_Device_TX::moreTX()                           A:\eclipse\mhvlib/ATmega328P_20MHz\libmhvlib.a(MHV_Device_TX.o)
                                                  A:\eclipse\mhvlib/ATmega328P_20MHz\libmhvlib.a(MHV_Display_Character.o)
MHV_Device_TX::nextCharacter()                    A:\eclipse\mhvlib/ATmega328P_20MHz\libmhvlib.a(MHV_Device_TX.o)
MHV_Device_TX::write(char const*)                 A:\eclipse\mhvlib/ATmega328P_20MHz\libmhvlib.a(MHV_Device_TX.o)
                                                  ./HD44780.o
MHV_Device_TX::write(char const*, unsigned int)   A:\eclipse\mhvlib/ATmega328P_20MHz\libmhvlib.a(MHV_Device_TX.o)
                                                  ./HD44780.o
MHV_Device_TX::write(char const*, unsigned int, void (*)(char const*)) A:\eclipse\mhvlib/ATmega328P_20MHz\libmhvlib.a(MHV_Device_TX.o)
MHV_Device_TX::write(char const*, void (*)(char const*)) A:\eclipse\mhvlib/ATmega328P_20MHz\libmhvlib.a(MHV_Device_TX.o)
MHV_Device_TX::write_P(char const*)               A:\eclipse\mhvlib/ATmega328P_20MHz\libmhvlib.a(MHV_Device_TX.o)
                                                  ./HD44780.o
MHV_Device_TX::write_P(char const*, unsigned int) A:\eclipse\mhvlib/ATmega328P_20MHz\libmhvlib.a(MHV_Device_TX.o)
                                                  ./HD44780.o
MHV_Display_Character::MHV_Display_Character(unsigned int, unsigned int, MHV_RingBuffer*) A:\eclipse\mhvlib/ATmega328P_20MHz\libmhvlib.a(MHV_Display_Character.o)
MHV_Display_Character::MHV_Display_Character(unsigned int, unsigned int, MHV_RingBuffer*) A:\eclipse\mhvlib/ATmega328P_20MHz\libmhvlib.a(MHV_Display_Character.o)
                                                  A:\eclipse\mhvlib/ATmega328P_20MHz\libmhvlib.a(MHV_Display_HD44780.o)
MHV_Display_Character::getHeight()                A:\eclipse\mhvlib/ATmega328P_20MHz\libmhvlib.a(MHV_Display_Character.o)
MHV_Display_Character::getWidth()                 A:\eclipse\mhvlib/ATmega328P_20MHz\libmhvlib.a(MHV_Display_Character.o)
MHV_Display_Character::runTxBuffers()             A:\eclipse\mhvlib/ATmega328P_20MHz\libmhvlib.a(MHV_Display_Character.o)
                                                  A:\eclipse\mhvlib/ATmega328P_20MHz\libmhvlib.a(MHV_Display_HD44780_Direct_Connect.o)
                                                  A:\eclipse\mhvlib/ATmega328P_20MHz\libmhvlib.a(MHV_Display_HD44780.o)
MHV_Display_Character::scrollVertically()         A:\eclipse\mhvlib/ATmega328P_20MHz\libmhvlib.a(MHV_Display_Character.o)
MHV_Display_Character::setCursor(unsigned int, unsigned int) A:\eclipse\mhvlib/ATmega328P_20MHz\libmhvlib.a(MHV_Display_Character.o)
MHV_Display_Character::setScroll(bool)            A:\eclipse\mhvlib/ATmega328P_20MHz\libmhvlib.a(MHV_Display_Character.o)
MHV_Display_Character::setWrap(bool)              A:\eclipse\mhvlib/ATmega328P_20MHz\libmhvlib.a(MHV_Display_Character.o)
MHV_Display_Character::txAnimation(unsigned int)  A:\eclipse\mhvlib/ATmega328P_20MHz\libmhvlib.a(MHV_Display_Character.o)
                                                  ./HD44780.o
MHV_Display_Character::writeBuffer(int*, unsigned int, char const*, unsigned int) A:\eclipse\mhvlib/ATmega328P_20MHz\libmhvlib.a(MHV_Display_Character.o)
MHV_Display_Character::writeBuffer_P(int*, unsigned int, char const*, unsigned int) A:\eclipse\mhvlib/ATmega328P_20MHz\libmhvlib.a(MHV_Display_Character.o)
MHV_Display_Character::writeChar(char)            A:\eclipse\mhvlib/ATmega328P_20MHz\libmhvlib.a(MHV_Display_Character.o)
MHV_Display_Character::writeString(int*, unsigned int, char const*) A:\eclipse\mhvlib/ATmega328P_20MHz\libmhvlib.a(MHV_Display_Character.o)
MHV_Display_Character::writeString_P(int*, unsigned int, char const*) A:\eclipse\mhvlib/ATmega328P_20MHz\libmhvlib.a(MHV_Display_Character.o)
                                                  ./HD44780.o
MHV_Display_HD44780::MHV_Display_HD44780(unsigned char, unsigned int, MHV_RingBuffer*) A:\eclipse\mhvlib/ATmega328P_20MHz\libmhvlib.a(MHV_Display_HD44780.o)
MHV_Display_HD44780::MHV_Display_HD44780(unsigned char, unsigned int, MHV_RingBuffer*) A:\eclipse\mhvlib/ATmega328P_20MHz\libmhvlib.a(MHV_Display_HD44780.o)
                                                  A:\eclipse\mhvlib/ATmega328P_20MHz\libmhvlib.a(MHV_Display_HD44780_Direct_Connect.o)
MHV_Display_HD44780::_readChar()                  A:\eclipse\mhvlib/ATmega328P_20MHz\libmhvlib.a(MHV_Display_HD44780.o)
                                                  A:\eclipse\mhvlib/ATmega328P_20MHz\libmhvlib.a(MHV_Display_HD44780_Direct_Connect.o)
MHV_Display_HD44780::_setCursor(unsigned char, unsigned char) A:\eclipse\mhvlib/ATmega328P_20MHz\libmhvlib.a(MHV_Display_HD44780.o)
MHV_Display_HD44780::_setCursor(unsigned int, unsigned int) A:\eclipse\mhvlib/ATmega328P_20MHz\libmhvlib.a(MHV_Display_HD44780.o)
                                                  A:\eclipse\mhvlib/ATmega328P_20MHz\libmhvlib.a(MHV_Display_HD44780_Direct_Connect.o)
MHV_Display_HD44780::_writeChar(char)             A:\eclipse\mhvlib/ATmega328P_20MHz\libmhvlib.a(MHV_Display_HD44780.o)
                                                  A:\eclipse\mhvlib/ATmega328P_20MHz\libmhvlib.a(MHV_Display_HD44780_Direct_Connect.o)
MHV_Display_HD44780::addressCGRAM(unsigned char)  A:\eclipse\mhvlib/ATmega328P_20MHz\libmhvlib.a(MHV_Display_HD44780.o)
MHV_Display_HD44780::addressDDRAM(unsigned char)  A:\eclipse\mhvlib/ATmega328P_20MHz\libmhvlib.a(MHV_Display_HD44780.o)
MHV_Display_HD44780::clear()                      A:\eclipse\mhvlib/ATmega328P_20MHz\libmhvlib.a(MHV_Display_HD44780.o)
                                                  A:\eclipse\mhvlib/ATmega328P_20MHz\libmhvlib.a(MHV_Display_HD44780_Direct_Connect.o)
MHV_Display_HD44780::control(bool, bool, bool)    A:\eclipse\mhvlib/ATmega328P_20MHz\libmhvlib.a(MHV_Display_HD44780.o)
MHV_Display_HD44780::entryMode(bool, bool)        A:\eclipse\mhvlib/ATmega328P_20MHz\libmhvlib.a(MHV_Display_HD44780.o)
MHV_Display_HD44780::function(bool, bool, bool)   A:\eclipse\mhvlib/ATmega328P_20MHz\libmhvlib.a(MHV_Display_HD44780.o)
MHV_Display_HD44780::init(bool, bool, bool, bool, bool, bool, bool) A:\eclipse\mhvlib/ATmega328P_20MHz\libmhvlib.a(MHV_Display_HD44780.o)
                                                  ./HD44780.o
MHV_Display_HD44780::writeCommand(mhv_hd44780_command, unsigned char) A:\eclipse\mhvlib/ATmega328P_20MHz\libmhvlib.a(MHV_Display_HD44780.o)
MHV_Display_HD44780_Direct_Connect::MHV_Display_HD44780_Direct_Connect(unsigned char volatile*, unsigned char volatile*, unsigned char volatile*, unsigned char, signed char, unsigned char volatile*, unsigned char volatile*, unsigned char volatile*, unsigned char, signed char, unsigned char volatile*, unsigned char volatile*, unsigned char volatile*, unsigned char, signed char, unsigned char, unsigned int, MHV_RingBuffer*) A:\eclipse\mhvlib/ATmega328P_20MHz\libmhvlib.a(MHV_Display_HD44780_Direct_Connect.o)
MHV_Display_HD44780_Direct_Connect::MHV_Display_HD44780_Direct_Connect(unsigned char volatile*, unsigned char volatile*, unsigned char volatile*, unsigned char, signed char, unsigned char volatile*, unsigned char volatile*, unsigned char volatile*, unsigned char, signed char, unsigned char volatile*, unsigned char volatile*, unsigned char volatile*, unsigned char, signed char, unsigned char, unsigned int, MHV_RingBuffer*) A:\eclipse\mhvlib/ATmega328P_20MHz\libmhvlib.a(MHV_Display_HD44780_Direct_Connect.o)
                                                  ./HD44780.o
MHV_Display_HD44780_Direct_Connect::MHV_Display_HD44780_Direct_Connect(unsigned char volatile*, unsigned char volatile*, unsigned char volatile*, unsigned char, signed char, unsigned char volatile*, unsigned char volatile*, unsigned char volatile*, unsigned char, signed char, unsigned char, unsigned int, MHV_RingBuffer*) A:\eclipse\mhvlib/ATmega328P_20MHz\libmhvlib.a(MHV_Display_HD44780_Direct_Connect.o)
MHV_Display_HD44780_Direct_Connect::MHV_Display_HD44780_Direct_Connect(unsigned char volatile*, unsigned char volatile*, unsigned char volatile*, unsigned char, signed char, unsigned char volatile*, unsigned char volatile*, unsigned char volatile*, unsigned char, signed char, unsigned char, unsigned int, MHV_RingBuffer*) A:\eclipse\mhvlib/ATmega328P_20MHz\libmhvlib.a(MHV_Display_HD44780_Direct_Connect.o)
MHV_Display_HD44780_Direct_Connect::isBusy()      A:\eclipse\mhvlib/ATmega328P_20MHz\libmhvlib.a(MHV_Display_HD44780_Direct_Connect.o)
MHV_Display_HD44780_Direct_Connect::readByte(bool) A:\eclipse\mhvlib/ATmega328P_20MHz\libmhvlib.a(MHV_Display_HD44780_Direct_Connect.o)
MHV_Display_HD44780_Direct_Connect::readNibble(bool) A:\eclipse\mhvlib/ATmega328P_20MHz\libmhvlib.a(MHV_Display_HD44780_Direct_Connect.o)
MHV_Display_HD44780_Direct_Connect::setBacklight(unsigned char) A:\eclipse\mhvlib/ATmega328P_20MHz\libmhvlib.a(MHV_Display_HD44780_Direct_Connect.o)
MHV_Display_HD44780_Direct_Connect::setContrast(unsigned char) A:\eclipse\mhvlib/ATmega328P_20MHz\libmhvlib.a(MHV_Display_HD44780_Direct_Connect.o)
MHV_Display_HD44780_Direct_Connect::tickPWM()     A:\eclipse\mhvlib/ATmega328P_20MHz\libmhvlib.a(MHV_Display_HD44780_Direct_Connect.o)
                                                  ./HD44780.o
MHV_Display_HD44780_Direct_Connect::writeByte(unsigned char, bool) A:\eclipse\mhvlib/ATmega328P_20MHz\libmhvlib.a(MHV_Display_HD44780_Direct_Connect.o)
MHV_Display_HD44780_Direct_Connect::writeNibble(unsigned char, bool) A:\eclipse\mhvlib/ATmega328P_20MHz\libmhvlib.a(MHV_Display_HD44780_Direct_Connect.o)
MHV_RingBuffer::MHV_RingBuffer(char*, unsigned char) A:\eclipse\mhvlib/ATmega328P_20MHz\libmhvlib.a(MHV_RingBuffer.o)
MHV_RingBuffer::MHV_RingBuffer(char*, unsigned char) A:\eclipse\mhvlib/ATmega328P_20MHz\libmhvlib.a(MHV_RingBuffer.o)
                                                  ./HD44780.o
MHV_RingBuffer::append(char)                      A:\eclipse\mhvlib/ATmega328P_20MHz\libmhvlib.a(MHV_RingBuffer.o)
MHV_RingBuffer::append(void const*, unsigned char) A:\eclipse\mhvlib/ATmega328P_20MHz\libmhvlib.a(MHV_RingBuffer.o)
                                                  A:\eclipse\mhvlib/ATmega328P_20MHz\libmhvlib.a(MHV_Device_TX.o)
MHV_RingBuffer::consume()                         A:\eclipse\mhvlib/ATmega328P_20MHz\libmhvlib.a(MHV_RingBuffer.o)
MHV_RingBuffer::consume(void*, unsigned char)     A:\eclipse\mhvlib/ATmega328P_20MHz\libmhvlib.a(MHV_RingBuffer.o)
                                                  A:\eclipse\mhvlib/ATmega328P_20MHz\libmhvlib.a(MHV_Device_TX.o)
MHV_RingBuffer::flush()                           A:\eclipse\mhvlib/ATmega328P_20MHz\libmhvlib.a(MHV_RingBuffer.o)
MHV_RingBuffer::full()                            A:\eclipse\mhvlib/ATmega328P_20MHz\libmhvlib.a(MHV_RingBuffer.o)
MHV_RingBuffer::full(unsigned char)               A:\eclipse\mhvlib/ATmega328P_20MHz\libmhvlib.a(MHV_RingBuffer.o)
                                                  A:\eclipse\mhvlib/ATmega328P_20MHz\libmhvlib.a(MHV_Device_TX.o)
MHV_RingBuffer::length()                          A:\eclipse\mhvlib/ATmega328P_20MHz\libmhvlib.a(MHV_RingBuffer.o)
MHV_RingBuffer::peekHead()                        A:\eclipse\mhvlib/ATmega328P_20MHz\libmhvlib.a(MHV_RingBuffer.o)
MHV_RingBuffer::size()                            A:\eclipse\mhvlib/ATmega328P_20MHz\libmhvlib.a(MHV_RingBuffer.o)
MHV_Timer8::MHV_Timer8()                          A:\eclipse\mhvlib/ATmega328P_20MHz\libmhvlib.a(MHV_Timer8.o)
MHV_Timer8::MHV_Timer8()                          A:\eclipse\mhvlib/ATmega328P_20MHz\libmhvlib.a(MHV_Timer8.o)
MHV_Timer8::MHV_Timer8(mhv_timer_type, unsigned char volatile*, unsigned char volatile*, unsigned char volatile*, unsigned char volatile*, unsigned char volatile*, unsigned char volatile*, unsigned char) A:\eclipse\mhvlib/ATmega328P_20MHz\libmhvlib.a(MHV_Timer8.o)
MHV_Timer8::MHV_Timer8(mhv_timer_type, unsigned char volatile*, unsigned char volatile*, unsigned char volatile*, unsigned char volatile*, unsigned char volatile*, unsigned char volatile*, unsigned char) A:\eclipse\mhvlib/ATmega328P_20MHz\libmhvlib.a(MHV_Timer8.o)
                                                  ./HD44780.o
MHV_Timer8::_setPrescaler(mhv_timer_prescaler)    A:\eclipse\mhvlib/ATmega328P_20MHz\libmhvlib.a(MHV_Timer8.o)
MHV_Timer8::calculatePrescaler(unsigned long, mhv_timer_prescaler*, unsigned int*) A:\eclipse\mhvlib/ATmega328P_20MHz\libmhvlib.a(MHV_Timer8.o)
MHV_Timer8::calculateTop(unsigned long*, unsigned int) A:\eclipse\mhvlib/ATmega328P_20MHz\libmhvlib.a(MHV_Timer8.o)
MHV_Timer8::connectOutput1(mhv_timer_connect_type) A:\eclipse\mhvlib/ATmega328P_20MHz\libmhvlib.a(MHV_Timer8.o)
MHV_Timer8::connectOutput2(mhv_timer_connect_type) A:\eclipse\mhvlib/ATmega328P_20MHz\libmhvlib.a(MHV_Timer8.o)
MHV_Timer8::current()                             A:\eclipse\mhvlib/ATmega328P_20MHz\libmhvlib.a(MHV_Timer8.o)
MHV_Timer8::disable()                             A:\eclipse\mhvlib/ATmega328P_20MHz\libmhvlib.a(MHV_Timer8.o)
MHV_Timer8::enable()                              A:\eclipse\mhvlib/ATmega328P_20MHz\libmhvlib.a(MHV_Timer8.o)
                                                  ./HD44780.o
MHV_Timer8::enabled()                             A:\eclipse\mhvlib/ATmega328P_20MHz\libmhvlib.a(MHV_Timer8.o)
MHV_Timer8::getOutput(unsigned char)              A:\eclipse\mhvlib/ATmega328P_20MHz\libmhvlib.a(MHV_Timer8.o)
MHV_Timer8::getOutput1()                          A:\eclipse\mhvlib/ATmega328P_20MHz\libmhvlib.a(MHV_Timer8.o)
MHV_Timer8::getOutput2()                          A:\eclipse\mhvlib/ATmega328P_20MHz\libmhvlib.a(MHV_Timer8.o)
MHV_Timer8::getPrescaler()                        A:\eclipse\mhvlib/ATmega328P_20MHz\libmhvlib.a(MHV_Timer8.o)
MHV_Timer8::getPrescalerMultiplier()              A:\eclipse\mhvlib/ATmega328P_20MHz\libmhvlib.a(MHV_Timer8.o)
MHV_Timer8::getTop()                              A:\eclipse\mhvlib/ATmega328P_20MHz\libmhvlib.a(MHV_Timer8.o)
MHV_Timer8::setGenerationMode()                   A:\eclipse\mhvlib/ATmega328P_20MHz\libmhvlib.a(MHV_Timer8.o)
MHV_Timer8::setMode(mhv_timer_mode)               A:\eclipse\mhvlib/ATmega328P_20MHz\libmhvlib.a(MHV_Timer8.o)
MHV_Timer8::setOutput(unsigned char, unsigned char) A:\eclipse\mhvlib/ATmega328P_20MHz\libmhvlib.a(MHV_Timer8.o)
MHV_Timer8::setOutput1(unsigned char)             A:\eclipse\mhvlib/ATmega328P_20MHz\libmhvlib.a(MHV_Timer8.o)
MHV_Timer8::setOutput2(unsigned char)             A:\eclipse\mhvlib/ATmega328P_20MHz\libmhvlib.a(MHV_Timer8.o)
MHV_Timer8::setPeriods(mhv_timer_prescaler, unsigned char, unsigned char) A:\eclipse\mhvlib/ATmega328P_20MHz\libmhvlib.a(MHV_Timer8.o)
                                                  ./HD44780.o
MHV_Timer8::setPeriods(unsigned long, unsigned long) A:\eclipse\mhvlib/ATmega328P_20MHz\libmhvlib.a(MHV_Timer8.o)
MHV_Timer8::setPrescaler(mhv_timer_prescaler)     A:\eclipse\mhvlib/ATmega328P_20MHz\libmhvlib.a(MHV_Timer8.o)
MHV_Timer8::setTop(unsigned char)                 A:\eclipse\mhvlib/ATmega328P_20MHz\libmhvlib.a(MHV_Timer8.o)
MHV_Timer8::setTriggers(void (*)(void*), void*, void (*)(void*), void*) A:\eclipse\mhvlib/ATmega328P_20MHz\libmhvlib.a(MHV_Timer8.o)
                                                  ./HD44780.o
MHV_Timer8::trigger1()                            A:\eclipse\mhvlib/ATmega328P_20MHz\libmhvlib.a(MHV_Timer8.o)
                                                  ./HD44780.o
MHV_Timer8::trigger2()                            A:\eclipse\mhvlib/ATmega328P_20MHz\libmhvlib.a(MHV_Timer8.o)
__bad_interrupt                                   c:/program files (x86)/mhv avr tools/bin/../lib/gcc/avr/4.5.2/../../../../avr/lib/avr5/crtm328p.o
__bss_end                                         c:/program files (x86)/mhv avr tools/bin/../lib/gcc/avr/4.5.2/avr5\libgcc.a(_clear_bss.o)
__bss_start                                       c:/program files (x86)/mhv avr tools/bin/../lib/gcc/avr/4.5.2/avr5\libgcc.a(_clear_bss.o)
__ctors_end                                       c:/program files (x86)/mhv avr tools/bin/../lib/gcc/avr/4.5.2/avr5\libgcc.a(_ctors.o)
__ctors_start                                     c:/program files (x86)/mhv avr tools/bin/../lib/gcc/avr/4.5.2/avr5\libgcc.a(_ctors.o)
__cxa_pure_virtual                                ./HD44780.o
                                                  A:\eclipse\mhvlib/ATmega328P_20MHz\libmhvlib.a(MHV_Display_HD44780.o)
                                                  A:\eclipse\mhvlib/ATmega328P_20MHz\libmhvlib.a(MHV_Display_Character.o)
                                                  A:\eclipse\mhvlib/ATmega328P_20MHz\libmhvlib.a(MHV_Device_TX.o)
__data_end                                        c:/program files (x86)/mhv avr tools/bin/../lib/gcc/avr/4.5.2/avr5\libgcc.a(_copy_data.o)
__data_load_start                                 c:/program files (x86)/mhv avr tools/bin/../lib/gcc/avr/4.5.2/avr5\libgcc.a(_copy_data.o)
__data_start                                      c:/program files (x86)/mhv avr tools/bin/../lib/gcc/avr/4.5.2/avr5\libgcc.a(_copy_data.o)
__do_clear_bss                                    c:/program files (x86)/mhv avr tools/bin/../lib/gcc/avr/4.5.2/avr5\libgcc.a(_clear_bss.o)
                                                  ./HD44780.o
__do_copy_data                                    c:/program files (x86)/mhv avr tools/bin/../lib/gcc/avr/4.5.2/avr5\libgcc.a(_copy_data.o)
                                                  A:\eclipse\mhvlib/ATmega328P_20MHz\libmhvlib.a(MHV_Display_HD44780_Direct_Connect.o)
                                                  A:\eclipse\mhvlib/ATmega328P_20MHz\libmhvlib.a(MHV_Display_HD44780.o)
                                                  A:\eclipse\mhvlib/ATmega328P_20MHz\libmhvlib.a(MHV_Display_Character.o)
                                                  A:\eclipse\mhvlib/ATmega328P_20MHz\libmhvlib.a(MHV_Device_TX.o)
                                                  ./HD44780.o
__do_global_ctors                                 c:/program files (x86)/mhv avr tools/bin/../lib/gcc/avr/4.5.2/avr5\libgcc.a(_ctors.o)
                                                  ./HD44780.o
__heap_end                                        c:/program files (x86)/mhv avr tools/bin/../lib/gcc/avr/4.5.2/../../../../avr/lib/avr5/crtm328p.o
__init                                            c:/program files (x86)/mhv avr tools/bin/../lib/gcc/avr/4.5.2/../../../../avr/lib/avr5/crtm328p.o
__mulsi3                                          c:/program files (x86)/mhv avr tools/bin/../lib/gcc/avr/4.5.2/avr5\libgcc.a(_mulsi3.o)
                                                  A:\eclipse\mhvlib/ATmega328P_20MHz\libmhvlib.a(MHV_Timer8.o)
__stack                                           c:/program files (x86)/mhv avr tools/bin/../lib/gcc/avr/4.5.2/../../../../avr/lib/avr5/crtm328p.o
__tablejump2__                                    c:/program files (x86)/mhv avr tools/bin/../lib/gcc/avr/4.5.2/avr5\libgcc.a(_tablejump.o)
__tablejump__                                     c:/program files (x86)/mhv avr tools/bin/../lib/gcc/avr/4.5.2/avr5\libgcc.a(_tablejump.o)
                                                  c:/program files (x86)/mhv avr tools/bin/../lib/gcc/avr/4.5.2/avr5\libgcc.a(_ctors.o)
__udivmodsi4                                      c:/program files (x86)/mhv avr tools/bin/../lib/gcc/avr/4.5.2/avr5\libgcc.a(_udivmodsi4.o)
                                                  A:\eclipse\mhvlib/ATmega328P_20MHz\libmhvlib.a(MHV_Timer8.o)
__vector_1                                        c:/program files (x86)/mhv avr tools/bin/../lib/gcc/avr/4.5.2/../../../../avr/lib/avr5/crtm328p.o
__vector_10                                       c:/program files (x86)/mhv avr tools/bin/../lib/gcc/avr/4.5.2/../../../../avr/lib/avr5/crtm328p.o
__vector_11                                       c:/program files (x86)/mhv avr tools/bin/../lib/gcc/avr/4.5.2/../../../../avr/lib/avr5/crtm328p.o
__vector_12                                       c:/program files (x86)/mhv avr tools/bin/../lib/gcc/avr/4.5.2/../../../../avr/lib/avr5/crtm328p.o
__vector_13                                       c:/program files (x86)/mhv avr tools/bin/../lib/gcc/avr/4.5.2/../../../../avr/lib/avr5/crtm328p.o
__vector_14                                       ./HD44780.o
                                                  c:/program files (x86)/mhv avr tools/bin/../lib/gcc/avr/4.5.2/../../../../avr/lib/avr5/crtm328p.o
__vector_15                                       c:/program files (x86)/mhv avr tools/bin/../lib/gcc/avr/4.5.2/../../../../avr/lib/avr5/crtm328p.o
__vector_16                                       c:/program files (x86)/mhv avr tools/bin/../lib/gcc/avr/4.5.2/../../../../avr/lib/avr5/crtm328p.o
__vector_17                                       c:/program files (x86)/mhv avr tools/bin/../lib/gcc/avr/4.5.2/../../../../avr/lib/avr5/crtm328p.o
__vector_18                                       c:/program files (x86)/mhv avr tools/bin/../lib/gcc/avr/4.5.2/../../../../avr/lib/avr5/crtm328p.o
__vector_19                                       c:/program files (x86)/mhv avr tools/bin/../lib/gcc/avr/4.5.2/../../../../avr/lib/avr5/crtm328p.o
__vector_2                                        c:/program files (x86)/mhv avr tools/bin/../lib/gcc/avr/4.5.2/../../../../avr/lib/avr5/crtm328p.o
__vector_20                                       c:/program files (x86)/mhv avr tools/bin/../lib/gcc/avr/4.5.2/../../../../avr/lib/avr5/crtm328p.o
__vector_21                                       c:/program files (x86)/mhv avr tools/bin/../lib/gcc/avr/4.5.2/../../../../avr/lib/avr5/crtm328p.o
__vector_22                                       c:/program files (x86)/mhv avr tools/bin/../lib/gcc/avr/4.5.2/../../../../avr/lib/avr5/crtm328p.o
__vector_23                                       c:/program files (x86)/mhv avr tools/bin/../lib/gcc/avr/4.5.2/../../../../avr/lib/avr5/crtm328p.o
__vector_24                                       c:/program files (x86)/mhv avr tools/bin/../lib/gcc/avr/4.5.2/../../../../avr/lib/avr5/crtm328p.o
__vector_25                                       c:/program files (x86)/mhv avr tools/bin/../lib/gcc/avr/4.5.2/../../../../avr/lib/avr5/crtm328p.o
__vector_3                                        c:/program files (x86)/mhv avr tools/bin/../lib/gcc/avr/4.5.2/../../../../avr/lib/avr5/crtm328p.o
__vector_4                                        c:/program files (x86)/mhv avr tools/bin/../lib/gcc/avr/4.5.2/../../../../avr/lib/avr5/crtm328p.o
__vector_5                                        c:/program files (x86)/mhv avr tools/bin/../lib/gcc/avr/4.5.2/../../../../avr/lib/avr5/crtm328p.o
__vector_6                                        c:/program files (x86)/mhv avr tools/bin/../lib/gcc/avr/4.5.2/../../../../avr/lib/avr5/crtm328p.o
__vector_7                                        c:/program files (x86)/mhv avr tools/bin/../lib/gcc/avr/4.5.2/../../../../avr/lib/avr5/crtm328p.o
__vector_8                                        c:/program files (x86)/mhv avr tools/bin/../lib/gcc/avr/4.5.2/../../../../avr/lib/avr5/crtm328p.o
__vector_9                                        c:/program files (x86)/mhv avr tools/bin/../lib/gcc/avr/4.5.2/../../../../avr/lib/avr5/crtm328p.o
__vector_default                                  c:/program files (x86)/mhv avr tools/bin/../lib/gcc/avr/4.5.2/../../../../avr/lib/avr5/crtm328p.o
__vectors                                         c:/program files (x86)/mhv avr tools/bin/../lib/gcc/avr/4.5.2/../../../../avr/lib/avr5/crtm328p.o
_exit                                             c:/program files (x86)/mhv avr tools/bin/../lib/gcc/avr/4.5.2/avr5\libgcc.a(_exit.o)
display                                           ./HD44780.o
displayTrigger(void*)                             ./HD44780.o
exit                                              c:/program files (x86)/mhv avr tools/bin/../lib/gcc/avr/4.5.2/avr5\libgcc.a(_exit.o)
                                                  c:/program files (x86)/mhv avr tools/bin/../lib/gcc/avr/4.5.2/../../../../avr/lib/avr5/crtm328p.o
main                                              ./HD44780.o
                                                  c:/program files (x86)/mhv avr tools/bin/../lib/gcc/avr/4.5.2/../../../../avr/lib/avr5/crtm328p.o
textAnimation(MHV_Display_Character*)             ./HD44780.o
tickTimer                                         ./HD44780.o
txBuf                                             ./HD44780.o
txBuffer                                          ./HD44780.o
vtable for MHV_Device_TX                          A:\eclipse\mhvlib/ATmega328P_20MHz\libmhvlib.a(MHV_Device_TX.o)
vtable for MHV_Display_Character                  A:\eclipse\mhvlib/ATmega328P_20MHz\libmhvlib.a(MHV_Display_Character.o)
vtable for MHV_Display_HD44780                    A:\eclipse\mhvlib/ATmega328P_20MHz\libmhvlib.a(MHV_Display_HD44780.o)
vtable for MHV_Display_HD44780_Direct_Connect     A:\eclipse\mhvlib/ATmega328P_20MHz\libmhvlib.a(MHV_Display_HD44780_Direct_Connect.o)
