Archive member included because of file (symbol)

A:\eclipse\mhvlib\Release\libmhvlib.a(MHV_HardwareSerial.o)
                              ./SerialAsync.o (MHV_HardwareSerial::MHV_HardwareSerial(MHV_RingBuffer*, MHV_RingBuffer*, unsigned int volatile*, unsigned char volatile*, unsigned char volatile*, unsigned char volatile*, unsigned char, unsigned char, unsigned char, unsigned char, unsigned char, unsigned char, unsigned long))
A:\eclipse\mhvlib\Release\libmhvlib.a(MHV_RingBuffer.o)
                              ./SerialAsync.o (MHV_RingBuffer::MHV_RingBuffer(char*, unsigned char))
c:/winavr-20100110/bin/../lib/gcc/avr/4.3.3/avr51\libgcc.a(_mulsi3.o)
                              A:\eclipse\mhvlib\Release\libmhvlib.a(MHV_HardwareSerial.o) (__mulsi3)
c:/winavr-20100110/bin/../lib/gcc/avr/4.3.3/avr51\libgcc.a(_udivmodsi4.o)
                              A:\eclipse\mhvlib\Release\libmhvlib.a(MHV_HardwareSerial.o) (__udivmodsi4)
c:/winavr-20100110/bin/../lib/gcc/avr/4.3.3/avr51\libgcc.a(_exit.o)
                              c:/winavr-20100110/bin/../lib/gcc/avr/4.3.3/../../../../avr/lib/avr51/crtm1280.o (exit)
c:/winavr-20100110/bin/../lib/gcc/avr/4.3.3/avr51\libgcc.a(_clear_bss.o)
                              ./SerialAsync.o (__do_clear_bss)
c:/winavr-20100110/bin/../lib/gcc/avr/4.3.3/avr51\libgcc.a(_ctors.o)
                              ./SerialAsync.o (__do_global_ctors)
c:/winavr-20100110/bin/../lib/gcc/avr/4.3.3/avr51\libgcc.a(_tablejump.o)
                              c:/winavr-20100110/bin/../lib/gcc/avr/4.3.3/avr51\libgcc.a(_ctors.o) (__tablejump__)

Memory Configuration

Name             Origin             Length             Attributes
text             0x00000000         0x00020000         xr
data             0x00800060         0x0000ffa0         rw !x
eeprom           0x00810000         0x00010000         rw !x
fuse             0x00820000         0x00000400         rw !x
lock             0x00830000         0x00000400         rw !x
signature        0x00840000         0x00000400         rw !x
*default*        0x00000000         0xffffffff

Linker script and memory map

Address of section .data set to 0x800200
LOAD c:/winavr-20100110/bin/../lib/gcc/avr/4.3.3/../../../../avr/lib/avr51/crtm1280.o
LOAD ./SerialAsync.o
LOAD A:\eclipse\mhvlib\Release\libmhvlib.a
LOAD c:/winavr-20100110/bin/../lib/gcc/avr/4.3.3/avr51\libgcc.a
LOAD c:/winavr-20100110/bin/../lib/gcc/avr/4.3.3/../../../../avr/lib/avr51\libm.a
LOAD c:/winavr-20100110/bin/../lib/gcc/avr/4.3.3/avr51\libgcc.a
LOAD c:/winavr-20100110/bin/../lib/gcc/avr/4.3.3/../../../../avr/lib/avr51\libc.a
LOAD c:/winavr-20100110/bin/../lib/gcc/avr/4.3.3/avr51\libgcc.a

.hash
 *(.hash)

.dynsym
 *(.dynsym)

.dynstr
 *(.dynstr)

.gnu.version
 *(.gnu.version)

.gnu.version_d
 *(.gnu.version_d)

.gnu.version_r
 *(.gnu.version_r)

.rel.init
 *(.rel.init)

.rela.init
 *(.rela.init)

.rel.text
 *(.rel.text)
 *(.rel.text.*)
 *(.rel.gnu.linkonce.t*)

.rela.text
 *(.rela.text)
 *(.rela.text.*)
 *(.rela.gnu.linkonce.t*)

.rel.fini
 *(.rel.fini)

.rela.fini
 *(.rela.fini)

.rel.rodata
 *(.rel.rodata)
 *(.rel.rodata.*)
 *(.rel.gnu.linkonce.r*)

.rela.rodata
 *(.rela.rodata)
 *(.rela.rodata.*)
 *(.rela.gnu.linkonce.r*)

.rel.data
 *(.rel.data)
 *(.rel.data.*)
 *(.rel.gnu.linkonce.d*)

.rela.data
 *(.rela.data)
 *(.rela.data.*)
 *(.rela.gnu.linkonce.d*)

.rel.ctors
 *(.rel.ctors)

.rela.ctors
 *(.rela.ctors)

.rel.dtors
 *(.rel.dtors)

.rela.dtors
 *(.rela.dtors)

.rel.got
 *(.rel.got)

.rela.got
 *(.rela.got)

.rel.bss
 *(.rel.bss)

.rela.bss
 *(.rela.bss)

.rel.plt
 *(.rel.plt)

.rela.plt
 *(.rela.plt)

.text           0x00000000     0x1124
 *(.vectors)
 .vectors       0x00000000       0xe4 c:/winavr-20100110/bin/../lib/gcc/avr/4.3.3/../../../../avr/lib/avr51/crtm1280.o
                0x00000000                __vectors
                0x00000000                __vector_default
 *(.vectors)
 *(.progmem.gcc*)
 *(.progmem*)
 .progmem.data  0x000000e4       0x67 ./SerialAsync.o
                0x0000014c                . = ALIGN (0x2)
 *fill*         0x0000014b        0x1 00
                0x0000014c                __trampolines_start = .
 *(.trampolines)
 .trampolines   0x0000014c        0x0 linker stubs
 *(.trampolines*)
                0x0000014c                __trampolines_end = .
 *(.jumptables)
 *(.jumptables*)
 *(.lowtext)
 *(.lowtext*)
                0x0000014c                __ctors_start = .
 *(.ctors)
 .ctors         0x0000014c        0x2 ./SerialAsync.o
                0x0000014e                __ctors_end = .
                0x0000014e                __dtors_start = .
 *(.dtors)
                0x0000014e                __dtors_end = .
 SORT(*)(.ctors)
 SORT(*)(.dtors)
 *(.init0)
 .init0         0x0000014e        0x0 c:/winavr-20100110/bin/../lib/gcc/avr/4.3.3/../../../../avr/lib/avr51/crtm1280.o
                0x0000014e                __init
 *(.init0)
 *(.init1)
 *(.init1)
 *(.init2)
 .init2         0x0000014e        0xc c:/winavr-20100110/bin/../lib/gcc/avr/4.3.3/../../../../avr/lib/avr51/crtm1280.o
 *(.init2)
 *(.init3)
 *(.init3)
 *(.init4)
 .init4         0x0000015a       0x1a c:/winavr-20100110/bin/../lib/gcc/avr/4.3.3/../../../../avr/lib/avr51/crtm1280.o
                0x0000015a                __do_copy_data
 .init4         0x00000174       0x10 c:/winavr-20100110/bin/../lib/gcc/avr/4.3.3/avr51\libgcc.a(_clear_bss.o)
                0x00000174                __do_clear_bss
 *(.init4)
 *(.init5)
 *(.init5)
 *(.init6)
 .init6         0x00000184       0x16 c:/winavr-20100110/bin/../lib/gcc/avr/4.3.3/avr51\libgcc.a(_ctors.o)
                0x00000184                __do_global_ctors
 *(.init6)
 *(.init7)
 *(.init7)
 *(.init8)
 *(.init8)
 *(.init9)
 .init9         0x0000019a        0x8 c:/winavr-20100110/bin/../lib/gcc/avr/4.3.3/../../../../avr/lib/avr51/crtm1280.o
 *(.init9)
 *(.text)
 .text          0x000001a2        0x4 c:/winavr-20100110/bin/../lib/gcc/avr/4.3.3/../../../../avr/lib/avr51/crtm1280.o
                0x000001a2                __vector_38
                0x000001a2                __vector_22
                0x000001a2                __vector_28
                0x000001a2                __vector_1
                0x000001a2                __vector_32
                0x000001a2                __vector_34
                0x000001a2                __vector_24
                0x000001a2                __vector_12
                0x000001a2                __vector_55
                0x000001a2                __vector_46
                0x000001a2                __bad_interrupt
                0x000001a2                __vector_6
                0x000001a2                __vector_31
                0x000001a2                __vector_35
                0x000001a2                __vector_39
                0x000001a2                __vector_3
                0x000001a2                __vector_23
                0x000001a2                __vector_30
                0x000001a2                __vector_45
                0x000001a2                __vector_11
                0x000001a2                __vector_54
                0x000001a2                __vector_13
                0x000001a2                __vector_17
                0x000001a2                __vector_19
                0x000001a2                __vector_56
                0x000001a2                __vector_7
                0x000001a2                __vector_49
                0x000001a2                __vector_41
                0x000001a2                __vector_43
                0x000001a2                __vector_5
                0x000001a2                __vector_33
                0x000001a2                __vector_47
                0x000001a2                __vector_52
                0x000001a2                __vector_37
                0x000001a2                __vector_4
                0x000001a2                __vector_44
                0x000001a2                __vector_51
                0x000001a2                __vector_9
                0x000001a2                __vector_2
                0x000001a2                __vector_21
                0x000001a2                __vector_15
                0x000001a2                __vector_36
                0x000001a2                __vector_29
                0x000001a2                __vector_40
                0x000001a2                __vector_8
                0x000001a2                __vector_26
                0x000001a2                __vector_48
                0x000001a2                __vector_14
                0x000001a2                __vector_53
                0x000001a2                __vector_10
                0x000001a2                __vector_50
                0x000001a2                __vector_16
                0x000001a2                __vector_18
                0x000001a2                __vector_20
                0x000001a2                __vector_42
 .text          0x000001a6      0x1f8 ./SerialAsync.o
                0x0000034a                __vector_25
                0x000001aa                writeFailed()
                0x000001a6                __cxa_pure_virtual
                0x000002f6                __vector_27
                0x0000026a                main
 .text          0x0000039e        0x0 A:\eclipse\mhvlib\Release\libmhvlib.a(MHV_HardwareSerial.o)
 .text          0x0000039e        0x0 A:\eclipse\mhvlib\Release\libmhvlib.a(MHV_RingBuffer.o)
 .text          0x0000039e        0x0 c:/winavr-20100110/bin/../lib/gcc/avr/4.3.3/avr51\libgcc.a(_mulsi3.o)
 .text          0x0000039e        0x0 c:/winavr-20100110/bin/../lib/gcc/avr/4.3.3/avr51\libgcc.a(_udivmodsi4.o)
 .text          0x0000039e        0x0 c:/winavr-20100110/bin/../lib/gcc/avr/4.3.3/avr51\libgcc.a(_exit.o)
 .text          0x0000039e        0x0 c:/winavr-20100110/bin/../lib/gcc/avr/4.3.3/avr51\libgcc.a(_clear_bss.o)
 .text          0x0000039e        0x0 c:/winavr-20100110/bin/../lib/gcc/avr/4.3.3/avr51\libgcc.a(_ctors.o)
 .text          0x0000039e        0x0 c:/winavr-20100110/bin/../lib/gcc/avr/4.3.3/avr51\libgcc.a(_tablejump.o)
                0x0000039e                . = ALIGN (0x2)
 *(.text.*)
 .text._ZN18MHV_HardwareSerial8setSpeedEm
                0x0000039e      0x1e2 A:\eclipse\mhvlib\Release\libmhvlib.a(MHV_HardwareSerial.o)
                0x0000039e                MHV_HardwareSerial::setSpeed(unsigned long)
 .text._ZN18MHV_HardwareSerialC1EP14MHV_RingBufferS1_PVjPVhS5_S5_hhhhhhm
                0x00000580       0x70 A:\eclipse\mhvlib\Release\libmhvlib.a(MHV_HardwareSerial.o)
                0x00000580                MHV_HardwareSerial::MHV_HardwareSerial(MHV_RingBuffer*, MHV_RingBuffer*, unsigned int volatile*, unsigned char volatile*, unsigned char volatile*, unsigned char volatile*, unsigned char, unsigned char, unsigned char, unsigned char, unsigned char, unsigned char, unsigned long)
 .text._ZN18MHV_HardwareSerialC2EP14MHV_RingBufferS1_PVjPVhS5_S5_hhhhhhm
                0x000005f0       0x70 A:\eclipse\mhvlib\Release\libmhvlib.a(MHV_HardwareSerial.o)
                0x000005f0                MHV_HardwareSerial::MHV_HardwareSerial(MHV_RingBuffer*, MHV_RingBuffer*, unsigned int volatile*, unsigned char volatile*, unsigned char volatile*, unsigned char volatile*, unsigned char, unsigned char, unsigned char, unsigned char, unsigned char, unsigned char, unsigned long)
 .text._ZN18MHV_HardwareSerial3endEv
                0x00000660       0x50 A:\eclipse\mhvlib\Release\libmhvlib.a(MHV_HardwareSerial.o)
                0x00000660                MHV_HardwareSerial::end()
 .text._ZN18MHV_HardwareSerial4echoEb
                0x000006b0        0x6 A:\eclipse\mhvlib\Release\libmhvlib.a(MHV_HardwareSerial.o)
                0x000006b0                MHV_HardwareSerial::echo(bool)
 .text._ZN18MHV_HardwareSerial11canSendBusyEv
                0x000006b6       0x3a A:\eclipse\mhvlib\Release\libmhvlib.a(MHV_HardwareSerial.o)
                0x000006b6                MHV_HardwareSerial::canSendBusy()
 .text._ZN18MHV_HardwareSerial9busyWriteEc
                0x000006f0       0x82 A:\eclipse\mhvlib\Release\libmhvlib.a(MHV_HardwareSerial.o)
                0x000006f0                MHV_HardwareSerial::busyWrite(char)
 .text._ZN18MHV_HardwareSerial11busyWrite_PEPKc
                0x00000772       0xa0 A:\eclipse\mhvlib\Release\libmhvlib.a(MHV_HardwareSerial.o)
                0x00000772                MHV_HardwareSerial::busyWrite_P(char const*)
 .text._ZN18MHV_HardwareSerial9busyWriteEPKc
                0x00000812       0x9a A:\eclipse\mhvlib\Release\libmhvlib.a(MHV_HardwareSerial.o)
                0x00000812                MHV_HardwareSerial::busyWrite(char const*)
 .text._ZN18MHV_HardwareSerial11busyWrite_PEPKcj
                0x000008ac       0x9c A:\eclipse\mhvlib\Release\libmhvlib.a(MHV_HardwareSerial.o)
                0x000008ac                MHV_HardwareSerial::busyWrite_P(char const*, unsigned int)
 .text._ZN18MHV_HardwareSerial9busyWriteEPKcj
                0x00000948       0x9a A:\eclipse\mhvlib\Release\libmhvlib.a(MHV_HardwareSerial.o)
                0x00000948                MHV_HardwareSerial::busyWrite(char const*, unsigned int)
 .text._ZN18MHV_HardwareSerial4busyEv
                0x000009e2       0x22 A:\eclipse\mhvlib\Release\libmhvlib.a(MHV_HardwareSerial.o)
                0x000009e2                MHV_HardwareSerial::busy()
 .text._ZN18MHV_HardwareSerial7canSendEv
                0x00000a04       0x12 A:\eclipse\mhvlib\Release\libmhvlib.a(MHV_HardwareSerial.o)
                0x00000a04                MHV_HardwareSerial::canSend()
 .text._ZN18MHV_HardwareSerial9availableEv
                0x00000a16        0xc A:\eclipse\mhvlib\Release\libmhvlib.a(MHV_HardwareSerial.o)
                0x00000a16                MHV_HardwareSerial::available()
 .text._ZN18MHV_HardwareSerial5flushEv
                0x00000a22        0xc A:\eclipse\mhvlib\Release\libmhvlib.a(MHV_HardwareSerial.o)
                0x00000a22                MHV_HardwareSerial::flush()
 .text._ZN18MHV_HardwareSerial4readEv
                0x00000a2e        0xc A:\eclipse\mhvlib\Release\libmhvlib.a(MHV_HardwareSerial.o)
                0x00000a2e                MHV_HardwareSerial::read()
 .text._ZN18MHV_HardwareSerial13asyncReadLineEPch
                0x00000a3a       0xb6 A:\eclipse\mhvlib\Release\libmhvlib.a(MHV_HardwareSerial.o)
                0x00000a3a                MHV_HardwareSerial::asyncReadLine(char*, unsigned char)
 .text._ZN18MHV_HardwareSerial12busyReadLineEPch
                0x00000af0       0x2c A:\eclipse\mhvlib\Release\libmhvlib.a(MHV_HardwareSerial.o)
                0x00000af0                MHV_HardwareSerial::busyReadLine(char*, unsigned char)
 .text._ZN18MHV_HardwareSerial6txDoneEv
                0x00000b1c       0x50 A:\eclipse\mhvlib\Release\libmhvlib.a(MHV_HardwareSerial.o)
                0x00000b1c                MHV_HardwareSerial::txDone()
 .text._ZN18MHV_HardwareSerial2txEv
                0x00000b6c       0x6e A:\eclipse\mhvlib\Release\libmhvlib.a(MHV_HardwareSerial.o)
                0x00000b6c                MHV_HardwareSerial::tx()
 .text._ZN18MHV_HardwareSerial10asyncStartEv
                0x00000bda       0x68 A:\eclipse\mhvlib\Release\libmhvlib.a(MHV_HardwareSerial.o)
                0x00000bda                MHV_HardwareSerial::asyncStart()
 .text._ZN18MHV_HardwareSerial10asyncWriteEPKcj
                0x00000c42       0x78 A:\eclipse\mhvlib\Release\libmhvlib.a(MHV_HardwareSerial.o)
                0x00000c42                MHV_HardwareSerial::asyncWrite(char const*, unsigned int)
 .text._ZN18MHV_HardwareSerial12asyncWrite_PEPKcj
                0x00000cba       0x7a A:\eclipse\mhvlib\Release\libmhvlib.a(MHV_HardwareSerial.o)
                0x00000cba                MHV_HardwareSerial::asyncWrite_P(char const*, unsigned int)
 .text._ZN18MHV_HardwareSerial10asyncWriteEPKc
                0x00000d34       0x70 A:\eclipse\mhvlib\Release\libmhvlib.a(MHV_HardwareSerial.o)
                0x00000d34                MHV_HardwareSerial::asyncWrite(char const*)
 .text._ZN18MHV_HardwareSerial12asyncWrite_PEPKc
                0x00000da4       0x70 A:\eclipse\mhvlib\Release\libmhvlib.a(MHV_HardwareSerial.o)
                0x00000da4                MHV_HardwareSerial::asyncWrite_P(char const*)
 .text._ZN18MHV_HardwareSerial2rxEv
                0x00000e14       0x44 A:\eclipse\mhvlib\Release\libmhvlib.a(MHV_HardwareSerial.o)
                0x00000e14                MHV_HardwareSerial::rx()
 .text._ZN14MHV_RingBufferC2EPch
                0x00000e58        0xe A:\eclipse\mhvlib\Release\libmhvlib.a(MHV_RingBuffer.o)
                0x00000e58                MHV_RingBuffer::MHV_RingBuffer(char*, unsigned char)
 .text._ZN14MHV_RingBufferC1EPch
                0x00000e66        0xe A:\eclipse\mhvlib\Release\libmhvlib.a(MHV_RingBuffer.o)
                0x00000e66                MHV_RingBuffer::MHV_RingBuffer(char*, unsigned char)
 .text._ZN14MHV_RingBuffer6appendEc
                0x00000e74       0x3a A:\eclipse\mhvlib\Release\libmhvlib.a(MHV_RingBuffer.o)
                0x00000e74                MHV_RingBuffer::append(char)
 .text._ZN14MHV_RingBuffer7consumeEv
                0x00000eae       0x3e A:\eclipse\mhvlib\Release\libmhvlib.a(MHV_RingBuffer.o)
                0x00000eae                MHV_RingBuffer::consume()
 .text._ZN14MHV_RingBuffer7consumeEPvh
                0x00000eec       0x6c A:\eclipse\mhvlib\Release\libmhvlib.a(MHV_RingBuffer.o)
                0x00000eec                MHV_RingBuffer::consume(void*, unsigned char)
 .text._ZN14MHV_RingBuffer5flushEv
                0x00000f58        0x8 A:\eclipse\mhvlib\Release\libmhvlib.a(MHV_RingBuffer.o)
                0x00000f58                MHV_RingBuffer::flush()
 .text._ZN14MHV_RingBuffer4sizeEv
                0x00000f60        0x6 A:\eclipse\mhvlib\Release\libmhvlib.a(MHV_RingBuffer.o)
                0x00000f60                MHV_RingBuffer::size()
 .text._ZN14MHV_RingBuffer6lengthEv
                0x00000f66       0x2a A:\eclipse\mhvlib\Release\libmhvlib.a(MHV_RingBuffer.o)
                0x00000f66                MHV_RingBuffer::length()
 .text._ZN14MHV_RingBuffer4fullEv
                0x00000f90       0x3e A:\eclipse\mhvlib\Release\libmhvlib.a(MHV_RingBuffer.o)
                0x00000f90                MHV_RingBuffer::full()
 .text._ZN14MHV_RingBuffer4fullEh
                0x00000fce       0x42 A:\eclipse\mhvlib\Release\libmhvlib.a(MHV_RingBuffer.o)
                0x00000fce                MHV_RingBuffer::full(unsigned char)
 .text._ZN14MHV_RingBuffer6appendEPKvh
                0x00001010       0x50 A:\eclipse\mhvlib\Release\libmhvlib.a(MHV_RingBuffer.o)
                0x00001010                MHV_RingBuffer::append(void const*, unsigned char)
 .text._ZN14MHV_RingBuffer8peekHeadEv
                0x00001060       0x32 A:\eclipse\mhvlib\Release\libmhvlib.a(MHV_RingBuffer.o)
                0x00001060                MHV_RingBuffer::peekHead()
 .text.libgcc   0x00001092       0x3e c:/winavr-20100110/bin/../lib/gcc/avr/4.3.3/avr51\libgcc.a(_mulsi3.o)
                0x00001092                __mulsi3
 .text.libgcc   0x000010d0       0x44 c:/winavr-20100110/bin/../lib/gcc/avr/4.3.3/avr51\libgcc.a(_udivmodsi4.o)
                0x000010d0                __udivmodsi4
 .text.libgcc   0x00001114        0x0 c:/winavr-20100110/bin/../lib/gcc/avr/4.3.3/avr51\libgcc.a(_exit.o)
 .text.libgcc   0x00001114        0x0 c:/winavr-20100110/bin/../lib/gcc/avr/4.3.3/avr51\libgcc.a(_clear_bss.o)
 .text.libgcc   0x00001114        0x0 c:/winavr-20100110/bin/../lib/gcc/avr/4.3.3/avr51\libgcc.a(_ctors.o)
 .text.libgcc   0x00001114        0xc c:/winavr-20100110/bin/../lib/gcc/avr/4.3.3/avr51\libgcc.a(_tablejump.o)
                0x00001118                __tablejump__
                0x00001114                __tablejump2__
                0x00001120                . = ALIGN (0x2)
 *(.fini9)
 .fini9         0x00001120        0x0 c:/winavr-20100110/bin/../lib/gcc/avr/4.3.3/avr51\libgcc.a(_exit.o)
                0x00001120                exit
                0x00001120                _exit
 *(.fini9)
 *(.fini8)
 *(.fini8)
 *(.fini7)
 *(.fini7)
 *(.fini6)
 *(.fini6)
 *(.fini5)
 *(.fini5)
 *(.fini4)
 *(.fini4)
 *(.fini3)
 *(.fini3)
 *(.fini2)
 *(.fini2)
 *(.fini1)
 *(.fini1)
 *(.fini0)
 .fini0         0x00001120        0x4 c:/winavr-20100110/bin/../lib/gcc/avr/4.3.3/avr51\libgcc.a(_exit.o)
 *(.fini0)
                0x00001124                _etext = .

.data           0x00800200       0x64 load address 0x00001124
                0x00800200                PROVIDE (__data_start, .)
 *(.data)
 .data          0x00800200        0x0 c:/winavr-20100110/bin/../lib/gcc/avr/4.3.3/../../../../avr/lib/avr51/crtm1280.o
 .data          0x00800200       0x63 ./SerialAsync.o
 .data          0x00800263        0x0 A:\eclipse\mhvlib\Release\libmhvlib.a(MHV_HardwareSerial.o)
 .data          0x00800263        0x0 A:\eclipse\mhvlib\Release\libmhvlib.a(MHV_RingBuffer.o)
 .data          0x00800263        0x0 c:/winavr-20100110/bin/../lib/gcc/avr/4.3.3/avr51\libgcc.a(_mulsi3.o)
 .data          0x00800263        0x0 c:/winavr-20100110/bin/../lib/gcc/avr/4.3.3/avr51\libgcc.a(_udivmodsi4.o)
 .data          0x00800263        0x0 c:/winavr-20100110/bin/../lib/gcc/avr/4.3.3/avr51\libgcc.a(_exit.o)
 .data          0x00800263        0x0 c:/winavr-20100110/bin/../lib/gcc/avr/4.3.3/avr51\libgcc.a(_clear_bss.o)
 .data          0x00800263        0x0 c:/winavr-20100110/bin/../lib/gcc/avr/4.3.3/avr51\libgcc.a(_ctors.o)
 .data          0x00800263        0x0 c:/winavr-20100110/bin/../lib/gcc/avr/4.3.3/avr51\libgcc.a(_tablejump.o)
 *(.data*)
 *(.rodata)
 *(.rodata*)
 *(.gnu.linkonce.d*)
                0x00800264                . = ALIGN (0x2)
 *fill*         0x00800263        0x1 00
                0x00800264                _edata = .
                0x00800264                PROVIDE (__data_end, .)

.bss            0x00800264       0xb3
                0x00800264                PROVIDE (__bss_start, .)
 *(.bss)
 .bss           0x00800264        0x0 c:/winavr-20100110/bin/../lib/gcc/avr/4.3.3/../../../../avr/lib/avr51/crtm1280.o
 .bss           0x00800264       0xb3 ./SerialAsync.o
                0x008002ba                txBuf
                0x00800264                rxBuf
                0x008002fc                serial
                0x008002b5                rxBuffer
                0x008002f7                txBuffer
 .bss           0x00800317        0x0 A:\eclipse\mhvlib\Release\libmhvlib.a(MHV_HardwareSerial.o)
 .bss           0x00800317        0x0 A:\eclipse\mhvlib\Release\libmhvlib.a(MHV_RingBuffer.o)
 .bss           0x00800317        0x0 c:/winavr-20100110/bin/../lib/gcc/avr/4.3.3/avr51\libgcc.a(_mulsi3.o)
 .bss           0x00800317        0x0 c:/winavr-20100110/bin/../lib/gcc/avr/4.3.3/avr51\libgcc.a(_udivmodsi4.o)
 .bss           0x00800317        0x0 c:/winavr-20100110/bin/../lib/gcc/avr/4.3.3/avr51\libgcc.a(_exit.o)
 .bss           0x00800317        0x0 c:/winavr-20100110/bin/../lib/gcc/avr/4.3.3/avr51\libgcc.a(_clear_bss.o)
 .bss           0x00800317        0x0 c:/winavr-20100110/bin/../lib/gcc/avr/4.3.3/avr51\libgcc.a(_ctors.o)
 .bss           0x00800317        0x0 c:/winavr-20100110/bin/../lib/gcc/avr/4.3.3/avr51\libgcc.a(_tablejump.o)
 *(.bss*)
 *(COMMON)
                0x00800317                PROVIDE (__bss_end, .)
                0x00001124                __data_load_start = LOADADDR (.data)
                0x00001188                __data_load_end = (__data_load_start + SIZEOF (.data))

.noinit         0x00800317        0x0
                0x00800317                PROVIDE (__noinit_start, .)
 *(.noinit*)
                0x00800317                PROVIDE (__noinit_end, .)
                0x00800317                _end = .
                0x00800317                PROVIDE (__heap_start, .)

.eeprom         0x00810000        0x0
 *(.eeprom*)
                0x00810000                __eeprom_end = .

.fuse
 *(.fuse)
 *(.lfuse)
 *(.hfuse)
 *(.efuse)

.lock
 *(.lock*)

.signature
 *(.signature*)

.stab
 *(.stab)

.stabstr
 *(.stabstr)

.stab.excl
 *(.stab.excl)

.stab.exclstr
 *(.stab.exclstr)

.stab.index
 *(.stab.index)

.stab.indexstr
 *(.stab.indexstr)

.comment
 *(.comment)

.debug
 *(.debug)

.line
 *(.line)

.debug_srcinfo
 *(.debug_srcinfo)

.debug_sfnames
 *(.debug_sfnames)

.debug_aranges
 *(.debug_aranges)

.debug_pubnames
 *(.debug_pubnames)

.debug_info
 *(.debug_info)
 *(.gnu.linkonce.wi.*)

.debug_abbrev
 *(.debug_abbrev)

.debug_line
 *(.debug_line)

.debug_frame
 *(.debug_frame)

.debug_str
 *(.debug_str)

.debug_loc
 *(.debug_loc)

.debug_macinfo
 *(.debug_macinfo)
OUTPUT(mhvlib-tutorial-Serial-Async.elf elf32-avr)
LOAD linker stubs

Cross Reference Table

Symbol                                            File
MHV_HardwareSerial::MHV_HardwareSerial(MHV_RingBuffer*, MHV_RingBuffer*, unsigned int volatile*, unsigned char volatile*, unsigned char volatile*, unsigned char volatile*, unsigned char, unsigned char, unsigned char, unsigned char, unsigned char, unsigned char, unsigned long) A:\eclipse\mhvlib\Release\libmhvlib.a(MHV_HardwareSerial.o)
                                                  ./SerialAsync.o
MHV_HardwareSerial::MHV_HardwareSerial(MHV_RingBuffer*, MHV_RingBuffer*, unsigned int volatile*, unsigned char volatile*, unsigned char volatile*, unsigned char volatile*, unsigned char, unsigned char, unsigned char, unsigned char, unsigned char, unsigned char, unsigned long) A:\eclipse\mhvlib\Release\libmhvlib.a(MHV_HardwareSerial.o)
MHV_HardwareSerial::asyncReadLine(char*, unsigned char) A:\eclipse\mhvlib\Release\libmhvlib.a(MHV_HardwareSerial.o)
MHV_HardwareSerial::asyncStart()                  A:\eclipse\mhvlib\Release\libmhvlib.a(MHV_HardwareSerial.o)
MHV_HardwareSerial::asyncWrite(char const*)       A:\eclipse\mhvlib\Release\libmhvlib.a(MHV_HardwareSerial.o)
                                                  ./SerialAsync.o
MHV_HardwareSerial::asyncWrite(char const*, unsigned int) A:\eclipse\mhvlib\Release\libmhvlib.a(MHV_HardwareSerial.o)
                                                  ./SerialAsync.o
MHV_HardwareSerial::asyncWrite_P(char const*)     A:\eclipse\mhvlib\Release\libmhvlib.a(MHV_HardwareSerial.o)
                                                  ./SerialAsync.o
MHV_HardwareSerial::asyncWrite_P(char const*, unsigned int) A:\eclipse\mhvlib\Release\libmhvlib.a(MHV_HardwareSerial.o)
                                                  ./SerialAsync.o
MHV_HardwareSerial::available()                   A:\eclipse\mhvlib\Release\libmhvlib.a(MHV_HardwareSerial.o)
MHV_HardwareSerial::busy()                        A:\eclipse\mhvlib\Release\libmhvlib.a(MHV_HardwareSerial.o)
MHV_HardwareSerial::busyReadLine(char*, unsigned char) A:\eclipse\mhvlib\Release\libmhvlib.a(MHV_HardwareSerial.o)
MHV_HardwareSerial::busyWrite(char const*)        A:\eclipse\mhvlib\Release\libmhvlib.a(MHV_HardwareSerial.o)
MHV_HardwareSerial::busyWrite(char const*, unsigned int) A:\eclipse\mhvlib\Release\libmhvlib.a(MHV_HardwareSerial.o)
MHV_HardwareSerial::busyWrite(char)               A:\eclipse\mhvlib\Release\libmhvlib.a(MHV_HardwareSerial.o)
MHV_HardwareSerial::busyWrite_P(char const*)      A:\eclipse\mhvlib\Release\libmhvlib.a(MHV_HardwareSerial.o)
MHV_HardwareSerial::busyWrite_P(char const*, unsigned int) A:\eclipse\mhvlib\Release\libmhvlib.a(MHV_HardwareSerial.o)
MHV_HardwareSerial::canSend()                     A:\eclipse\mhvlib\Release\libmhvlib.a(MHV_HardwareSerial.o)
                                                  ./SerialAsync.o
MHV_HardwareSerial::canSendBusy()                 A:\eclipse\mhvlib\Release\libmhvlib.a(MHV_HardwareSerial.o)
MHV_HardwareSerial::echo(bool)                    A:\eclipse\mhvlib\Release\libmhvlib.a(MHV_HardwareSerial.o)
MHV_HardwareSerial::end()                         A:\eclipse\mhvlib\Release\libmhvlib.a(MHV_HardwareSerial.o)
MHV_HardwareSerial::flush()                       A:\eclipse\mhvlib\Release\libmhvlib.a(MHV_HardwareSerial.o)
MHV_HardwareSerial::read()                        A:\eclipse\mhvlib\Release\libmhvlib.a(MHV_HardwareSerial.o)
MHV_HardwareSerial::rx()                          A:\eclipse\mhvlib\Release\libmhvlib.a(MHV_HardwareSerial.o)
                                                  ./SerialAsync.o
MHV_HardwareSerial::setSpeed(unsigned long)       A:\eclipse\mhvlib\Release\libmhvlib.a(MHV_HardwareSerial.o)
MHV_HardwareSerial::tx()                          A:\eclipse\mhvlib\Release\libmhvlib.a(MHV_HardwareSerial.o)
                                                  ./SerialAsync.o
MHV_HardwareSerial::txDone()                      A:\eclipse\mhvlib\Release\libmhvlib.a(MHV_HardwareSerial.o)
MHV_RingBuffer::MHV_RingBuffer(char*, unsigned char) A:\eclipse\mhvlib\Release\libmhvlib.a(MHV_RingBuffer.o)
MHV_RingBuffer::MHV_RingBuffer(char*, unsigned char) A:\eclipse\mhvlib\Release\libmhvlib.a(MHV_RingBuffer.o)
                                                  ./SerialAsync.o
MHV_RingBuffer::append(char)                      A:\eclipse\mhvlib\Release\libmhvlib.a(MHV_RingBuffer.o)
                                                  A:\eclipse\mhvlib\Release\libmhvlib.a(MHV_HardwareSerial.o)
MHV_RingBuffer::append(void const*, unsigned char) A:\eclipse\mhvlib\Release\libmhvlib.a(MHV_RingBuffer.o)
                                                  A:\eclipse\mhvlib\Release\libmhvlib.a(MHV_HardwareSerial.o)
MHV_RingBuffer::consume()                         A:\eclipse\mhvlib\Release\libmhvlib.a(MHV_RingBuffer.o)
                                                  A:\eclipse\mhvlib\Release\libmhvlib.a(MHV_HardwareSerial.o)
MHV_RingBuffer::consume(void*, unsigned char)     A:\eclipse\mhvlib\Release\libmhvlib.a(MHV_RingBuffer.o)
                                                  A:\eclipse\mhvlib\Release\libmhvlib.a(MHV_HardwareSerial.o)
MHV_RingBuffer::flush()                           A:\eclipse\mhvlib\Release\libmhvlib.a(MHV_RingBuffer.o)
                                                  A:\eclipse\mhvlib\Release\libmhvlib.a(MHV_HardwareSerial.o)
MHV_RingBuffer::full()                            A:\eclipse\mhvlib\Release\libmhvlib.a(MHV_RingBuffer.o)
                                                  A:\eclipse\mhvlib\Release\libmhvlib.a(MHV_HardwareSerial.o)
MHV_RingBuffer::full(unsigned char)               A:\eclipse\mhvlib\Release\libmhvlib.a(MHV_RingBuffer.o)
                                                  A:\eclipse\mhvlib\Release\libmhvlib.a(MHV_HardwareSerial.o)
MHV_RingBuffer::length()                          A:\eclipse\mhvlib\Release\libmhvlib.a(MHV_RingBuffer.o)
                                                  A:\eclipse\mhvlib\Release\libmhvlib.a(MHV_HardwareSerial.o)
MHV_RingBuffer::peekHead()                        A:\eclipse\mhvlib\Release\libmhvlib.a(MHV_RingBuffer.o)
                                                  A:\eclipse\mhvlib\Release\libmhvlib.a(MHV_HardwareSerial.o)
MHV_RingBuffer::size()                            A:\eclipse\mhvlib\Release\libmhvlib.a(MHV_RingBuffer.o)
__bad_interrupt                                   c:/winavr-20100110/bin/../lib/gcc/avr/4.3.3/../../../../avr/lib/avr51/crtm1280.o
__bss_end                                         c:/winavr-20100110/bin/../lib/gcc/avr/4.3.3/avr51\libgcc.a(_clear_bss.o)
__bss_start                                       c:/winavr-20100110/bin/../lib/gcc/avr/4.3.3/avr51\libgcc.a(_clear_bss.o)
__ctors_end                                       c:/winavr-20100110/bin/../lib/gcc/avr/4.3.3/avr51\libgcc.a(_ctors.o)
__ctors_start                                     c:/winavr-20100110/bin/../lib/gcc/avr/4.3.3/avr51\libgcc.a(_ctors.o)
__cxa_pure_virtual                                ./SerialAsync.o
__data_end                                        c:/winavr-20100110/bin/../lib/gcc/avr/4.3.3/../../../../avr/lib/avr51/crtm1280.o
__data_load_start                                 c:/winavr-20100110/bin/../lib/gcc/avr/4.3.3/../../../../avr/lib/avr51/crtm1280.o
__data_start                                      c:/winavr-20100110/bin/../lib/gcc/avr/4.3.3/../../../../avr/lib/avr51/crtm1280.o
__do_clear_bss                                    c:/winavr-20100110/bin/../lib/gcc/avr/4.3.3/avr51\libgcc.a(_clear_bss.o)
                                                  ./SerialAsync.o
__do_copy_data                                    c:/winavr-20100110/bin/../lib/gcc/avr/4.3.3/../../../../avr/lib/avr51/crtm1280.o
                                                  ./SerialAsync.o
__do_global_ctors                                 c:/winavr-20100110/bin/../lib/gcc/avr/4.3.3/avr51\libgcc.a(_ctors.o)
                                                  ./SerialAsync.o
__heap_end                                        c:/winavr-20100110/bin/../lib/gcc/avr/4.3.3/../../../../avr/lib/avr51/crtm1280.o
__init                                            c:/winavr-20100110/bin/../lib/gcc/avr/4.3.3/../../../../avr/lib/avr51/crtm1280.o
__mulsi3                                          c:/winavr-20100110/bin/../lib/gcc/avr/4.3.3/avr51\libgcc.a(_mulsi3.o)
                                                  A:\eclipse\mhvlib\Release\libmhvlib.a(MHV_HardwareSerial.o)
__stack                                           c:/winavr-20100110/bin/../lib/gcc/avr/4.3.3/../../../../avr/lib/avr51/crtm1280.o
__tablejump2__                                    c:/winavr-20100110/bin/../lib/gcc/avr/4.3.3/avr51\libgcc.a(_tablejump.o)
__tablejump__                                     c:/winavr-20100110/bin/../lib/gcc/avr/4.3.3/avr51\libgcc.a(_tablejump.o)
                                                  c:/winavr-20100110/bin/../lib/gcc/avr/4.3.3/avr51\libgcc.a(_ctors.o)
__udivmodsi4                                      c:/winavr-20100110/bin/../lib/gcc/avr/4.3.3/avr51\libgcc.a(_udivmodsi4.o)
                                                  A:\eclipse\mhvlib\Release\libmhvlib.a(MHV_HardwareSerial.o)
__vector_1                                        c:/winavr-20100110/bin/../lib/gcc/avr/4.3.3/../../../../avr/lib/avr51/crtm1280.o
__vector_10                                       c:/winavr-20100110/bin/../lib/gcc/avr/4.3.3/../../../../avr/lib/avr51/crtm1280.o
__vector_11                                       c:/winavr-20100110/bin/../lib/gcc/avr/4.3.3/../../../../avr/lib/avr51/crtm1280.o
__vector_12                                       c:/winavr-20100110/bin/../lib/gcc/avr/4.3.3/../../../../avr/lib/avr51/crtm1280.o
__vector_13                                       c:/winavr-20100110/bin/../lib/gcc/avr/4.3.3/../../../../avr/lib/avr51/crtm1280.o
__vector_14                                       c:/winavr-20100110/bin/../lib/gcc/avr/4.3.3/../../../../avr/lib/avr51/crtm1280.o
__vector_15                                       c:/winavr-20100110/bin/../lib/gcc/avr/4.3.3/../../../../avr/lib/avr51/crtm1280.o
__vector_16                                       c:/winavr-20100110/bin/../lib/gcc/avr/4.3.3/../../../../avr/lib/avr51/crtm1280.o
__vector_17                                       c:/winavr-20100110/bin/../lib/gcc/avr/4.3.3/../../../../avr/lib/avr51/crtm1280.o
__vector_18                                       c:/winavr-20100110/bin/../lib/gcc/avr/4.3.3/../../../../avr/lib/avr51/crtm1280.o
__vector_19                                       c:/winavr-20100110/bin/../lib/gcc/avr/4.3.3/../../../../avr/lib/avr51/crtm1280.o
__vector_2                                        c:/winavr-20100110/bin/../lib/gcc/avr/4.3.3/../../../../avr/lib/avr51/crtm1280.o
__vector_20                                       c:/winavr-20100110/bin/../lib/gcc/avr/4.3.3/../../../../avr/lib/avr51/crtm1280.o
__vector_21                                       c:/winavr-20100110/bin/../lib/gcc/avr/4.3.3/../../../../avr/lib/avr51/crtm1280.o
__vector_22                                       c:/winavr-20100110/bin/../lib/gcc/avr/4.3.3/../../../../avr/lib/avr51/crtm1280.o
__vector_23                                       c:/winavr-20100110/bin/../lib/gcc/avr/4.3.3/../../../../avr/lib/avr51/crtm1280.o
__vector_24                                       c:/winavr-20100110/bin/../lib/gcc/avr/4.3.3/../../../../avr/lib/avr51/crtm1280.o
__vector_25                                       ./SerialAsync.o
                                                  c:/winavr-20100110/bin/../lib/gcc/avr/4.3.3/../../../../avr/lib/avr51/crtm1280.o
__vector_26                                       c:/winavr-20100110/bin/../lib/gcc/avr/4.3.3/../../../../avr/lib/avr51/crtm1280.o
__vector_27                                       ./SerialAsync.o
                                                  c:/winavr-20100110/bin/../lib/gcc/avr/4.3.3/../../../../avr/lib/avr51/crtm1280.o
__vector_28                                       c:/winavr-20100110/bin/../lib/gcc/avr/4.3.3/../../../../avr/lib/avr51/crtm1280.o
__vector_29                                       c:/winavr-20100110/bin/../lib/gcc/avr/4.3.3/../../../../avr/lib/avr51/crtm1280.o
__vector_3                                        c:/winavr-20100110/bin/../lib/gcc/avr/4.3.3/../../../../avr/lib/avr51/crtm1280.o
__vector_30                                       c:/winavr-20100110/bin/../lib/gcc/avr/4.3.3/../../../../avr/lib/avr51/crtm1280.o
__vector_31                                       c:/winavr-20100110/bin/../lib/gcc/avr/4.3.3/../../../../avr/lib/avr51/crtm1280.o
__vector_32                                       c:/winavr-20100110/bin/../lib/gcc/avr/4.3.3/../../../../avr/lib/avr51/crtm1280.o
__vector_33                                       c:/winavr-20100110/bin/../lib/gcc/avr/4.3.3/../../../../avr/lib/avr51/crtm1280.o
__vector_34                                       c:/winavr-20100110/bin/../lib/gcc/avr/4.3.3/../../../../avr/lib/avr51/crtm1280.o
__vector_35                                       c:/winavr-20100110/bin/../lib/gcc/avr/4.3.3/../../../../avr/lib/avr51/crtm1280.o
__vector_36                                       c:/winavr-20100110/bin/../lib/gcc/avr/4.3.3/../../../../avr/lib/avr51/crtm1280.o
__vector_37                                       c:/winavr-20100110/bin/../lib/gcc/avr/4.3.3/../../../../avr/lib/avr51/crtm1280.o
__vector_38                                       c:/winavr-20100110/bin/../lib/gcc/avr/4.3.3/../../../../avr/lib/avr51/crtm1280.o
__vector_39                                       c:/winavr-20100110/bin/../lib/gcc/avr/4.3.3/../../../../avr/lib/avr51/crtm1280.o
__vector_4                                        c:/winavr-20100110/bin/../lib/gcc/avr/4.3.3/../../../../avr/lib/avr51/crtm1280.o
__vector_40                                       c:/winavr-20100110/bin/../lib/gcc/avr/4.3.3/../../../../avr/lib/avr51/crtm1280.o
__vector_41                                       c:/winavr-20100110/bin/../lib/gcc/avr/4.3.3/../../../../avr/lib/avr51/crtm1280.o
__vector_42                                       c:/winavr-20100110/bin/../lib/gcc/avr/4.3.3/../../../../avr/lib/avr51/crtm1280.o
__vector_43                                       c:/winavr-20100110/bin/../lib/gcc/avr/4.3.3/../../../../avr/lib/avr51/crtm1280.o
__vector_44                                       c:/winavr-20100110/bin/../lib/gcc/avr/4.3.3/../../../../avr/lib/avr51/crtm1280.o
__vector_45                                       c:/winavr-20100110/bin/../lib/gcc/avr/4.3.3/../../../../avr/lib/avr51/crtm1280.o
__vector_46                                       c:/winavr-20100110/bin/../lib/gcc/avr/4.3.3/../../../../avr/lib/avr51/crtm1280.o
__vector_47                                       c:/winavr-20100110/bin/../lib/gcc/avr/4.3.3/../../../../avr/lib/avr51/crtm1280.o
__vector_48                                       c:/winavr-20100110/bin/../lib/gcc/avr/4.3.3/../../../../avr/lib/avr51/crtm1280.o
__vector_49                                       c:/winavr-20100110/bin/../lib/gcc/avr/4.3.3/../../../../avr/lib/avr51/crtm1280.o
__vector_5                                        c:/winavr-20100110/bin/../lib/gcc/avr/4.3.3/../../../../avr/lib/avr51/crtm1280.o
__vector_50                                       c:/winavr-20100110/bin/../lib/gcc/avr/4.3.3/../../../../avr/lib/avr51/crtm1280.o
__vector_51                                       c:/winavr-20100110/bin/../lib/gcc/avr/4.3.3/../../../../avr/lib/avr51/crtm1280.o
__vector_52                                       c:/winavr-20100110/bin/../lib/gcc/avr/4.3.3/../../../../avr/lib/avr51/crtm1280.o
__vector_53                                       c:/winavr-20100110/bin/../lib/gcc/avr/4.3.3/../../../../avr/lib/avr51/crtm1280.o
__vector_54                                       c:/winavr-20100110/bin/../lib/gcc/avr/4.3.3/../../../../avr/lib/avr51/crtm1280.o
__vector_55                                       c:/winavr-20100110/bin/../lib/gcc/avr/4.3.3/../../../../avr/lib/avr51/crtm1280.o
__vector_56                                       c:/winavr-20100110/bin/../lib/gcc/avr/4.3.3/../../../../avr/lib/avr51/crtm1280.o
__vector_6                                        c:/winavr-20100110/bin/../lib/gcc/avr/4.3.3/../../../../avr/lib/avr51/crtm1280.o
__vector_7                                        c:/winavr-20100110/bin/../lib/gcc/avr/4.3.3/../../../../avr/lib/avr51/crtm1280.o
__vector_8                                        c:/winavr-20100110/bin/../lib/gcc/avr/4.3.3/../../../../avr/lib/avr51/crtm1280.o
__vector_9                                        c:/winavr-20100110/bin/../lib/gcc/avr/4.3.3/../../../../avr/lib/avr51/crtm1280.o
__vector_default                                  c:/winavr-20100110/bin/../lib/gcc/avr/4.3.3/../../../../avr/lib/avr51/crtm1280.o
__vectors                                         c:/winavr-20100110/bin/../lib/gcc/avr/4.3.3/../../../../avr/lib/avr51/crtm1280.o
_exit                                             c:/winavr-20100110/bin/../lib/gcc/avr/4.3.3/avr51\libgcc.a(_exit.o)
exit                                              c:/winavr-20100110/bin/../lib/gcc/avr/4.3.3/avr51\libgcc.a(_exit.o)
                                                  c:/winavr-20100110/bin/../lib/gcc/avr/4.3.3/../../../../avr/lib/avr51/crtm1280.o
main                                              ./SerialAsync.o
                                                  c:/winavr-20100110/bin/../lib/gcc/avr/4.3.3/../../../../avr/lib/avr51/crtm1280.o
rxBuf                                             ./SerialAsync.o
rxBuffer                                          ./SerialAsync.o
serial                                            ./SerialAsync.o
txBuf                                             ./SerialAsync.o
txBuffer                                          ./SerialAsync.o
writeFailed()                                     ./SerialAsync.o
